[2026-05-02 00:18:24] INFO     - ═════════════════════ Process started ═════════════════════
[2026-05-02 00:18:25] INFO     - Excel loaded: 103 players, 103 bowlers from 'C:\Users\himan\Documents\UiPath\CrickInfo\Data\IPLPointsData.xlsx'
[2026-05-02 00:18:25] INFO     - Google Sheets authentication successful.
[2026-05-02 00:18:31] INFO     - Worksheets opened: ['Points', 'Home', 'Data']
[2026-05-02 00:18:36] INFO     - Updating previous points for all players before processing.
[2026-05-02 00:18:36] DEBUG    - ======================================================
[2026-05-02 00:18:39] DEBUG    - Updated previous points for 'Sai Sudharsan' at row 7: 488 → 515
[2026-05-02 00:18:39] DEBUG    - Sleeping 3s after updating previous points.
[2026-05-02 00:18:43] DEBUG    - Updated previous points for 'Romario Shepherd' at row 14: 174 → 267
[2026-05-02 00:18:43] DEBUG    - Sleeping 3s after updating previous points.
[2026-05-02 00:18:46] DEBUG    - Updated previous points for 'Bhuvneshwar Kumar' at row 36: 523 → 642
[2026-05-02 00:18:46] DEBUG    - Sleeping 3s after updating previous points.
[2026-05-02 00:18:50] DEBUG    - Updated previous points for 'Josh Hazlewood' at row 37: 327 → 340
[2026-05-02 00:18:50] DEBUG    - Sleeping 3s after updating previous points.
[2026-05-02 00:18:53] DEBUG    - Updated previous points for 'Rashid Khan' at row 46: 345 → 452
[2026-05-02 00:18:53] DEBUG    - Sleeping 3s after updating previous points.
[2026-05-02 00:18:57] DEBUG    - Updated previous points for 'Krunal Pandya' at row 52: 367 → 376
[2026-05-02 00:18:57] DEBUG    - Sleeping 3s after updating previous points.
[2026-05-02 00:19:00] DEBUG    - Updated previous points for 'Rajat Patidar' at row 53: 412 → 439
[2026-05-02 00:19:00] DEBUG    - Sleeping 3s after updating previous points.
[2026-05-02 00:19:04] DEBUG    - Updated previous points for 'Rahul Tewatia' at row 59: 99 → 138
[2026-05-02 00:19:04] DEBUG    - Sleeping 3s after updating previous points.
[2026-05-02 00:19:07] DEBUG    - Updated previous points for 'Jason Holder' at row 60: 117 → 221
[2026-05-02 00:19:07] DEBUG    - Sleeping 3s after updating previous points.
[2026-05-02 00:19:10] DEBUG    - Updated previous points for 'Jos Buttler' at row 64: 507 → 584
[2026-05-02 00:19:10] DEBUG    - Sleeping 3s after updating previous points.
[2026-05-02 00:19:14] DEBUG    - Updated previous points for 'Devdutt Padikkal' at row 71: 458 → 527
[2026-05-02 00:19:14] DEBUG    - Sleeping 3s after updating previous points.
[2026-05-02 00:19:17] DEBUG    - Updated previous points for 'Virat Kohli' at row 72: 544 → 597
[2026-05-02 00:19:17] DEBUG    - Sleeping 3s after updating previous points.
[2026-05-02 00:19:21] DEBUG    - Updated previous points for 'Venkatesh Iyer' at row 78: 44 → 61
[2026-05-02 00:19:21] DEBUG    - Sleeping 3s after updating previous points.
[2026-05-02 00:19:24] DEBUG    - Updated previous points for 'Shubman Gill' at row 85: 518 → 591
[2026-05-02 00:19:24] DEBUG    - Sleeping 3s after updating previous points.
[2026-05-02 00:19:28] DEBUG    - Updated previous points for 'Mohammed Siraj' at row 86: 346 → 387
[2026-05-02 00:19:28] DEBUG    - Sleeping 3s after updating previous points.
[2026-05-02 00:19:31] DEBUG    - Updated previous points for 'Jitesh Sharma' at row 93: 197 → 210
[2026-05-02 00:19:31] DEBUG    - Sleeping 3s after updating previous points.
[2026-05-02 00:19:34] DEBUG    - Updated previous points for 'Kagiso Rabada' at row 97: 524 → 559
[2026-05-02 00:19:34] DEBUG    - Sleeping 3s after updating previous points.
[2026-05-02 00:19:38] DEBUG    - Updated previous points for 'Tim David' at row 102: 298 → 313
[2026-05-02 00:19:38] DEBUG    - Sleeping 3s after updating previous points.
[2026-05-02 00:19:41] DEBUG    - Updated previous points for 'Suyash Sharma' at row 106: 258 → 288
[2026-05-02 00:19:41] DEBUG    - Sleeping 3s after updating previous points.
[2026-05-02 00:19:41] DEBUG    - ======================================================
[2026-05-02 00:19:48] DEBUG    - ===============================================================
[2026-05-02 00:19:48] INFO     - Pausing 5s before before next steps.
[2026-05-02 00:19:48] DEBUG    - ===============================================================
[2026-05-02 00:19:52] DEBUG    - ===============================================================
[2026-05-02 00:19:52] DEBUG    - ===============================================================
[2026-05-02 00:19:52] INFO     - Processing count= 1
[2026-05-02 00:19:52] INFO     - Processing player of CSK : 'Shivam Dube' | 269 points | team: CSK
[2026-05-02 00:19:52] DEBUG    - Match found for Shivam Dube in Points at row 5
[2026-05-02 00:19:52] INFO     - No update needed for Shivam Dube in Points as points are unchanged.
[2026-05-02 00:19:52] DEBUG    - ===============================================================
[2026-05-02 00:19:52] INFO     - Processing count= 2
[2026-05-02 00:19:52] INFO     - Processing player of CSK : 'Sanju Samson' | 487 points | team: CSK
[2026-05-02 00:19:52] DEBUG    - Match found for Sanju Samson in Points at row 6
[2026-05-02 00:19:52] INFO     - No update needed for Sanju Samson in Points as points are unchanged.
[2026-05-02 00:19:52] DEBUG    - ===============================================================
[2026-05-02 00:19:52] INFO     - Processing count= 3
[2026-05-02 00:19:52] INFO     - Processing player of GT : 'Sai Sudharsan' | 515 points | team: GT
[2026-05-02 00:19:52] DEBUG    - Match found for Sai Sudharsan in Points at row 7
[2026-05-02 00:19:52] INFO     - No update needed for Sai Sudharsan in Points as points are unchanged.
[2026-05-02 00:19:52] DEBUG    - ===============================================================
[2026-05-02 00:19:52] INFO     - Processing count= 4
[2026-05-02 00:19:52] INFO     - Processing player of LSG : 'Mohsin Khan' | 323 points | team: LSG
[2026-05-02 00:19:52] DEBUG    - Match found for Mohsin Khan in Points at row 8
[2026-05-02 00:19:52] INFO     - No update needed for Mohsin Khan in Points as points are unchanged.
[2026-05-02 00:19:52] DEBUG    - ===============================================================
[2026-05-02 00:19:52] INFO     - Processing count= 5
[2026-05-02 00:19:52] INFO     - Processing player of MI : 'Tilak Varma' | 341 points | team: MI
[2026-05-02 00:19:52] DEBUG    - Match found for Tilak Varma in Points at row 9
[2026-05-02 00:19:52] INFO     - No update needed for Tilak Varma in Points as points are unchanged.
[2026-05-02 00:19:52] DEBUG    - ===============================================================
[2026-05-02 00:19:52] INFO     - Processing count= 6
[2026-05-02 00:19:52] INFO     - Processing player of MI : 'Quinton de Kock' | 221 points | team: MI
[2026-05-02 00:19:52] DEBUG    - Match found for Quinton de Kock in Points at row 10
[2026-05-02 00:19:52] INFO     - No update needed for Quinton de Kock in Points as points are unchanged.
[2026-05-02 00:19:52] DEBUG    - ===============================================================
[2026-05-02 00:19:52] INFO     - Processing count= 7
[2026-05-02 00:19:52] INFO     - Processing player of MI : 'Jasprit Bumrah' | 108 points | team: MI
[2026-05-02 00:19:52] DEBUG    - Match found for Jasprit Bumrah in Points at row 11
[2026-05-02 00:19:52] INFO     - No update needed for Jasprit Bumrah in Points as points are unchanged.
[2026-05-02 00:19:52] DEBUG    - ===============================================================
[2026-05-02 00:19:52] INFO     - Processing count= 8
[2026-05-02 00:19:52] INFO     - Processing player of PBSK : 'Harpreet Brar' | 6 points | team: PBSK
[2026-05-02 00:19:52] DEBUG    - Match found for Harpreet Brar in Points at row 12
[2026-05-02 00:19:52] INFO     - No update needed for Harpreet Brar in Points as points are unchanged.
[2026-05-02 00:19:52] DEBUG    - ===============================================================
[2026-05-02 00:19:52] INFO     - Processing count= 9
[2026-05-02 00:19:52] INFO     - Processing player of PBSK : 'Yuzvendra Chahal' | 215 points | team: PBSK
[2026-05-02 00:19:52] DEBUG    - Match found for Yuzvendra Chahal in Points at row 13
[2026-05-02 00:19:52] INFO     - No update needed for Yuzvendra Chahal in Points as points are unchanged.
[2026-05-02 00:19:52] DEBUG    - ===============================================================
[2026-05-02 00:19:52] INFO     - Processing count= 10
[2026-05-02 00:19:52] INFO     - Processing player of RCB : 'Romario Shepherd' | 246 points | team: RCB
[2026-05-02 00:19:52] DEBUG    - Match found for Romario Shepherd in Points at row 14
[2026-05-02 00:19:52] INFO     - No update needed for Romario Shepherd in Points as points are unchanged.
[2026-05-02 00:19:52] DEBUG    - ===============================================================
[2026-05-02 00:19:52] INFO     - Processing count= 11
[2026-05-02 00:19:52] INFO     - Processing player of RR : 'Vaibhav Sooryavanshi' | 639 points | team: RR
[2026-05-02 00:19:52] DEBUG    - Match found for Vaibhav Sooryavanshi in Points at row 15
[2026-05-02 00:19:53] INFO     - Points gained for Vaibhav Sooryavanshi in Points: 9 (Points: 639, Dot Balls: 0, Previous Total: 630)
[2026-05-02 00:19:53] INFO     - Data updated successfully for Vaibhav Sooryavanshi in Points - 639 points and 0 dot balls!
[2026-05-02 00:19:53] DEBUG    - Sleeping 3s before next update.
[2026-05-02 00:19:56] DEBUG    - ===============================================================
[2026-05-02 00:19:56] INFO     - Processing count= 12
[2026-05-02 00:19:56] INFO     - Processing player of RR : 'Ravi Bishnoi' | 359 points | team: RR
[2026-05-02 00:19:56] DEBUG    - Match found for Ravi Bishnoi in Points at row 16
[2026-05-02 00:19:56] INFO     - No update needed for Ravi Bishnoi in Points as points are unchanged.
[2026-05-02 00:19:56] DEBUG    - ===============================================================
[2026-05-02 00:19:56] INFO     - Processing count= 13
[2026-05-02 00:19:56] INFO     - Processing player of SRH : 'Abhishek Sharma' | 675 points | team: SRH
[2026-05-02 00:19:56] DEBUG    - Match found for Abhishek Sharma in Points at row 17
[2026-05-02 00:19:56] INFO     - No update needed for Abhishek Sharma in Points as points are unchanged.
[2026-05-02 00:19:56] DEBUG    - ===============================================================
[2026-05-02 00:19:56] INFO     - Processing count= 14
[2026-05-02 00:19:56] INFO     - Processing player of SRH : 'Ishan Kishan' | 527 points | team: SRH
[2026-05-02 00:19:56] DEBUG    - Match found for Ishan Kishan in Points at row 18
[2026-05-02 00:19:56] INFO     - No update needed for Ishan Kishan in Points as points are unchanged.
[2026-05-02 00:19:56] DEBUG    - ===============================================================
[2026-05-02 00:19:56] INFO     - Processing count= 15
[2026-05-02 00:19:56] INFO     - Processing player of SRH : 'Pat Cummins' | 43 points | team: SRH
[2026-05-02 00:19:56] DEBUG    - Match found for Pat Cummins in Points at row 19
[2026-05-02 00:19:56] INFO     - No update needed for Pat Cummins in Points as points are unchanged.
[2026-05-02 00:19:56] DEBUG    - ===============================================================
[2026-05-02 00:19:56] INFO     - Processing count= 16
[2026-05-02 00:19:56] INFO     - Processing player of RCB : 'Rasikh Salam' | 200 points | team: RCB
[2026-05-02 00:19:56] DEBUG    - Match found for Rasikh Salam in Points at row 20
[2026-05-02 00:19:56] INFO     - No update needed for Rasikh Salam in Points as points are unchanged.
[2026-05-02 00:19:56] DEBUG    - ===============================================================
[2026-05-02 00:19:56] INFO     - Processing count= 17
[2026-05-02 00:19:56] INFO     - 
Skipping Matheesha Pathirana as points is zero.
[2026-05-02 00:19:56] DEBUG    - ===============================================================
[2026-05-02 00:19:56] INFO     - Processing count= 18
[2026-05-02 00:19:56] INFO     - 
Skipping Nathan Ellis as points is zero.
[2026-05-02 00:19:56] DEBUG    - ===============================================================
[2026-05-02 00:19:56] INFO     - Processing count= 19
[2026-05-02 00:19:56] INFO     - 
Skipping Yudhvir Singh as points is zero.
[2026-05-02 00:19:56] DEBUG    - ===============================================================
[2026-05-02 00:19:56] INFO     - Processing count= 20
[2026-05-02 00:19:56] INFO     - Processing player of CSK : 'Ayush Mhatre' | 311 points | team: CSK
[2026-05-02 00:19:56] DEBUG    - Match found for Ayush Mhatre in Points at row 24
[2026-05-02 00:19:56] INFO     - No update needed for Ayush Mhatre in Points as points are unchanged.
[2026-05-02 00:19:56] DEBUG    - ===============================================================
[2026-05-02 00:19:56] INFO     - Processing count= 21
[2026-05-02 00:19:56] INFO     - 
Skipping MS Dhoni as points is zero.
[2026-05-02 00:19:56] DEBUG    - ===============================================================
[2026-05-02 00:19:56] INFO     - Processing count= 22
[2026-05-02 00:19:56] INFO     - Processing player of DC : 'Mitchell Starc' | 89 points | team: DC
[2026-05-02 00:19:56] DEBUG    - Match found for Mitchell Starc in Points at row 26
[2026-05-02 00:19:57] INFO     - Points gained for Mitchell Starc in Points: 101 (Points: 89, Dot Balls: 12, Previous Total: 0)
[2026-05-02 00:19:57] INFO     - Data updated successfully for Mitchell Starc in Points - 89 points and 12 dot balls!
[2026-05-02 00:19:57] DEBUG    - Sleeping 3s before next update.
[2026-05-02 00:20:00] DEBUG    - ===============================================================
[2026-05-02 00:20:00] INFO     - Processing count= 23
[2026-05-02 00:20:00] INFO     - Processing player of GT : 'Glenn Phillips' | 165 points | team: GT
[2026-05-02 00:20:00] DEBUG    - Match found for Glenn Phillips in Points at row 27
[2026-05-02 00:20:00] INFO     - No update needed for Glenn Phillips in Points as points are unchanged.
[2026-05-02 00:20:00] DEBUG    - ===============================================================
[2026-05-02 00:20:00] INFO     - Processing count= 24
[2026-05-02 00:20:00] INFO     - Processing player of KKR : 'Sunil Narine' | 291 points | team: KKR
[2026-05-02 00:20:00] DEBUG    - Match found for Sunil Narine in Points at row 28
[2026-05-02 00:20:00] INFO     - No update needed for Sunil Narine in Points as points are unchanged.
[2026-05-02 00:20:00] DEBUG    - ===============================================================
[2026-05-02 00:20:00] INFO     - Processing count= 25
[2026-05-02 00:20:00] INFO     - Processing player of KKR : 'Ajinkya Rahane' | 254 points | team: KKR
[2026-05-02 00:20:00] DEBUG    - Match found for Ajinkya Rahane in Points at row 29
[2026-05-02 00:20:00] INFO     - No update needed for Ajinkya Rahane in Points as points are unchanged.
[2026-05-02 00:20:00] DEBUG    - ===============================================================
[2026-05-02 00:20:00] INFO     - Processing count= 26
[2026-05-02 00:20:00] INFO     - Processing player of LSG : 'Ayush Badoni' | 266 points | team: LSG
[2026-05-02 00:20:00] DEBUG    - Match found for Ayush Badoni in Points at row 30
[2026-05-02 00:20:00] INFO     - No update needed for Ayush Badoni in Points as points are unchanged.
[2026-05-02 00:20:00] DEBUG    - ===============================================================
[2026-05-02 00:20:00] INFO     - Processing count= 27
[2026-05-02 00:20:00] INFO     - Processing player of MI : 'Hardik Pandya' | 306 points | team: MI
[2026-05-02 00:20:00] DEBUG    - Match found for Hardik Pandya in Points at row 31
[2026-05-02 00:20:00] INFO     - No update needed for Hardik Pandya in Points as points are unchanged.
[2026-05-02 00:20:00] DEBUG    - ===============================================================
[2026-05-02 00:20:00] INFO     - Processing count= 28
[2026-05-02 00:20:00] INFO     - Processing player of MI : 'Suryakumar Yadav' | 260 points | team: MI
[2026-05-02 00:20:00] DEBUG    - Match found for Suryakumar Yadav in Points at row 32
[2026-05-02 00:20:00] INFO     - No update needed for Suryakumar Yadav in Points as points are unchanged.
[2026-05-02 00:20:00] DEBUG    - ===============================================================
[2026-05-02 00:20:00] INFO     - Processing count= 29
[2026-05-02 00:20:00] INFO     - Processing player of MI : 'Rohit Sharma' | 204 points | team: MI
[2026-05-02 00:20:00] DEBUG    - Match found for Rohit Sharma in Points at row 33
[2026-05-02 00:20:00] INFO     - No update needed for Rohit Sharma in Points as points are unchanged.
[2026-05-02 00:20:00] DEBUG    - ===============================================================
[2026-05-02 00:20:00] INFO     - Processing count= 30
[2026-05-02 00:20:00] INFO     - Processing player of PBSK : 'Priyansh Arya' | 438 points | team: PBSK
[2026-05-02 00:20:00] DEBUG    - Match found for Priyansh Arya in Points at row 34
[2026-05-02 00:20:00] INFO     - No update needed for Priyansh Arya in Points as points are unchanged.
[2026-05-02 00:20:00] DEBUG    - ===============================================================
[2026-05-02 00:20:00] INFO     - Processing count= 31
[2026-05-02 00:20:00] INFO     - Processing player of RCB : 'Phil Salt' | 348 points | team: RCB
[2026-05-02 00:20:00] DEBUG    - Match found for Phil Salt in Points at row 35
[2026-05-02 00:20:00] INFO     - No update needed for Phil Salt in Points as points are unchanged.
[2026-05-02 00:20:00] DEBUG    - ===============================================================
[2026-05-02 00:20:00] INFO     - Processing count= 32
[2026-05-02 00:20:00] INFO     - Processing player of RCB : 'Bhuvneshwar Kumar' | 559 points | team: RCB
[2026-05-02 00:20:00] DEBUG    - Match found for Bhuvneshwar Kumar in Points at row 36
[2026-05-02 00:20:00] INFO     - No update needed for Bhuvneshwar Kumar in Points as points are unchanged.
[2026-05-02 00:20:00] DEBUG    - ===============================================================
[2026-05-02 00:20:00] INFO     - Processing count= 33
[2026-05-02 00:20:00] INFO     - Processing player of RCB : 'Josh Hazlewood' | 278 points | team: RCB
[2026-05-02 00:20:00] DEBUG    - Match found for Josh Hazlewood in Points at row 37
[2026-05-02 00:20:00] INFO     - No update needed for Josh Hazlewood in Points as points are unchanged.
[2026-05-02 00:20:00] DEBUG    - ===============================================================
[2026-05-02 00:20:00] INFO     - Processing count= 34
[2026-05-02 00:20:00] INFO     - Processing player of RR : 'Shimron Hetmyer' | 158 points | team: RR
[2026-05-02 00:20:00] DEBUG    - Match found for Shimron Hetmyer in Points at row 38
[2026-05-02 00:20:00] INFO     - No update needed for Shimron Hetmyer in Points as points are unchanged.
[2026-05-02 00:20:00] DEBUG    - ===============================================================
[2026-05-02 00:20:00] INFO     - Processing count= 35
[2026-05-02 00:20:00] INFO     - Processing player of RR : 'Sandeep Sharma' | 163 points | team: RR
[2026-05-02 00:20:00] DEBUG    - Match found for Sandeep Sharma in Points at row 39
[2026-05-02 00:20:00] INFO     - No update needed for Sandeep Sharma in Points as points are unchanged.
[2026-05-02 00:20:00] DEBUG    - ===============================================================
[2026-05-02 00:20:00] INFO     - Processing count= 36
[2026-05-02 00:20:00] INFO     - Processing player of PBSK : 'Marco Jansen' | 191 points | team: PBSK
[2026-05-02 00:20:00] DEBUG    - Match found for Marco Jansen in Points at row 40
[2026-05-02 00:20:00] INFO     - No update needed for Marco Jansen in Points as points are unchanged.
[2026-05-02 00:20:00] DEBUG    - ===============================================================
[2026-05-02 00:20:00] INFO     - Processing count= 37
[2026-05-02 00:20:00] INFO     - Processing player of CSK : 'Prashant Veer' | 72 points | team: CSK
[2026-05-02 00:20:00] DEBUG    - Match found for Prashant Veer in Points at row 41
[2026-05-02 00:20:00] INFO     - No update needed for Prashant Veer in Points as points are unchanged.
[2026-05-02 00:20:00] DEBUG    - ===============================================================
[2026-05-02 00:20:00] INFO     - Processing count= 38
[2026-05-02 00:20:00] INFO     - Processing player of CSK : 'Ruturaj Gaikwad' | 279 points | team: CSK
[2026-05-02 00:20:00] DEBUG    - Match found for Ruturaj Gaikwad in Points at row 42
[2026-05-02 00:20:00] INFO     - No update needed for Ruturaj Gaikwad in Points as points are unchanged.
[2026-05-02 00:20:00] DEBUG    - ===============================================================
[2026-05-02 00:20:00] INFO     - Processing count= 39
[2026-05-02 00:20:00] INFO     - Processing player of DC : 'Axar Patel' | 292 points | team: DC
[2026-05-02 00:20:00] DEBUG    - Match found for Axar Patel in Points at row 43
[2026-05-02 00:20:01] INFO     - Points gained for Axar Patel in Points: 43 (Points: 292, Dot Balls: 44, Previous Total: 293)
[2026-05-02 00:20:01] INFO     - Data updated successfully for Axar Patel in Points - 292 points and 44 dot balls!
[2026-05-02 00:20:01] DEBUG    - Sleeping 3s before next update.
[2026-05-02 00:20:04] DEBUG    - ===============================================================
[2026-05-02 00:20:04] INFO     - Processing count= 40
[2026-05-02 00:20:04] INFO     - Processing player of DC : 'Abishek Porel' | 41 points | team: DC
[2026-05-02 00:20:04] DEBUG    - Match found for Abishek Porel in Points at row 44
[2026-05-02 00:20:04] INFO     - No update needed for Abishek Porel in Points as points are unchanged.
[2026-05-02 00:20:04] DEBUG    - ===============================================================
[2026-05-02 00:20:04] INFO     - Processing count= 41
[2026-05-02 00:20:04] INFO     - Processing player of DC : 'KL Rahul' | 655 points | team: DC
[2026-05-02 00:20:04] DEBUG    - Match found for KL Rahul in Points at row 45
[2026-05-02 00:20:05] INFO     - Points gained for KL Rahul in Points: 109 (Points: 655, Dot Balls: 0, Previous Total: 546)
[2026-05-02 00:20:05] INFO     - Data updated successfully for KL Rahul in Points - 655 points and 0 dot balls!
[2026-05-02 00:20:05] DEBUG    - Sleeping 3s before next update.
[2026-05-02 00:20:08] DEBUG    - ===============================================================
[2026-05-02 00:20:08] INFO     - Processing count= 42
[2026-05-02 00:20:08] INFO     - Processing player of GT : 'Rashid Khan' | 381 points | team: GT
[2026-05-02 00:20:08] DEBUG    - Match found for Rashid Khan in Points at row 46
[2026-05-02 00:20:08] INFO     - No update needed for Rashid Khan in Points as points are unchanged.
[2026-05-02 00:20:08] DEBUG    - ===============================================================
[2026-05-02 00:20:08] INFO     - Processing count= 43
[2026-05-02 00:20:08] INFO     - Processing player of KKR : 'Cameron Green' | 364 points | team: KKR
[2026-05-02 00:20:08] DEBUG    - Match found for Cameron Green in Points at row 47
[2026-05-02 00:20:08] INFO     - No update needed for Cameron Green in Points as points are unchanged.
[2026-05-02 00:20:08] DEBUG    - ===============================================================
[2026-05-02 00:20:08] INFO     - Processing count= 44
[2026-05-02 00:20:08] INFO     - Processing player of KKR : 'Varun Chakaravarthy' | 221 points | team: KKR
[2026-05-02 00:20:08] DEBUG    - Match found for Varun Chakaravarthy in Points at row 48
[2026-05-02 00:20:08] INFO     - No update needed for Varun Chakaravarthy in Points as points are unchanged.
[2026-05-02 00:20:08] DEBUG    - ===============================================================
[2026-05-02 00:20:08] INFO     - Processing count= 45
[2026-05-02 00:20:08] INFO     - Processing player of LSG : 'Digvesh Singh' | 115 points | team: LSG
[2026-05-02 00:20:08] DEBUG    - Match found for Digvesh Singh in Points at row 49
[2026-05-02 00:20:08] INFO     - No update needed for Digvesh Singh in Points as points are unchanged.
[2026-05-02 00:20:08] DEBUG    - ===============================================================
[2026-05-02 00:20:08] INFO     - Processing count= 46
[2026-05-02 00:20:08] INFO     - Processing player of LSG : 'Rishabh Pant' | 353 points | team: LSG
[2026-05-02 00:20:08] DEBUG    - Match found for Rishabh Pant in Points at row 50
[2026-05-02 00:20:08] INFO     - No update needed for Rishabh Pant in Points as points are unchanged.
[2026-05-02 00:20:08] DEBUG    - ===============================================================
[2026-05-02 00:20:08] INFO     - Processing count= 47
[2026-05-02 00:20:08] INFO     - Processing player of PBSK : 'Arshdeep Singh' | 248 points | team: PBSK
[2026-05-02 00:20:08] DEBUG    - Match found for Arshdeep Singh in Points at row 51
[2026-05-02 00:20:08] INFO     - No update needed for Arshdeep Singh in Points as points are unchanged.
[2026-05-02 00:20:08] DEBUG    - ===============================================================
[2026-05-02 00:20:08] INFO     - Processing count= 48
[2026-05-02 00:20:08] INFO     - Processing player of RCB : 'Krunal Pandya' | 331 points | team: RCB
[2026-05-02 00:20:08] DEBUG    - Match found for Krunal Pandya in Points at row 52
[2026-05-02 00:20:08] INFO     - No update needed for Krunal Pandya in Points as points are unchanged.
[2026-05-02 00:20:08] DEBUG    - ===============================================================
[2026-05-02 00:20:08] INFO     - Processing count= 49
[2026-05-02 00:20:08] INFO     - Processing player of RCB : 'Rajat Patidar' | 439 points | team: RCB
[2026-05-02 00:20:08] DEBUG    - Match found for Rajat Patidar in Points at row 53
[2026-05-02 00:20:08] INFO     - No update needed for Rajat Patidar in Points as points are unchanged.
[2026-05-02 00:20:08] DEBUG    - ===============================================================
[2026-05-02 00:20:08] INFO     - Processing count= 50
[2026-05-02 00:20:08] INFO     - Processing player of RR : 'Yashasvi Jaiswal' | 488 points | team: RR
[2026-05-02 00:20:08] DEBUG    - Match found for Yashasvi Jaiswal in Points at row 54
[2026-05-02 00:20:09] INFO     - Points gained for Yashasvi Jaiswal in Points: 12 (Points: 488, Dot Balls: 0, Previous Total: 476)
[2026-05-02 00:20:09] INFO     - Data updated successfully for Yashasvi Jaiswal in Points - 488 points and 0 dot balls!
[2026-05-02 00:20:09] DEBUG    - Sleeping 3s before next update.
[2026-05-02 00:20:12] DEBUG    - ===============================================================
[2026-05-02 00:20:12] INFO     - Processing count= 51
[2026-05-02 00:20:12] INFO     - Processing player of SRH : 'Travis Head' | 394 points | team: SRH
[2026-05-02 00:20:12] DEBUG    - Match found for Travis Head in Points at row 55
[2026-05-02 00:20:12] INFO     - No update needed for Travis Head in Points as points are unchanged.
[2026-05-02 00:20:12] DEBUG    - ===============================================================
[2026-05-02 00:20:12] INFO     - Processing count= 52
[2026-05-02 00:20:12] INFO     - Processing player of SRH : 'Nitish Kumar Reddy' | 495 points | team: SRH
[2026-05-02 00:20:12] DEBUG    - Match found for Nitish Kumar Reddy in Points at row 56
[2026-05-02 00:20:12] INFO     - No update needed for Nitish Kumar Reddy in Points as points are unchanged.
[2026-05-02 00:20:12] DEBUG    - ===============================================================
[2026-05-02 00:20:12] INFO     - Processing count= 53
[2026-05-02 00:20:12] INFO     - Processing player of MI : 'Naman Dhir' | 306 points | team: MI
[2026-05-02 00:20:12] DEBUG    - Match found for Naman Dhir in Points at row 57
[2026-05-02 00:20:12] INFO     - No update needed for Naman Dhir in Points as points are unchanged.
[2026-05-02 00:20:12] DEBUG    - ===============================================================
[2026-05-02 00:20:12] INFO     - Processing count= 54
[2026-05-02 00:20:12] INFO     - Processing player of KKR : 'Finn Allen' | 138 points | team: KKR
[2026-05-02 00:20:12] DEBUG    - Match found for Finn Allen in Points at row 58
[2026-05-02 00:20:12] INFO     - No update needed for Finn Allen in Points as points are unchanged.
[2026-05-02 00:20:12] DEBUG    - ===============================================================
[2026-05-02 00:20:12] INFO     - Processing count= 55
[2026-05-02 00:20:12] INFO     - Processing player of GT : 'Rahul Tewatia' | 138 points | team: GT
[2026-05-02 00:20:12] DEBUG    - Match found for Rahul Tewatia in Points at row 59
[2026-05-02 00:20:12] INFO     - No update needed for Rahul Tewatia in Points as points are unchanged.
[2026-05-02 00:20:12] DEBUG    - ===============================================================
[2026-05-02 00:20:12] INFO     - Processing count= 56
[2026-05-02 00:20:12] INFO     - Processing player of GT : 'Jason Holder' | 191 points | team: GT
[2026-05-02 00:20:12] DEBUG    - Match found for Jason Holder in Points at row 60
[2026-05-02 00:20:12] INFO     - No update needed for Jason Holder in Points as points are unchanged.
[2026-05-02 00:20:12] DEBUG    - ===============================================================
[2026-05-02 00:20:12] INFO     - Processing count= 57
[2026-05-02 00:20:12] INFO     - Processing player of CSK : 'Dewald Brevis' | 175 points | team: CSK
[2026-05-02 00:20:12] DEBUG    - Match found for Dewald Brevis in Points at row 61
[2026-05-02 00:20:12] INFO     - No update needed for Dewald Brevis in Points as points are unchanged.
[2026-05-02 00:20:12] DEBUG    - ===============================================================
[2026-05-02 00:20:12] INFO     - Processing count= 58
[2026-05-02 00:20:12] INFO     - Processing player of CSK : 'Noor Ahmad' | 251 points | team: CSK
[2026-05-02 00:20:12] DEBUG    - Match found for Noor Ahmad in Points at row 62
[2026-05-02 00:20:12] INFO     - No update needed for Noor Ahmad in Points as points are unchanged.
[2026-05-02 00:20:12] DEBUG    - ===============================================================
[2026-05-02 00:20:12] INFO     - Processing count= 59
[2026-05-02 00:20:12] INFO     - Processing player of DC : 'Auqib Nabi' | 5 points | team: DC
[2026-05-02 00:20:12] DEBUG    - Match found for Auqib Nabi in Points at row 63
[2026-05-02 00:20:12] INFO     - No update needed for Auqib Nabi in Points as points are unchanged.
[2026-05-02 00:20:12] DEBUG    - ===============================================================
[2026-05-02 00:20:12] INFO     - Processing count= 60
[2026-05-02 00:20:12] INFO     - Processing player of GT : 'Jos Buttler' | 584 points | team: GT
[2026-05-02 00:20:12] DEBUG    - Match found for Jos Buttler in Points at row 64
[2026-05-02 00:20:12] INFO     - No update needed for Jos Buttler in Points as points are unchanged.
[2026-05-02 00:20:12] DEBUG    - ===============================================================
[2026-05-02 00:20:12] INFO     - Processing count= 61
[2026-05-02 00:20:12] INFO     - Processing player of GT : 'Prasidh Krishna' | 334 points | team: GT
[2026-05-02 00:20:12] DEBUG    - Match found for Prasidh Krishna in Points at row 65
[2026-05-02 00:20:12] INFO     - No update needed for Prasidh Krishna in Points as points are unchanged.
[2026-05-02 00:20:12] DEBUG    - ===============================================================
[2026-05-02 00:20:12] INFO     - Processing count= 62
[2026-05-02 00:20:12] INFO     - Processing player of KKR : 'Vaibhav Arora' | 266 points | team: KKR
[2026-05-02 00:20:12] DEBUG    - Match found for Vaibhav Arora in Points at row 66
[2026-05-02 00:20:12] INFO     - No update needed for Vaibhav Arora in Points as points are unchanged.
[2026-05-02 00:20:12] DEBUG    - ===============================================================
[2026-05-02 00:20:12] INFO     - Processing count= 63
[2026-05-02 00:20:12] INFO     - Processing player of LSG : 'Aiden Markram' | 338 points | team: LSG
[2026-05-02 00:20:12] DEBUG    - Match found for Aiden Markram in Points at row 67
[2026-05-02 00:20:12] INFO     - No update needed for Aiden Markram in Points as points are unchanged.
[2026-05-02 00:20:12] DEBUG    - ===============================================================
[2026-05-02 00:20:12] INFO     - Processing count= 64
[2026-05-02 00:20:12] INFO     - Processing player of MI : 'Will Jacks' | 79 points | team: MI
[2026-05-02 00:20:12] DEBUG    - Match found for Will Jacks in Points at row 68
[2026-05-02 00:20:12] INFO     - No update needed for Will Jacks in Points as points are unchanged.
[2026-05-02 00:20:12] DEBUG    - ===============================================================
[2026-05-02 00:20:12] INFO     - Processing count= 65
[2026-05-02 00:20:12] INFO     - Processing player of PBSK : 'Nehal Wadhera' | 125 points | team: PBSK
[2026-05-02 00:20:12] DEBUG    - Match found for Nehal Wadhera in Points at row 69
[2026-05-02 00:20:12] INFO     - No update needed for Nehal Wadhera in Points as points are unchanged.
[2026-05-02 00:20:12] DEBUG    - ===============================================================
[2026-05-02 00:20:12] INFO     - Processing count= 66
[2026-05-02 00:20:12] INFO     - Processing player of PBSK : 'Shreyas Iyer' | 499 points | team: PBSK
[2026-05-02 00:20:12] DEBUG    - Match found for Shreyas Iyer in Points at row 70
[2026-05-02 00:20:12] INFO     - No update needed for Shreyas Iyer in Points as points are unchanged.
[2026-05-02 00:20:12] DEBUG    - ===============================================================
[2026-05-02 00:20:12] INFO     - Processing count= 67
[2026-05-02 00:20:12] INFO     - Processing player of RCB : 'Devdutt Padikkal' | 527 points | team: RCB
[2026-05-02 00:20:12] DEBUG    - Match found for Devdutt Padikkal in Points at row 71
[2026-05-02 00:20:12] INFO     - No update needed for Devdutt Padikkal in Points as points are unchanged.
[2026-05-02 00:20:12] DEBUG    - ===============================================================
[2026-05-02 00:20:12] INFO     - Processing count= 68
[2026-05-02 00:20:12] INFO     - Processing player of RCB : 'Virat Kohli' | 597 points | team: RCB
[2026-05-02 00:20:12] DEBUG    - Match found for Virat Kohli in Points at row 72
[2026-05-02 00:20:12] INFO     - No update needed for Virat Kohli in Points as points are unchanged.
[2026-05-02 00:20:12] DEBUG    - ===============================================================
[2026-05-02 00:20:12] INFO     - Processing count= 69
[2026-05-02 00:20:12] INFO     - Processing player of RR : 'Riyan Parag' | 395 points | team: RR
[2026-05-02 00:20:12] DEBUG    - Match found for Riyan Parag in Points at row 73
[2026-05-02 00:20:12] INFO     - Points gained for Riyan Parag in Points: 126 (Points: 395, Dot Balls: 5, Previous Total: 274)
[2026-05-02 00:20:12] INFO     - Data updated successfully for Riyan Parag in Points - 395 points and 5 dot balls!
[2026-05-02 00:20:12] DEBUG    - Sleeping 3s before next update.
[2026-05-02 00:20:15] DEBUG    - ===============================================================
[2026-05-02 00:20:15] INFO     - Processing count= 70
[2026-05-02 00:20:15] INFO     - Processing player of SRH : 'Harshal Patel' | 9 points | team: SRH
[2026-05-02 00:20:15] DEBUG    - Match found for Harshal Patel in Points at row 74
[2026-05-02 00:20:15] INFO     - No update needed for Harshal Patel in Points as points are unchanged.
[2026-05-02 00:20:15] DEBUG    - ===============================================================
[2026-05-02 00:20:15] INFO     - Processing count= 71
[2026-05-02 00:20:15] INFO     - Processing player of SRH : 'Heinrich Klaasen' | 666 points | team: SRH
[2026-05-02 00:20:15] DEBUG    - Match found for Heinrich Klaasen in Points at row 75
[2026-05-02 00:20:15] INFO     - No update needed for Heinrich Klaasen in Points as points are unchanged.
[2026-05-02 00:20:15] DEBUG    - ===============================================================
[2026-05-02 00:20:15] INFO     - Processing count= 72
[2026-05-02 00:20:15] INFO     - Processing player of DC : 'Nitish Rana' | 340 points | team: DC
[2026-05-02 00:20:15] DEBUG    - Match found for Nitish Rana in Points at row 76
[2026-05-02 00:20:16] INFO     - Points gained for Nitish Rana in Points: 54 (Points: 340, Dot Balls: 7, Previous Total: 293)
[2026-05-02 00:20:16] INFO     - Data updated successfully for Nitish Rana in Points - 340 points and 7 dot balls!
[2026-05-02 00:20:16] DEBUG    - Sleeping 3s before next update.
[2026-05-02 00:20:19] DEBUG    - ===============================================================
[2026-05-02 00:20:19] INFO     - Processing count= 73
[2026-05-02 00:20:19] INFO     - Processing player of MI : 'Trent Boult' | 75 points | team: MI
[2026-05-02 00:20:19] DEBUG    - Match found for Trent Boult in Points at row 77
[2026-05-02 00:20:19] INFO     - No update needed for Trent Boult in Points as points are unchanged.
[2026-05-02 00:20:19] DEBUG    - ===============================================================
[2026-05-02 00:20:19] INFO     - Processing count= 74
[2026-05-02 00:20:19] INFO     - Processing player of RCB : 'Venkatesh Iyer' | 61 points | team: RCB
[2026-05-02 00:20:19] DEBUG    - Match found for Venkatesh Iyer in Points at row 78
[2026-05-02 00:20:19] INFO     - No update needed for Venkatesh Iyer in Points as points are unchanged.
[2026-05-02 00:20:19] DEBUG    - ===============================================================
[2026-05-02 00:20:19] INFO     - Processing count= 75
[2026-05-02 00:20:19] INFO     - 
Skipping Yash Dayal as points is zero.
[2026-05-02 00:20:19] DEBUG    - ===============================================================
[2026-05-02 00:20:19] INFO     - Processing count= 76
[2026-05-02 00:20:19] INFO     - Processing player of MI : 'Shardul Thakur' | 169 points | team: MI
[2026-05-02 00:20:19] DEBUG    - Match found for Shardul Thakur in Points at row 80
[2026-05-02 00:20:19] INFO     - No update needed for Shardul Thakur in Points as points are unchanged.
[2026-05-02 00:20:19] DEBUG    - ===============================================================
[2026-05-02 00:20:19] INFO     - Processing count= 77
[2026-05-02 00:20:19] INFO     - Processing player of CSK : 'Rahul Chahar' | 8 points | team: CSK
[2026-05-02 00:20:19] DEBUG    - Match found for Rahul Chahar in Points at row 81
[2026-05-02 00:20:19] INFO     - No update needed for Rahul Chahar in Points as points are unchanged.
[2026-05-02 00:20:19] DEBUG    - ===============================================================
[2026-05-02 00:20:19] INFO     - Processing count= 78
[2026-05-02 00:20:19] INFO     - Processing player of CSK : 'Khaleel Ahmed' | 70 points | team: CSK
[2026-05-02 00:20:19] DEBUG    - Match found for Khaleel Ahmed in Points at row 82
[2026-05-02 00:20:19] INFO     - No update needed for Khaleel Ahmed in Points as points are unchanged.
[2026-05-02 00:20:19] DEBUG    - ===============================================================
[2026-05-02 00:20:19] INFO     - Processing count= 79
[2026-05-02 00:20:19] INFO     - Processing player of DC : 'Tristan Stubbs' | 357 points | team: DC
[2026-05-02 00:20:19] DEBUG    - Match found for Tristan Stubbs in Points at row 83
[2026-05-02 00:20:20] INFO     - Points gained for Tristan Stubbs in Points: 37 (Points: 357, Dot Balls: 0, Previous Total: 320)
[2026-05-02 00:20:20] INFO     - Data updated successfully for Tristan Stubbs in Points - 357 points and 0 dot balls!
[2026-05-02 00:20:20] DEBUG    - Sleeping 3s before next update.
[2026-05-02 00:20:23] DEBUG    - ===============================================================
[2026-05-02 00:20:23] INFO     - Processing count= 80
[2026-05-02 00:20:23] INFO     - Processing player of DC : 'Kuldeep Yadav' | 246 points | team: DC
[2026-05-02 00:20:23] DEBUG    - Match found for Kuldeep Yadav in Points at row 84
[2026-05-02 00:20:24] INFO     - Points gained for Kuldeep Yadav in Points: 6 (Points: 246, Dot Balls: 39, Previous Total: 279)
[2026-05-02 00:20:24] INFO     - Data updated successfully for Kuldeep Yadav in Points - 246 points and 39 dot balls!
[2026-05-02 00:20:24] DEBUG    - Sleeping 3s before next update.
[2026-05-02 00:20:27] DEBUG    - ===============================================================
[2026-05-02 00:20:27] INFO     - Processing count= 81
[2026-05-02 00:20:27] INFO     - Processing player of GT : 'Shubman Gill' | 591 points | team: GT
[2026-05-02 00:20:27] DEBUG    - Match found for Shubman Gill in Points at row 85
[2026-05-02 00:20:27] INFO     - No update needed for Shubman Gill in Points as points are unchanged.
[2026-05-02 00:20:27] DEBUG    - ===============================================================
[2026-05-02 00:20:27] INFO     - Processing count= 82
[2026-05-02 00:20:27] INFO     - Processing player of GT : 'Mohammed Siraj' | 289 points | team: GT
[2026-05-02 00:20:27] DEBUG    - Match found for Mohammed Siraj in Points at row 86
[2026-05-02 00:20:27] INFO     - No update needed for Mohammed Siraj in Points as points are unchanged.
[2026-05-02 00:20:27] DEBUG    - ===============================================================
[2026-05-02 00:20:27] INFO     - Processing count= 83
[2026-05-02 00:20:27] INFO     - Processing player of KKR : 'Angkrish Raghuvanshi' | 327 points | team: KKR
[2026-05-02 00:20:27] DEBUG    - Match found for Angkrish Raghuvanshi in Points at row 87
[2026-05-02 00:20:27] INFO     - No update needed for Angkrish Raghuvanshi in Points as points are unchanged.
[2026-05-02 00:20:27] DEBUG    - ===============================================================
[2026-05-02 00:20:27] INFO     - Processing count= 84
[2026-05-02 00:20:27] INFO     - Processing player of LSG : 'Mitchell Marsh' | 334 points | team: LSG
[2026-05-02 00:20:27] DEBUG    - Match found for Mitchell Marsh in Points at row 88
[2026-05-02 00:20:27] INFO     - No update needed for Mitchell Marsh in Points as points are unchanged.
[2026-05-02 00:20:27] DEBUG    - ===============================================================
[2026-05-02 00:20:27] INFO     - Processing count= 85
[2026-05-02 00:20:27] INFO     - Processing player of LSG : 'Nicholas Pooran' | 163 points | team: LSG
[2026-05-02 00:20:27] DEBUG    - Match found for Nicholas Pooran in Points at row 89
[2026-05-02 00:20:27] INFO     - No update needed for Nicholas Pooran in Points as points are unchanged.
[2026-05-02 00:20:27] DEBUG    - ===============================================================
[2026-05-02 00:20:27] INFO     - Processing count= 86
[2026-05-02 00:20:27] INFO     - Processing player of PBSK : 'Marcus Stoinis' | 200 points | team: PBSK
[2026-05-02 00:20:27] DEBUG    - Match found for Marcus Stoinis in Points at row 90
[2026-05-02 00:20:27] INFO     - No update needed for Marcus Stoinis in Points as points are unchanged.
[2026-05-02 00:20:27] DEBUG    - ===============================================================
[2026-05-02 00:20:27] INFO     - Processing count= 87
[2026-05-02 00:20:27] INFO     - Processing player of PBSK : 'Prabhsimran Singh' | 557 points | team: PBSK
[2026-05-02 00:20:27] DEBUG    - Match found for Prabhsimran Singh in Points at row 91
[2026-05-02 00:20:27] INFO     - No update needed for Prabhsimran Singh in Points as points are unchanged.
[2026-05-02 00:20:27] DEBUG    - ===============================================================
[2026-05-02 00:20:27] INFO     - Processing count= 88
[2026-05-02 00:20:27] INFO     - Processing player of PBSK : 'Shashank Singh' | 203 points | team: PBSK
[2026-05-02 00:20:27] DEBUG    - Match found for Shashank Singh in Points at row 92
[2026-05-02 00:20:27] INFO     - No update needed for Shashank Singh in Points as points are unchanged.
[2026-05-02 00:20:27] DEBUG    - ===============================================================
[2026-05-02 00:20:27] INFO     - Processing count= 89
[2026-05-02 00:20:27] INFO     - Processing player of RCB : 'Jitesh Sharma' | 210 points | team: RCB
[2026-05-02 00:20:27] DEBUG    - Match found for Jitesh Sharma in Points at row 93
[2026-05-02 00:20:27] INFO     - No update needed for Jitesh Sharma in Points as points are unchanged.
[2026-05-02 00:20:27] DEBUG    - ===============================================================
[2026-05-02 00:20:27] INFO     - Processing count= 90
[2026-05-02 00:20:27] INFO     - Processing player of RR : 'Jofra Archer' | 514 points | team: RR
[2026-05-02 00:20:27] DEBUG    - Match found for Jofra Archer in Points at row 94
[2026-05-02 00:20:28] INFO     - Points gained for Jofra Archer in Points: 35 (Points: 514, Dot Balls: 107, Previous Total: 586)
[2026-05-02 00:20:28] INFO     - Data updated successfully for Jofra Archer in Points - 514 points and 107 dot balls!
[2026-05-02 00:20:28] DEBUG    - Sleeping 3s before next update.
[2026-05-02 00:20:31] DEBUG    - ===============================================================
[2026-05-02 00:20:31] INFO     - Processing count= 91
[2026-05-02 00:20:31] INFO     - Processing player of RR : 'Ravindra Jadeja' | 433 points | team: RR
[2026-05-02 00:20:31] DEBUG    - Match found for Ravindra Jadeja in Points at row 95
[2026-05-02 00:20:32] INFO     - Points gained for Ravindra Jadeja in Points: 61 (Points: 433, Dot Balls: 41, Previous Total: 413)
[2026-05-02 00:20:32] INFO     - Data updated successfully for Ravindra Jadeja in Points - 433 points and 41 dot balls!
[2026-05-02 00:20:32] DEBUG    - Sleeping 3s before next update.
[2026-05-02 00:20:35] DEBUG    - ===============================================================
[2026-05-02 00:20:35] INFO     - Processing count= 92
[2026-05-02 00:20:35] INFO     - Processing player of LSG : 'Mohammad Shami' | 262 points | team: LSG
[2026-05-02 00:20:35] DEBUG    - Match found for Mohammad Shami in Points at row 96
[2026-05-02 00:20:35] INFO     - No update needed for Mohammad Shami in Points as points are unchanged.
[2026-05-02 00:20:35] DEBUG    - ===============================================================
[2026-05-02 00:20:35] INFO     - Processing count= 93
[2026-05-02 00:20:35] INFO     - Processing player of GT : 'Kagiso Rabada' | 470 points | team: GT
[2026-05-02 00:20:35] DEBUG    - Match found for Kagiso Rabada in Points at row 97
[2026-05-02 00:20:35] INFO     - No update needed for Kagiso Rabada in Points as points are unchanged.
[2026-05-02 00:20:35] DEBUG    - ===============================================================
[2026-05-02 00:20:35] INFO     - Processing count= 94
[2026-05-02 00:20:35] INFO     - Processing player of KKR : 'Rinku Singh' | 393 points | team: KKR
[2026-05-02 00:20:35] DEBUG    - Match found for Rinku Singh in Points at row 98
[2026-05-02 00:20:35] INFO     - No update needed for Rinku Singh in Points as points are unchanged.
[2026-05-02 00:20:35] DEBUG    - ===============================================================
[2026-05-02 00:20:35] INFO     - Processing count= 95
[2026-05-02 00:20:35] INFO     - Processing player of CSK : 'Kartik Sharma' | 89 points | team: CSK
[2026-05-02 00:20:35] DEBUG    - Match found for Kartik Sharma in Points at row 99
[2026-05-02 00:20:35] INFO     - No update needed for Kartik Sharma in Points as points are unchanged.
[2026-05-02 00:20:35] DEBUG    - ===============================================================
[2026-05-02 00:20:35] INFO     - Processing count= 96
[2026-05-02 00:20:35] INFO     - Processing player of DC : 'Ashutosh Sharma' | 109 points | team: DC
[2026-05-02 00:20:35] DEBUG    - Match found for Ashutosh Sharma in Points at row 100
[2026-05-02 00:20:36] INFO     - Points gained for Ashutosh Sharma in Points: 53 (Points: 109, Dot Balls: 0, Previous Total: 56)
[2026-05-02 00:20:36] INFO     - Data updated successfully for Ashutosh Sharma in Points - 109 points and 0 dot balls!
[2026-05-02 00:20:36] DEBUG    - Sleeping 3s before next update.
[2026-05-02 00:20:39] DEBUG    - ===============================================================
[2026-05-02 00:20:39] INFO     - Processing count= 97
[2026-05-02 00:20:39] INFO     - Processing player of MI : 'Corbin Bosch' | 36 points | team: MI
[2026-05-02 00:20:39] DEBUG    - Match found for Corbin Bosch in Points at row 101
[2026-05-02 00:20:39] INFO     - No update needed for Corbin Bosch in Points as points are unchanged.
[2026-05-02 00:20:39] DEBUG    - ===============================================================
[2026-05-02 00:20:39] INFO     - Processing count= 98
[2026-05-02 00:20:39] INFO     - Processing player of RCB : 'Tim David' | 312 points | team: RCB
[2026-05-02 00:20:39] DEBUG    - Match found for Tim David in Points at row 102
[2026-05-02 00:20:39] INFO     - No update needed for Tim David in Points as points are unchanged.
[2026-05-02 00:20:39] DEBUG    - ===============================================================
[2026-05-02 00:20:39] INFO     - Processing count= 99
[2026-05-02 00:20:39] INFO     - Processing player of PBSK : 'Cooper Connolly' | 430 points | team: PBSK
[2026-05-02 00:20:39] DEBUG    - Match found for Cooper Connolly in Points at row 103
[2026-05-02 00:20:39] INFO     - No update needed for Cooper Connolly in Points as points are unchanged.
[2026-05-02 00:20:39] DEBUG    - ===============================================================
[2026-05-02 00:20:39] INFO     - Processing count= 100
[2026-05-02 00:20:39] INFO     - Processing player of SRH : 'Liam Livingstone' | 57 points | team: SRH
[2026-05-02 00:20:39] DEBUG    - Match found for Liam Livingstone in Points at row 104
[2026-05-02 00:20:39] INFO     - No update needed for Liam Livingstone in Points as points are unchanged.
[2026-05-02 00:20:39] DEBUG    - ===============================================================
[2026-05-02 00:20:39] INFO     - Processing count= 101
[2026-05-02 00:20:39] INFO     - Processing player of PBSK : 'Vijaykumar Vyshak' | 176 points | team: PBSK
[2026-05-02 00:20:39] DEBUG    - Match found for Vijaykumar Vyshak in Points at row 105
[2026-05-02 00:20:39] INFO     - No update needed for Vijaykumar Vyshak in Points as points are unchanged.
[2026-05-02 00:20:39] DEBUG    - ===============================================================
[2026-05-02 00:20:39] INFO     - Processing count= 102
[2026-05-02 00:20:39] INFO     - Processing player of RCB : 'Suyash Sharma' | 227 points | team: RCB
[2026-05-02 00:20:39] DEBUG    - Match found for Suyash Sharma in Points at row 106
[2026-05-02 00:20:39] INFO     - No update needed for Suyash Sharma in Points as points are unchanged.
[2026-05-02 00:20:39] DEBUG    - ===============================================================
[2026-05-02 00:20:39] INFO     - Processing count= 103
[2026-05-02 00:20:39] INFO     - Processing player of DC : 'David Miller' | 217 points | team: DC
[2026-05-02 00:20:39] DEBUG    - Match found for David Miller in Points at row 107
[2026-05-02 00:20:39] INFO     - No update needed for David Miller in Points as points are unchanged.
[2026-05-02 00:20:39] INFO     - Total players processed for team 'CSK': 10
[2026-05-02 00:20:39] INFO     - Total players processed for team 'GT': 10
[2026-05-02 00:20:39] INFO     - Total players processed for team 'LSG': 8
[2026-05-02 00:20:39] INFO     - Total players processed for team 'MI': 11
[2026-05-02 00:20:39] INFO     - Total players processed for team 'PBSK': 12
[2026-05-02 00:20:39] INFO     - Total players processed for team 'RCB': 13
[2026-05-02 00:20:39] INFO     - Total players processed for team 'RR': 8
[2026-05-02 00:20:39] INFO     - Total players processed for team 'SRH': 8
[2026-05-02 00:20:39] INFO     - Total players processed for team 'DC': 10
[2026-05-02 00:20:39] INFO     - Total players processed for team 'KKR': 8
[2026-05-02 00:20:39] DEBUG    - ===============================================================
[2026-05-02 00:20:39] WARNING  - Player not updated: Shivam Dube | Reason: Points unchanged
[2026-05-02 00:20:39] WARNING  - Player not updated: Sanju Samson | Reason: Points unchanged
[2026-05-02 00:20:39] WARNING  - Player not updated: Sai Sudharsan | Reason: Points unchanged
[2026-05-02 00:20:39] WARNING  - Player not updated: Mohsin Khan | Reason: Points unchanged
[2026-05-02 00:20:39] WARNING  - Player not updated: Tilak Varma | Reason: Points unchanged
[2026-05-02 00:20:39] WARNING  - Player not updated: Quinton de Kock | Reason: Points unchanged
[2026-05-02 00:20:39] WARNING  - Player not updated: Jasprit Bumrah | Reason: Points unchanged
[2026-05-02 00:20:39] WARNING  - Player not updated: Harpreet Brar | Reason: Points unchanged
[2026-05-02 00:20:39] WARNING  - Player not updated: Yuzvendra Chahal | Reason: Points unchanged
[2026-05-02 00:20:39] WARNING  - Player not updated: Romario Shepherd | Reason: Points unchanged
[2026-05-02 00:20:39] WARNING  - Player not updated: Ravi Bishnoi | Reason: Points unchanged
[2026-05-02 00:20:39] WARNING  - Player not updated: Abhishek Sharma | Reason: Points unchanged
[2026-05-02 00:20:39] WARNING  - Player not updated: Ishan Kishan | Reason: Points unchanged
[2026-05-02 00:20:39] WARNING  - Player not updated: Pat Cummins | Reason: Points unchanged
[2026-05-02 00:20:39] WARNING  - Player not updated: Rasikh Salam | Reason: Points unchanged
[2026-05-02 00:20:39] WARNING  - Player not updated: Matheesha Pathirana | Reason: Points is zero
[2026-05-02 00:20:39] WARNING  - Player not updated: Nathan Ellis | Reason: Points is zero
[2026-05-02 00:20:39] WARNING  - Player not updated: Yudhvir Singh | Reason: Points is zero
[2026-05-02 00:20:39] WARNING  - Player not updated: Ayush Mhatre | Reason: Points unchanged
[2026-05-02 00:20:39] WARNING  - Player not updated: MS Dhoni | Reason: Points is zero
[2026-05-02 00:20:39] WARNING  - Player not updated: Glenn Phillips | Reason: Points unchanged
[2026-05-02 00:20:39] WARNING  - Player not updated: Sunil Narine | Reason: Points unchanged
[2026-05-02 00:20:39] WARNING  - Player not updated: Ajinkya Rahane | Reason: Points unchanged
[2026-05-02 00:20:39] WARNING  - Player not updated: Ayush Badoni | Reason: Points unchanged
[2026-05-02 00:20:39] WARNING  - Player not updated: Hardik Pandya | Reason: Points unchanged
[2026-05-02 00:20:39] WARNING  - Player not updated: Suryakumar Yadav | Reason: Points unchanged
[2026-05-02 00:20:39] WARNING  - Player not updated: Rohit Sharma | Reason: Points unchanged
[2026-05-02 00:20:39] WARNING  - Player not updated: Priyansh Arya | Reason: Points unchanged
[2026-05-02 00:20:39] WARNING  - Player not updated: Phil Salt | Reason: Points unchanged
[2026-05-02 00:20:39] WARNING  - Player not updated: Bhuvneshwar Kumar | Reason: Points unchanged
[2026-05-02 00:20:39] WARNING  - Player not updated: Josh Hazlewood | Reason: Points unchanged
[2026-05-02 00:20:39] WARNING  - Player not updated: Shimron Hetmyer | Reason: Points unchanged
[2026-05-02 00:20:39] WARNING  - Player not updated: Sandeep Sharma | Reason: Points unchanged
[2026-05-02 00:20:39] WARNING  - Player not updated: Marco Jansen | Reason: Points unchanged
[2026-05-02 00:20:39] WARNING  - Player not updated: Prashant Veer | Reason: Points unchanged
[2026-05-02 00:20:39] WARNING  - Player not updated: Ruturaj Gaikwad | Reason: Points unchanged
[2026-05-02 00:20:39] WARNING  - Player not updated: Abishek Porel | Reason: Points unchanged
[2026-05-02 00:20:39] WARNING  - Player not updated: Rashid Khan | Reason: Points unchanged
[2026-05-02 00:20:39] WARNING  - Player not updated: Cameron Green | Reason: Points unchanged
[2026-05-02 00:20:39] WARNING  - Player not updated: Varun Chakaravarthy | Reason: Points unchanged
[2026-05-02 00:20:39] WARNING  - Player not updated: Digvesh Singh | Reason: Points unchanged
[2026-05-02 00:20:39] WARNING  - Player not updated: Rishabh Pant | Reason: Points unchanged
[2026-05-02 00:20:39] WARNING  - Player not updated: Arshdeep Singh | Reason: Points unchanged
[2026-05-02 00:20:39] WARNING  - Player not updated: Krunal Pandya | Reason: Points unchanged
[2026-05-02 00:20:39] WARNING  - Player not updated: Rajat Patidar | Reason: Points unchanged
[2026-05-02 00:20:39] WARNING  - Player not updated: Travis Head | Reason: Points unchanged
[2026-05-02 00:20:39] WARNING  - Player not updated: Nitish Kumar Reddy | Reason: Points unchanged
[2026-05-02 00:20:39] WARNING  - Player not updated: Naman Dhir | Reason: Points unchanged
[2026-05-02 00:20:39] WARNING  - Player not updated: Finn Allen | Reason: Points unchanged
[2026-05-02 00:20:39] WARNING  - Player not updated: Rahul Tewatia | Reason: Points unchanged
[2026-05-02 00:20:39] WARNING  - Player not updated: Jason Holder | Reason: Points unchanged
[2026-05-02 00:20:39] WARNING  - Player not updated: Dewald Brevis | Reason: Points unchanged
[2026-05-02 00:20:39] WARNING  - Player not updated: Noor Ahmad | Reason: Points unchanged
[2026-05-02 00:20:39] WARNING  - Player not updated: Auqib Nabi | Reason: Points unchanged
[2026-05-02 00:20:39] WARNING  - Player not updated: Jos Buttler | Reason: Points unchanged
[2026-05-02 00:20:39] WARNING  - Player not updated: Prasidh Krishna | Reason: Points unchanged
[2026-05-02 00:20:39] WARNING  - Player not updated: Vaibhav Arora | Reason: Points unchanged
[2026-05-02 00:20:39] WARNING  - Player not updated: Aiden Markram | Reason: Points unchanged
[2026-05-02 00:20:39] WARNING  - Player not updated: Will Jacks | Reason: Points unchanged
[2026-05-02 00:20:39] WARNING  - Player not updated: Nehal Wadhera | Reason: Points unchanged
[2026-05-02 00:20:39] WARNING  - Player not updated: Shreyas Iyer | Reason: Points unchanged
[2026-05-02 00:20:39] WARNING  - Player not updated: Devdutt Padikkal | Reason: Points unchanged
[2026-05-02 00:20:39] WARNING  - Player not updated: Virat Kohli | Reason: Points unchanged
[2026-05-02 00:20:39] WARNING  - Player not updated: Harshal Patel | Reason: Points unchanged
[2026-05-02 00:20:39] WARNING  - Player not updated: Heinrich Klaasen | Reason: Points unchanged
[2026-05-02 00:20:39] WARNING  - Player not updated: Trent Boult | Reason: Points unchanged
[2026-05-02 00:20:39] WARNING  - Player not updated: Venkatesh Iyer | Reason: Points unchanged
[2026-05-02 00:20:39] WARNING  - Player not updated: Yash Dayal | Reason: Points is zero
[2026-05-02 00:20:39] WARNING  - Player not updated: Shardul Thakur | Reason: Points unchanged
[2026-05-02 00:20:39] WARNING  - Player not updated: Rahul Chahar | Reason: Points unchanged
[2026-05-02 00:20:39] WARNING  - Player not updated: Khaleel Ahmed | Reason: Points unchanged
[2026-05-02 00:20:39] WARNING  - Player not updated: Shubman Gill | Reason: Points unchanged
[2026-05-02 00:20:39] WARNING  - Player not updated: Mohammed Siraj | Reason: Points unchanged
[2026-05-02 00:20:39] WARNING  - Player not updated: Angkrish Raghuvanshi | Reason: Points unchanged
[2026-05-02 00:20:39] WARNING  - Player not updated: Mitchell Marsh | Reason: Points unchanged
[2026-05-02 00:20:39] WARNING  - Player not updated: Nicholas Pooran | Reason: Points unchanged
[2026-05-02 00:20:39] WARNING  - Player not updated: Marcus Stoinis | Reason: Points unchanged
[2026-05-02 00:20:39] WARNING  - Player not updated: Prabhsimran Singh | Reason: Points unchanged
[2026-05-02 00:20:39] WARNING  - Player not updated: Shashank Singh | Reason: Points unchanged
[2026-05-02 00:20:39] WARNING  - Player not updated: Jitesh Sharma | Reason: Points unchanged
[2026-05-02 00:20:39] WARNING  - Player not updated: Mohammad Shami | Reason: Points unchanged
[2026-05-02 00:20:39] WARNING  - Player not updated: Kagiso Rabada | Reason: Points unchanged
[2026-05-02 00:20:39] WARNING  - Player not updated: Rinku Singh | Reason: Points unchanged
[2026-05-02 00:20:39] WARNING  - Player not updated: Kartik Sharma | Reason: Points unchanged
[2026-05-02 00:20:39] WARNING  - Player not updated: Corbin Bosch | Reason: Points unchanged
[2026-05-02 00:20:39] WARNING  - Player not updated: Tim David | Reason: Points unchanged
[2026-05-02 00:20:39] WARNING  - Player not updated: Cooper Connolly | Reason: Points unchanged
[2026-05-02 00:20:39] WARNING  - Player not updated: Liam Livingstone | Reason: Points unchanged
[2026-05-02 00:20:39] WARNING  - Player not updated: Vijaykumar Vyshak | Reason: Points unchanged
[2026-05-02 00:20:39] WARNING  - Player not updated: Suyash Sharma | Reason: Points unchanged
[2026-05-02 00:20:39] WARNING  - Player not updated: David Miller | Reason: Points unchanged
[2026-05-02 00:20:39] DEBUG    - ===============================================================
[2026-05-02 00:20:48] INFO     - Worksheets opened: ['Home', 'Data']
[2026-05-02 00:20:48] INFO     - Points Gained Today fetched: {'HW': 139, 'MC': 0, 'OL': 164, 'AS': 9, 'PA': 126}
[2026-05-02 00:20:49] INFO     - Writing to column 21 (02/05)
[2026-05-02 00:20:49] DEBUG    -   HW → U2 = 139
[2026-05-02 00:20:49] DEBUG    -   MC → U3 = 0
[2026-05-02 00:20:49] DEBUG    -   OL → U4 = 164
[2026-05-02 00:20:49] DEBUG    -   AS → U5 = 9
[2026-05-02 00:20:49] DEBUG    -   PA → U6 = 126
[2026-05-02 00:20:49] INFO     - Successfully updated 5 team(s) for 02/05.
[2026-05-02 00:20:50] INFO     - TOP 12 points fetched: {'AS': 4969, 'HW': 4995, 'PA': 4933, 'OL': 4723, 'MC': 3926}
[2026-05-02 00:20:50] INFO     - Column mapping: {'HW': 2, 'MC': 3, 'OL': 4, 'AS': 5, 'PA': 6}
[2026-05-02 00:20:51] INFO     - Today '02/05' found at row 44
[2026-05-02 00:20:51] DEBUG    -   AS → E44 = 4969
[2026-05-02 00:20:51] DEBUG    -   HW → B44 = 4995
[2026-05-02 00:20:51] DEBUG    -   PA → F44 = 4933
[2026-05-02 00:20:51] DEBUG    -   OL → D44 = 4723
[2026-05-02 00:20:51] DEBUG    -   MC → C44 = 3926
[2026-05-02 00:20:51] INFO     - Successfully updated 5 team(s) for '02/05' at row 44.
[2026-05-02 00:20:52] INFO     - ═════════════════════ All updates completed ═════════════════════
