[2026-05-21 00:43:51] INFO     - ═════════════════════ Process started ═════════════════════
[2026-05-21 00:43:52] INFO     - Excel loaded: 103 players, 103 bowlers from 'C:\Users\himan\Documents\UiPath\CrickInfo\Data\IPLPointsData.xlsx'
[2026-05-21 00:43:52] INFO     - Google Sheets authentication successful.
[2026-05-21 00:43:56] INFO     - Worksheets opened: ['Points', 'Home', 'Data']
[2026-05-21 00:43:59] INFO     - Updating previous points for all players before processing.
[2026-05-21 00:43:59] DEBUG    - ======================================================
[2026-05-21 00:44:02] DEBUG    - Updated previous points for 'Mohsin Khan' at row 8: 405 → 443
[2026-05-21 00:44:02] DEBUG    - Sleeping 3s after updating previous points.
[2026-05-21 00:44:06] DEBUG    - Updated previous points for 'Vaibhav Sooryavanshi' at row 15: 769 → 907
[2026-05-21 00:44:06] DEBUG    - Sleeping 3s after updating previous points.
[2026-05-21 00:44:09] DEBUG    - Updated previous points for 'Ayush Badoni' at row 30: 266 → 280
[2026-05-21 00:44:09] DEBUG    - Sleeping 3s after updating previous points.
[2026-05-21 00:44:13] DEBUG    - Updated previous points for 'Sandeep Sharma' at row 39: 192 → 193
[2026-05-21 00:44:13] DEBUG    - Sleeping 3s after updating previous points.
[2026-05-21 00:44:17] DEBUG    - Updated previous points for 'Digvesh Singh' at row 49: 235 → 246
[2026-05-21 00:44:17] DEBUG    - Sleeping 3s after updating previous points.
[2026-05-21 00:44:20] DEBUG    - Updated previous points for 'Rishabh Pant' at row 50: 466 → 527
[2026-05-21 00:44:20] DEBUG    - Sleeping 3s after updating previous points.
[2026-05-21 00:44:24] DEBUG    - Updated previous points for 'Yashasvi Jaiswal' at row 54: 530 → 609
[2026-05-21 00:44:24] DEBUG    - Sleeping 3s after updating previous points.
[2026-05-21 00:44:27] DEBUG    - Updated previous points for 'Mitchell Marsh' at row 88: 721 → 854
[2026-05-21 00:44:27] DEBUG    - Sleeping 3s after updating previous points.
[2026-05-21 00:44:31] DEBUG    - Updated previous points for 'Nicholas Pooran' at row 89: 393 → 419
[2026-05-21 00:44:31] DEBUG    - Sleeping 3s after updating previous points.
[2026-05-21 00:44:34] DEBUG    - Updated previous points for 'Jofra Archer' at row 94: 703 → 756
[2026-05-21 00:44:34] DEBUG    - Sleeping 3s after updating previous points.
[2026-05-21 00:44:34] DEBUG    - ======================================================
[2026-05-21 00:44:46] DEBUG    - ===============================================================
[2026-05-21 00:44:46] INFO     - Pausing 5s before before next steps.
[2026-05-21 00:44:46] DEBUG    - ===============================================================
[2026-05-21 00:44:55] DEBUG    - ===============================================================
[2026-05-21 00:44:55] DEBUG    - ===============================================================
[2026-05-21 00:44:55] INFO     - Processing count= 1
[2026-05-21 00:44:55] INFO     - Processing player of CSK : 'Shivam Dube' | 384 points | team: CSK
[2026-05-21 00:44:55] DEBUG    - Match found for Shivam Dube in Points at row 5
[2026-05-21 00:44:55] INFO     - No update needed for Shivam Dube in Points as points are unchanged.
[2026-05-21 00:44:55] DEBUG    - ===============================================================
[2026-05-21 00:44:55] INFO     - Processing count= 2
[2026-05-21 00:44:55] INFO     - Processing player of CSK : 'Sanju Samson' | 768 points | team: CSK
[2026-05-21 00:44:55] DEBUG    - Match found for Sanju Samson in Points at row 6
[2026-05-21 00:44:55] INFO     - No update needed for Sanju Samson in Points as points are unchanged.
[2026-05-21 00:44:55] DEBUG    - ===============================================================
[2026-05-21 00:44:55] INFO     - Processing count= 3
[2026-05-21 00:44:55] INFO     - Processing player of GT : 'Sai Sudharsan' | 841 points | team: GT
[2026-05-21 00:44:55] DEBUG    - Match found for Sai Sudharsan in Points at row 7
[2026-05-21 00:44:55] INFO     - No update needed for Sai Sudharsan in Points as points are unchanged.
[2026-05-21 00:44:55] DEBUG    - ===============================================================
[2026-05-21 00:44:55] INFO     - Processing count= 4
[2026-05-21 00:44:55] INFO     - Processing player of LSG : 'Mohsin Khan' | 377 points | team: LSG
[2026-05-21 00:44:55] DEBUG    - Match found for Mohsin Khan in Points at row 8
[2026-05-21 00:44:55] INFO     - No update needed for Mohsin Khan in Points as points are unchanged.
[2026-05-21 00:44:55] DEBUG    - ===============================================================
[2026-05-21 00:44:55] INFO     - Processing count= 5
[2026-05-21 00:44:55] INFO     - Processing player of MI : 'Tilak Varma' | 606 points | team: MI
[2026-05-21 00:44:55] DEBUG    - Match found for Tilak Varma in Points at row 9
[2026-05-21 00:44:56] INFO     - Points gained for Tilak Varma in Points: 24 (Points: 606, Dot Balls: 0, Previous Total: 582)
[2026-05-21 00:44:56] INFO     - Data updated successfully for Tilak Varma in Points - 606 points and 0 dot balls!
[2026-05-21 00:44:56] DEBUG    - Sleeping 3s before next update.
[2026-05-21 00:44:59] DEBUG    - ===============================================================
[2026-05-21 00:44:59] INFO     - Processing count= 6
[2026-05-21 00:44:59] INFO     - Processing player of MI : 'Quinton de Kock' | 221 points | team: MI
[2026-05-21 00:44:59] DEBUG    - Match found for Quinton de Kock in Points at row 10
[2026-05-21 00:44:59] INFO     - No update needed for Quinton de Kock in Points as points are unchanged.
[2026-05-21 00:44:59] DEBUG    - ===============================================================
[2026-05-21 00:44:59] INFO     - Processing count= 7
[2026-05-21 00:44:59] INFO     - Processing player of MI : 'Jasprit Bumrah' | 190 points | team: MI
[2026-05-21 00:44:59] DEBUG    - Match found for Jasprit Bumrah in Points at row 11
[2026-05-21 00:45:00] INFO     - Points gained for Jasprit Bumrah in Points: 50 (Points: 190, Dot Balls: 111, Previous Total: 251)
[2026-05-21 00:45:00] INFO     - Data updated successfully for Jasprit Bumrah in Points - 190 points and 111 dot balls!
[2026-05-21 00:45:00] DEBUG    - Sleeping 3s before next update.
[2026-05-21 00:45:03] DEBUG    - ===============================================================
[2026-05-21 00:45:03] INFO     - Processing count= 8
[2026-05-21 00:45:03] INFO     - Processing player of PBSK : 'Harpreet Brar' | 82 points | team: PBSK
[2026-05-21 00:45:03] DEBUG    - Match found for Harpreet Brar in Points at row 12
[2026-05-21 00:45:03] INFO     - No update needed for Harpreet Brar in Points as points are unchanged.
[2026-05-21 00:45:03] DEBUG    - ===============================================================
[2026-05-21 00:45:03] INFO     - Processing count= 9
[2026-05-21 00:45:03] INFO     - Processing player of PBSK : 'Yuzvendra Chahal' | 320 points | team: PBSK
[2026-05-21 00:45:03] DEBUG    - Match found for Yuzvendra Chahal in Points at row 13
[2026-05-21 00:45:03] INFO     - No update needed for Yuzvendra Chahal in Points as points are unchanged.
[2026-05-21 00:45:03] DEBUG    - ===============================================================
[2026-05-21 00:45:03] INFO     - Processing count= 10
[2026-05-21 00:45:03] INFO     - Processing player of RCB : 'Romario Shepherd' | 348 points | team: RCB
[2026-05-21 00:45:03] DEBUG    - Match found for Romario Shepherd in Points at row 14
[2026-05-21 00:45:03] INFO     - No update needed for Romario Shepherd in Points as points are unchanged.
[2026-05-21 00:45:03] DEBUG    - ===============================================================
[2026-05-21 00:45:03] INFO     - Processing count= 11
[2026-05-21 00:45:03] INFO     - Processing player of RR : 'Vaibhav Sooryavanshi' | 907 points | team: RR
[2026-05-21 00:45:03] DEBUG    - Match found for Vaibhav Sooryavanshi in Points at row 15
[2026-05-21 00:45:03] INFO     - No update needed for Vaibhav Sooryavanshi in Points as points are unchanged.
[2026-05-21 00:45:03] DEBUG    - ===============================================================
[2026-05-21 00:45:03] INFO     - Processing count= 12
[2026-05-21 00:45:03] INFO     - Processing player of RR : 'Ravi Bishnoi' | 359 points | team: RR
[2026-05-21 00:45:03] DEBUG    - Match found for Ravi Bishnoi in Points at row 16
[2026-05-21 00:45:03] INFO     - No update needed for Ravi Bishnoi in Points as points are unchanged.
[2026-05-21 00:45:03] DEBUG    - ===============================================================
[2026-05-21 00:45:03] INFO     - Processing count= 13
[2026-05-21 00:45:03] INFO     - Processing player of SRH : 'Abhishek Sharma' | 815 points | team: SRH
[2026-05-21 00:45:03] DEBUG    - Match found for Abhishek Sharma in Points at row 17
[2026-05-21 00:45:03] INFO     - No update needed for Abhishek Sharma in Points as points are unchanged.
[2026-05-21 00:45:03] DEBUG    - ===============================================================
[2026-05-21 00:45:03] INFO     - Processing count= 14
[2026-05-21 00:45:03] INFO     - Processing player of SRH : 'Ishan Kishan' | 817 points | team: SRH
[2026-05-21 00:45:03] DEBUG    - Match found for Ishan Kishan in Points at row 18
[2026-05-21 00:45:03] INFO     - No update needed for Ishan Kishan in Points as points are unchanged.
[2026-05-21 00:45:03] DEBUG    - ===============================================================
[2026-05-21 00:45:03] INFO     - Processing count= 15
[2026-05-21 00:45:03] INFO     - Processing player of SRH : 'Pat Cummins' | 290 points | team: SRH
[2026-05-21 00:45:03] DEBUG    - Match found for Pat Cummins in Points at row 19
[2026-05-21 00:45:03] INFO     - No update needed for Pat Cummins in Points as points are unchanged.
[2026-05-21 00:45:03] DEBUG    - ===============================================================
[2026-05-21 00:45:03] INFO     - Processing count= 16
[2026-05-21 00:45:03] INFO     - Processing player of RCB : 'Rasikh Salam' | 381 points | team: RCB
[2026-05-21 00:45:03] DEBUG    - Match found for Rasikh Salam in Points at row 20
[2026-05-21 00:45:03] INFO     - No update needed for Rasikh Salam in Points as points are unchanged.
[2026-05-21 00:45:03] DEBUG    - ===============================================================
[2026-05-21 00:45:03] INFO     - Processing count= 17
[2026-05-21 00:45:03] INFO     - Processing player of KKR : 'Matheesha Pathirana' | 4 points | team: KKR
[2026-05-21 00:45:03] DEBUG    - Match found for Matheesha Pathirana in Points at row 21
[2026-05-21 00:45:03] INFO     - No update needed for Matheesha Pathirana in Points as points are unchanged.
[2026-05-21 00:45:03] DEBUG    - ===============================================================
[2026-05-21 00:45:03] INFO     - Processing count= 18
[2026-05-21 00:45:03] INFO     - 
Skipping Nathan Ellis as points is zero.
[2026-05-21 00:45:03] DEBUG    - ===============================================================
[2026-05-21 00:45:03] INFO     - Processing count= 19
[2026-05-21 00:45:03] INFO     - 
Skipping Yudhvir Singh as points is zero.
[2026-05-21 00:45:03] DEBUG    - ===============================================================
[2026-05-21 00:45:03] INFO     - Processing count= 20
[2026-05-21 00:45:03] INFO     - Processing player of CSK : 'Ayush Mhatre' | 311 points | team: CSK
[2026-05-21 00:45:03] DEBUG    - Match found for Ayush Mhatre in Points at row 24
[2026-05-21 00:45:03] INFO     - No update needed for Ayush Mhatre in Points as points are unchanged.
[2026-05-21 00:45:03] DEBUG    - ===============================================================
[2026-05-21 00:45:03] INFO     - Processing count= 21
[2026-05-21 00:45:03] INFO     - 
Skipping MS Dhoni as points is zero.
[2026-05-21 00:45:03] DEBUG    - ===============================================================
[2026-05-21 00:45:03] INFO     - Processing count= 22
[2026-05-21 00:45:03] INFO     - Processing player of DC : 'Mitchell Starc' | 281 points | team: DC
[2026-05-21 00:45:03] DEBUG    - Match found for Mitchell Starc in Points at row 26
[2026-05-21 00:45:03] INFO     - No update needed for Mitchell Starc in Points as points are unchanged.
[2026-05-21 00:45:03] DEBUG    - ===============================================================
[2026-05-21 00:45:03] INFO     - Processing count= 23
[2026-05-21 00:45:03] INFO     - Processing player of GT : 'Glenn Phillips' | 165 points | team: GT
[2026-05-21 00:45:03] DEBUG    - Match found for Glenn Phillips in Points at row 27
[2026-05-21 00:45:03] INFO     - No update needed for Glenn Phillips in Points as points are unchanged.
[2026-05-21 00:45:03] DEBUG    - ===============================================================
[2026-05-21 00:45:03] INFO     - Processing count= 24
[2026-05-21 00:45:03] INFO     - Processing player of KKR : 'Sunil Narine' | 522 points | team: KKR
[2026-05-21 00:45:03] DEBUG    - Match found for Sunil Narine in Points at row 28
[2026-05-21 00:45:04] INFO     - Points gained for Sunil Narine in Points: 59 (Points: 522, Dot Balls: 129, Previous Total: 592)
[2026-05-21 00:45:04] INFO     - Data updated successfully for Sunil Narine in Points - 522 points and 129 dot balls!
[2026-05-21 00:45:04] DEBUG    - Sleeping 3s before next update.
[2026-05-21 00:45:07] DEBUG    - ===============================================================
[2026-05-21 00:45:07] INFO     - Processing count= 25
[2026-05-21 00:45:07] INFO     - Processing player of KKR : 'Ajinkya Rahane' | 451 points | team: KKR
[2026-05-21 00:45:07] DEBUG    - Match found for Ajinkya Rahane in Points at row 29
[2026-05-21 00:45:08] INFO     - Points gained for Ajinkya Rahane in Points: 29 (Points: 451, Dot Balls: 0, Previous Total: 422)
[2026-05-21 00:45:08] INFO     - Data updated successfully for Ajinkya Rahane in Points - 451 points and 0 dot balls!
[2026-05-21 00:45:08] DEBUG    - Sleeping 3s before next update.
[2026-05-21 00:45:11] DEBUG    - ===============================================================
[2026-05-21 00:45:11] INFO     - Processing count= 26
[2026-05-21 00:45:11] INFO     - Processing player of LSG : 'Ayush Badoni' | 280 points | team: LSG
[2026-05-21 00:45:11] DEBUG    - Match found for Ayush Badoni in Points at row 30
[2026-05-21 00:45:11] INFO     - No update needed for Ayush Badoni in Points as points are unchanged.
[2026-05-21 00:45:11] DEBUG    - ===============================================================
[2026-05-21 00:45:11] INFO     - Processing count= 27
[2026-05-21 00:45:11] INFO     - Processing player of MI : 'Hardik Pandya' | 366 points | team: MI
[2026-05-21 00:45:11] DEBUG    - Match found for Hardik Pandya in Points at row 31
[2026-05-21 00:45:12] INFO     - Points gained for Hardik Pandya in Points: 43 (Points: 366, Dot Balls: 41, Previous Total: 364)
[2026-05-21 00:45:12] INFO     - Data updated successfully for Hardik Pandya in Points - 366 points and 41 dot balls!
[2026-05-21 00:45:12] DEBUG    - Sleeping 3s before next update.
[2026-05-21 00:45:15] DEBUG    - ===============================================================
[2026-05-21 00:45:15] INFO     - Processing count= 28
[2026-05-21 00:45:15] INFO     - Processing player of MI : 'Suryakumar Yadav' | 347 points | team: MI
[2026-05-21 00:45:15] DEBUG    - Match found for Suryakumar Yadav in Points at row 32
[2026-05-21 00:45:16] INFO     - Points gained for Suryakumar Yadav in Points: 23 (Points: 347, Dot Balls: 0, Previous Total: 324)
[2026-05-21 00:45:16] INFO     - Data updated successfully for Suryakumar Yadav in Points - 347 points and 0 dot balls!
[2026-05-21 00:45:16] DEBUG    - Sleeping 3s before next update.
[2026-05-21 00:45:19] DEBUG    - ===============================================================
[2026-05-21 00:45:19] INFO     - Processing count= 29
[2026-05-21 00:45:19] INFO     - Processing player of MI : 'Rohit Sharma' | 420 points | team: MI
[2026-05-21 00:45:19] DEBUG    - Match found for Rohit Sharma in Points at row 33
[2026-05-21 00:45:21] INFO     - Points gained for Rohit Sharma in Points: 23 (Points: 420, Dot Balls: 0, Previous Total: 397)
[2026-05-21 00:45:21] INFO     - Data updated successfully for Rohit Sharma in Points - 420 points and 0 dot balls!
[2026-05-21 00:45:21] DEBUG    - Sleeping 3s before next update.
[2026-05-21 00:45:24] DEBUG    - ===============================================================
[2026-05-21 00:45:24] INFO     - Processing count= 30
[2026-05-21 00:45:24] INFO     - Processing player of PBSK : 'Priyansh Arya' | 583 points | team: PBSK
[2026-05-21 00:45:24] DEBUG    - Match found for Priyansh Arya in Points at row 34
[2026-05-21 00:45:24] INFO     - No update needed for Priyansh Arya in Points as points are unchanged.
[2026-05-21 00:45:24] DEBUG    - ===============================================================
[2026-05-21 00:45:24] INFO     - Processing count= 31
[2026-05-21 00:45:24] INFO     - Processing player of RCB : 'Phil Salt' | 348 points | team: RCB
[2026-05-21 00:45:24] DEBUG    - Match found for Phil Salt in Points at row 35
[2026-05-21 00:45:24] INFO     - No update needed for Phil Salt in Points as points are unchanged.
[2026-05-21 00:45:24] DEBUG    - ===============================================================
[2026-05-21 00:45:24] INFO     - Processing count= 32
[2026-05-21 00:45:24] INFO     - Processing player of RCB : 'Bhuvneshwar Kumar' | 785 points | team: RCB
[2026-05-21 00:45:24] DEBUG    - Match found for Bhuvneshwar Kumar in Points at row 36
[2026-05-21 00:45:24] INFO     - No update needed for Bhuvneshwar Kumar in Points as points are unchanged.
[2026-05-21 00:45:24] DEBUG    - ===============================================================
[2026-05-21 00:45:24] INFO     - Processing count= 33
[2026-05-21 00:45:24] INFO     - Processing player of RCB : 'Josh Hazlewood' | 404 points | team: RCB
[2026-05-21 00:45:24] DEBUG    - Match found for Josh Hazlewood in Points at row 37
[2026-05-21 00:45:24] INFO     - No update needed for Josh Hazlewood in Points as points are unchanged.
[2026-05-21 00:45:24] DEBUG    - ===============================================================
[2026-05-21 00:45:24] INFO     - Processing count= 34
[2026-05-21 00:45:24] INFO     - Processing player of RR : 'Shimron Hetmyer' | 169 points | team: RR
[2026-05-21 00:45:24] DEBUG    - Match found for Shimron Hetmyer in Points at row 38
[2026-05-21 00:45:24] INFO     - No update needed for Shimron Hetmyer in Points as points are unchanged.
[2026-05-21 00:45:24] DEBUG    - ===============================================================
[2026-05-21 00:45:24] INFO     - Processing count= 35
[2026-05-21 00:45:24] INFO     - Processing player of RR : 'Sandeep Sharma' | 161 points | team: RR
[2026-05-21 00:45:24] DEBUG    - Match found for Sandeep Sharma in Points at row 39
[2026-05-21 00:45:24] INFO     - No update needed for Sandeep Sharma in Points as points are unchanged.
[2026-05-21 00:45:24] DEBUG    - ===============================================================
[2026-05-21 00:45:24] INFO     - Processing count= 36
[2026-05-21 00:45:24] INFO     - Processing player of PBSK : 'Marco Jansen' | 317 points | team: PBSK
[2026-05-21 00:45:24] DEBUG    - Match found for Marco Jansen in Points at row 40
[2026-05-21 00:45:24] INFO     - No update needed for Marco Jansen in Points as points are unchanged.
[2026-05-21 00:45:24] DEBUG    - ===============================================================
[2026-05-21 00:45:24] INFO     - Processing count= 37
[2026-05-21 00:45:24] INFO     - Processing player of CSK : 'Prashant Veer' | 134 points | team: CSK
[2026-05-21 00:45:24] DEBUG    - Match found for Prashant Veer in Points at row 41
[2026-05-21 00:45:24] INFO     - No update needed for Prashant Veer in Points as points are unchanged.
[2026-05-21 00:45:24] DEBUG    - ===============================================================
[2026-05-21 00:45:24] INFO     - Processing count= 38
[2026-05-21 00:45:24] INFO     - Processing player of CSK : 'Ruturaj Gaikwad' | 495 points | team: CSK
[2026-05-21 00:45:24] DEBUG    - Match found for Ruturaj Gaikwad in Points at row 42
[2026-05-21 00:45:24] INFO     - No update needed for Ruturaj Gaikwad in Points as points are unchanged.
[2026-05-21 00:45:24] DEBUG    - ===============================================================
[2026-05-21 00:45:24] INFO     - Processing count= 39
[2026-05-21 00:45:24] INFO     - Processing player of DC : 'Axar Patel' | 535 points | team: DC
[2026-05-21 00:45:24] DEBUG    - Match found for Axar Patel in Points at row 43
[2026-05-21 00:45:24] INFO     - No update needed for Axar Patel in Points as points are unchanged.
[2026-05-21 00:45:24] DEBUG    - ===============================================================
[2026-05-21 00:45:24] INFO     - Processing count= 40
[2026-05-21 00:45:24] INFO     - Processing player of DC : 'Abishek Porel' | 127 points | team: DC
[2026-05-21 00:45:24] DEBUG    - Match found for Abishek Porel in Points at row 44
[2026-05-21 00:45:24] INFO     - No update needed for Abishek Porel in Points as points are unchanged.
[2026-05-21 00:45:24] DEBUG    - ===============================================================
[2026-05-21 00:45:24] INFO     - Processing count= 41
[2026-05-21 00:45:24] INFO     - Processing player of DC : 'KL Rahul' | 812 points | team: DC
[2026-05-21 00:45:24] DEBUG    - Match found for KL Rahul in Points at row 45
[2026-05-21 00:45:24] INFO     - No update needed for KL Rahul in Points as points are unchanged.
[2026-05-21 00:45:24] DEBUG    - ===============================================================
[2026-05-21 00:45:24] INFO     - Processing count= 42
[2026-05-21 00:45:24] INFO     - Processing player of GT : 'Rashid Khan' | 589 points | team: GT
[2026-05-21 00:45:24] DEBUG    - Match found for Rashid Khan in Points at row 46
[2026-05-21 00:45:24] INFO     - No update needed for Rashid Khan in Points as points are unchanged.
[2026-05-21 00:45:24] DEBUG    - ===============================================================
[2026-05-21 00:45:24] INFO     - Processing count= 43
[2026-05-21 00:45:24] INFO     - Processing player of KKR : 'Cameron Green' | 701 points | team: KKR
[2026-05-21 00:45:24] DEBUG    - Match found for Cameron Green in Points at row 47
[2026-05-21 00:45:25] INFO     - Points gained for Cameron Green in Points: 75 (Points: 701, Dot Balls: 44, Previous Total: 670)
[2026-05-21 00:45:25] INFO     - Data updated successfully for Cameron Green in Points - 701 points and 44 dot balls!
[2026-05-21 00:45:25] DEBUG    - Sleeping 3s before next update.
[2026-05-21 00:45:28] DEBUG    - ===============================================================
[2026-05-21 00:45:28] INFO     - Processing count= 44
[2026-05-21 00:45:28] INFO     - Processing player of KKR : 'Varun Chakaravarthy' | 318 points | team: KKR
[2026-05-21 00:45:28] DEBUG    - Match found for Varun Chakaravarthy in Points at row 48
[2026-05-21 00:45:29] INFO     - Points gained for Varun Chakaravarthy in Points: 18 (Points: 318, Dot Balls: 72, Previous Total: 372)
[2026-05-21 00:45:29] INFO     - Data updated successfully for Varun Chakaravarthy in Points - 318 points and 72 dot balls!
[2026-05-21 00:45:29] DEBUG    - Sleeping 3s before next update.
[2026-05-21 00:45:32] DEBUG    - ===============================================================
[2026-05-21 00:45:32] INFO     - Processing count= 45
[2026-05-21 00:45:32] INFO     - Processing player of LSG : 'Digvesh Singh' | 191 points | team: LSG
[2026-05-21 00:45:32] DEBUG    - Match found for Digvesh Singh in Points at row 49
[2026-05-21 00:45:32] INFO     - No update needed for Digvesh Singh in Points as points are unchanged.
[2026-05-21 00:45:32] DEBUG    - ===============================================================
[2026-05-21 00:45:32] INFO     - Processing count= 46
[2026-05-21 00:45:32] INFO     - Processing player of LSG : 'Rishabh Pant' | 527 points | team: LSG
[2026-05-21 00:45:32] DEBUG    - Match found for Rishabh Pant in Points at row 50
[2026-05-21 00:45:32] INFO     - No update needed for Rishabh Pant in Points as points are unchanged.
[2026-05-21 00:45:32] DEBUG    - ===============================================================
[2026-05-21 00:45:32] INFO     - Processing count= 47
[2026-05-21 00:45:32] INFO     - Processing player of PBSK : 'Arshdeep Singh' | 429 points | team: PBSK
[2026-05-21 00:45:32] DEBUG    - Match found for Arshdeep Singh in Points at row 51
[2026-05-21 00:45:32] INFO     - No update needed for Arshdeep Singh in Points as points are unchanged.
[2026-05-21 00:45:32] DEBUG    - ===============================================================
[2026-05-21 00:45:32] INFO     - Processing count= 48
[2026-05-21 00:45:32] INFO     - Processing player of RCB : 'Krunal Pandya' | 519 points | team: RCB
[2026-05-21 00:45:32] DEBUG    - Match found for Krunal Pandya in Points at row 52
[2026-05-21 00:45:32] INFO     - No update needed for Krunal Pandya in Points as points are unchanged.
[2026-05-21 00:45:32] DEBUG    - ===============================================================
[2026-05-21 00:45:32] INFO     - Processing count= 49
[2026-05-21 00:45:32] INFO     - Processing player of RCB : 'Rajat Patidar' | 587 points | team: RCB
[2026-05-21 00:45:32] DEBUG    - Match found for Rajat Patidar in Points at row 53
[2026-05-21 00:45:32] INFO     - No update needed for Rajat Patidar in Points as points are unchanged.
[2026-05-21 00:45:32] DEBUG    - ===============================================================
[2026-05-21 00:45:32] INFO     - Processing count= 50
[2026-05-21 00:45:32] INFO     - Processing player of RR : 'Yashasvi Jaiswal' | 609 points | team: RR
[2026-05-21 00:45:32] DEBUG    - Match found for Yashasvi Jaiswal in Points at row 54
[2026-05-21 00:45:32] INFO     - No update needed for Yashasvi Jaiswal in Points as points are unchanged.
[2026-05-21 00:45:32] DEBUG    - ===============================================================
[2026-05-21 00:45:32] INFO     - Processing count= 51
[2026-05-21 00:45:32] INFO     - Processing player of SRH : 'Travis Head' | 562 points | team: SRH
[2026-05-21 00:45:32] DEBUG    - Match found for Travis Head in Points at row 55
[2026-05-21 00:45:32] INFO     - No update needed for Travis Head in Points as points are unchanged.
[2026-05-21 00:45:32] DEBUG    - ===============================================================
[2026-05-21 00:45:32] INFO     - Processing count= 52
[2026-05-21 00:45:32] INFO     - Processing player of SRH : 'Nitish Kumar Reddy' | 601 points | team: SRH
[2026-05-21 00:45:32] DEBUG    - Match found for Nitish Kumar Reddy in Points at row 56
[2026-05-21 00:45:32] INFO     - No update needed for Nitish Kumar Reddy in Points as points are unchanged.
[2026-05-21 00:45:32] DEBUG    - ===============================================================
[2026-05-21 00:45:32] INFO     - Processing count= 53
[2026-05-21 00:45:32] INFO     - Processing player of MI : 'Naman Dhir' | 526 points | team: MI
[2026-05-21 00:45:32] DEBUG    - Match found for Naman Dhir in Points at row 57
[2026-05-21 00:45:33] INFO     - Points gained for Naman Dhir in Points: 2 (Points: 526, Dot Balls: 0, Previous Total: 524)
[2026-05-21 00:45:33] INFO     - Data updated successfully for Naman Dhir in Points - 526 points and 0 dot balls!
[2026-05-21 00:45:33] DEBUG    - Sleeping 3s before next update.
[2026-05-21 00:45:36] DEBUG    - ===============================================================
[2026-05-21 00:45:36] INFO     - Processing count= 54
[2026-05-21 00:45:36] INFO     - Processing player of KKR : 'Finn Allen' | 511 points | team: KKR
[2026-05-21 00:45:36] DEBUG    - Match found for Finn Allen in Points at row 58
[2026-05-21 00:45:37] INFO     - Points gained for Finn Allen in Points: 14 (Points: 511, Dot Balls: 0, Previous Total: 497)
[2026-05-21 00:45:37] INFO     - Data updated successfully for Finn Allen in Points - 511 points and 0 dot balls!
[2026-05-21 00:45:37] DEBUG    - Sleeping 3s before next update.
[2026-05-21 00:45:40] DEBUG    - ===============================================================
[2026-05-21 00:45:40] INFO     - Processing count= 55
[2026-05-21 00:45:40] INFO     - Processing player of GT : 'Rahul Tewatia' | 181 points | team: GT
[2026-05-21 00:45:40] DEBUG    - Match found for Rahul Tewatia in Points at row 59
[2026-05-21 00:45:40] INFO     - No update needed for Rahul Tewatia in Points as points are unchanged.
[2026-05-21 00:45:40] DEBUG    - ===============================================================
[2026-05-21 00:45:40] INFO     - Processing count= 56
[2026-05-21 00:45:40] INFO     - Processing player of GT : 'Jason Holder' | 533 points | team: GT
[2026-05-21 00:45:40] DEBUG    - Match found for Jason Holder in Points at row 60
[2026-05-21 00:45:40] INFO     - No update needed for Jason Holder in Points as points are unchanged.
[2026-05-21 00:45:40] DEBUG    - ===============================================================
[2026-05-21 00:45:40] INFO     - Processing count= 57
[2026-05-21 00:45:40] INFO     - Processing player of CSK : 'Dewald Brevis' | 345 points | team: CSK
[2026-05-21 00:45:40] DEBUG    - Match found for Dewald Brevis in Points at row 61
[2026-05-21 00:45:40] INFO     - No update needed for Dewald Brevis in Points as points are unchanged.
[2026-05-21 00:45:40] DEBUG    - ===============================================================
[2026-05-21 00:45:40] INFO     - Processing count= 58
[2026-05-21 00:45:40] INFO     - Processing player of CSK : 'Noor Ahmad' | 427 points | team: CSK
[2026-05-21 00:45:40] DEBUG    - Match found for Noor Ahmad in Points at row 62
[2026-05-21 00:45:40] INFO     - No update needed for Noor Ahmad in Points as points are unchanged.
[2026-05-21 00:45:40] DEBUG    - ===============================================================
[2026-05-21 00:45:40] INFO     - Processing count= 59
[2026-05-21 00:45:40] INFO     - Processing player of DC : 'Auqib Nabi' | 30 points | team: DC
[2026-05-21 00:45:40] DEBUG    - Match found for Auqib Nabi in Points at row 63
[2026-05-21 00:45:40] INFO     - No update needed for Auqib Nabi in Points as points are unchanged.
[2026-05-21 00:45:40] DEBUG    - ===============================================================
[2026-05-21 00:45:40] INFO     - Processing count= 60
[2026-05-21 00:45:40] INFO     - Processing player of GT : 'Jos Buttler' | 817 points | team: GT
[2026-05-21 00:45:40] DEBUG    - Match found for Jos Buttler in Points at row 64
[2026-05-21 00:45:40] INFO     - No update needed for Jos Buttler in Points as points are unchanged.
[2026-05-21 00:45:40] DEBUG    - ===============================================================
[2026-05-21 00:45:40] INFO     - Processing count= 61
[2026-05-21 00:45:40] INFO     - Processing player of GT : 'Prasidh Krishna' | 388 points | team: GT
[2026-05-21 00:45:40] DEBUG    - Match found for Prasidh Krishna in Points at row 65
[2026-05-21 00:45:40] INFO     - No update needed for Prasidh Krishna in Points as points are unchanged.
[2026-05-21 00:45:40] DEBUG    - ===============================================================
[2026-05-21 00:45:40] INFO     - Processing count= 62
[2026-05-21 00:45:40] INFO     - Processing player of KKR : 'Vaibhav Arora' | 330 points | team: KKR
[2026-05-21 00:45:40] DEBUG    - Match found for Vaibhav Arora in Points at row 66
[2026-05-21 00:45:40] INFO     - No update needed for Vaibhav Arora in Points as points are unchanged.
[2026-05-21 00:45:40] DEBUG    - ===============================================================
[2026-05-21 00:45:40] INFO     - Processing count= 63
[2026-05-21 00:45:40] INFO     - Processing player of LSG : 'Aiden Markram' | 423 points | team: LSG
[2026-05-21 00:45:40] DEBUG    - Match found for Aiden Markram in Points at row 67
[2026-05-21 00:45:40] INFO     - No update needed for Aiden Markram in Points as points are unchanged.
[2026-05-21 00:45:40] DEBUG    - ===============================================================
[2026-05-21 00:45:40] INFO     - Processing count= 64
[2026-05-21 00:45:40] INFO     - Processing player of MI : 'Will Jacks' | 206 points | team: MI
[2026-05-21 00:45:40] DEBUG    - Match found for Will Jacks in Points at row 68
[2026-05-21 00:45:41] INFO     - Points gained for Will Jacks in Points: 24 (Points: 206, Dot Balls: 13, Previous Total: 195)
[2026-05-21 00:45:41] INFO     - Data updated successfully for Will Jacks in Points - 206 points and 13 dot balls!
[2026-05-21 00:45:41] DEBUG    - Sleeping 3s before next update.
[2026-05-21 00:45:44] DEBUG    - ===============================================================
[2026-05-21 00:45:44] INFO     - Processing count= 65
[2026-05-21 00:45:44] INFO     - Processing player of PBSK : 'Nehal Wadhera' | 127 points | team: PBSK
[2026-05-21 00:45:44] DEBUG    - Match found for Nehal Wadhera in Points at row 69
[2026-05-21 00:45:44] INFO     - No update needed for Nehal Wadhera in Points as points are unchanged.
[2026-05-21 00:45:44] DEBUG    - ===============================================================
[2026-05-21 00:45:44] INFO     - Processing count= 66
[2026-05-21 00:45:44] INFO     - Processing player of PBSK : 'Shreyas Iyer' | 659 points | team: PBSK
[2026-05-21 00:45:44] DEBUG    - Match found for Shreyas Iyer in Points at row 70
[2026-05-21 00:45:44] INFO     - No update needed for Shreyas Iyer in Points as points are unchanged.
[2026-05-21 00:45:44] DEBUG    - ===============================================================
[2026-05-21 00:45:44] INFO     - Processing count= 67
[2026-05-21 00:45:44] INFO     - Processing player of RCB : 'Devdutt Padikkal' | 734 points | team: RCB
[2026-05-21 00:45:44] DEBUG    - Match found for Devdutt Padikkal in Points at row 71
[2026-05-21 00:45:44] INFO     - No update needed for Devdutt Padikkal in Points as points are unchanged.
[2026-05-21 00:45:44] DEBUG    - ===============================================================
[2026-05-21 00:45:44] INFO     - Processing count= 68
[2026-05-21 00:45:44] INFO     - Processing player of RCB : 'Virat Kohli' | 857 points | team: RCB
[2026-05-21 00:45:44] DEBUG    - Match found for Virat Kohli in Points at row 72
[2026-05-21 00:45:44] INFO     - No update needed for Virat Kohli in Points as points are unchanged.
[2026-05-21 00:45:44] DEBUG    - ===============================================================
[2026-05-21 00:45:44] INFO     - Processing count= 69
[2026-05-21 00:45:44] INFO     - Processing player of RR : 'Riyan Parag' | 477 points | team: RR
[2026-05-21 00:45:44] DEBUG    - Match found for Riyan Parag in Points at row 73
[2026-05-21 00:45:44] INFO     - No update needed for Riyan Parag in Points as points are unchanged.
[2026-05-21 00:45:44] DEBUG    - ===============================================================
[2026-05-21 00:45:44] INFO     - Processing count= 70
[2026-05-21 00:45:44] INFO     - Processing player of SRH : 'Harshal Patel' | 20 points | team: SRH
[2026-05-21 00:45:44] DEBUG    - Match found for Harshal Patel in Points at row 74
[2026-05-21 00:45:44] INFO     - No update needed for Harshal Patel in Points as points are unchanged.
[2026-05-21 00:45:44] DEBUG    - ===============================================================
[2026-05-21 00:45:44] INFO     - Processing count= 71
[2026-05-21 00:45:44] INFO     - Processing player of SRH : 'Heinrich Klaasen' | 895 points | team: SRH
[2026-05-21 00:45:44] DEBUG    - Match found for Heinrich Klaasen in Points at row 75
[2026-05-21 00:45:44] INFO     - No update needed for Heinrich Klaasen in Points as points are unchanged.
[2026-05-21 00:45:44] DEBUG    - ===============================================================
[2026-05-21 00:45:44] INFO     - Processing count= 72
[2026-05-21 00:45:44] INFO     - Processing player of DC : 'Nitish Rana' | 374 points | team: DC
[2026-05-21 00:45:44] DEBUG    - Match found for Nitish Rana in Points at row 76
[2026-05-21 00:45:44] INFO     - No update needed for Nitish Rana in Points as points are unchanged.
[2026-05-21 00:45:44] DEBUG    - ===============================================================
[2026-05-21 00:45:44] INFO     - Processing count= 73
[2026-05-21 00:45:44] INFO     - Processing player of MI : 'Trent Boult' | 84 points | team: MI
[2026-05-21 00:45:44] DEBUG    - Match found for Trent Boult in Points at row 77
[2026-05-21 00:45:44] INFO     - No update needed for Trent Boult in Points as points are unchanged.
[2026-05-21 00:45:44] DEBUG    - ===============================================================
[2026-05-21 00:45:44] INFO     - Processing count= 74
[2026-05-21 00:45:44] INFO     - Processing player of RCB : 'Venkatesh Iyer' | 172 points | team: RCB
[2026-05-21 00:45:44] DEBUG    - Match found for Venkatesh Iyer in Points at row 78
[2026-05-21 00:45:44] INFO     - No update needed for Venkatesh Iyer in Points as points are unchanged.
[2026-05-21 00:45:44] DEBUG    - ===============================================================
[2026-05-21 00:45:44] INFO     - Processing count= 75
[2026-05-21 00:45:44] INFO     - 
Skipping Yash Dayal as points is zero.
[2026-05-21 00:45:44] DEBUG    - ===============================================================
[2026-05-21 00:45:44] INFO     - Processing count= 76
[2026-05-21 00:45:44] INFO     - Processing player of MI : 'Shardul Thakur' | 297 points | team: MI
[2026-05-21 00:45:44] DEBUG    - Match found for Shardul Thakur in Points at row 80
[2026-05-21 00:45:44] INFO     - No update needed for Shardul Thakur in Points as points are unchanged.
[2026-05-21 00:45:44] DEBUG    - ===============================================================
[2026-05-21 00:45:44] INFO     - Processing count= 77
[2026-05-21 00:45:44] INFO     - Processing player of CSK : 'Rahul Chahar' | 8 points | team: CSK
[2026-05-21 00:45:44] DEBUG    - Match found for Rahul Chahar in Points at row 81
[2026-05-21 00:45:44] INFO     - No update needed for Rahul Chahar in Points as points are unchanged.
[2026-05-21 00:45:44] DEBUG    - ===============================================================
[2026-05-21 00:45:44] INFO     - Processing count= 78
[2026-05-21 00:45:44] INFO     - Processing player of CSK : 'Khaleel Ahmed' | 70 points | team: CSK
[2026-05-21 00:45:44] DEBUG    - Match found for Khaleel Ahmed in Points at row 82
[2026-05-21 00:45:44] INFO     - No update needed for Khaleel Ahmed in Points as points are unchanged.
[2026-05-21 00:45:44] DEBUG    - ===============================================================
[2026-05-21 00:45:44] INFO     - Processing count= 79
[2026-05-21 00:45:44] INFO     - Processing player of DC : 'Tristan Stubbs' | 447 points | team: DC
[2026-05-21 00:45:44] DEBUG    - Match found for Tristan Stubbs in Points at row 83
[2026-05-21 00:45:44] INFO     - No update needed for Tristan Stubbs in Points as points are unchanged.
[2026-05-21 00:45:44] DEBUG    - ===============================================================
[2026-05-21 00:45:44] INFO     - Processing count= 80
[2026-05-21 00:45:44] INFO     - Processing player of DC : 'Kuldeep Yadav' | 244 points | team: DC
[2026-05-21 00:45:44] DEBUG    - Match found for Kuldeep Yadav in Points at row 84
[2026-05-21 00:45:44] INFO     - No update needed for Kuldeep Yadav in Points as points are unchanged.
[2026-05-21 00:45:44] DEBUG    - ===============================================================
[2026-05-21 00:45:44] INFO     - Processing count= 81
[2026-05-21 00:45:44] INFO     - Processing player of GT : 'Shubman Gill' | 874 points | team: GT
[2026-05-21 00:45:44] DEBUG    - Match found for Shubman Gill in Points at row 85
[2026-05-21 00:45:44] INFO     - No update needed for Shubman Gill in Points as points are unchanged.
[2026-05-21 00:45:44] DEBUG    - ===============================================================
[2026-05-21 00:45:44] INFO     - Processing count= 82
[2026-05-21 00:45:44] INFO     - Processing player of GT : 'Mohammed Siraj' | 452 points | team: GT
[2026-05-21 00:45:44] DEBUG    - Match found for Mohammed Siraj in Points at row 86
[2026-05-21 00:45:44] INFO     - No update needed for Mohammed Siraj in Points as points are unchanged.
[2026-05-21 00:45:44] DEBUG    - ===============================================================
[2026-05-21 00:45:44] INFO     - Processing count= 83
[2026-05-21 00:45:44] INFO     - Processing player of KKR : 'Angkrish Raghuvanshi' | 676 points | team: KKR
[2026-05-21 00:45:44] DEBUG    - Match found for Angkrish Raghuvanshi in Points at row 87
[2026-05-21 00:45:45] INFO     - Points gained for Angkrish Raghuvanshi in Points: 12 (Points: 676, Dot Balls: 0, Previous Total: 664)
[2026-05-21 00:45:45] INFO     - Data updated successfully for Angkrish Raghuvanshi in Points - 676 points and 0 dot balls!
[2026-05-21 00:45:45] DEBUG    - Sleeping 3s before next update.
[2026-05-21 00:45:48] DEBUG    - ===============================================================
[2026-05-21 00:45:48] INFO     - Processing count= 84
[2026-05-21 00:45:48] INFO     - Processing player of LSG : 'Mitchell Marsh' | 854 points | team: LSG
[2026-05-21 00:45:48] DEBUG    - Match found for Mitchell Marsh in Points at row 88
[2026-05-21 00:45:48] INFO     - No update needed for Mitchell Marsh in Points as points are unchanged.
[2026-05-21 00:45:48] DEBUG    - ===============================================================
[2026-05-21 00:45:48] INFO     - Processing count= 85
[2026-05-21 00:45:48] INFO     - Processing player of LSG : 'Nicholas Pooran' | 419 points | team: LSG
[2026-05-21 00:45:48] DEBUG    - Match found for Nicholas Pooran in Points at row 89
[2026-05-21 00:45:48] INFO     - No update needed for Nicholas Pooran in Points as points are unchanged.
[2026-05-21 00:45:48] DEBUG    - ===============================================================
[2026-05-21 00:45:48] INFO     - Processing count= 86
[2026-05-21 00:45:48] INFO     - Processing player of PBSK : 'Marcus Stoinis' | 401 points | team: PBSK
[2026-05-21 00:45:48] DEBUG    - Match found for Marcus Stoinis in Points at row 90
[2026-05-21 00:45:48] INFO     - No update needed for Marcus Stoinis in Points as points are unchanged.
[2026-05-21 00:45:48] DEBUG    - ===============================================================
[2026-05-21 00:45:48] INFO     - Processing count= 87
[2026-05-21 00:45:48] INFO     - Processing player of PBSK : 'Prabhsimran Singh' | 713 points | team: PBSK
[2026-05-21 00:45:48] DEBUG    - Match found for Prabhsimran Singh in Points at row 91
[2026-05-21 00:45:48] INFO     - No update needed for Prabhsimran Singh in Points as points are unchanged.
[2026-05-21 00:45:48] DEBUG    - ===============================================================
[2026-05-21 00:45:48] INFO     - Processing count= 88
[2026-05-21 00:45:48] INFO     - Processing player of PBSK : 'Shashank Singh' | 304 points | team: PBSK
[2026-05-21 00:45:48] DEBUG    - Match found for Shashank Singh in Points at row 92
[2026-05-21 00:45:48] INFO     - No update needed for Shashank Singh in Points as points are unchanged.
[2026-05-21 00:45:48] DEBUG    - ===============================================================
[2026-05-21 00:45:48] INFO     - Processing count= 89
[2026-05-21 00:45:48] INFO     - Processing player of RCB : 'Jitesh Sharma' | 287 points | team: RCB
[2026-05-21 00:45:48] DEBUG    - Match found for Jitesh Sharma in Points at row 93
[2026-05-21 00:45:48] INFO     - No update needed for Jitesh Sharma in Points as points are unchanged.
[2026-05-21 00:45:48] DEBUG    - ===============================================================
[2026-05-21 00:45:48] INFO     - Processing count= 90
[2026-05-21 00:45:48] INFO     - Processing player of RR : 'Jofra Archer' | 625 points | team: RR
[2026-05-21 00:45:48] DEBUG    - Match found for Jofra Archer in Points at row 94
[2026-05-21 00:45:48] INFO     - No update needed for Jofra Archer in Points as points are unchanged.
[2026-05-21 00:45:48] DEBUG    - ===============================================================
[2026-05-21 00:45:48] INFO     - Processing count= 91
[2026-05-21 00:45:48] INFO     - Processing player of RR : 'Ravindra Jadeja' | 515 points | team: RR
[2026-05-21 00:45:48] DEBUG    - Match found for Ravindra Jadeja in Points at row 95
[2026-05-21 00:45:48] INFO     - No update needed for Ravindra Jadeja in Points as points are unchanged.
[2026-05-21 00:45:48] DEBUG    - ===============================================================
[2026-05-21 00:45:48] INFO     - Processing count= 92
[2026-05-21 00:45:48] INFO     - Processing player of LSG : 'Mohammad Shami' | 353 points | team: LSG
[2026-05-21 00:45:48] DEBUG    - Match found for Mohammad Shami in Points at row 96
[2026-05-21 00:45:48] INFO     - No update needed for Mohammad Shami in Points as points are unchanged.
[2026-05-21 00:45:48] DEBUG    - ===============================================================
[2026-05-21 00:45:48] INFO     - Processing count= 93
[2026-05-21 00:45:48] INFO     - Processing player of GT : 'Kagiso Rabada' | 683 points | team: GT
[2026-05-21 00:45:48] DEBUG    - Match found for Kagiso Rabada in Points at row 97
[2026-05-21 00:45:48] INFO     - No update needed for Kagiso Rabada in Points as points are unchanged.
[2026-05-21 00:45:48] DEBUG    - ===============================================================
[2026-05-21 00:45:48] INFO     - Processing count= 94
[2026-05-21 00:45:48] INFO     - Processing player of KKR : 'Rinku Singh' | 526 points | team: KKR
[2026-05-21 00:45:48] DEBUG    - Match found for Rinku Singh in Points at row 98
[2026-05-21 00:45:49] INFO     - Points gained for Rinku Singh in Points: 21 (Points: 526, Dot Balls: 0, Previous Total: 505)
[2026-05-21 00:45:49] INFO     - Data updated successfully for Rinku Singh in Points - 526 points and 0 dot balls!
[2026-05-21 00:45:49] DEBUG    - Sleeping 3s before next update.
[2026-05-21 00:45:52] DEBUG    - ===============================================================
[2026-05-21 00:45:52] INFO     - Processing count= 95
[2026-05-21 00:45:52] INFO     - Processing player of CSK : 'Kartik Sharma' | 413 points | team: CSK
[2026-05-21 00:45:52] DEBUG    - Match found for Kartik Sharma in Points at row 99
[2026-05-21 00:45:52] INFO     - No update needed for Kartik Sharma in Points as points are unchanged.
[2026-05-21 00:45:52] DEBUG    - ===============================================================
[2026-05-21 00:45:52] INFO     - Processing count= 96
[2026-05-21 00:45:52] INFO     - Processing player of DC : 'Ashutosh Sharma' | 256 points | team: DC
[2026-05-21 00:45:52] DEBUG    - Match found for Ashutosh Sharma in Points at row 100
[2026-05-21 00:45:52] INFO     - No update needed for Ashutosh Sharma in Points as points are unchanged.
[2026-05-21 00:45:52] DEBUG    - ===============================================================
[2026-05-21 00:45:52] INFO     - Processing count= 97
[2026-05-21 00:45:52] INFO     - Processing player of MI : 'Corbin Bosch' | 400 points | team: MI
[2026-05-21 00:45:52] DEBUG    - Match found for Corbin Bosch in Points at row 101
[2026-05-21 00:45:53] INFO     - Points gained for Corbin Bosch in Points: 145 (Points: 400, Dot Balls: 40, Previous Total: 295)
[2026-05-21 00:45:53] INFO     - Data updated successfully for Corbin Bosch in Points - 400 points and 40 dot balls!
[2026-05-21 00:45:53] DEBUG    - Sleeping 3s before next update.
[2026-05-21 00:45:56] DEBUG    - ===============================================================
[2026-05-21 00:45:56] INFO     - Processing count= 98
[2026-05-21 00:45:56] INFO     - Processing player of RCB : 'Tim David' | 436 points | team: RCB
[2026-05-21 00:45:56] DEBUG    - Match found for Tim David in Points at row 102
[2026-05-21 00:45:56] INFO     - No update needed for Tim David in Points as points are unchanged.
[2026-05-21 00:45:56] DEBUG    - ===============================================================
[2026-05-21 00:45:56] INFO     - Processing count= 99
[2026-05-21 00:45:56] INFO     - Processing player of PBSK : 'Cooper Connolly' | 758 points | team: PBSK
[2026-05-21 00:45:56] DEBUG    - Match found for Cooper Connolly in Points at row 103
[2026-05-21 00:45:56] INFO     - No update needed for Cooper Connolly in Points as points are unchanged.
[2026-05-21 00:45:56] DEBUG    - ===============================================================
[2026-05-21 00:45:56] INFO     - Processing count= 100
[2026-05-21 00:45:56] INFO     - Processing player of SRH : 'Liam Livingstone' | 57 points | team: SRH
[2026-05-21 00:45:56] DEBUG    - Match found for Liam Livingstone in Points at row 104
[2026-05-21 00:45:56] INFO     - No update needed for Liam Livingstone in Points as points are unchanged.
[2026-05-21 00:45:56] DEBUG    - ===============================================================
[2026-05-21 00:45:56] INFO     - Processing count= 101
[2026-05-21 00:45:56] INFO     - Processing player of PBSK : 'Vijaykumar Vyshak' | 263 points | team: PBSK
[2026-05-21 00:45:56] DEBUG    - Match found for Vijaykumar Vyshak in Points at row 105
[2026-05-21 00:45:56] INFO     - No update needed for Vijaykumar Vyshak in Points as points are unchanged.
[2026-05-21 00:45:56] DEBUG    - ===============================================================
[2026-05-21 00:45:56] INFO     - Processing count= 102
[2026-05-21 00:45:56] INFO     - Processing player of RCB : 'Suyash Sharma' | 254 points | team: RCB
[2026-05-21 00:45:56] DEBUG    - Match found for Suyash Sharma in Points at row 106
[2026-05-21 00:45:56] INFO     - No update needed for Suyash Sharma in Points as points are unchanged.
[2026-05-21 00:45:56] DEBUG    - ===============================================================
[2026-05-21 00:45:56] INFO     - Processing count= 103
[2026-05-21 00:45:56] INFO     - Processing player of DC : 'David Miller' | 328 points | team: DC
[2026-05-21 00:45:56] DEBUG    - Match found for David Miller in Points at row 107
[2026-05-21 00:45:56] INFO     - No update needed for David Miller in Points as points are unchanged.
[2026-05-21 00:45:56] INFO     - Total players processed for team 'CSK': 10
[2026-05-21 00:45:56] INFO     - Total players processed for team 'GT': 10
[2026-05-21 00:45:56] INFO     - Total players processed for team 'LSG': 8
[2026-05-21 00:45:56] INFO     - Total players processed for team 'MI': 11
[2026-05-21 00:45:56] INFO     - Total players processed for team 'PBSK': 12
[2026-05-21 00:45:56] INFO     - Total players processed for team 'RCB': 13
[2026-05-21 00:45:56] INFO     - Total players processed for team 'RR': 8
[2026-05-21 00:45:56] INFO     - Total players processed for team 'SRH': 8
[2026-05-21 00:45:56] INFO     - Total players processed for team 'KKR': 9
[2026-05-21 00:45:56] INFO     - Total players processed for team 'DC': 10
[2026-05-21 00:45:56] DEBUG    - ===============================================================
[2026-05-21 00:45:56] WARNING  - Player not updated: Shivam Dube | Reason: Points unchanged
[2026-05-21 00:45:56] WARNING  - Player not updated: Sanju Samson | Reason: Points unchanged
[2026-05-21 00:45:56] WARNING  - Player not updated: Sai Sudharsan | Reason: Points unchanged
[2026-05-21 00:45:56] WARNING  - Player not updated: Mohsin Khan | Reason: Points unchanged
[2026-05-21 00:45:56] WARNING  - Player not updated: Quinton de Kock | Reason: Points unchanged
[2026-05-21 00:45:56] WARNING  - Player not updated: Harpreet Brar | Reason: Points unchanged
[2026-05-21 00:45:56] WARNING  - Player not updated: Yuzvendra Chahal | Reason: Points unchanged
[2026-05-21 00:45:56] WARNING  - Player not updated: Romario Shepherd | Reason: Points unchanged
[2026-05-21 00:45:56] WARNING  - Player not updated: Vaibhav Sooryavanshi | Reason: Points unchanged
[2026-05-21 00:45:56] WARNING  - Player not updated: Ravi Bishnoi | Reason: Points unchanged
[2026-05-21 00:45:56] WARNING  - Player not updated: Abhishek Sharma | Reason: Points unchanged
[2026-05-21 00:45:56] WARNING  - Player not updated: Ishan Kishan | Reason: Points unchanged
[2026-05-21 00:45:56] WARNING  - Player not updated: Pat Cummins | Reason: Points unchanged
[2026-05-21 00:45:56] WARNING  - Player not updated: Rasikh Salam | Reason: Points unchanged
[2026-05-21 00:45:56] WARNING  - Player not updated: Matheesha Pathirana | Reason: Points unchanged
[2026-05-21 00:45:56] WARNING  - Player not updated: Nathan Ellis | Reason: Points is zero
[2026-05-21 00:45:56] WARNING  - Player not updated: Yudhvir Singh | Reason: Points is zero
[2026-05-21 00:45:56] WARNING  - Player not updated: Ayush Mhatre | Reason: Points unchanged
[2026-05-21 00:45:56] WARNING  - Player not updated: MS Dhoni | Reason: Points is zero
[2026-05-21 00:45:56] WARNING  - Player not updated: Mitchell Starc | Reason: Points unchanged
[2026-05-21 00:45:56] WARNING  - Player not updated: Glenn Phillips | Reason: Points unchanged
[2026-05-21 00:45:56] WARNING  - Player not updated: Ayush Badoni | Reason: Points unchanged
[2026-05-21 00:45:56] WARNING  - Player not updated: Priyansh Arya | Reason: Points unchanged
[2026-05-21 00:45:56] WARNING  - Player not updated: Phil Salt | Reason: Points unchanged
[2026-05-21 00:45:56] WARNING  - Player not updated: Bhuvneshwar Kumar | Reason: Points unchanged
[2026-05-21 00:45:56] WARNING  - Player not updated: Josh Hazlewood | Reason: Points unchanged
[2026-05-21 00:45:56] WARNING  - Player not updated: Shimron Hetmyer | Reason: Points unchanged
[2026-05-21 00:45:56] WARNING  - Player not updated: Sandeep Sharma | Reason: Points unchanged
[2026-05-21 00:45:56] WARNING  - Player not updated: Marco Jansen | Reason: Points unchanged
[2026-05-21 00:45:56] WARNING  - Player not updated: Prashant Veer | Reason: Points unchanged
[2026-05-21 00:45:56] WARNING  - Player not updated: Ruturaj Gaikwad | Reason: Points unchanged
[2026-05-21 00:45:56] WARNING  - Player not updated: Axar Patel | Reason: Points unchanged
[2026-05-21 00:45:56] WARNING  - Player not updated: Abishek Porel | Reason: Points unchanged
[2026-05-21 00:45:56] WARNING  - Player not updated: KL Rahul | Reason: Points unchanged
[2026-05-21 00:45:56] WARNING  - Player not updated: Rashid Khan | Reason: Points unchanged
[2026-05-21 00:45:56] WARNING  - Player not updated: Digvesh Singh | Reason: Points unchanged
[2026-05-21 00:45:56] WARNING  - Player not updated: Rishabh Pant | Reason: Points unchanged
[2026-05-21 00:45:56] WARNING  - Player not updated: Arshdeep Singh | Reason: Points unchanged
[2026-05-21 00:45:56] WARNING  - Player not updated: Krunal Pandya | Reason: Points unchanged
[2026-05-21 00:45:56] WARNING  - Player not updated: Rajat Patidar | Reason: Points unchanged
[2026-05-21 00:45:56] WARNING  - Player not updated: Yashasvi Jaiswal | Reason: Points unchanged
[2026-05-21 00:45:56] WARNING  - Player not updated: Travis Head | Reason: Points unchanged
[2026-05-21 00:45:56] WARNING  - Player not updated: Nitish Kumar Reddy | Reason: Points unchanged
[2026-05-21 00:45:56] WARNING  - Player not updated: Rahul Tewatia | Reason: Points unchanged
[2026-05-21 00:45:56] WARNING  - Player not updated: Jason Holder | Reason: Points unchanged
[2026-05-21 00:45:56] WARNING  - Player not updated: Dewald Brevis | Reason: Points unchanged
[2026-05-21 00:45:56] WARNING  - Player not updated: Noor Ahmad | Reason: Points unchanged
[2026-05-21 00:45:56] WARNING  - Player not updated: Auqib Nabi | Reason: Points unchanged
[2026-05-21 00:45:56] WARNING  - Player not updated: Jos Buttler | Reason: Points unchanged
[2026-05-21 00:45:56] WARNING  - Player not updated: Prasidh Krishna | Reason: Points unchanged
[2026-05-21 00:45:56] WARNING  - Player not updated: Vaibhav Arora | Reason: Points unchanged
[2026-05-21 00:45:56] WARNING  - Player not updated: Aiden Markram | Reason: Points unchanged
[2026-05-21 00:45:56] WARNING  - Player not updated: Nehal Wadhera | Reason: Points unchanged
[2026-05-21 00:45:56] WARNING  - Player not updated: Shreyas Iyer | Reason: Points unchanged
[2026-05-21 00:45:56] WARNING  - Player not updated: Devdutt Padikkal | Reason: Points unchanged
[2026-05-21 00:45:56] WARNING  - Player not updated: Virat Kohli | Reason: Points unchanged
[2026-05-21 00:45:56] WARNING  - Player not updated: Riyan Parag | Reason: Points unchanged
[2026-05-21 00:45:56] WARNING  - Player not updated: Harshal Patel | Reason: Points unchanged
[2026-05-21 00:45:56] WARNING  - Player not updated: Heinrich Klaasen | Reason: Points unchanged
[2026-05-21 00:45:56] WARNING  - Player not updated: Nitish Rana | Reason: Points unchanged
[2026-05-21 00:45:56] WARNING  - Player not updated: Trent Boult | Reason: Points unchanged
[2026-05-21 00:45:56] WARNING  - Player not updated: Venkatesh Iyer | Reason: Points unchanged
[2026-05-21 00:45:56] WARNING  - Player not updated: Yash Dayal | Reason: Points is zero
[2026-05-21 00:45:56] WARNING  - Player not updated: Shardul Thakur | Reason: Points unchanged
[2026-05-21 00:45:56] WARNING  - Player not updated: Rahul Chahar | Reason: Points unchanged
[2026-05-21 00:45:56] WARNING  - Player not updated: Khaleel Ahmed | Reason: Points unchanged
[2026-05-21 00:45:56] WARNING  - Player not updated: Tristan Stubbs | Reason: Points unchanged
[2026-05-21 00:45:56] WARNING  - Player not updated: Kuldeep Yadav | Reason: Points unchanged
[2026-05-21 00:45:56] WARNING  - Player not updated: Shubman Gill | Reason: Points unchanged
[2026-05-21 00:45:56] WARNING  - Player not updated: Mohammed Siraj | Reason: Points unchanged
[2026-05-21 00:45:56] WARNING  - Player not updated: Mitchell Marsh | Reason: Points unchanged
[2026-05-21 00:45:56] WARNING  - Player not updated: Nicholas Pooran | Reason: Points unchanged
[2026-05-21 00:45:56] WARNING  - Player not updated: Marcus Stoinis | Reason: Points unchanged
[2026-05-21 00:45:56] WARNING  - Player not updated: Prabhsimran Singh | Reason: Points unchanged
[2026-05-21 00:45:56] WARNING  - Player not updated: Shashank Singh | Reason: Points unchanged
[2026-05-21 00:45:56] WARNING  - Player not updated: Jitesh Sharma | Reason: Points unchanged
[2026-05-21 00:45:56] WARNING  - Player not updated: Jofra Archer | Reason: Points unchanged
[2026-05-21 00:45:56] WARNING  - Player not updated: Ravindra Jadeja | Reason: Points unchanged
[2026-05-21 00:45:56] WARNING  - Player not updated: Mohammad Shami | Reason: Points unchanged
[2026-05-21 00:45:56] WARNING  - Player not updated: Kagiso Rabada | Reason: Points unchanged
[2026-05-21 00:45:56] WARNING  - Player not updated: Kartik Sharma | Reason: Points unchanged
[2026-05-21 00:45:56] WARNING  - Player not updated: Ashutosh Sharma | Reason: Points unchanged
[2026-05-21 00:45:56] WARNING  - Player not updated: Tim David | Reason: Points unchanged
[2026-05-21 00:45:56] WARNING  - Player not updated: Cooper Connolly | Reason: Points unchanged
[2026-05-21 00:45:56] WARNING  - Player not updated: Liam Livingstone | Reason: Points unchanged
[2026-05-21 00:45:56] WARNING  - Player not updated: Vijaykumar Vyshak | Reason: Points unchanged
[2026-05-21 00:45:56] WARNING  - Player not updated: Suyash Sharma | Reason: Points unchanged
[2026-05-21 00:45:56] WARNING  - Player not updated: David Miller | Reason: Points unchanged
[2026-05-21 00:45:56] DEBUG    - ===============================================================
[2026-05-21 00:46:48] INFO     - TODAYS_DATE_LABEL updated to: 20/05
[2026-05-21 00:46:50] INFO     - Worksheets opened: ['Home', 'Data']
[2026-05-21 00:46:50] INFO     - Points Gained Today fetched: {'HW': 12, 'MC': 177, 'OL': 93, 'AS': 24, 'PA': 24}
[2026-05-21 00:46:51] INFO     - Writing to column 39 (20/05)
[2026-05-21 00:46:51] DEBUG    -   HW → AM2 = 12
[2026-05-21 00:46:51] DEBUG    -   MC → AM3 = 177
[2026-05-21 00:46:51] DEBUG    -   OL → AM4 = 93
[2026-05-21 00:46:51] DEBUG    -   AS → AM5 = 24
[2026-05-21 00:46:51] DEBUG    -   PA → AM6 = 24
[2026-05-21 00:46:52] INFO     - Successfully updated 5 team(s) for 20/05.
[2026-05-21 00:46:52] INFO     - TOP 12 points fetched: {'HW': 7535, 'AS': 7096, 'OL': 7138, 'PA': 6812, 'MC': 5536}
[2026-05-21 00:46:53] INFO     - Column mapping: {'HW': 2, 'MC': 3, 'OL': 4, 'AS': 5, 'PA': 6}
[2026-05-21 00:46:53] INFO     - Today '20/05' found at row 62
[2026-05-21 00:46:53] DEBUG    -   HW → B62 = 7535
[2026-05-21 00:46:53] DEBUG    -   AS → E62 = 7096
[2026-05-21 00:46:53] DEBUG    -   OL → D62 = 7138
[2026-05-21 00:46:53] DEBUG    -   PA → F62 = 6812
[2026-05-21 00:46:53] DEBUG    -   MC → C62 = 5536
[2026-05-21 00:46:54] INFO     - Successfully updated 5 team(s) for '20/05' at row 62.
[2026-05-21 00:46:55] INFO     - ═════════════════════ All updates completed ═════════════════════
