[2026-05-25 00:06:21] INFO     - ═════════════════════ Process started ═════════════════════
[2026-05-25 00:06:22] INFO     - Excel loaded: 103 players, 103 bowlers from 'C:\Users\himan\Documents\UiPath\CrickInfo\Data\IPLPointsData.xlsx'
[2026-05-25 00:06:22] INFO     - Google Sheets authentication successful.
[2026-05-25 00:06:26] INFO     - Worksheets opened: ['Points', 'Home', 'Data']
[2026-05-25 00:06:54] INFO     - Updating previous points for all players before processing.
[2026-05-25 00:06:54] DEBUG    - ======================================================
[2026-05-25 00:06:57] DEBUG    - Updated previous points for 'Mohsin Khan' at row 8: 443 → 444
[2026-05-25 00:06:57] DEBUG    - Sleeping 3s after updating previous points.
[2026-05-25 00:07:01] DEBUG    - Updated previous points for 'Yuzvendra Chahal' at row 13: 370 → 433
[2026-05-25 00:07:01] DEBUG    - Sleeping 3s after updating previous points.
[2026-05-25 00:07:05] DEBUG    - Updated previous points for 'Ayush Badoni' at row 30: 280 → 348
[2026-05-25 00:07:05] DEBUG    - Sleeping 3s after updating previous points.
[2026-05-25 00:07:08] DEBUG    - Updated previous points for 'Priyansh Arya' at row 34: 583 → 585
[2026-05-25 00:07:08] DEBUG    - Sleeping 3s after updating previous points.
[2026-05-25 00:07:12] DEBUG    - Updated previous points for 'Marco Jansen' at row 40: 392 → 473
[2026-05-25 00:07:12] DEBUG    - Sleeping 3s after updating previous points.
[2026-05-25 00:07:15] DEBUG    - Updated previous points for 'Digvesh Singh' at row 49: 246 → 245
[2026-05-25 00:07:15] DEBUG    - Sleeping 3s after updating previous points.
[2026-05-25 00:07:19] DEBUG    - Updated previous points for 'Rishabh Pant' at row 50: 527 → 560
[2026-05-25 00:07:19] DEBUG    - Sleeping 3s after updating previous points.
[2026-05-25 00:07:22] DEBUG    - Updated previous points for 'Arshdeep Singh' at row 51: 533 → 536
[2026-05-25 00:07:22] DEBUG    - Sleeping 3s after updating previous points.
[2026-05-25 00:07:26] DEBUG    - Updated previous points for 'Shreyas Iyer' at row 70: 659 → 815
[2026-05-25 00:07:26] DEBUG    - Sleeping 3s after updating previous points.
[2026-05-25 00:07:29] DEBUG    - Updated previous points for 'Nicholas Pooran' at row 89: 419 → 425
[2026-05-25 00:07:29] DEBUG    - Sleeping 3s after updating previous points.
[2026-05-25 00:07:33] DEBUG    - Updated previous points for 'Marcus Stoinis' at row 90: 411 → 415
[2026-05-25 00:07:33] DEBUG    - Sleeping 3s after updating previous points.
[2026-05-25 00:07:36] DEBUG    - Updated previous points for 'Prabhsimran Singh' at row 91: 713 → 831
[2026-05-25 00:07:36] DEBUG    - Sleeping 3s after updating previous points.
[2026-05-25 00:07:39] DEBUG    - Updated previous points for 'Shashank Singh' at row 92: 316 → 350
[2026-05-25 00:07:39] DEBUG    - Sleeping 3s after updating previous points.
[2026-05-25 00:07:43] DEBUG    - Updated previous points for 'Mohammad Shami' at row 96: 475 → 543
[2026-05-25 00:07:43] DEBUG    - Sleeping 3s after updating previous points.
[2026-05-25 00:07:46] DEBUG    - Updated previous points for 'Cooper Connolly' at row 103: 758 → 790
[2026-05-25 00:07:46] DEBUG    - Sleeping 3s after updating previous points.
[2026-05-25 00:07:50] DEBUG    - Updated previous points for 'Vijaykumar Vyshak' at row 105: 263 → 267
[2026-05-25 00:07:50] DEBUG    - Sleeping 3s after updating previous points.
[2026-05-25 00:07:50] DEBUG    - ======================================================
[2026-05-25 00:09:02] DEBUG    - ===============================================================
[2026-05-25 00:09:02] INFO     - Pausing 5s before before next steps.
[2026-05-25 00:09:02] DEBUG    - ===============================================================
[2026-05-25 00:09:46] DEBUG    - ===============================================================
[2026-05-25 00:09:46] DEBUG    - ===============================================================
[2026-05-25 00:09:46] INFO     - Processing count= 1
[2026-05-25 00:09:46] INFO     - Processing player of CSK : 'Shivam Dube' | 465 points | team: CSK
[2026-05-25 00:09:46] DEBUG    - Match found for Shivam Dube in Points at row 5
[2026-05-25 00:09:46] INFO     - No update needed for Shivam Dube in Points as points are unchanged.
[2026-05-25 00:09:46] DEBUG    - ===============================================================
[2026-05-25 00:09:46] INFO     - Processing count= 2
[2026-05-25 00:09:46] INFO     - Processing player of CSK : 'Sanju Samson' | 770 points | team: CSK
[2026-05-25 00:09:46] DEBUG    - Match found for Sanju Samson in Points at row 6
[2026-05-25 00:09:46] INFO     - No update needed for Sanju Samson in Points as points are unchanged.
[2026-05-25 00:09:46] DEBUG    - ===============================================================
[2026-05-25 00:09:46] INFO     - Processing count= 3
[2026-05-25 00:09:46] INFO     - Processing player of GT : 'Sai Sudharsan' | 956 points | team: GT
[2026-05-25 00:09:46] DEBUG    - Match found for Sai Sudharsan in Points at row 7
[2026-05-25 00:09:46] INFO     - No update needed for Sai Sudharsan in Points as points are unchanged.
[2026-05-25 00:09:46] DEBUG    - ===============================================================
[2026-05-25 00:09:46] INFO     - Processing count= 4
[2026-05-25 00:09:46] INFO     - Processing player of LSG : 'Mohsin Khan' | 375 points | team: LSG
[2026-05-25 00:09:46] DEBUG    - Match found for Mohsin Khan in Points at row 8
[2026-05-25 00:09:46] INFO     - No update needed for Mohsin Khan in Points as points are unchanged.
[2026-05-25 00:09:46] DEBUG    - ===============================================================
[2026-05-25 00:09:46] INFO     - Processing count= 5
[2026-05-25 00:09:46] INFO     - Processing player of MI : 'Tilak Varma' | 629 points | team: MI
[2026-05-25 00:09:46] DEBUG    - Match found for Tilak Varma in Points at row 9
[2026-05-25 00:09:47] INFO     - Points gained for Tilak Varma in Points: 23 (Points: 629, Dot Balls: 0, Previous Total: 606)
[2026-05-25 00:09:47] INFO     - Data updated successfully for Tilak Varma in Points - 629 points and 0 dot balls!
[2026-05-25 00:09:47] DEBUG    - Sleeping 3s before next update.
[2026-05-25 00:09:50] DEBUG    - ===============================================================
[2026-05-25 00:09:50] INFO     - Processing count= 6
[2026-05-25 00:09:50] INFO     - Processing player of MI : 'Quinton de Kock' | 221 points | team: MI
[2026-05-25 00:09:50] DEBUG    - Match found for Quinton de Kock in Points at row 10
[2026-05-25 00:09:50] INFO     - No update needed for Quinton de Kock in Points as points are unchanged.
[2026-05-25 00:09:50] DEBUG    - ===============================================================
[2026-05-25 00:09:50] INFO     - Processing count= 7
[2026-05-25 00:09:50] INFO     - Processing player of MI : 'Jasprit Bumrah' | 190 points | team: MI
[2026-05-25 00:09:50] DEBUG    - Match found for Jasprit Bumrah in Points at row 11
[2026-05-25 00:09:50] INFO     - No update needed for Jasprit Bumrah in Points as points are unchanged.
[2026-05-25 00:09:50] DEBUG    - ===============================================================
[2026-05-25 00:09:50] INFO     - Processing count= 8
[2026-05-25 00:09:50] INFO     - Processing player of PBSK : 'Harpreet Brar' | 82 points | team: PBSK
[2026-05-25 00:09:50] DEBUG    - Match found for Harpreet Brar in Points at row 12
[2026-05-25 00:09:50] INFO     - No update needed for Harpreet Brar in Points as points are unchanged.
[2026-05-25 00:09:50] DEBUG    - ===============================================================
[2026-05-25 00:09:50] INFO     - Processing count= 9
[2026-05-25 00:09:50] INFO     - Processing player of PBSK : 'Yuzvendra Chahal' | 376 points | team: PBSK
[2026-05-25 00:09:50] DEBUG    - Match found for Yuzvendra Chahal in Points at row 13
[2026-05-25 00:09:50] INFO     - No update needed for Yuzvendra Chahal in Points as points are unchanged.
[2026-05-25 00:09:50] DEBUG    - ===============================================================
[2026-05-25 00:09:50] INFO     - Processing count= 10
[2026-05-25 00:09:50] INFO     - Processing player of RCB : 'Romario Shepherd' | 346 points | team: RCB
[2026-05-25 00:09:50] DEBUG    - Match found for Romario Shepherd in Points at row 14
[2026-05-25 00:09:50] INFO     - No update needed for Romario Shepherd in Points as points are unchanged.
[2026-05-25 00:09:50] DEBUG    - ===============================================================
[2026-05-25 00:09:50] INFO     - Processing count= 11
[2026-05-25 00:09:50] INFO     - Processing player of RR : 'Vaibhav Sooryavanshi' | 923 points | team: RR
[2026-05-25 00:09:50] DEBUG    - Match found for Vaibhav Sooryavanshi in Points at row 15
[2026-05-25 00:09:51] INFO     - Points gained for Vaibhav Sooryavanshi in Points: 16 (Points: 923, Dot Balls: 0, Previous Total: 907)
[2026-05-25 00:09:51] INFO     - Data updated successfully for Vaibhav Sooryavanshi in Points - 923 points and 0 dot balls!
[2026-05-25 00:09:51] DEBUG    - Sleeping 3s before next update.
[2026-05-25 00:09:54] DEBUG    - ===============================================================
[2026-05-25 00:09:54] INFO     - Processing count= 12
[2026-05-25 00:09:54] INFO     - Processing player of RR : 'Ravi Bishnoi' | 359 points | team: RR
[2026-05-25 00:09:54] DEBUG    - Match found for Ravi Bishnoi in Points at row 16
[2026-05-25 00:09:54] INFO     - No update needed for Ravi Bishnoi in Points as points are unchanged.
[2026-05-25 00:09:54] DEBUG    - ===============================================================
[2026-05-25 00:09:54] INFO     - Processing count= 13
[2026-05-25 00:09:54] INFO     - Processing player of SRH : 'Abhishek Sharma' | 919 points | team: SRH
[2026-05-25 00:09:54] DEBUG    - Match found for Abhishek Sharma in Points at row 17
[2026-05-25 00:09:54] INFO     - No update needed for Abhishek Sharma in Points as points are unchanged.
[2026-05-25 00:09:54] DEBUG    - ===============================================================
[2026-05-25 00:09:54] INFO     - Processing count= 14
[2026-05-25 00:09:54] INFO     - Processing player of SRH : 'Ishan Kishan' | 928 points | team: SRH
[2026-05-25 00:09:54] DEBUG    - Match found for Ishan Kishan in Points at row 18
[2026-05-25 00:09:54] INFO     - No update needed for Ishan Kishan in Points as points are unchanged.
[2026-05-25 00:09:54] DEBUG    - ===============================================================
[2026-05-25 00:09:54] INFO     - Processing count= 15
[2026-05-25 00:09:54] INFO     - Processing player of SRH : 'Pat Cummins' | 288 points | team: SRH
[2026-05-25 00:09:54] DEBUG    - Match found for Pat Cummins in Points at row 19
[2026-05-25 00:09:54] INFO     - No update needed for Pat Cummins in Points as points are unchanged.
[2026-05-25 00:09:54] DEBUG    - ===============================================================
[2026-05-25 00:09:54] INFO     - Processing count= 16
[2026-05-25 00:09:54] INFO     - Processing player of RCB : 'Rasikh Salam' | 437 points | team: RCB
[2026-05-25 00:09:54] DEBUG    - Match found for Rasikh Salam in Points at row 20
[2026-05-25 00:09:54] INFO     - No update needed for Rasikh Salam in Points as points are unchanged.
[2026-05-25 00:09:54] DEBUG    - ===============================================================
[2026-05-25 00:09:54] INFO     - Processing count= 17
[2026-05-25 00:09:54] INFO     - Processing player of KKR : 'Matheesha Pathirana' | 4 points | team: KKR
[2026-05-25 00:09:54] DEBUG    - Match found for Matheesha Pathirana in Points at row 21
[2026-05-25 00:09:54] INFO     - No update needed for Matheesha Pathirana in Points as points are unchanged.
[2026-05-25 00:09:54] DEBUG    - ===============================================================
[2026-05-25 00:09:54] INFO     - Processing count= 18
[2026-05-25 00:09:54] INFO     - 
Skipping Nathan Ellis as points is zero.
[2026-05-25 00:09:54] DEBUG    - ===============================================================
[2026-05-25 00:09:54] INFO     - Processing count= 19
[2026-05-25 00:09:54] INFO     - 
Skipping Yudhvir Singh as points is zero.
[2026-05-25 00:09:54] DEBUG    - ===============================================================
[2026-05-25 00:09:54] INFO     - Processing count= 20
[2026-05-25 00:09:54] INFO     - Processing player of CSK : 'Ayush Mhatre' | 311 points | team: CSK
[2026-05-25 00:09:54] DEBUG    - Match found for Ayush Mhatre in Points at row 24
[2026-05-25 00:09:54] INFO     - No update needed for Ayush Mhatre in Points as points are unchanged.
[2026-05-25 00:09:54] DEBUG    - ===============================================================
[2026-05-25 00:09:54] INFO     - Processing count= 21
[2026-05-25 00:09:54] INFO     - 
Skipping MS Dhoni as points is zero.
[2026-05-25 00:09:54] DEBUG    - ===============================================================
[2026-05-25 00:09:54] INFO     - Processing count= 22
[2026-05-25 00:09:54] INFO     - Processing player of DC : 'Mitchell Starc' | 351 points | team: DC
[2026-05-25 00:09:54] DEBUG    - Match found for Mitchell Starc in Points at row 26
[2026-05-25 00:09:55] INFO     - Points gained for Mitchell Starc in Points: 79 (Points: 351, Dot Balls: 53, Previous Total: 325)
[2026-05-25 00:09:55] INFO     - Data updated successfully for Mitchell Starc in Points - 351 points and 53 dot balls!
[2026-05-25 00:09:55] DEBUG    - Sleeping 3s before next update.
[2026-05-25 00:09:58] DEBUG    - ===============================================================
[2026-05-25 00:09:58] INFO     - Processing count= 23
[2026-05-25 00:09:58] INFO     - Processing player of GT : 'Glenn Phillips' | 165 points | team: GT
[2026-05-25 00:09:58] DEBUG    - Match found for Glenn Phillips in Points at row 27
[2026-05-25 00:09:58] INFO     - No update needed for Glenn Phillips in Points as points are unchanged.
[2026-05-25 00:09:58] DEBUG    - ===============================================================
[2026-05-25 00:09:58] INFO     - Processing count= 24
[2026-05-25 00:09:58] INFO     - Processing player of KKR : 'Sunil Narine' | 551 points | team: KKR
[2026-05-25 00:09:58] DEBUG    - Match found for Sunil Narine in Points at row 28
[2026-05-25 00:09:59] INFO     - Points gained for Sunil Narine in Points: 37 (Points: 551, Dot Balls: 137, Previous Total: 651)
[2026-05-25 00:09:59] INFO     - Data updated successfully for Sunil Narine in Points - 551 points and 137 dot balls!
[2026-05-25 00:09:59] DEBUG    - Sleeping 3s before next update.
[2026-05-25 00:10:02] DEBUG    - ===============================================================
[2026-05-25 00:10:02] INFO     - Processing count= 25
[2026-05-25 00:10:02] INFO     - Processing player of KKR : 'Ajinkya Rahane' | 550 points | team: KKR
[2026-05-25 00:10:02] DEBUG    - Match found for Ajinkya Rahane in Points at row 29
[2026-05-25 00:10:03] INFO     - Points gained for Ajinkya Rahane in Points: 99 (Points: 550, Dot Balls: 0, Previous Total: 451)
[2026-05-25 00:10:03] INFO     - Data updated successfully for Ajinkya Rahane in Points - 550 points and 0 dot balls!
[2026-05-25 00:10:03] DEBUG    - Sleeping 3s before next update.
[2026-05-25 00:10:06] DEBUG    - ===============================================================
[2026-05-25 00:10:06] INFO     - Processing count= 26
[2026-05-25 00:10:06] INFO     - Processing player of LSG : 'Ayush Badoni' | 348 points | team: LSG
[2026-05-25 00:10:06] DEBUG    - Match found for Ayush Badoni in Points at row 30
[2026-05-25 00:10:06] INFO     - No update needed for Ayush Badoni in Points as points are unchanged.
[2026-05-25 00:10:06] DEBUG    - ===============================================================
[2026-05-25 00:10:06] INFO     - Processing count= 27
[2026-05-25 00:10:06] INFO     - Processing player of MI : 'Hardik Pandya' | 421 points | team: MI
[2026-05-25 00:10:06] DEBUG    - Match found for Hardik Pandya in Points at row 31
[2026-05-25 00:10:07] INFO     - Points gained for Hardik Pandya in Points: 55 (Points: 421, Dot Balls: 41, Previous Total: 407)
[2026-05-25 00:10:07] INFO     - Data updated successfully for Hardik Pandya in Points - 421 points and 41 dot balls!
[2026-05-25 00:10:07] DEBUG    - Sleeping 3s before next update.
[2026-05-25 00:10:10] DEBUG    - ===============================================================
[2026-05-25 00:10:10] INFO     - Processing count= 28
[2026-05-25 00:10:10] INFO     - Processing player of MI : 'Suryakumar Yadav' | 432 points | team: MI
[2026-05-25 00:10:10] DEBUG    - Match found for Suryakumar Yadav in Points at row 32
[2026-05-25 00:10:11] INFO     - Points gained for Suryakumar Yadav in Points: 85 (Points: 432, Dot Balls: 0, Previous Total: 347)
[2026-05-25 00:10:11] INFO     - Data updated successfully for Suryakumar Yadav in Points - 432 points and 0 dot balls!
[2026-05-25 00:10:11] DEBUG    - Sleeping 3s before next update.
[2026-05-25 00:10:14] DEBUG    - ===============================================================
[2026-05-25 00:10:14] INFO     - Processing count= 29
[2026-05-25 00:10:14] INFO     - Processing player of MI : 'Rohit Sharma' | 422 points | team: MI
[2026-05-25 00:10:14] DEBUG    - Match found for Rohit Sharma in Points at row 33
[2026-05-25 00:10:14] INFO     - Points gained for Rohit Sharma in Points: 2 (Points: 422, Dot Balls: 0, Previous Total: 420)
[2026-05-25 00:10:14] INFO     - Data updated successfully for Rohit Sharma in Points - 422 points and 0 dot balls!
[2026-05-25 00:10:14] DEBUG    - Sleeping 3s before next update.
[2026-05-25 00:10:17] DEBUG    - ===============================================================
[2026-05-25 00:10:17] INFO     - Processing count= 30
[2026-05-25 00:10:17] INFO     - Processing player of PBSK : 'Priyansh Arya' | 585 points | team: PBSK
[2026-05-25 00:10:17] DEBUG    - Match found for Priyansh Arya in Points at row 34
[2026-05-25 00:10:17] INFO     - No update needed for Priyansh Arya in Points as points are unchanged.
[2026-05-25 00:10:17] DEBUG    - ===============================================================
[2026-05-25 00:10:17] INFO     - Processing count= 31
[2026-05-25 00:10:17] INFO     - Processing player of RCB : 'Phil Salt' | 348 points | team: RCB
[2026-05-25 00:10:17] DEBUG    - Match found for Phil Salt in Points at row 35
[2026-05-25 00:10:17] INFO     - No update needed for Phil Salt in Points as points are unchanged.
[2026-05-25 00:10:17] DEBUG    - ===============================================================
[2026-05-25 00:10:17] INFO     - Processing count= 32
[2026-05-25 00:10:17] INFO     - Processing player of RCB : 'Bhuvneshwar Kumar' | 783 points | team: RCB
[2026-05-25 00:10:17] DEBUG    - Match found for Bhuvneshwar Kumar in Points at row 36
[2026-05-25 00:10:17] INFO     - No update needed for Bhuvneshwar Kumar in Points as points are unchanged.
[2026-05-25 00:10:17] DEBUG    - ===============================================================
[2026-05-25 00:10:17] INFO     - Processing count= 33
[2026-05-25 00:10:17] INFO     - Processing player of RCB : 'Josh Hazlewood' | 402 points | team: RCB
[2026-05-25 00:10:17] DEBUG    - Match found for Josh Hazlewood in Points at row 37
[2026-05-25 00:10:17] INFO     - No update needed for Josh Hazlewood in Points as points are unchanged.
[2026-05-25 00:10:17] DEBUG    - ===============================================================
[2026-05-25 00:10:17] INFO     - Processing count= 34
[2026-05-25 00:10:17] INFO     - Processing player of RR : 'Shimron Hetmyer' | 169 points | team: RR
[2026-05-25 00:10:17] DEBUG    - Match found for Shimron Hetmyer in Points at row 38
[2026-05-25 00:10:17] INFO     - No update needed for Shimron Hetmyer in Points as points are unchanged.
[2026-05-25 00:10:17] DEBUG    - ===============================================================
[2026-05-25 00:10:17] INFO     - Processing count= 35
[2026-05-25 00:10:17] INFO     - Processing player of RR : 'Sandeep Sharma' | 161 points | team: RR
[2026-05-25 00:10:17] DEBUG    - Match found for Sandeep Sharma in Points at row 39
[2026-05-25 00:10:17] INFO     - No update needed for Sandeep Sharma in Points as points are unchanged.
[2026-05-25 00:10:17] DEBUG    - ===============================================================
[2026-05-25 00:10:17] INFO     - Processing count= 36
[2026-05-25 00:10:17] INFO     - Processing player of PBSK : 'Marco Jansen' | 387 points | team: PBSK
[2026-05-25 00:10:17] DEBUG    - Match found for Marco Jansen in Points at row 40
[2026-05-25 00:10:17] INFO     - No update needed for Marco Jansen in Points as points are unchanged.
[2026-05-25 00:10:17] DEBUG    - ===============================================================
[2026-05-25 00:10:17] INFO     - Processing count= 37
[2026-05-25 00:10:17] INFO     - Processing player of CSK : 'Prashant Veer' | 134 points | team: CSK
[2026-05-25 00:10:17] DEBUG    - Match found for Prashant Veer in Points at row 41
[2026-05-25 00:10:17] INFO     - No update needed for Prashant Veer in Points as points are unchanged.
[2026-05-25 00:10:17] DEBUG    - ===============================================================
[2026-05-25 00:10:17] INFO     - Processing count= 38
[2026-05-25 00:10:17] INFO     - Processing player of CSK : 'Ruturaj Gaikwad' | 532 points | team: CSK
[2026-05-25 00:10:17] DEBUG    - Match found for Ruturaj Gaikwad in Points at row 42
[2026-05-25 00:10:17] INFO     - No update needed for Ruturaj Gaikwad in Points as points are unchanged.
[2026-05-25 00:10:17] DEBUG    - ===============================================================
[2026-05-25 00:10:17] INFO     - Processing count= 39
[2026-05-25 00:10:17] INFO     - Processing player of DC : 'Axar Patel' | 642 points | team: DC
[2026-05-25 00:10:17] DEBUG    - Match found for Axar Patel in Points at row 43
[2026-05-25 00:10:18] INFO     - Points gained for Axar Patel in Points: 115 (Points: 642, Dot Balls: 82, Previous Total: 609)
[2026-05-25 00:10:18] INFO     - Data updated successfully for Axar Patel in Points - 642 points and 82 dot balls!
[2026-05-25 00:10:18] DEBUG    - Sleeping 3s before next update.
[2026-05-25 00:10:21] DEBUG    - ===============================================================
[2026-05-25 00:10:21] INFO     - Processing count= 40
[2026-05-25 00:10:21] INFO     - Processing player of DC : 'Abishek Porel' | 157 points | team: DC
[2026-05-25 00:10:21] DEBUG    - Match found for Abishek Porel in Points at row 44
[2026-05-25 00:10:22] INFO     - Points gained for Abishek Porel in Points: 30 (Points: 157, Dot Balls: 0, Previous Total: 127)
[2026-05-25 00:10:22] INFO     - Data updated successfully for Abishek Porel in Points - 157 points and 0 dot balls!
[2026-05-25 00:10:22] DEBUG    - Sleeping 3s before next update.
[2026-05-25 00:10:25] DEBUG    - ===============================================================
[2026-05-25 00:10:25] INFO     - Processing count= 41
[2026-05-25 00:10:25] INFO     - Processing player of DC : 'KL Rahul' | 903 points | team: DC
[2026-05-25 00:10:25] DEBUG    - Match found for KL Rahul in Points at row 45
[2026-05-25 00:10:26] INFO     - Points gained for KL Rahul in Points: 91 (Points: 903, Dot Balls: 0, Previous Total: 812)
[2026-05-25 00:10:26] INFO     - Data updated successfully for KL Rahul in Points - 903 points and 0 dot balls!
[2026-05-25 00:10:26] DEBUG    - Sleeping 3s before next update.
[2026-05-25 00:10:29] DEBUG    - ===============================================================
[2026-05-25 00:10:29] INFO     - Processing count= 42
[2026-05-25 00:10:29] INFO     - Processing player of GT : 'Rashid Khan' | 672 points | team: GT
[2026-05-25 00:10:29] DEBUG    - Match found for Rashid Khan in Points at row 46
[2026-05-25 00:10:29] INFO     - No update needed for Rashid Khan in Points as points are unchanged.
[2026-05-25 00:10:29] DEBUG    - ===============================================================
[2026-05-25 00:10:29] INFO     - Processing count= 43
[2026-05-25 00:10:29] INFO     - Processing player of KKR : 'Cameron Green' | 705 points | team: KKR
[2026-05-25 00:10:29] DEBUG    - Match found for Cameron Green in Points at row 47
[2026-05-25 00:10:30] INFO     - Points gained for Cameron Green in Points: 7 (Points: 705, Dot Balls: 47, Previous Total: 745)
[2026-05-25 00:10:30] INFO     - Data updated successfully for Cameron Green in Points - 705 points and 47 dot balls!
[2026-05-25 00:10:30] DEBUG    - Sleeping 3s before next update.
[2026-05-25 00:10:33] DEBUG    - ===============================================================
[2026-05-25 00:10:33] INFO     - Processing count= 44
[2026-05-25 00:10:33] INFO     - Processing player of KKR : 'Varun Chakaravarthy' | 353 points | team: KKR
[2026-05-25 00:10:33] DEBUG    - Match found for Varun Chakaravarthy in Points at row 48
[2026-05-25 00:10:34] INFO     - Points gained for Varun Chakaravarthy in Points: 43 (Points: 353, Dot Balls: 80, Previous Total: 390)
[2026-05-25 00:10:34] INFO     - Data updated successfully for Varun Chakaravarthy in Points - 353 points and 80 dot balls!
[2026-05-25 00:10:34] DEBUG    - Sleeping 3s before next update.
[2026-05-25 00:10:37] DEBUG    - ===============================================================
[2026-05-25 00:10:37] INFO     - Processing count= 45
[2026-05-25 00:10:37] INFO     - Processing player of LSG : 'Digvesh Singh' | 189 points | team: LSG
[2026-05-25 00:10:37] DEBUG    - Match found for Digvesh Singh in Points at row 49
[2026-05-25 00:10:37] INFO     - No update needed for Digvesh Singh in Points as points are unchanged.
[2026-05-25 00:10:37] DEBUG    - ===============================================================
[2026-05-25 00:10:37] INFO     - Processing count= 46
[2026-05-25 00:10:37] INFO     - Processing player of LSG : 'Rishabh Pant' | 560 points | team: LSG
[2026-05-25 00:10:37] DEBUG    - Match found for Rishabh Pant in Points at row 50
[2026-05-25 00:10:37] INFO     - No update needed for Rishabh Pant in Points as points are unchanged.
[2026-05-25 00:10:37] DEBUG    - ===============================================================
[2026-05-25 00:10:37] INFO     - Processing count= 47
[2026-05-25 00:10:37] INFO     - Processing player of PBSK : 'Arshdeep Singh' | 427 points | team: PBSK
[2026-05-25 00:10:37] DEBUG    - Match found for Arshdeep Singh in Points at row 51
[2026-05-25 00:10:37] INFO     - No update needed for Arshdeep Singh in Points as points are unchanged.
[2026-05-25 00:10:37] DEBUG    - ===============================================================
[2026-05-25 00:10:37] INFO     - Processing count= 48
[2026-05-25 00:10:37] INFO     - Processing player of RCB : 'Krunal Pandya' | 594 points | team: RCB
[2026-05-25 00:10:37] DEBUG    - Match found for Krunal Pandya in Points at row 52
[2026-05-25 00:10:37] INFO     - No update needed for Krunal Pandya in Points as points are unchanged.
[2026-05-25 00:10:37] DEBUG    - ===============================================================
[2026-05-25 00:10:37] INFO     - Processing count= 49
[2026-05-25 00:10:37] INFO     - Processing player of RCB : 'Rajat Patidar' | 665 points | team: RCB
[2026-05-25 00:10:37] DEBUG    - Match found for Rajat Patidar in Points at row 53
[2026-05-25 00:10:37] INFO     - No update needed for Rajat Patidar in Points as points are unchanged.
[2026-05-25 00:10:37] DEBUG    - ===============================================================
[2026-05-25 00:10:37] INFO     - Processing count= 50
[2026-05-25 00:10:37] INFO     - Processing player of RR : 'Yashasvi Jaiswal' | 651 points | team: RR
[2026-05-25 00:10:37] DEBUG    - Match found for Yashasvi Jaiswal in Points at row 54
[2026-05-25 00:10:38] INFO     - Points gained for Yashasvi Jaiswal in Points: 42 (Points: 651, Dot Balls: 0, Previous Total: 609)
[2026-05-25 00:10:38] INFO     - Data updated successfully for Yashasvi Jaiswal in Points - 651 points and 0 dot balls!
[2026-05-25 00:10:38] DEBUG    - Sleeping 3s before next update.
[2026-05-25 00:10:41] DEBUG    - ===============================================================
[2026-05-25 00:10:41] INFO     - Processing count= 51
[2026-05-25 00:10:41] INFO     - Processing player of SRH : 'Travis Head' | 626 points | team: SRH
[2026-05-25 00:10:41] DEBUG    - Match found for Travis Head in Points at row 55
[2026-05-25 00:10:41] INFO     - No update needed for Travis Head in Points as points are unchanged.
[2026-05-25 00:10:41] DEBUG    - ===============================================================
[2026-05-25 00:10:41] INFO     - Processing count= 52
[2026-05-25 00:10:41] INFO     - Processing player of SRH : 'Nitish Kumar Reddy' | 647 points | team: SRH
[2026-05-25 00:10:41] DEBUG    - Match found for Nitish Kumar Reddy in Points at row 56
[2026-05-25 00:10:41] INFO     - No update needed for Nitish Kumar Reddy in Points as points are unchanged.
[2026-05-25 00:10:41] DEBUG    - ===============================================================
[2026-05-25 00:10:41] INFO     - Processing count= 53
[2026-05-25 00:10:41] INFO     - Processing player of MI : 'Naman Dhir' | 553 points | team: MI
[2026-05-25 00:10:41] DEBUG    - Match found for Naman Dhir in Points at row 57
[2026-05-25 00:10:42] INFO     - Points gained for Naman Dhir in Points: 27 (Points: 553, Dot Balls: 0, Previous Total: 526)
[2026-05-25 00:10:42] INFO     - Data updated successfully for Naman Dhir in Points - 553 points and 0 dot balls!
[2026-05-25 00:10:42] DEBUG    - Sleeping 3s before next update.
[2026-05-25 00:10:45] DEBUG    - ===============================================================
[2026-05-25 00:10:45] INFO     - Processing count= 54
[2026-05-25 00:10:45] INFO     - Processing player of KKR : 'Finn Allen' | 552 points | team: KKR
[2026-05-25 00:10:45] DEBUG    - Match found for Finn Allen in Points at row 58
[2026-05-25 00:10:46] INFO     - Points gained for Finn Allen in Points: 41 (Points: 552, Dot Balls: 0, Previous Total: 511)
[2026-05-25 00:10:46] INFO     - Data updated successfully for Finn Allen in Points - 552 points and 0 dot balls!
[2026-05-25 00:10:46] DEBUG    - Sleeping 3s before next update.
[2026-05-25 00:10:49] DEBUG    - ===============================================================
[2026-05-25 00:10:49] INFO     - Processing count= 55
[2026-05-25 00:10:49] INFO     - Processing player of GT : 'Rahul Tewatia' | 183 points | team: GT
[2026-05-25 00:10:49] DEBUG    - Match found for Rahul Tewatia in Points at row 59
[2026-05-25 00:10:49] INFO     - No update needed for Rahul Tewatia in Points as points are unchanged.
[2026-05-25 00:10:49] DEBUG    - ===============================================================
[2026-05-25 00:10:49] INFO     - Processing count= 56
[2026-05-25 00:10:49] INFO     - Processing player of GT : 'Jason Holder' | 547 points | team: GT
[2026-05-25 00:10:49] DEBUG    - Match found for Jason Holder in Points at row 60
[2026-05-25 00:10:49] INFO     - No update needed for Jason Holder in Points as points are unchanged.
[2026-05-25 00:10:49] DEBUG    - ===============================================================
[2026-05-25 00:10:49] INFO     - Processing count= 57
[2026-05-25 00:10:49] INFO     - Processing player of CSK : 'Dewald Brevis' | 357 points | team: CSK
[2026-05-25 00:10:49] DEBUG    - Match found for Dewald Brevis in Points at row 61
[2026-05-25 00:10:49] INFO     - No update needed for Dewald Brevis in Points as points are unchanged.
[2026-05-25 00:10:49] DEBUG    - ===============================================================
[2026-05-25 00:10:49] INFO     - Processing count= 58
[2026-05-25 00:10:49] INFO     - Processing player of CSK : 'Noor Ahmad' | 426 points | team: CSK
[2026-05-25 00:10:49] DEBUG    - Match found for Noor Ahmad in Points at row 62
[2026-05-25 00:10:49] INFO     - No update needed for Noor Ahmad in Points as points are unchanged.
[2026-05-25 00:10:49] DEBUG    - ===============================================================
[2026-05-25 00:10:49] INFO     - Processing count= 59
[2026-05-25 00:10:49] INFO     - Processing player of DC : 'Auqib Nabi' | 30 points | team: DC
[2026-05-25 00:10:49] DEBUG    - Match found for Auqib Nabi in Points at row 63
[2026-05-25 00:10:50] INFO     - Points gained for Auqib Nabi in Points: 6 (Points: 30, Dot Balls: 26, Previous Total: 50)
[2026-05-25 00:10:50] INFO     - Data updated successfully for Auqib Nabi in Points - 30 points and 26 dot balls!
[2026-05-25 00:10:50] DEBUG    - Sleeping 3s before next update.
[2026-05-25 00:10:53] DEBUG    - ===============================================================
[2026-05-25 00:10:53] INFO     - Processing count= 60
[2026-05-25 00:10:53] INFO     - Processing player of GT : 'Jos Buttler' | 921 points | team: GT
[2026-05-25 00:10:53] DEBUG    - Match found for Jos Buttler in Points at row 64
[2026-05-25 00:10:53] INFO     - No update needed for Jos Buttler in Points as points are unchanged.
[2026-05-25 00:10:53] DEBUG    - ===============================================================
[2026-05-25 00:10:53] INFO     - Processing count= 61
[2026-05-25 00:10:53] INFO     - Processing player of GT : 'Prasidh Krishna' | 408 points | team: GT
[2026-05-25 00:10:53] DEBUG    - Match found for Prasidh Krishna in Points at row 65
[2026-05-25 00:10:53] INFO     - No update needed for Prasidh Krishna in Points as points are unchanged.
[2026-05-25 00:10:53] DEBUG    - ===============================================================
[2026-05-25 00:10:53] INFO     - Processing count= 62
[2026-05-25 00:10:53] INFO     - Processing player of KKR : 'Vaibhav Arora' | 330 points | team: KKR
[2026-05-25 00:10:53] DEBUG    - Match found for Vaibhav Arora in Points at row 66
[2026-05-25 00:10:53] INFO     - No update needed for Vaibhav Arora in Points as points are unchanged.
[2026-05-25 00:10:53] DEBUG    - ===============================================================
[2026-05-25 00:10:53] INFO     - Processing count= 63
[2026-05-25 00:10:53] INFO     - Processing player of LSG : 'Aiden Markram' | 423 points | team: LSG
[2026-05-25 00:10:53] DEBUG    - Match found for Aiden Markram in Points at row 67
[2026-05-25 00:10:53] INFO     - No update needed for Aiden Markram in Points as points are unchanged.
[2026-05-25 00:10:53] DEBUG    - ===============================================================
[2026-05-25 00:10:53] INFO     - Processing count= 64
[2026-05-25 00:10:53] INFO     - Processing player of MI : 'Will Jacks' | 287 points | team: MI
[2026-05-25 00:10:53] DEBUG    - Match found for Will Jacks in Points at row 68
[2026-05-25 00:10:54] INFO     - Points gained for Will Jacks in Points: 88 (Points: 287, Dot Balls: 20, Previous Total: 219)
[2026-05-25 00:10:54] INFO     - Data updated successfully for Will Jacks in Points - 287 points and 20 dot balls!
[2026-05-25 00:10:54] DEBUG    - Sleeping 3s before next update.
[2026-05-25 00:10:57] DEBUG    - ===============================================================
[2026-05-25 00:10:57] INFO     - Processing count= 65
[2026-05-25 00:10:57] INFO     - Processing player of PBSK : 'Nehal Wadhera' | 127 points | team: PBSK
[2026-05-25 00:10:57] DEBUG    - Match found for Nehal Wadhera in Points at row 69
[2026-05-25 00:10:57] INFO     - No update needed for Nehal Wadhera in Points as points are unchanged.
[2026-05-25 00:10:57] DEBUG    - ===============================================================
[2026-05-25 00:10:57] INFO     - Processing count= 66
[2026-05-25 00:10:57] INFO     - Processing player of PBSK : 'Shreyas Iyer' | 815 points | team: PBSK
[2026-05-25 00:10:57] DEBUG    - Match found for Shreyas Iyer in Points at row 70
[2026-05-25 00:10:57] INFO     - No update needed for Shreyas Iyer in Points as points are unchanged.
[2026-05-25 00:10:57] DEBUG    - ===============================================================
[2026-05-25 00:10:57] INFO     - Processing count= 67
[2026-05-25 00:10:57] INFO     - Processing player of RCB : 'Devdutt Padikkal' | 775 points | team: RCB
[2026-05-25 00:10:57] DEBUG    - Match found for Devdutt Padikkal in Points at row 71
[2026-05-25 00:10:57] INFO     - No update needed for Devdutt Padikkal in Points as points are unchanged.
[2026-05-25 00:10:57] DEBUG    - ===============================================================
[2026-05-25 00:10:57] INFO     - Processing count= 68
[2026-05-25 00:10:57] INFO     - Processing player of RCB : 'Virat Kohli' | 880 points | team: RCB
[2026-05-25 00:10:57] DEBUG    - Match found for Virat Kohli in Points at row 72
[2026-05-25 00:10:57] INFO     - No update needed for Virat Kohli in Points as points are unchanged.
[2026-05-25 00:10:57] DEBUG    - ===============================================================
[2026-05-25 00:10:57] INFO     - Processing count= 69
[2026-05-25 00:10:57] INFO     - Processing player of RR : 'Riyan Parag' | 499 points | team: RR
[2026-05-25 00:10:57] DEBUG    - Match found for Riyan Parag in Points at row 73
[2026-05-25 00:10:58] INFO     - Points gained for Riyan Parag in Points: 22 (Points: 499, Dot Balls: 5, Previous Total: 482)
[2026-05-25 00:10:58] INFO     - Data updated successfully for Riyan Parag in Points - 499 points and 5 dot balls!
[2026-05-25 00:10:58] DEBUG    - Sleeping 3s before next update.
[2026-05-25 00:11:01] DEBUG    - ===============================================================
[2026-05-25 00:11:01] INFO     - Processing count= 70
[2026-05-25 00:11:01] INFO     - Processing player of SRH : 'Harshal Patel' | 24 points | team: SRH
[2026-05-25 00:11:01] DEBUG    - Match found for Harshal Patel in Points at row 74
[2026-05-25 00:11:01] INFO     - No update needed for Harshal Patel in Points as points are unchanged.
[2026-05-25 00:11:01] DEBUG    - ===============================================================
[2026-05-25 00:11:01] INFO     - Processing count= 71
[2026-05-25 00:11:01] INFO     - Processing player of SRH : 'Heinrich Klaasen' | 976 points | team: SRH
[2026-05-25 00:11:01] DEBUG    - Match found for Heinrich Klaasen in Points at row 75
[2026-05-25 00:11:01] INFO     - No update needed for Heinrich Klaasen in Points as points are unchanged.
[2026-05-25 00:11:01] DEBUG    - ===============================================================
[2026-05-25 00:11:01] INFO     - Processing count= 72
[2026-05-25 00:11:01] INFO     - Processing player of DC : 'Nitish Rana' | 374 points | team: DC
[2026-05-25 00:11:01] DEBUG    - Match found for Nitish Rana in Points at row 76
[2026-05-25 00:11:01] INFO     - No update needed for Nitish Rana in Points as points are unchanged.
[2026-05-25 00:11:01] DEBUG    - ===============================================================
[2026-05-25 00:11:01] INFO     - Processing count= 73
[2026-05-25 00:11:01] INFO     - Processing player of MI : 'Trent Boult' | 84 points | team: MI
[2026-05-25 00:11:01] DEBUG    - Match found for Trent Boult in Points at row 77
[2026-05-25 00:11:01] INFO     - No update needed for Trent Boult in Points as points are unchanged.
[2026-05-25 00:11:01] DEBUG    - ===============================================================
[2026-05-25 00:11:01] INFO     - Processing count= 74
[2026-05-25 00:11:01] INFO     - Processing player of RCB : 'Venkatesh Iyer' | 250 points | team: RCB
[2026-05-25 00:11:01] DEBUG    - Match found for Venkatesh Iyer in Points at row 78
[2026-05-25 00:11:01] INFO     - No update needed for Venkatesh Iyer in Points as points are unchanged.
[2026-05-25 00:11:01] DEBUG    - ===============================================================
[2026-05-25 00:11:01] INFO     - Processing count= 75
[2026-05-25 00:11:01] INFO     - 
Skipping Yash Dayal as points is zero.
[2026-05-25 00:11:01] DEBUG    - ===============================================================
[2026-05-25 00:11:01] INFO     - Processing count= 76
[2026-05-25 00:11:01] INFO     - Processing player of MI : 'Shardul Thakur' | 366 points | team: MI
[2026-05-25 00:11:01] DEBUG    - Match found for Shardul Thakur in Points at row 80
[2026-05-25 00:11:02] INFO     - Points gained for Shardul Thakur in Points: 76 (Points: 366, Dot Balls: 36, Previous Total: 326)
[2026-05-25 00:11:02] INFO     - Data updated successfully for Shardul Thakur in Points - 366 points and 36 dot balls!
[2026-05-25 00:11:02] DEBUG    - Sleeping 3s before next update.
[2026-05-25 00:11:05] DEBUG    - ===============================================================
[2026-05-25 00:11:05] INFO     - Processing count= 77
[2026-05-25 00:11:05] INFO     - Processing player of CSK : 'Rahul Chahar' | 8 points | team: CSK
[2026-05-25 00:11:05] DEBUG    - Match found for Rahul Chahar in Points at row 81
[2026-05-25 00:11:05] INFO     - No update needed for Rahul Chahar in Points as points are unchanged.
[2026-05-25 00:11:05] DEBUG    - ===============================================================
[2026-05-25 00:11:05] INFO     - Processing count= 78
[2026-05-25 00:11:05] INFO     - Processing player of CSK : 'Khaleel Ahmed' | 70 points | team: CSK
[2026-05-25 00:11:05] DEBUG    - Match found for Khaleel Ahmed in Points at row 82
[2026-05-25 00:11:05] INFO     - No update needed for Khaleel Ahmed in Points as points are unchanged.
[2026-05-25 00:11:05] DEBUG    - ===============================================================
[2026-05-25 00:11:05] INFO     - Processing count= 79
[2026-05-25 00:11:05] INFO     - Processing player of DC : 'Tristan Stubbs' | 459 points | team: DC
[2026-05-25 00:11:05] DEBUG    - Match found for Tristan Stubbs in Points at row 83
[2026-05-25 00:11:06] INFO     - Points gained for Tristan Stubbs in Points: 12 (Points: 459, Dot Balls: 0, Previous Total: 447)
[2026-05-25 00:11:06] INFO     - Data updated successfully for Tristan Stubbs in Points - 459 points and 0 dot balls!
[2026-05-25 00:11:06] DEBUG    - Sleeping 3s before next update.
[2026-05-25 00:11:09] DEBUG    - ===============================================================
[2026-05-25 00:11:09] INFO     - Processing count= 80
[2026-05-25 00:11:09] INFO     - Processing player of DC : 'Kuldeep Yadav' | 327 points | team: DC
[2026-05-25 00:11:09] DEBUG    - Match found for Kuldeep Yadav in Points at row 84
[2026-05-25 00:11:10] INFO     - Points gained for Kuldeep Yadav in Points: 92 (Points: 327, Dot Balls: 61, Previous Total: 296)
[2026-05-25 00:11:10] INFO     - Data updated successfully for Kuldeep Yadav in Points - 327 points and 61 dot balls!
[2026-05-25 00:11:10] DEBUG    - Sleeping 3s before next update.
[2026-05-25 00:11:13] DEBUG    - ===============================================================
[2026-05-25 00:11:13] INFO     - Processing count= 81
[2026-05-25 00:11:13] INFO     - Processing player of GT : 'Shubman Gill' | 989 points | team: GT
[2026-05-25 00:11:13] DEBUG    - Match found for Shubman Gill in Points at row 85
[2026-05-25 00:11:13] INFO     - No update needed for Shubman Gill in Points as points are unchanged.
[2026-05-25 00:11:13] DEBUG    - ===============================================================
[2026-05-25 00:11:13] INFO     - Processing count= 82
[2026-05-25 00:11:13] INFO     - Processing player of GT : 'Mohammed Siraj' | 543 points | team: GT
[2026-05-25 00:11:13] DEBUG    - Match found for Mohammed Siraj in Points at row 86
[2026-05-25 00:11:13] INFO     - No update needed for Mohammed Siraj in Points as points are unchanged.
[2026-05-25 00:11:13] DEBUG    - ===============================================================
[2026-05-25 00:11:13] INFO     - Processing count= 83
[2026-05-25 00:11:13] INFO     - Processing player of KKR : 'Angkrish Raghuvanshi' | 676 points | team: KKR
[2026-05-25 00:11:13] DEBUG    - Match found for Angkrish Raghuvanshi in Points at row 87
[2026-05-25 00:11:13] INFO     - No update needed for Angkrish Raghuvanshi in Points as points are unchanged.
[2026-05-25 00:11:13] DEBUG    - ===============================================================
[2026-05-25 00:11:13] INFO     - Processing count= 84
[2026-05-25 00:11:13] INFO     - Processing player of LSG : 'Mitchell Marsh' | 854 points | team: LSG
[2026-05-25 00:11:13] DEBUG    - Match found for Mitchell Marsh in Points at row 88
[2026-05-25 00:11:13] INFO     - No update needed for Mitchell Marsh in Points as points are unchanged.
[2026-05-25 00:11:13] DEBUG    - ===============================================================
[2026-05-25 00:11:13] INFO     - Processing count= 85
[2026-05-25 00:11:13] INFO     - Processing player of LSG : 'Nicholas Pooran' | 425 points | team: LSG
[2026-05-25 00:11:13] DEBUG    - Match found for Nicholas Pooran in Points at row 89
[2026-05-25 00:11:13] INFO     - No update needed for Nicholas Pooran in Points as points are unchanged.
[2026-05-25 00:11:13] DEBUG    - ===============================================================
[2026-05-25 00:11:13] INFO     - Processing count= 86
[2026-05-25 00:11:13] INFO     - Processing player of PBSK : 'Marcus Stoinis' | 405 points | team: PBSK
[2026-05-25 00:11:13] DEBUG    - Match found for Marcus Stoinis in Points at row 90
[2026-05-25 00:11:13] INFO     - No update needed for Marcus Stoinis in Points as points are unchanged.
[2026-05-25 00:11:13] DEBUG    - ===============================================================
[2026-05-25 00:11:13] INFO     - Processing count= 87
[2026-05-25 00:11:13] INFO     - Processing player of PBSK : 'Prabhsimran Singh' | 831 points | team: PBSK
[2026-05-25 00:11:13] DEBUG    - Match found for Prabhsimran Singh in Points at row 91
[2026-05-25 00:11:13] INFO     - No update needed for Prabhsimran Singh in Points as points are unchanged.
[2026-05-25 00:11:13] DEBUG    - ===============================================================
[2026-05-25 00:11:13] INFO     - Processing count= 88
[2026-05-25 00:11:13] INFO     - Processing player of PBSK : 'Shashank Singh' | 333 points | team: PBSK
[2026-05-25 00:11:13] DEBUG    - Match found for Shashank Singh in Points at row 92
[2026-05-25 00:11:13] INFO     - No update needed for Shashank Singh in Points as points are unchanged.
[2026-05-25 00:11:13] DEBUG    - ===============================================================
[2026-05-25 00:11:13] INFO     - Processing count= 89
[2026-05-25 00:11:13] INFO     - Processing player of RCB : 'Jitesh Sharma' | 291 points | team: RCB
[2026-05-25 00:11:13] DEBUG    - Match found for Jitesh Sharma in Points at row 93
[2026-05-25 00:11:13] INFO     - No update needed for Jitesh Sharma in Points as points are unchanged.
[2026-05-25 00:11:13] DEBUG    - ===============================================================
[2026-05-25 00:11:13] INFO     - Processing count= 90
[2026-05-25 00:11:13] INFO     - Processing player of RR : 'Jofra Archer' | 765 points | team: RR
[2026-05-25 00:11:13] DEBUG    - Match found for Jofra Archer in Points at row 94
[2026-05-25 00:11:14] INFO     - Points gained for Jofra Archer in Points: 153 (Points: 765, Dot Balls: 144, Previous Total: 756)
[2026-05-25 00:11:14] INFO     - Data updated successfully for Jofra Archer in Points - 765 points and 144 dot balls!
[2026-05-25 00:11:14] DEBUG    - Sleeping 3s before next update.
[2026-05-25 00:11:17] DEBUG    - ===============================================================
[2026-05-25 00:11:17] INFO     - Processing count= 91
[2026-05-25 00:11:17] INFO     - Processing player of RR : 'Ravindra Jadeja' | 541 points | team: RR
[2026-05-25 00:11:17] DEBUG    - Match found for Ravindra Jadeja in Points at row 95
[2026-05-25 00:11:18] INFO     - Points gained for Ravindra Jadeja in Points: 28 (Points: 541, Dot Balls: 48, Previous Total: 561)
[2026-05-25 00:11:18] INFO     - Data updated successfully for Ravindra Jadeja in Points - 541 points and 48 dot balls!
[2026-05-25 00:11:18] DEBUG    - Sleeping 3s before next update.
[2026-05-25 00:11:21] DEBUG    - ===============================================================
[2026-05-25 00:11:21] INFO     - Processing count= 92
[2026-05-25 00:11:21] INFO     - Processing player of LSG : 'Mohammad Shami' | 411 points | team: LSG
[2026-05-25 00:11:21] DEBUG    - Match found for Mohammad Shami in Points at row 96
[2026-05-25 00:11:21] INFO     - No update needed for Mohammad Shami in Points as points are unchanged.
[2026-05-25 00:11:21] DEBUG    - ===============================================================
[2026-05-25 00:11:21] INFO     - Processing count= 93
[2026-05-25 00:11:21] INFO     - Processing player of GT : 'Kagiso Rabada' | 774 points | team: GT
[2026-05-25 00:11:21] DEBUG    - Match found for Kagiso Rabada in Points at row 97
[2026-05-25 00:11:21] INFO     - No update needed for Kagiso Rabada in Points as points are unchanged.
[2026-05-25 00:11:21] DEBUG    - ===============================================================
[2026-05-25 00:11:21] INFO     - Processing count= 94
[2026-05-25 00:11:21] INFO     - Processing player of KKR : 'Rinku Singh' | 536 points | team: KKR
[2026-05-25 00:11:21] DEBUG    - Match found for Rinku Singh in Points at row 98
[2026-05-25 00:11:21] INFO     - Points gained for Rinku Singh in Points: 10 (Points: 536, Dot Balls: 0, Previous Total: 526)
[2026-05-25 00:11:21] INFO     - Data updated successfully for Rinku Singh in Points - 536 points and 0 dot balls!
[2026-05-25 00:11:21] DEBUG    - Sleeping 3s before next update.
[2026-05-25 00:11:24] DEBUG    - ===============================================================
[2026-05-25 00:11:24] INFO     - Processing count= 95
[2026-05-25 00:11:24] INFO     - Processing player of CSK : 'Kartik Sharma' | 439 points | team: CSK
[2026-05-25 00:11:24] DEBUG    - Match found for Kartik Sharma in Points at row 99
[2026-05-25 00:11:24] INFO     - No update needed for Kartik Sharma in Points as points are unchanged.
[2026-05-25 00:11:24] DEBUG    - ===============================================================
[2026-05-25 00:11:24] INFO     - Processing count= 96
[2026-05-25 00:11:24] INFO     - Processing player of DC : 'Ashutosh Sharma' | 286 points | team: DC
[2026-05-25 00:11:24] DEBUG    - Match found for Ashutosh Sharma in Points at row 100
[2026-05-25 00:11:25] INFO     - Points gained for Ashutosh Sharma in Points: 30 (Points: 286, Dot Balls: 0, Previous Total: 256)
[2026-05-25 00:11:25] INFO     - Data updated successfully for Ashutosh Sharma in Points - 286 points and 0 dot balls!
[2026-05-25 00:11:25] DEBUG    - Sleeping 3s before next update.
[2026-05-25 00:11:28] DEBUG    - ===============================================================
[2026-05-25 00:11:28] INFO     - Processing count= 97
[2026-05-25 00:11:28] INFO     - Processing player of MI : 'Corbin Bosch' | 461 points | team: MI
[2026-05-25 00:11:28] DEBUG    - Match found for Corbin Bosch in Points at row 101
[2026-05-25 00:11:29] INFO     - Points gained for Corbin Bosch in Points: 67 (Points: 461, Dot Balls: 46, Previous Total: 440)
[2026-05-25 00:11:29] INFO     - Data updated successfully for Corbin Bosch in Points - 461 points and 46 dot balls!
[2026-05-25 00:11:29] DEBUG    - Sleeping 3s before next update.
[2026-05-25 00:11:32] DEBUG    - ===============================================================
[2026-05-25 00:11:32] INFO     - Processing count= 98
[2026-05-25 00:11:32] INFO     - Processing player of RCB : 'Tim David' | 458 points | team: RCB
[2026-05-25 00:11:32] DEBUG    - Match found for Tim David in Points at row 102
[2026-05-25 00:11:32] INFO     - No update needed for Tim David in Points as points are unchanged.
[2026-05-25 00:11:32] DEBUG    - ===============================================================
[2026-05-25 00:11:32] INFO     - Processing count= 99
[2026-05-25 00:11:32] INFO     - Processing player of PBSK : 'Cooper Connolly' | 790 points | team: PBSK
[2026-05-25 00:11:32] DEBUG    - Match found for Cooper Connolly in Points at row 103
[2026-05-25 00:11:32] INFO     - No update needed for Cooper Connolly in Points as points are unchanged.
[2026-05-25 00:11:32] DEBUG    - ===============================================================
[2026-05-25 00:11:32] INFO     - Processing count= 100
[2026-05-25 00:11:32] INFO     - Processing player of SRH : 'Liam Livingstone' | 57 points | team: SRH
[2026-05-25 00:11:32] DEBUG    - Match found for Liam Livingstone in Points at row 104
[2026-05-25 00:11:32] INFO     - No update needed for Liam Livingstone in Points as points are unchanged.
[2026-05-25 00:11:32] DEBUG    - ===============================================================
[2026-05-25 00:11:32] INFO     - Processing count= 101
[2026-05-25 00:11:32] INFO     - Processing player of PBSK : 'Vijaykumar Vyshak' | 267 points | team: PBSK
[2026-05-25 00:11:32] DEBUG    - Match found for Vijaykumar Vyshak in Points at row 105
[2026-05-25 00:11:32] INFO     - No update needed for Vijaykumar Vyshak in Points as points are unchanged.
[2026-05-25 00:11:32] DEBUG    - ===============================================================
[2026-05-25 00:11:32] INFO     - Processing count= 102
[2026-05-25 00:11:32] INFO     - Processing player of RCB : 'Suyash Sharma' | 277 points | team: RCB
[2026-05-25 00:11:32] DEBUG    - Match found for Suyash Sharma in Points at row 106
[2026-05-25 00:11:32] INFO     - No update needed for Suyash Sharma in Points as points are unchanged.
[2026-05-25 00:11:32] DEBUG    - ===============================================================
[2026-05-25 00:11:32] INFO     - Processing count= 103
[2026-05-25 00:11:32] INFO     - Processing player of DC : 'David Miller' | 384 points | team: DC
[2026-05-25 00:11:32] DEBUG    - Match found for David Miller in Points at row 107
[2026-05-25 00:11:33] INFO     - Points gained for David Miller in Points: 56 (Points: 384, Dot Balls: 0, Previous Total: 328)
[2026-05-25 00:11:33] INFO     - Data updated successfully for David Miller in Points - 384 points and 0 dot balls!
[2026-05-25 00:11:33] DEBUG    - Sleeping 3s before next update.
[2026-05-25 00:11:36] INFO     - Total players processed for team 'CSK': 10
[2026-05-25 00:11:36] INFO     - Total players processed for team 'GT': 10
[2026-05-25 00:11:36] INFO     - Total players processed for team 'LSG': 8
[2026-05-25 00:11:36] INFO     - Total players processed for team 'MI': 11
[2026-05-25 00:11:36] INFO     - Total players processed for team 'PBSK': 12
[2026-05-25 00:11:36] INFO     - Total players processed for team 'RCB': 13
[2026-05-25 00:11:36] INFO     - Total players processed for team 'RR': 8
[2026-05-25 00:11:36] INFO     - Total players processed for team 'SRH': 8
[2026-05-25 00:11:36] INFO     - Total players processed for team 'KKR': 9
[2026-05-25 00:11:36] INFO     - Total players processed for team 'DC': 10
[2026-05-25 00:11:36] DEBUG    - ===============================================================
[2026-05-25 00:11:36] WARNING  - Player not updated: Shivam Dube | Reason: Points unchanged
[2026-05-25 00:11:36] WARNING  - Player not updated: Sanju Samson | Reason: Points unchanged
[2026-05-25 00:11:36] WARNING  - Player not updated: Sai Sudharsan | Reason: Points unchanged
[2026-05-25 00:11:36] WARNING  - Player not updated: Mohsin Khan | Reason: Points unchanged
[2026-05-25 00:11:36] WARNING  - Player not updated: Quinton de Kock | Reason: Points unchanged
[2026-05-25 00:11:36] WARNING  - Player not updated: Jasprit Bumrah | Reason: Points unchanged
[2026-05-25 00:11:36] WARNING  - Player not updated: Harpreet Brar | Reason: Points unchanged
[2026-05-25 00:11:36] WARNING  - Player not updated: Yuzvendra Chahal | Reason: Points unchanged
[2026-05-25 00:11:36] WARNING  - Player not updated: Romario Shepherd | Reason: Points unchanged
[2026-05-25 00:11:36] WARNING  - Player not updated: Ravi Bishnoi | Reason: Points unchanged
[2026-05-25 00:11:36] WARNING  - Player not updated: Abhishek Sharma | Reason: Points unchanged
[2026-05-25 00:11:36] WARNING  - Player not updated: Ishan Kishan | Reason: Points unchanged
[2026-05-25 00:11:36] WARNING  - Player not updated: Pat Cummins | Reason: Points unchanged
[2026-05-25 00:11:36] WARNING  - Player not updated: Rasikh Salam | Reason: Points unchanged
[2026-05-25 00:11:36] WARNING  - Player not updated: Matheesha Pathirana | Reason: Points unchanged
[2026-05-25 00:11:36] WARNING  - Player not updated: Nathan Ellis | Reason: Points is zero
[2026-05-25 00:11:36] WARNING  - Player not updated: Yudhvir Singh | Reason: Points is zero
[2026-05-25 00:11:36] WARNING  - Player not updated: Ayush Mhatre | Reason: Points unchanged
[2026-05-25 00:11:36] WARNING  - Player not updated: MS Dhoni | Reason: Points is zero
[2026-05-25 00:11:36] WARNING  - Player not updated: Glenn Phillips | Reason: Points unchanged
[2026-05-25 00:11:36] WARNING  - Player not updated: Ayush Badoni | Reason: Points unchanged
[2026-05-25 00:11:36] WARNING  - Player not updated: Priyansh Arya | Reason: Points unchanged
[2026-05-25 00:11:36] WARNING  - Player not updated: Phil Salt | Reason: Points unchanged
[2026-05-25 00:11:36] WARNING  - Player not updated: Bhuvneshwar Kumar | Reason: Points unchanged
[2026-05-25 00:11:36] WARNING  - Player not updated: Josh Hazlewood | Reason: Points unchanged
[2026-05-25 00:11:36] WARNING  - Player not updated: Shimron Hetmyer | Reason: Points unchanged
[2026-05-25 00:11:36] WARNING  - Player not updated: Sandeep Sharma | Reason: Points unchanged
[2026-05-25 00:11:36] WARNING  - Player not updated: Marco Jansen | Reason: Points unchanged
[2026-05-25 00:11:36] WARNING  - Player not updated: Prashant Veer | Reason: Points unchanged
[2026-05-25 00:11:36] WARNING  - Player not updated: Ruturaj Gaikwad | Reason: Points unchanged
[2026-05-25 00:11:36] WARNING  - Player not updated: Rashid Khan | Reason: Points unchanged
[2026-05-25 00:11:36] WARNING  - Player not updated: Digvesh Singh | Reason: Points unchanged
[2026-05-25 00:11:36] WARNING  - Player not updated: Rishabh Pant | Reason: Points unchanged
[2026-05-25 00:11:36] WARNING  - Player not updated: Arshdeep Singh | Reason: Points unchanged
[2026-05-25 00:11:36] WARNING  - Player not updated: Krunal Pandya | Reason: Points unchanged
[2026-05-25 00:11:36] WARNING  - Player not updated: Rajat Patidar | Reason: Points unchanged
[2026-05-25 00:11:36] WARNING  - Player not updated: Travis Head | Reason: Points unchanged
[2026-05-25 00:11:36] WARNING  - Player not updated: Nitish Kumar Reddy | Reason: Points unchanged
[2026-05-25 00:11:36] WARNING  - Player not updated: Rahul Tewatia | Reason: Points unchanged
[2026-05-25 00:11:36] WARNING  - Player not updated: Jason Holder | Reason: Points unchanged
[2026-05-25 00:11:36] WARNING  - Player not updated: Dewald Brevis | Reason: Points unchanged
[2026-05-25 00:11:36] WARNING  - Player not updated: Noor Ahmad | Reason: Points unchanged
[2026-05-25 00:11:36] WARNING  - Player not updated: Jos Buttler | Reason: Points unchanged
[2026-05-25 00:11:36] WARNING  - Player not updated: Prasidh Krishna | Reason: Points unchanged
[2026-05-25 00:11:36] WARNING  - Player not updated: Vaibhav Arora | Reason: Points unchanged
[2026-05-25 00:11:36] WARNING  - Player not updated: Aiden Markram | Reason: Points unchanged
[2026-05-25 00:11:36] WARNING  - Player not updated: Nehal Wadhera | Reason: Points unchanged
[2026-05-25 00:11:36] WARNING  - Player not updated: Shreyas Iyer | Reason: Points unchanged
[2026-05-25 00:11:36] WARNING  - Player not updated: Devdutt Padikkal | Reason: Points unchanged
[2026-05-25 00:11:36] WARNING  - Player not updated: Virat Kohli | Reason: Points unchanged
[2026-05-25 00:11:36] WARNING  - Player not updated: Harshal Patel | Reason: Points unchanged
[2026-05-25 00:11:36] WARNING  - Player not updated: Heinrich Klaasen | Reason: Points unchanged
[2026-05-25 00:11:36] WARNING  - Player not updated: Nitish Rana | Reason: Points unchanged
[2026-05-25 00:11:36] WARNING  - Player not updated: Trent Boult | Reason: Points unchanged
[2026-05-25 00:11:36] WARNING  - Player not updated: Venkatesh Iyer | Reason: Points unchanged
[2026-05-25 00:11:36] WARNING  - Player not updated: Yash Dayal | Reason: Points is zero
[2026-05-25 00:11:36] WARNING  - Player not updated: Rahul Chahar | Reason: Points unchanged
[2026-05-25 00:11:36] WARNING  - Player not updated: Khaleel Ahmed | Reason: Points unchanged
[2026-05-25 00:11:36] WARNING  - Player not updated: Shubman Gill | Reason: Points unchanged
[2026-05-25 00:11:36] WARNING  - Player not updated: Mohammed Siraj | Reason: Points unchanged
[2026-05-25 00:11:36] WARNING  - Player not updated: Angkrish Raghuvanshi | Reason: Points unchanged
[2026-05-25 00:11:36] WARNING  - Player not updated: Mitchell Marsh | Reason: Points unchanged
[2026-05-25 00:11:36] WARNING  - Player not updated: Nicholas Pooran | Reason: Points unchanged
[2026-05-25 00:11:36] WARNING  - Player not updated: Marcus Stoinis | Reason: Points unchanged
[2026-05-25 00:11:36] WARNING  - Player not updated: Prabhsimran Singh | Reason: Points unchanged
[2026-05-25 00:11:36] WARNING  - Player not updated: Shashank Singh | Reason: Points unchanged
[2026-05-25 00:11:36] WARNING  - Player not updated: Jitesh Sharma | Reason: Points unchanged
[2026-05-25 00:11:36] WARNING  - Player not updated: Mohammad Shami | Reason: Points unchanged
[2026-05-25 00:11:36] WARNING  - Player not updated: Kagiso Rabada | Reason: Points unchanged
[2026-05-25 00:11:36] WARNING  - Player not updated: Kartik Sharma | Reason: Points unchanged
[2026-05-25 00:11:36] WARNING  - Player not updated: Tim David | Reason: Points unchanged
[2026-05-25 00:11:36] WARNING  - Player not updated: Cooper Connolly | Reason: Points unchanged
[2026-05-25 00:11:36] WARNING  - Player not updated: Liam Livingstone | Reason: Points unchanged
[2026-05-25 00:11:36] WARNING  - Player not updated: Vijaykumar Vyshak | Reason: Points unchanged
[2026-05-25 00:11:36] WARNING  - Player not updated: Suyash Sharma | Reason: Points unchanged
[2026-05-25 00:11:36] DEBUG    - ===============================================================
[2026-05-25 00:12:18] INFO     - TODAYS_DATE_LABEL updated to: 24/05
[2026-05-25 00:12:20] INFO     - Worksheets opened: ['Home', 'Data']
[2026-05-25 00:12:21] INFO     - Points Gained Today fetched: {'HW': 193, 'MC': 357, 'OL': 298, 'AS': 39, 'PA': 110}
[2026-05-25 00:12:21] INFO     - Writing to column 43 (24/05)
[2026-05-25 00:12:22] DEBUG    -   HW → AQ2 = 193
[2026-05-25 00:12:22] DEBUG    -   MC → AQ3 = 357
[2026-05-25 00:12:22] DEBUG    -   OL → AQ4 = 298
[2026-05-25 00:12:22] DEBUG    -   AS → AQ5 = 39
[2026-05-25 00:12:22] DEBUG    -   PA → AQ6 = 110
[2026-05-25 00:12:22] INFO     - Successfully updated 5 team(s) for 24/05.
[2026-05-25 00:12:23] INFO     - TOP 12 points fetched: {'HW': 8241, 'AS': 7616, 'OL': 7822, 'PA': 7363, 'MC': 5969}
[2026-05-25 00:12:23] INFO     - Column mapping: {'HW': 2, 'MC': 3, 'OL': 4, 'AS': 5, 'PA': 6}
[2026-05-25 00:12:23] INFO     - Today '24/05' found at row 66
[2026-05-25 00:12:23] DEBUG    -   HW → B66 = 8241
[2026-05-25 00:12:23] DEBUG    -   AS → E66 = 7616
[2026-05-25 00:12:23] DEBUG    -   OL → D66 = 7822
[2026-05-25 00:12:23] DEBUG    -   PA → F66 = 7363
[2026-05-25 00:12:23] DEBUG    -   MC → C66 = 5969
[2026-05-25 00:12:24] INFO     - Successfully updated 5 team(s) for '24/05' at row 66.
[2026-05-25 00:12:25] INFO     - ═════════════════════ All updates completed ═════════════════════
