[2026-05-04 00:51:47] INFO     - ═════════════════════ Process started ═════════════════════
[2026-05-04 00:51:48] INFO     - Excel loaded: 103 players, 103 bowlers from 'C:\Users\himan\Documents\UiPath\CrickInfo\Data\IPLPointsData.xlsx'
[2026-05-04 00:51:48] INFO     - Google Sheets authentication successful.
[2026-05-04 00:51:52] INFO     - Worksheets opened: ['Points', 'Home', 'Data']
[2026-05-04 00:52:23] INFO     - Updating previous points for all players before processing.
[2026-05-04 00:52:23] DEBUG    - ======================================================
[2026-05-04 00:52:26] DEBUG    - Updated previous points for 'Shivam Dube' at row 5: 273 → 277
[2026-05-04 00:52:26] DEBUG    - Sleeping 3s after updating previous points.
[2026-05-04 00:52:30] DEBUG    - Updated previous points for 'Sanju Samson' at row 6: 487 → 504
[2026-05-04 00:52:30] DEBUG    - Sleeping 3s after updating previous points.
[2026-05-04 00:52:33] DEBUG    - Updated previous points for 'Tilak Varma' at row 9: 341 → 350
[2026-05-04 00:52:33] DEBUG    - Sleeping 3s after updating previous points.
[2026-05-04 00:52:37] DEBUG    - Updated previous points for 'Jasprit Bumrah' at row 11: 173 → 213
[2026-05-04 00:52:37] DEBUG    - Sleeping 3s after updating previous points.
[2026-05-04 00:52:40] DEBUG    - Updated previous points for 'Hardik Pandya' at row 31: 339 → 364
[2026-05-04 00:52:40] DEBUG    - Sleeping 3s after updating previous points.
[2026-05-04 00:52:44] DEBUG    - Updated previous points for 'Suryakumar Yadav' at row 32: 260 → 296
[2026-05-04 00:52:44] DEBUG    - Sleeping 3s after updating previous points.
[2026-05-04 00:52:47] DEBUG    - Updated previous points for 'Prashant Veer' at row 41: 72 → 75
[2026-05-04 00:52:47] DEBUG    - Sleeping 3s after updating previous points.
[2026-05-04 00:52:50] DEBUG    - Updated previous points for 'Ruturaj Gaikwad' at row 42: 279 → 377
[2026-05-04 00:52:50] DEBUG    - Sleeping 3s after updating previous points.
[2026-05-04 00:52:54] DEBUG    - Updated previous points for 'Naman Dhir' at row 57: 306 → 389
[2026-05-04 00:52:54] DEBUG    - Sleeping 3s after updating previous points.
[2026-05-04 00:52:57] DEBUG    - Updated previous points for 'Dewald Brevis' at row 61: 175 → 195
[2026-05-04 00:52:57] DEBUG    - Sleeping 3s after updating previous points.
[2026-05-04 00:53:01] DEBUG    - Updated previous points for 'Noor Ahmad' at row 62: 301 → 366
[2026-05-04 00:53:01] DEBUG    - Sleeping 3s after updating previous points.
[2026-05-04 00:53:04] DEBUG    - Updated previous points for 'Will Jacks' at row 68: 80 → 85
[2026-05-04 00:53:04] DEBUG    - Sleeping 3s after updating previous points.
[2026-05-04 00:53:07] DEBUG    - Updated previous points for 'Trent Boult' at row 77: 95 → 109
[2026-05-04 00:53:07] DEBUG    - Sleeping 3s after updating previous points.
[2026-05-04 00:53:11] DEBUG    - Updated previous points for 'Kartik Sharma' at row 99: 89 → 167
[2026-05-04 00:53:11] DEBUG    - Sleeping 3s after updating previous points.
[2026-05-04 00:53:11] DEBUG    - ======================================================
[2026-05-04 00:53:24] DEBUG    - ===============================================================
[2026-05-04 00:53:24] INFO     - Pausing 5s before before next steps.
[2026-05-04 00:53:24] DEBUG    - ===============================================================
[2026-05-04 00:53:59] DEBUG    - ===============================================================
[2026-05-04 00:53:59] DEBUG    - ===============================================================
[2026-05-04 00:53:59] INFO     - Processing count= 1
[2026-05-04 00:53:59] INFO     - Processing player of CSK : 'Shivam Dube' | 273 points | team: CSK
[2026-05-04 00:53:59] DEBUG    - Match found for Shivam Dube in Points at row 5
[2026-05-04 00:53:59] INFO     - No update needed for Shivam Dube in Points as points are unchanged.
[2026-05-04 00:53:59] DEBUG    - ===============================================================
[2026-05-04 00:53:59] INFO     - Processing count= 2
[2026-05-04 00:53:59] INFO     - Processing player of CSK : 'Sanju Samson' | 504 points | team: CSK
[2026-05-04 00:53:59] DEBUG    - Match found for Sanju Samson in Points at row 6
[2026-05-04 00:53:59] INFO     - No update needed for Sanju Samson in Points as points are unchanged.
[2026-05-04 00:53:59] DEBUG    - ===============================================================
[2026-05-04 00:53:59] INFO     - Processing count= 3
[2026-05-04 00:53:59] INFO     - Processing player of GT : 'Sai Sudharsan' | 593 points | team: GT
[2026-05-04 00:53:59] DEBUG    - Match found for Sai Sudharsan in Points at row 7
[2026-05-04 00:54:00] INFO     - Points gained for Sai Sudharsan in Points: 78 (Points: 593, Dot Balls: 0, Previous Total: 515)
[2026-05-04 00:54:00] INFO     - Data updated successfully for Sai Sudharsan in Points - 593 points and 0 dot balls!
[2026-05-04 00:54:00] DEBUG    - Sleeping 3s before next update.
[2026-05-04 00:54:03] DEBUG    - ===============================================================
[2026-05-04 00:54:03] INFO     - Processing count= 4
[2026-05-04 00:54:03] INFO     - Processing player of LSG : 'Mohsin Khan' | 323 points | team: LSG
[2026-05-04 00:54:03] DEBUG    - Match found for Mohsin Khan in Points at row 8
[2026-05-04 00:54:03] INFO     - No update needed for Mohsin Khan in Points as points are unchanged.
[2026-05-04 00:54:03] DEBUG    - ===============================================================
[2026-05-04 00:54:03] INFO     - Processing count= 5
[2026-05-04 00:54:03] INFO     - Processing player of MI : 'Tilak Varma' | 350 points | team: MI
[2026-05-04 00:54:03] DEBUG    - Match found for Tilak Varma in Points at row 9
[2026-05-04 00:54:03] INFO     - No update needed for Tilak Varma in Points as points are unchanged.
[2026-05-04 00:54:03] DEBUG    - ===============================================================
[2026-05-04 00:54:03] INFO     - Processing count= 6
[2026-05-04 00:54:03] INFO     - Processing player of MI : 'Quinton de Kock' | 221 points | team: MI
[2026-05-04 00:54:03] DEBUG    - Match found for Quinton de Kock in Points at row 10
[2026-05-04 00:54:03] INFO     - No update needed for Quinton de Kock in Points as points are unchanged.
[2026-05-04 00:54:03] DEBUG    - ===============================================================
[2026-05-04 00:54:03] INFO     - Processing count= 7
[2026-05-04 00:54:03] INFO     - Processing player of MI : 'Jasprit Bumrah' | 139 points | team: MI
[2026-05-04 00:54:03] DEBUG    - Match found for Jasprit Bumrah in Points at row 11
[2026-05-04 00:54:03] INFO     - No update needed for Jasprit Bumrah in Points as points are unchanged.
[2026-05-04 00:54:03] DEBUG    - ===============================================================
[2026-05-04 00:54:03] INFO     - Processing count= 8
[2026-05-04 00:54:03] INFO     - Processing player of PBSK : 'Harpreet Brar' | 6 points | team: PBSK
[2026-05-04 00:54:03] DEBUG    - Match found for Harpreet Brar in Points at row 12
[2026-05-04 00:54:03] INFO     - No update needed for Harpreet Brar in Points as points are unchanged.
[2026-05-04 00:54:03] DEBUG    - ===============================================================
[2026-05-04 00:54:03] INFO     - Processing count= 9
[2026-05-04 00:54:03] INFO     - Processing player of PBSK : 'Yuzvendra Chahal' | 219 points | team: PBSK
[2026-05-04 00:54:03] DEBUG    - Match found for Yuzvendra Chahal in Points at row 13
[2026-05-04 00:54:04] INFO     - Points gained for Yuzvendra Chahal in Points: 4 (Points: 219, Dot Balls: 34, Previous Total: 249)
[2026-05-04 00:54:04] INFO     - Data updated successfully for Yuzvendra Chahal in Points - 219 points and 34 dot balls!
[2026-05-04 00:54:04] DEBUG    - Sleeping 3s before next update.
[2026-05-04 00:54:07] DEBUG    - ===============================================================
[2026-05-04 00:54:07] INFO     - Processing count= 10
[2026-05-04 00:54:07] INFO     - Processing player of RCB : 'Romario Shepherd' | 246 points | team: RCB
[2026-05-04 00:54:07] DEBUG    - Match found for Romario Shepherd in Points at row 14
[2026-05-04 00:54:07] INFO     - No update needed for Romario Shepherd in Points as points are unchanged.
[2026-05-04 00:54:07] DEBUG    - ===============================================================
[2026-05-04 00:54:07] INFO     - Processing count= 11
[2026-05-04 00:54:07] INFO     - Processing player of RR : 'Vaibhav Sooryavanshi' | 639 points | team: RR
[2026-05-04 00:54:07] DEBUG    - Match found for Vaibhav Sooryavanshi in Points at row 15
[2026-05-04 00:54:07] INFO     - No update needed for Vaibhav Sooryavanshi in Points as points are unchanged.
[2026-05-04 00:54:07] DEBUG    - ===============================================================
[2026-05-04 00:54:07] INFO     - Processing count= 12
[2026-05-04 00:54:07] INFO     - Processing player of RR : 'Ravi Bishnoi' | 359 points | team: RR
[2026-05-04 00:54:07] DEBUG    - Match found for Ravi Bishnoi in Points at row 16
[2026-05-04 00:54:07] INFO     - No update needed for Ravi Bishnoi in Points as points are unchanged.
[2026-05-04 00:54:07] DEBUG    - ===============================================================
[2026-05-04 00:54:07] INFO     - Processing count= 13
[2026-05-04 00:54:07] INFO     - Processing player of SRH : 'Abhishek Sharma' | 701 points | team: SRH
[2026-05-04 00:54:07] DEBUG    - Match found for Abhishek Sharma in Points at row 17
[2026-05-04 00:54:07] INFO     - Points gained for Abhishek Sharma in Points: 30 (Points: 701, Dot Balls: 6, Previous Total: 677)
[2026-05-04 00:54:07] INFO     - Data updated successfully for Abhishek Sharma in Points - 701 points and 6 dot balls!
[2026-05-04 00:54:07] DEBUG    - Sleeping 3s before next update.
[2026-05-04 00:54:10] DEBUG    - ===============================================================
[2026-05-04 00:54:10] INFO     - Processing count= 14
[2026-05-04 00:54:10] INFO     - Processing player of SRH : 'Ishan Kishan' | 587 points | team: SRH
[2026-05-04 00:54:10] DEBUG    - Match found for Ishan Kishan in Points at row 18
[2026-05-04 00:54:11] INFO     - Points gained for Ishan Kishan in Points: 60 (Points: 587, Dot Balls: 0, Previous Total: 527)
[2026-05-04 00:54:11] INFO     - Data updated successfully for Ishan Kishan in Points - 587 points and 0 dot balls!
[2026-05-04 00:54:11] DEBUG    - Sleeping 3s before next update.
[2026-05-04 00:54:14] DEBUG    - ===============================================================
[2026-05-04 00:54:14] INFO     - Processing count= 15
[2026-05-04 00:54:14] INFO     - Processing player of SRH : 'Pat Cummins' | 80 points | team: SRH
[2026-05-04 00:54:14] DEBUG    - Match found for Pat Cummins in Points at row 19
[2026-05-04 00:54:15] INFO     - Points gained for Pat Cummins in Points: 44 (Points: 80, Dot Balls: 24, Previous Total: 60)
[2026-05-04 00:54:15] INFO     - Data updated successfully for Pat Cummins in Points - 80 points and 24 dot balls!
[2026-05-04 00:54:15] DEBUG    - Sleeping 3s before next update.
[2026-05-04 00:54:18] DEBUG    - ===============================================================
[2026-05-04 00:54:18] INFO     - Processing count= 16
[2026-05-04 00:54:18] INFO     - Processing player of RCB : 'Rasikh Salam' | 200 points | team: RCB
[2026-05-04 00:54:18] DEBUG    - Match found for Rasikh Salam in Points at row 20
[2026-05-04 00:54:18] INFO     - No update needed for Rasikh Salam in Points as points are unchanged.
[2026-05-04 00:54:18] DEBUG    - ===============================================================
[2026-05-04 00:54:18] INFO     - Processing count= 17
[2026-05-04 00:54:18] INFO     - 
Skipping Matheesha Pathirana as points is zero.
[2026-05-04 00:54:18] DEBUG    - ===============================================================
[2026-05-04 00:54:18] INFO     - Processing count= 18
[2026-05-04 00:54:18] INFO     - 
Skipping Nathan Ellis as points is zero.
[2026-05-04 00:54:18] DEBUG    - ===============================================================
[2026-05-04 00:54:18] INFO     - Processing count= 19
[2026-05-04 00:54:18] INFO     - 
Skipping Yudhvir Singh as points is zero.
[2026-05-04 00:54:18] DEBUG    - ===============================================================
[2026-05-04 00:54:18] INFO     - Processing count= 20
[2026-05-04 00:54:18] INFO     - Processing player of CSK : 'Ayush Mhatre' | 311 points | team: CSK
[2026-05-04 00:54:18] DEBUG    - Match found for Ayush Mhatre in Points at row 24
[2026-05-04 00:54:18] INFO     - No update needed for Ayush Mhatre in Points as points are unchanged.
[2026-05-04 00:54:18] DEBUG    - ===============================================================
[2026-05-04 00:54:18] INFO     - Processing count= 21
[2026-05-04 00:54:18] INFO     - 
Skipping MS Dhoni as points is zero.
[2026-05-04 00:54:18] DEBUG    - ===============================================================
[2026-05-04 00:54:18] INFO     - Processing count= 22
[2026-05-04 00:54:18] INFO     - Processing player of DC : 'Mitchell Starc' | 89 points | team: DC
[2026-05-04 00:54:18] DEBUG    - Match found for Mitchell Starc in Points at row 26
[2026-05-04 00:54:18] INFO     - No update needed for Mitchell Starc in Points as points are unchanged.
[2026-05-04 00:54:18] DEBUG    - ===============================================================
[2026-05-04 00:54:18] INFO     - Processing count= 23
[2026-05-04 00:54:18] INFO     - Processing player of GT : 'Glenn Phillips' | 165 points | team: GT
[2026-05-04 00:54:18] DEBUG    - Match found for Glenn Phillips in Points at row 27
[2026-05-04 00:54:18] INFO     - No update needed for Glenn Phillips in Points as points are unchanged.
[2026-05-04 00:54:18] DEBUG    - ===============================================================
[2026-05-04 00:54:18] INFO     - Processing count= 24
[2026-05-04 00:54:18] INFO     - Processing player of KKR : 'Sunil Narine' | 353 points | team: KKR
[2026-05-04 00:54:18] DEBUG    - Match found for Sunil Narine in Points at row 28
[2026-05-04 00:54:19] INFO     - Points gained for Sunil Narine in Points: 74 (Points: 353, Dot Balls: 80, Previous Total: 359)
[2026-05-04 00:54:19] INFO     - Data updated successfully for Sunil Narine in Points - 353 points and 80 dot balls!
[2026-05-04 00:54:19] DEBUG    - Sleeping 3s before next update.
[2026-05-04 00:54:22] DEBUG    - ===============================================================
[2026-05-04 00:54:22] INFO     - Processing count= 25
[2026-05-04 00:54:22] INFO     - Processing player of KKR : 'Ajinkya Rahane' | 327 points | team: KKR
[2026-05-04 00:54:22] DEBUG    - Match found for Ajinkya Rahane in Points at row 29
[2026-05-04 00:54:23] INFO     - Points gained for Ajinkya Rahane in Points: 73 (Points: 327, Dot Balls: 0, Previous Total: 254)
[2026-05-04 00:54:23] INFO     - Data updated successfully for Ajinkya Rahane in Points - 327 points and 0 dot balls!
[2026-05-04 00:54:23] DEBUG    - Sleeping 3s before next update.
[2026-05-04 00:54:26] DEBUG    - ===============================================================
[2026-05-04 00:54:26] INFO     - Processing count= 26
[2026-05-04 00:54:26] INFO     - Processing player of LSG : 'Ayush Badoni' | 266 points | team: LSG
[2026-05-04 00:54:26] DEBUG    - Match found for Ayush Badoni in Points at row 30
[2026-05-04 00:54:26] INFO     - No update needed for Ayush Badoni in Points as points are unchanged.
[2026-05-04 00:54:26] DEBUG    - ===============================================================
[2026-05-04 00:54:26] INFO     - Processing count= 27
[2026-05-04 00:54:26] INFO     - Processing player of MI : 'Hardik Pandya' | 330 points | team: MI
[2026-05-04 00:54:26] DEBUG    - Match found for Hardik Pandya in Points at row 31
[2026-05-04 00:54:26] INFO     - No update needed for Hardik Pandya in Points as points are unchanged.
[2026-05-04 00:54:26] DEBUG    - ===============================================================
[2026-05-04 00:54:26] INFO     - Processing count= 28
[2026-05-04 00:54:26] INFO     - Processing player of MI : 'Suryakumar Yadav' | 296 points | team: MI
[2026-05-04 00:54:26] DEBUG    - Match found for Suryakumar Yadav in Points at row 32
[2026-05-04 00:54:26] INFO     - No update needed for Suryakumar Yadav in Points as points are unchanged.
[2026-05-04 00:54:26] DEBUG    - ===============================================================
[2026-05-04 00:54:26] INFO     - Processing count= 29
[2026-05-04 00:54:26] INFO     - Processing player of MI : 'Rohit Sharma' | 204 points | team: MI
[2026-05-04 00:54:26] DEBUG    - Match found for Rohit Sharma in Points at row 33
[2026-05-04 00:54:26] INFO     - No update needed for Rohit Sharma in Points as points are unchanged.
[2026-05-04 00:54:26] DEBUG    - ===============================================================
[2026-05-04 00:54:26] INFO     - Processing count= 30
[2026-05-04 00:54:26] INFO     - Processing player of PBSK : 'Priyansh Arya' | 444 points | team: PBSK
[2026-05-04 00:54:26] DEBUG    - Match found for Priyansh Arya in Points at row 34
[2026-05-04 00:54:26] INFO     - Points gained for Priyansh Arya in Points: 6 (Points: 444, Dot Balls: 0, Previous Total: 438)
[2026-05-04 00:54:26] INFO     - Data updated successfully for Priyansh Arya in Points - 444 points and 0 dot balls!
[2026-05-04 00:54:26] DEBUG    - Sleeping 3s before next update.
[2026-05-04 00:54:29] DEBUG    - ===============================================================
[2026-05-04 00:54:29] INFO     - Processing count= 31
[2026-05-04 00:54:29] INFO     - Processing player of RCB : 'Phil Salt' | 348 points | team: RCB
[2026-05-04 00:54:29] DEBUG    - Match found for Phil Salt in Points at row 35
[2026-05-04 00:54:29] INFO     - No update needed for Phil Salt in Points as points are unchanged.
[2026-05-04 00:54:29] DEBUG    - ===============================================================
[2026-05-04 00:54:29] INFO     - Processing count= 32
[2026-05-04 00:54:29] INFO     - Processing player of RCB : 'Bhuvneshwar Kumar' | 559 points | team: RCB
[2026-05-04 00:54:29] DEBUG    - Match found for Bhuvneshwar Kumar in Points at row 36
[2026-05-04 00:54:29] INFO     - No update needed for Bhuvneshwar Kumar in Points as points are unchanged.
[2026-05-04 00:54:29] DEBUG    - ===============================================================
[2026-05-04 00:54:29] INFO     - Processing count= 33
[2026-05-04 00:54:29] INFO     - Processing player of RCB : 'Josh Hazlewood' | 278 points | team: RCB
[2026-05-04 00:54:29] DEBUG    - Match found for Josh Hazlewood in Points at row 37
[2026-05-04 00:54:29] INFO     - No update needed for Josh Hazlewood in Points as points are unchanged.
[2026-05-04 00:54:29] DEBUG    - ===============================================================
[2026-05-04 00:54:29] INFO     - Processing count= 34
[2026-05-04 00:54:29] INFO     - Processing player of RR : 'Shimron Hetmyer' | 158 points | team: RR
[2026-05-04 00:54:29] DEBUG    - Match found for Shimron Hetmyer in Points at row 38
[2026-05-04 00:54:29] INFO     - No update needed for Shimron Hetmyer in Points as points are unchanged.
[2026-05-04 00:54:29] DEBUG    - ===============================================================
[2026-05-04 00:54:29] INFO     - Processing count= 35
[2026-05-04 00:54:29] INFO     - Processing player of RR : 'Sandeep Sharma' | 163 points | team: RR
[2026-05-04 00:54:29] DEBUG    - Match found for Sandeep Sharma in Points at row 39
[2026-05-04 00:54:29] INFO     - No update needed for Sandeep Sharma in Points as points are unchanged.
[2026-05-04 00:54:29] DEBUG    - ===============================================================
[2026-05-04 00:54:29] INFO     - Processing count= 36
[2026-05-04 00:54:29] INFO     - Processing player of PBSK : 'Marco Jansen' | 249 points | team: PBSK
[2026-05-04 00:54:29] DEBUG    - Match found for Marco Jansen in Points at row 40
[2026-05-04 00:54:30] INFO     - Points gained for Marco Jansen in Points: 68 (Points: 249, Dot Balls: 59, Previous Total: 240)
[2026-05-04 00:54:30] INFO     - Data updated successfully for Marco Jansen in Points - 249 points and 59 dot balls!
[2026-05-04 00:54:30] DEBUG    - Sleeping 3s before next update.
[2026-05-04 00:54:33] DEBUG    - ===============================================================
[2026-05-04 00:54:33] INFO     - Processing count= 37
[2026-05-04 00:54:33] INFO     - Processing player of CSK : 'Prashant Veer' | 70 points | team: CSK
[2026-05-04 00:54:33] DEBUG    - Match found for Prashant Veer in Points at row 41
[2026-05-04 00:54:33] INFO     - No update needed for Prashant Veer in Points as points are unchanged.
[2026-05-04 00:54:33] DEBUG    - ===============================================================
[2026-05-04 00:54:33] INFO     - Processing count= 38
[2026-05-04 00:54:33] INFO     - Processing player of CSK : 'Ruturaj Gaikwad' | 377 points | team: CSK
[2026-05-04 00:54:33] DEBUG    - Match found for Ruturaj Gaikwad in Points at row 42
[2026-05-04 00:54:33] INFO     - No update needed for Ruturaj Gaikwad in Points as points are unchanged.
[2026-05-04 00:54:33] DEBUG    - ===============================================================
[2026-05-04 00:54:33] INFO     - Processing count= 39
[2026-05-04 00:54:33] INFO     - Processing player of DC : 'Axar Patel' | 292 points | team: DC
[2026-05-04 00:54:33] DEBUG    - Match found for Axar Patel in Points at row 43
[2026-05-04 00:54:33] INFO     - No update needed for Axar Patel in Points as points are unchanged.
[2026-05-04 00:54:33] DEBUG    - ===============================================================
[2026-05-04 00:54:33] INFO     - Processing count= 40
[2026-05-04 00:54:33] INFO     - Processing player of DC : 'Abishek Porel' | 41 points | team: DC
[2026-05-04 00:54:33] DEBUG    - Match found for Abishek Porel in Points at row 44
[2026-05-04 00:54:33] INFO     - No update needed for Abishek Porel in Points as points are unchanged.
[2026-05-04 00:54:33] DEBUG    - ===============================================================
[2026-05-04 00:54:33] INFO     - Processing count= 41
[2026-05-04 00:54:33] INFO     - Processing player of DC : 'KL Rahul' | 655 points | team: DC
[2026-05-04 00:54:33] DEBUG    - Match found for KL Rahul in Points at row 45
[2026-05-04 00:54:33] INFO     - No update needed for KL Rahul in Points as points are unchanged.
[2026-05-04 00:54:33] DEBUG    - ===============================================================
[2026-05-04 00:54:33] INFO     - Processing count= 42
[2026-05-04 00:54:33] INFO     - Processing player of GT : 'Rashid Khan' | 410 points | team: GT
[2026-05-04 00:54:33] DEBUG    - Match found for Rashid Khan in Points at row 46
[2026-05-04 00:54:34] INFO     - Points gained for Rashid Khan in Points: 36 (Points: 410, Dot Balls: 78, Previous Total: 452)
[2026-05-04 00:54:34] INFO     - Data updated successfully for Rashid Khan in Points - 410 points and 78 dot balls!
[2026-05-04 00:54:34] DEBUG    - Sleeping 3s before next update.
[2026-05-04 00:54:37] DEBUG    - ===============================================================
[2026-05-04 00:54:37] INFO     - Processing count= 43
[2026-05-04 00:54:37] INFO     - Processing player of KKR : 'Cameron Green' | 408 points | team: KKR
[2026-05-04 00:54:37] DEBUG    - Match found for Cameron Green in Points at row 47
[2026-05-04 00:54:38] INFO     - Points gained for Cameron Green in Points: 52 (Points: 408, Dot Balls: 26, Previous Total: 382)
[2026-05-04 00:54:38] INFO     - Data updated successfully for Cameron Green in Points - 408 points and 26 dot balls!
[2026-05-04 00:54:38] DEBUG    - Sleeping 3s before next update.
[2026-05-04 00:54:41] DEBUG    - ===============================================================
[2026-05-04 00:54:41] INFO     - Processing count= 44
[2026-05-04 00:54:41] INFO     - Processing player of KKR : 'Varun Chakaravarthy' | 304 points | team: KKR
[2026-05-04 00:54:41] DEBUG    - Match found for Varun Chakaravarthy in Points at row 48
[2026-05-04 00:54:42] INFO     - Points gained for Varun Chakaravarthy in Points: 94 (Points: 304, Dot Balls: 51, Previous Total: 261)
[2026-05-04 00:54:42] INFO     - Data updated successfully for Varun Chakaravarthy in Points - 304 points and 51 dot balls!
[2026-05-04 00:54:42] DEBUG    - Sleeping 3s before next update.
[2026-05-04 00:54:45] DEBUG    - ===============================================================
[2026-05-04 00:54:45] INFO     - Processing count= 45
[2026-05-04 00:54:45] INFO     - Processing player of LSG : 'Digvesh Singh' | 115 points | team: LSG
[2026-05-04 00:54:45] DEBUG    - Match found for Digvesh Singh in Points at row 49
[2026-05-04 00:54:45] INFO     - No update needed for Digvesh Singh in Points as points are unchanged.
[2026-05-04 00:54:45] DEBUG    - ===============================================================
[2026-05-04 00:54:45] INFO     - Processing count= 46
[2026-05-04 00:54:45] INFO     - Processing player of LSG : 'Rishabh Pant' | 353 points | team: LSG
[2026-05-04 00:54:45] DEBUG    - Match found for Rishabh Pant in Points at row 50
[2026-05-04 00:54:45] INFO     - No update needed for Rishabh Pant in Points as points are unchanged.
[2026-05-04 00:54:45] DEBUG    - ===============================================================
[2026-05-04 00:54:45] INFO     - Processing count= 47
[2026-05-04 00:54:45] INFO     - Processing player of PBSK : 'Arshdeep Singh' | 305 points | team: PBSK
[2026-05-04 00:54:45] DEBUG    - Match found for Arshdeep Singh in Points at row 51
[2026-05-04 00:54:45] INFO     - Points gained for Arshdeep Singh in Points: 67 (Points: 305, Dot Balls: 70, Previous Total: 308)
[2026-05-04 00:54:45] INFO     - Data updated successfully for Arshdeep Singh in Points - 305 points and 70 dot balls!
[2026-05-04 00:54:45] DEBUG    - Sleeping 3s before next update.
[2026-05-04 00:54:48] DEBUG    - ===============================================================
[2026-05-04 00:54:48] INFO     - Processing count= 48
[2026-05-04 00:54:48] INFO     - Processing player of RCB : 'Krunal Pandya' | 331 points | team: RCB
[2026-05-04 00:54:48] DEBUG    - Match found for Krunal Pandya in Points at row 52
[2026-05-04 00:54:48] INFO     - No update needed for Krunal Pandya in Points as points are unchanged.
[2026-05-04 00:54:48] DEBUG    - ===============================================================
[2026-05-04 00:54:48] INFO     - Processing count= 49
[2026-05-04 00:54:48] INFO     - Processing player of RCB : 'Rajat Patidar' | 439 points | team: RCB
[2026-05-04 00:54:48] DEBUG    - Match found for Rajat Patidar in Points at row 53
[2026-05-04 00:54:48] INFO     - No update needed for Rajat Patidar in Points as points are unchanged.
[2026-05-04 00:54:48] DEBUG    - ===============================================================
[2026-05-04 00:54:48] INFO     - Processing count= 50
[2026-05-04 00:54:48] INFO     - Processing player of RR : 'Yashasvi Jaiswal' | 488 points | team: RR
[2026-05-04 00:54:48] DEBUG    - Match found for Yashasvi Jaiswal in Points at row 54
[2026-05-04 00:54:48] INFO     - No update needed for Yashasvi Jaiswal in Points as points are unchanged.
[2026-05-04 00:54:48] DEBUG    - ===============================================================
[2026-05-04 00:54:48] INFO     - Processing count= 51
[2026-05-04 00:54:48] INFO     - Processing player of SRH : 'Travis Head' | 488 points | team: SRH
[2026-05-04 00:54:48] DEBUG    - Match found for Travis Head in Points at row 55
[2026-05-04 00:54:49] INFO     - Points gained for Travis Head in Points: 94 (Points: 488, Dot Balls: 0, Previous Total: 394)
[2026-05-04 00:54:49] INFO     - Data updated successfully for Travis Head in Points - 488 points and 0 dot balls!
[2026-05-04 00:54:49] DEBUG    - Sleeping 3s before next update.
[2026-05-04 00:54:52] DEBUG    - ===============================================================
[2026-05-04 00:54:52] INFO     - Processing count= 52
[2026-05-04 00:54:52] INFO     - Processing player of SRH : 'Nitish Kumar Reddy' | 495 points | team: SRH
[2026-05-04 00:54:52] DEBUG    - Match found for Nitish Kumar Reddy in Points at row 56
[2026-05-04 00:54:52] INFO     - No update needed for Nitish Kumar Reddy in Points as points are unchanged.
[2026-05-04 00:54:52] DEBUG    - ===============================================================
[2026-05-04 00:54:52] INFO     - Processing count= 53
[2026-05-04 00:54:52] INFO     - Processing player of MI : 'Naman Dhir' | 389 points | team: MI
[2026-05-04 00:54:52] DEBUG    - Match found for Naman Dhir in Points at row 57
[2026-05-04 00:54:52] INFO     - No update needed for Naman Dhir in Points as points are unchanged.
[2026-05-04 00:54:52] DEBUG    - ===============================================================
[2026-05-04 00:54:52] INFO     - Processing count= 54
[2026-05-04 00:54:52] INFO     - Processing player of KKR : 'Finn Allen' | 184 points | team: KKR
[2026-05-04 00:54:52] DEBUG    - Match found for Finn Allen in Points at row 58
[2026-05-04 00:54:53] INFO     - Points gained for Finn Allen in Points: 46 (Points: 184, Dot Balls: 0, Previous Total: 138)
[2026-05-04 00:54:53] INFO     - Data updated successfully for Finn Allen in Points - 184 points and 0 dot balls!
[2026-05-04 00:54:53] DEBUG    - Sleeping 3s before next update.
[2026-05-04 00:54:56] DEBUG    - ===============================================================
[2026-05-04 00:54:56] INFO     - Processing count= 55
[2026-05-04 00:54:56] INFO     - Processing player of GT : 'Rahul Tewatia' | 144 points | team: GT
[2026-05-04 00:54:56] DEBUG    - Match found for Rahul Tewatia in Points at row 59
[2026-05-04 00:54:57] INFO     - Points gained for Rahul Tewatia in Points: 6 (Points: 144, Dot Balls: 0, Previous Total: 138)
[2026-05-04 00:54:57] INFO     - Data updated successfully for Rahul Tewatia in Points - 144 points and 0 dot balls!
[2026-05-04 00:54:57] DEBUG    - Sleeping 3s before next update.
[2026-05-04 00:55:00] DEBUG    - ===============================================================
[2026-05-04 00:55:00] INFO     - Processing count= 56
[2026-05-04 00:55:00] INFO     - Processing player of GT : 'Jason Holder' | 326 points | team: GT
[2026-05-04 00:55:00] DEBUG    - Match found for Jason Holder in Points at row 60
[2026-05-04 00:55:01] INFO     - Points gained for Jason Holder in Points: 145 (Points: 326, Dot Balls: 40, Previous Total: 221)
[2026-05-04 00:55:01] INFO     - Data updated successfully for Jason Holder in Points - 326 points and 40 dot balls!
[2026-05-04 00:55:01] DEBUG    - Sleeping 3s before next update.
[2026-05-04 00:55:04] DEBUG    - ===============================================================
[2026-05-04 00:55:04] INFO     - Processing count= 57
[2026-05-04 00:55:04] INFO     - Processing player of CSK : 'Dewald Brevis' | 195 points | team: CSK
[2026-05-04 00:55:04] DEBUG    - Match found for Dewald Brevis in Points at row 61
[2026-05-04 00:55:04] INFO     - No update needed for Dewald Brevis in Points as points are unchanged.
[2026-05-04 00:55:04] DEBUG    - ===============================================================
[2026-05-04 00:55:04] INFO     - Processing count= 58
[2026-05-04 00:55:04] INFO     - Processing player of CSK : 'Noor Ahmad' | 307 points | team: CSK
[2026-05-04 00:55:04] DEBUG    - Match found for Noor Ahmad in Points at row 62
[2026-05-04 00:55:04] INFO     - No update needed for Noor Ahmad in Points as points are unchanged.
[2026-05-04 00:55:04] DEBUG    - ===============================================================
[2026-05-04 00:55:04] INFO     - Processing count= 59
[2026-05-04 00:55:04] INFO     - Processing player of DC : 'Auqib Nabi' | 5 points | team: DC
[2026-05-04 00:55:04] DEBUG    - Match found for Auqib Nabi in Points at row 63
[2026-05-04 00:55:04] INFO     - No update needed for Auqib Nabi in Points as points are unchanged.
[2026-05-04 00:55:04] DEBUG    - ===============================================================
[2026-05-04 00:55:04] INFO     - Processing count= 60
[2026-05-04 00:55:04] INFO     - Processing player of GT : 'Jos Buttler' | 647 points | team: GT
[2026-05-04 00:55:04] DEBUG    - Match found for Jos Buttler in Points at row 64
[2026-05-04 00:55:04] INFO     - Points gained for Jos Buttler in Points: 63 (Points: 647, Dot Balls: 0, Previous Total: 584)
[2026-05-04 00:55:04] INFO     - Data updated successfully for Jos Buttler in Points - 647 points and 0 dot balls!
[2026-05-04 00:55:04] DEBUG    - Sleeping 3s before next update.
[2026-05-04 00:55:07] DEBUG    - ===============================================================
[2026-05-04 00:55:07] INFO     - Processing count= 61
[2026-05-04 00:55:07] INFO     - Processing player of GT : 'Prasidh Krishna' | 334 points | team: GT
[2026-05-04 00:55:07] DEBUG    - Match found for Prasidh Krishna in Points at row 65
[2026-05-04 00:55:07] INFO     - No update needed for Prasidh Krishna in Points as points are unchanged.
[2026-05-04 00:55:07] DEBUG    - ===============================================================
[2026-05-04 00:55:07] INFO     - Processing count= 62
[2026-05-04 00:55:07] INFO     - Processing player of KKR : 'Vaibhav Arora' | 303 points | team: KKR
[2026-05-04 00:55:07] DEBUG    - Match found for Vaibhav Arora in Points at row 66
[2026-05-04 00:55:08] INFO     - Points gained for Vaibhav Arora in Points: 43 (Points: 303, Dot Balls: 66, Previous Total: 326)
[2026-05-04 00:55:08] INFO     - Data updated successfully for Vaibhav Arora in Points - 303 points and 66 dot balls!
[2026-05-04 00:55:08] DEBUG    - Sleeping 3s before next update.
[2026-05-04 00:55:11] DEBUG    - ===============================================================
[2026-05-04 00:55:11] INFO     - Processing count= 63
[2026-05-04 00:55:11] INFO     - Processing player of LSG : 'Aiden Markram' | 338 points | team: LSG
[2026-05-04 00:55:11] DEBUG    - Match found for Aiden Markram in Points at row 67
[2026-05-04 00:55:11] INFO     - No update needed for Aiden Markram in Points as points are unchanged.
[2026-05-04 00:55:11] DEBUG    - ===============================================================
[2026-05-04 00:55:11] INFO     - Processing count= 64
[2026-05-04 00:55:11] INFO     - Processing player of MI : 'Will Jacks' | 84 points | team: MI
[2026-05-04 00:55:11] DEBUG    - Match found for Will Jacks in Points at row 68
[2026-05-04 00:55:11] INFO     - No update needed for Will Jacks in Points as points are unchanged.
[2026-05-04 00:55:11] DEBUG    - ===============================================================
[2026-05-04 00:55:11] INFO     - Processing count= 65
[2026-05-04 00:55:11] INFO     - Processing player of PBSK : 'Nehal Wadhera' | 127 points | team: PBSK
[2026-05-04 00:55:11] DEBUG    - Match found for Nehal Wadhera in Points at row 69
[2026-05-04 00:55:12] INFO     - Points gained for Nehal Wadhera in Points: 2 (Points: 127, Dot Balls: 0, Previous Total: 125)
[2026-05-04 00:55:12] INFO     - Data updated successfully for Nehal Wadhera in Points - 127 points and 0 dot balls!
[2026-05-04 00:55:12] DEBUG    - Sleeping 3s before next update.
[2026-05-04 00:55:15] DEBUG    - ===============================================================
[2026-05-04 00:55:15] INFO     - Processing count= 66
[2026-05-04 00:55:15] INFO     - Processing player of PBSK : 'Shreyas Iyer' | 533 points | team: PBSK
[2026-05-04 00:55:15] DEBUG    - Match found for Shreyas Iyer in Points at row 70
[2026-05-04 00:55:16] INFO     - Points gained for Shreyas Iyer in Points: 34 (Points: 533, Dot Balls: 0, Previous Total: 499)
[2026-05-04 00:55:16] INFO     - Data updated successfully for Shreyas Iyer in Points - 533 points and 0 dot balls!
[2026-05-04 00:55:16] DEBUG    - Sleeping 3s before next update.
[2026-05-04 00:55:19] DEBUG    - ===============================================================
[2026-05-04 00:55:19] INFO     - Processing count= 67
[2026-05-04 00:55:19] INFO     - Processing player of RCB : 'Devdutt Padikkal' | 527 points | team: RCB
[2026-05-04 00:55:19] DEBUG    - Match found for Devdutt Padikkal in Points at row 71
[2026-05-04 00:55:19] INFO     - No update needed for Devdutt Padikkal in Points as points are unchanged.
[2026-05-04 00:55:19] DEBUG    - ===============================================================
[2026-05-04 00:55:19] INFO     - Processing count= 68
[2026-05-04 00:55:19] INFO     - Processing player of RCB : 'Virat Kohli' | 597 points | team: RCB
[2026-05-04 00:55:19] DEBUG    - Match found for Virat Kohli in Points at row 72
[2026-05-04 00:55:19] INFO     - No update needed for Virat Kohli in Points as points are unchanged.
[2026-05-04 00:55:19] DEBUG    - ===============================================================
[2026-05-04 00:55:19] INFO     - Processing count= 69
[2026-05-04 00:55:19] INFO     - Processing player of RR : 'Riyan Parag' | 395 points | team: RR
[2026-05-04 00:55:19] DEBUG    - Match found for Riyan Parag in Points at row 73
[2026-05-04 00:55:19] INFO     - No update needed for Riyan Parag in Points as points are unchanged.
[2026-05-04 00:55:19] DEBUG    - ===============================================================
[2026-05-04 00:55:19] INFO     - Processing count= 70
[2026-05-04 00:55:19] INFO     - Processing player of SRH : 'Harshal Patel' | 20 points | team: SRH
[2026-05-04 00:55:19] DEBUG    - Match found for Harshal Patel in Points at row 74
[2026-05-04 00:55:19] INFO     - Points gained for Harshal Patel in Points: 13 (Points: 20, Dot Balls: 13, Previous Total: 20)
[2026-05-04 00:55:19] INFO     - Data updated successfully for Harshal Patel in Points - 20 points and 13 dot balls!
[2026-05-04 00:55:19] DEBUG    - Sleeping 3s before next update.
[2026-05-04 00:55:22] DEBUG    - ===============================================================
[2026-05-04 00:55:22] INFO     - Processing count= 71
[2026-05-04 00:55:22] INFO     - Processing player of SRH : 'Heinrich Klaasen' | 692 points | team: SRH
[2026-05-04 00:55:22] DEBUG    - Match found for Heinrich Klaasen in Points at row 75
[2026-05-04 00:55:23] INFO     - Points gained for Heinrich Klaasen in Points: 26 (Points: 692, Dot Balls: 0, Previous Total: 666)
[2026-05-04 00:55:23] INFO     - Data updated successfully for Heinrich Klaasen in Points - 692 points and 0 dot balls!
[2026-05-04 00:55:23] DEBUG    - Sleeping 3s before next update.
[2026-05-04 00:55:26] DEBUG    - ===============================================================
[2026-05-04 00:55:26] INFO     - Processing count= 72
[2026-05-04 00:55:26] INFO     - Processing player of DC : 'Nitish Rana' | 340 points | team: DC
[2026-05-04 00:55:26] DEBUG    - Match found for Nitish Rana in Points at row 76
[2026-05-04 00:55:26] INFO     - No update needed for Nitish Rana in Points as points are unchanged.
[2026-05-04 00:55:26] DEBUG    - ===============================================================
[2026-05-04 00:55:26] INFO     - Processing count= 73
[2026-05-04 00:55:26] INFO     - Processing player of MI : 'Trent Boult' | 84 points | team: MI
[2026-05-04 00:55:26] DEBUG    - Match found for Trent Boult in Points at row 77
[2026-05-04 00:55:26] INFO     - No update needed for Trent Boult in Points as points are unchanged.
[2026-05-04 00:55:26] DEBUG    - ===============================================================
[2026-05-04 00:55:26] INFO     - Processing count= 74
[2026-05-04 00:55:26] INFO     - Processing player of RCB : 'Venkatesh Iyer' | 61 points | team: RCB
[2026-05-04 00:55:26] DEBUG    - Match found for Venkatesh Iyer in Points at row 78
[2026-05-04 00:55:26] INFO     - No update needed for Venkatesh Iyer in Points as points are unchanged.
[2026-05-04 00:55:26] DEBUG    - ===============================================================
[2026-05-04 00:55:26] INFO     - Processing count= 75
[2026-05-04 00:55:26] INFO     - 
Skipping Yash Dayal as points is zero.
[2026-05-04 00:55:26] DEBUG    - ===============================================================
[2026-05-04 00:55:26] INFO     - Processing count= 76
[2026-05-04 00:55:26] INFO     - Processing player of MI : 'Shardul Thakur' | 169 points | team: MI
[2026-05-04 00:55:26] DEBUG    - Match found for Shardul Thakur in Points at row 80
[2026-05-04 00:55:26] INFO     - No update needed for Shardul Thakur in Points as points are unchanged.
[2026-05-04 00:55:26] DEBUG    - ===============================================================
[2026-05-04 00:55:26] INFO     - Processing count= 77
[2026-05-04 00:55:26] INFO     - Processing player of CSK : 'Rahul Chahar' | 8 points | team: CSK
[2026-05-04 00:55:26] DEBUG    - Match found for Rahul Chahar in Points at row 81
[2026-05-04 00:55:26] INFO     - No update needed for Rahul Chahar in Points as points are unchanged.
[2026-05-04 00:55:26] DEBUG    - ===============================================================
[2026-05-04 00:55:26] INFO     - Processing count= 78
[2026-05-04 00:55:26] INFO     - Processing player of CSK : 'Khaleel Ahmed' | 70 points | team: CSK
[2026-05-04 00:55:26] DEBUG    - Match found for Khaleel Ahmed in Points at row 82
[2026-05-04 00:55:26] INFO     - No update needed for Khaleel Ahmed in Points as points are unchanged.
[2026-05-04 00:55:26] DEBUG    - ===============================================================
[2026-05-04 00:55:26] INFO     - Processing count= 79
[2026-05-04 00:55:26] INFO     - Processing player of DC : 'Tristan Stubbs' | 357 points | team: DC
[2026-05-04 00:55:26] DEBUG    - Match found for Tristan Stubbs in Points at row 83
[2026-05-04 00:55:26] INFO     - No update needed for Tristan Stubbs in Points as points are unchanged.
[2026-05-04 00:55:26] DEBUG    - ===============================================================
[2026-05-04 00:55:26] INFO     - Processing count= 80
[2026-05-04 00:55:26] INFO     - Processing player of DC : 'Kuldeep Yadav' | 246 points | team: DC
[2026-05-04 00:55:26] DEBUG    - Match found for Kuldeep Yadav in Points at row 84
[2026-05-04 00:55:26] INFO     - No update needed for Kuldeep Yadav in Points as points are unchanged.
[2026-05-04 00:55:26] DEBUG    - ===============================================================
[2026-05-04 00:55:26] INFO     - Processing count= 81
[2026-05-04 00:55:26] INFO     - Processing player of GT : 'Shubman Gill' | 609 points | team: GT
[2026-05-04 00:55:26] DEBUG    - Match found for Shubman Gill in Points at row 85
[2026-05-04 00:55:27] INFO     - Points gained for Shubman Gill in Points: 18 (Points: 609, Dot Balls: 0, Previous Total: 591)
[2026-05-04 00:55:27] INFO     - Data updated successfully for Shubman Gill in Points - 609 points and 0 dot balls!
[2026-05-04 00:55:27] DEBUG    - Sleeping 3s before next update.
[2026-05-04 00:55:30] DEBUG    - ===============================================================
[2026-05-04 00:55:30] INFO     - Processing count= 82
[2026-05-04 00:55:30] INFO     - Processing player of GT : 'Mohammed Siraj' | 343 points | team: GT
[2026-05-04 00:55:30] DEBUG    - Match found for Mohammed Siraj in Points at row 86
[2026-05-04 00:55:31] INFO     - Points gained for Mohammed Siraj in Points: 65 (Points: 343, Dot Balls: 109, Previous Total: 387)
[2026-05-04 00:55:31] INFO     - Data updated successfully for Mohammed Siraj in Points - 343 points and 109 dot balls!
[2026-05-04 00:55:31] DEBUG    - Sleeping 3s before next update.
[2026-05-04 00:55:34] DEBUG    - ===============================================================
[2026-05-04 00:55:34] INFO     - Processing count= 83
[2026-05-04 00:55:34] INFO     - Processing player of KKR : 'Angkrish Raghuvanshi' | 415 points | team: KKR
[2026-05-04 00:55:34] DEBUG    - Match found for Angkrish Raghuvanshi in Points at row 87
[2026-05-04 00:55:35] INFO     - Points gained for Angkrish Raghuvanshi in Points: 88 (Points: 415, Dot Balls: 0, Previous Total: 327)
[2026-05-04 00:55:35] INFO     - Data updated successfully for Angkrish Raghuvanshi in Points - 415 points and 0 dot balls!
[2026-05-04 00:55:35] DEBUG    - Sleeping 3s before next update.
[2026-05-04 00:55:38] DEBUG    - ===============================================================
[2026-05-04 00:55:38] INFO     - Processing count= 84
[2026-05-04 00:55:38] INFO     - Processing player of LSG : 'Mitchell Marsh' | 334 points | team: LSG
[2026-05-04 00:55:38] DEBUG    - Match found for Mitchell Marsh in Points at row 88
[2026-05-04 00:55:38] INFO     - No update needed for Mitchell Marsh in Points as points are unchanged.
[2026-05-04 00:55:38] DEBUG    - ===============================================================
[2026-05-04 00:55:38] INFO     - Processing count= 85
[2026-05-04 00:55:38] INFO     - Processing player of LSG : 'Nicholas Pooran' | 163 points | team: LSG
[2026-05-04 00:55:38] DEBUG    - Match found for Nicholas Pooran in Points at row 89
[2026-05-04 00:55:38] INFO     - No update needed for Nicholas Pooran in Points as points are unchanged.
[2026-05-04 00:55:38] DEBUG    - ===============================================================
[2026-05-04 00:55:38] INFO     - Processing count= 86
[2026-05-04 00:55:38] INFO     - Processing player of PBSK : 'Marcus Stoinis' | 280 points | team: PBSK
[2026-05-04 00:55:38] DEBUG    - Match found for Marcus Stoinis in Points at row 90
[2026-05-04 00:55:38] INFO     - Points gained for Marcus Stoinis in Points: 84 (Points: 280, Dot Balls: 7, Previous Total: 203)
[2026-05-04 00:55:38] INFO     - Data updated successfully for Marcus Stoinis in Points - 280 points and 7 dot balls!
[2026-05-04 00:55:38] DEBUG    - Sleeping 3s before next update.
[2026-05-04 00:55:41] DEBUG    - ===============================================================
[2026-05-04 00:55:41] INFO     - Processing count= 87
[2026-05-04 00:55:41] INFO     - Processing player of PBSK : 'Prabhsimran Singh' | 578 points | team: PBSK
[2026-05-04 00:55:41] DEBUG    - Match found for Prabhsimran Singh in Points at row 91
[2026-05-04 00:55:42] INFO     - Points gained for Prabhsimran Singh in Points: 21 (Points: 578, Dot Balls: 0, Previous Total: 557)
[2026-05-04 00:55:42] INFO     - Data updated successfully for Prabhsimran Singh in Points - 578 points and 0 dot balls!
[2026-05-04 00:55:42] DEBUG    - Sleeping 3s before next update.
[2026-05-04 00:55:45] DEBUG    - ===============================================================
[2026-05-04 00:55:45] INFO     - Processing count= 88
[2026-05-04 00:55:45] INFO     - Processing player of PBSK : 'Shashank Singh' | 203 points | team: PBSK
[2026-05-04 00:55:45] DEBUG    - Match found for Shashank Singh in Points at row 92
[2026-05-04 00:55:45] INFO     - No update needed for Shashank Singh in Points as points are unchanged.
[2026-05-04 00:55:45] DEBUG    - ===============================================================
[2026-05-04 00:55:45] INFO     - Processing count= 89
[2026-05-04 00:55:45] INFO     - Processing player of RCB : 'Jitesh Sharma' | 210 points | team: RCB
[2026-05-04 00:55:45] DEBUG    - Match found for Jitesh Sharma in Points at row 93
[2026-05-04 00:55:45] INFO     - No update needed for Jitesh Sharma in Points as points are unchanged.
[2026-05-04 00:55:45] DEBUG    - ===============================================================
[2026-05-04 00:55:45] INFO     - Processing count= 90
[2026-05-04 00:55:45] INFO     - Processing player of RR : 'Jofra Archer' | 514 points | team: RR
[2026-05-04 00:55:45] DEBUG    - Match found for Jofra Archer in Points at row 94
[2026-05-04 00:55:45] INFO     - No update needed for Jofra Archer in Points as points are unchanged.
[2026-05-04 00:55:45] DEBUG    - ===============================================================
[2026-05-04 00:55:45] INFO     - Processing count= 91
[2026-05-04 00:55:45] INFO     - Processing player of RR : 'Ravindra Jadeja' | 433 points | team: RR
[2026-05-04 00:55:45] DEBUG    - Match found for Ravindra Jadeja in Points at row 95
[2026-05-04 00:55:45] INFO     - No update needed for Ravindra Jadeja in Points as points are unchanged.
[2026-05-04 00:55:45] DEBUG    - ===============================================================
[2026-05-04 00:55:45] INFO     - Processing count= 92
[2026-05-04 00:55:45] INFO     - Processing player of LSG : 'Mohammad Shami' | 262 points | team: LSG
[2026-05-04 00:55:45] DEBUG    - Match found for Mohammad Shami in Points at row 96
[2026-05-04 00:55:45] INFO     - No update needed for Mohammad Shami in Points as points are unchanged.
[2026-05-04 00:55:45] DEBUG    - ===============================================================
[2026-05-04 00:55:45] INFO     - Processing count= 93
[2026-05-04 00:55:45] INFO     - Processing player of GT : 'Kagiso Rabada' | 540 points | team: GT
[2026-05-04 00:55:45] DEBUG    - Match found for Kagiso Rabada in Points at row 97
[2026-05-04 00:55:46] INFO     - Points gained for Kagiso Rabada in Points: 86 (Points: 540, Dot Balls: 105, Previous Total: 559)
[2026-05-04 00:55:46] INFO     - Data updated successfully for Kagiso Rabada in Points - 540 points and 105 dot balls!
[2026-05-04 00:55:46] DEBUG    - Sleeping 3s before next update.
[2026-05-04 00:55:49] DEBUG    - ===============================================================
[2026-05-04 00:55:49] INFO     - Processing count= 94
[2026-05-04 00:55:49] INFO     - Processing player of KKR : 'Rinku Singh' | 429 points | team: KKR
[2026-05-04 00:55:49] DEBUG    - Match found for Rinku Singh in Points at row 98
[2026-05-04 00:55:50] INFO     - Points gained for Rinku Singh in Points: 36 (Points: 429, Dot Balls: 0, Previous Total: 393)
[2026-05-04 00:55:50] INFO     - Data updated successfully for Rinku Singh in Points - 429 points and 0 dot balls!
[2026-05-04 00:55:50] DEBUG    - Sleeping 3s before next update.
[2026-05-04 00:55:53] DEBUG    - ===============================================================
[2026-05-04 00:55:53] INFO     - Processing count= 95
[2026-05-04 00:55:53] INFO     - Processing player of CSK : 'Kartik Sharma' | 167 points | team: CSK
[2026-05-04 00:55:53] DEBUG    - Match found for Kartik Sharma in Points at row 99
[2026-05-04 00:55:53] INFO     - No update needed for Kartik Sharma in Points as points are unchanged.
[2026-05-04 00:55:53] DEBUG    - ===============================================================
[2026-05-04 00:55:53] INFO     - Processing count= 96
[2026-05-04 00:55:53] INFO     - Processing player of DC : 'Ashutosh Sharma' | 109 points | team: DC
[2026-05-04 00:55:53] DEBUG    - Match found for Ashutosh Sharma in Points at row 100
[2026-05-04 00:55:53] INFO     - No update needed for Ashutosh Sharma in Points as points are unchanged.
[2026-05-04 00:55:53] DEBUG    - ===============================================================
[2026-05-04 00:55:53] INFO     - Processing count= 97
[2026-05-04 00:55:53] INFO     - Processing player of MI : 'Corbin Bosch' | 36 points | team: MI
[2026-05-04 00:55:53] DEBUG    - Match found for Corbin Bosch in Points at row 101
[2026-05-04 00:55:53] INFO     - No update needed for Corbin Bosch in Points as points are unchanged.
[2026-05-04 00:55:53] DEBUG    - ===============================================================
[2026-05-04 00:55:53] INFO     - Processing count= 98
[2026-05-04 00:55:53] INFO     - Processing player of RCB : 'Tim David' | 312 points | team: RCB
[2026-05-04 00:55:53] DEBUG    - Match found for Tim David in Points at row 102
[2026-05-04 00:55:53] INFO     - No update needed for Tim David in Points as points are unchanged.
[2026-05-04 00:55:53] DEBUG    - ===============================================================
[2026-05-04 00:55:53] INFO     - Processing count= 99
[2026-05-04 00:55:53] INFO     - Processing player of PBSK : 'Cooper Connolly' | 448 points | team: PBSK
[2026-05-04 00:55:53] DEBUG    - Match found for Cooper Connolly in Points at row 103
[2026-05-04 00:55:54] INFO     - Points gained for Cooper Connolly in Points: 18 (Points: 448, Dot Balls: 0, Previous Total: 430)
[2026-05-04 00:55:54] INFO     - Data updated successfully for Cooper Connolly in Points - 448 points and 0 dot balls!
[2026-05-04 00:55:54] DEBUG    - Sleeping 3s before next update.
[2026-05-04 00:55:57] DEBUG    - ===============================================================
[2026-05-04 00:55:57] INFO     - Processing count= 100
[2026-05-04 00:55:57] INFO     - Processing player of SRH : 'Liam Livingstone' | 57 points | team: SRH
[2026-05-04 00:55:57] DEBUG    - Match found for Liam Livingstone in Points at row 104
[2026-05-04 00:55:57] INFO     - No update needed for Liam Livingstone in Points as points are unchanged.
[2026-05-04 00:55:57] DEBUG    - ===============================================================
[2026-05-04 00:55:57] INFO     - Processing count= 101
[2026-05-04 00:55:57] INFO     - Processing player of PBSK : 'Vijaykumar Vyshak' | 239 points | team: PBSK
[2026-05-04 00:55:57] DEBUG    - Match found for Vijaykumar Vyshak in Points at row 105
[2026-05-04 00:55:57] INFO     - Points gained for Vijaykumar Vyshak in Points: 63 (Points: 239, Dot Balls: 0, Previous Total: 176)
[2026-05-04 00:55:57] INFO     - Data updated successfully for Vijaykumar Vyshak in Points - 239 points and 0 dot balls!
[2026-05-04 00:55:57] DEBUG    - Sleeping 3s before next update.
[2026-05-04 00:56:00] DEBUG    - ===============================================================
[2026-05-04 00:56:00] INFO     - Processing count= 102
[2026-05-04 00:56:00] INFO     - Processing player of RCB : 'Suyash Sharma' | 227 points | team: RCB
[2026-05-04 00:56:00] DEBUG    - Match found for Suyash Sharma in Points at row 106
[2026-05-04 00:56:00] INFO     - No update needed for Suyash Sharma in Points as points are unchanged.
[2026-05-04 00:56:00] DEBUG    - ===============================================================
[2026-05-04 00:56:00] INFO     - Processing count= 103
[2026-05-04 00:56:00] INFO     - Processing player of DC : 'David Miller' | 217 points | team: DC
[2026-05-04 00:56:00] DEBUG    - Match found for David Miller in Points at row 107
[2026-05-04 00:56:00] INFO     - No update needed for David Miller in Points as points are unchanged.
[2026-05-04 00:56:00] INFO     - Total players processed for team 'CSK': 10
[2026-05-04 00:56:00] INFO     - Total players processed for team 'GT': 10
[2026-05-04 00:56:00] INFO     - Total players processed for team 'LSG': 8
[2026-05-04 00:56:00] INFO     - Total players processed for team 'MI': 11
[2026-05-04 00:56:00] INFO     - Total players processed for team 'PBSK': 12
[2026-05-04 00:56:00] INFO     - Total players processed for team 'RCB': 13
[2026-05-04 00:56:00] INFO     - Total players processed for team 'RR': 8
[2026-05-04 00:56:00] INFO     - Total players processed for team 'SRH': 8
[2026-05-04 00:56:00] INFO     - Total players processed for team 'DC': 10
[2026-05-04 00:56:00] INFO     - Total players processed for team 'KKR': 8
[2026-05-04 00:56:00] DEBUG    - ===============================================================
[2026-05-04 00:56:00] WARNING  - Player not updated: Shivam Dube | Reason: Points unchanged
[2026-05-04 00:56:00] WARNING  - Player not updated: Sanju Samson | Reason: Points unchanged
[2026-05-04 00:56:00] WARNING  - Player not updated: Mohsin Khan | Reason: Points unchanged
[2026-05-04 00:56:00] WARNING  - Player not updated: Tilak Varma | Reason: Points unchanged
[2026-05-04 00:56:00] WARNING  - Player not updated: Quinton de Kock | Reason: Points unchanged
[2026-05-04 00:56:00] WARNING  - Player not updated: Jasprit Bumrah | Reason: Points unchanged
[2026-05-04 00:56:00] WARNING  - Player not updated: Harpreet Brar | Reason: Points unchanged
[2026-05-04 00:56:00] WARNING  - Player not updated: Romario Shepherd | Reason: Points unchanged
[2026-05-04 00:56:00] WARNING  - Player not updated: Vaibhav Sooryavanshi | Reason: Points unchanged
[2026-05-04 00:56:00] WARNING  - Player not updated: Ravi Bishnoi | Reason: Points unchanged
[2026-05-04 00:56:00] WARNING  - Player not updated: Rasikh Salam | Reason: Points unchanged
[2026-05-04 00:56:00] WARNING  - Player not updated: Matheesha Pathirana | Reason: Points is zero
[2026-05-04 00:56:00] WARNING  - Player not updated: Nathan Ellis | Reason: Points is zero
[2026-05-04 00:56:00] WARNING  - Player not updated: Yudhvir Singh | Reason: Points is zero
[2026-05-04 00:56:00] WARNING  - Player not updated: Ayush Mhatre | Reason: Points unchanged
[2026-05-04 00:56:00] WARNING  - Player not updated: MS Dhoni | Reason: Points is zero
[2026-05-04 00:56:00] WARNING  - Player not updated: Mitchell Starc | Reason: Points unchanged
[2026-05-04 00:56:00] WARNING  - Player not updated: Glenn Phillips | Reason: Points unchanged
[2026-05-04 00:56:00] WARNING  - Player not updated: Ayush Badoni | Reason: Points unchanged
[2026-05-04 00:56:00] WARNING  - Player not updated: Hardik Pandya | Reason: Points unchanged
[2026-05-04 00:56:00] WARNING  - Player not updated: Suryakumar Yadav | Reason: Points unchanged
[2026-05-04 00:56:00] WARNING  - Player not updated: Rohit Sharma | Reason: Points unchanged
[2026-05-04 00:56:00] WARNING  - Player not updated: Phil Salt | Reason: Points unchanged
[2026-05-04 00:56:00] WARNING  - Player not updated: Bhuvneshwar Kumar | Reason: Points unchanged
[2026-05-04 00:56:00] WARNING  - Player not updated: Josh Hazlewood | Reason: Points unchanged
[2026-05-04 00:56:00] WARNING  - Player not updated: Shimron Hetmyer | Reason: Points unchanged
[2026-05-04 00:56:00] WARNING  - Player not updated: Sandeep Sharma | Reason: Points unchanged
[2026-05-04 00:56:00] WARNING  - Player not updated: Prashant Veer | Reason: Points unchanged
[2026-05-04 00:56:00] WARNING  - Player not updated: Ruturaj Gaikwad | Reason: Points unchanged
[2026-05-04 00:56:00] WARNING  - Player not updated: Axar Patel | Reason: Points unchanged
[2026-05-04 00:56:00] WARNING  - Player not updated: Abishek Porel | Reason: Points unchanged
[2026-05-04 00:56:00] WARNING  - Player not updated: KL Rahul | Reason: Points unchanged
[2026-05-04 00:56:00] WARNING  - Player not updated: Digvesh Singh | Reason: Points unchanged
[2026-05-04 00:56:00] WARNING  - Player not updated: Rishabh Pant | Reason: Points unchanged
[2026-05-04 00:56:00] WARNING  - Player not updated: Krunal Pandya | Reason: Points unchanged
[2026-05-04 00:56:00] WARNING  - Player not updated: Rajat Patidar | Reason: Points unchanged
[2026-05-04 00:56:00] WARNING  - Player not updated: Yashasvi Jaiswal | Reason: Points unchanged
[2026-05-04 00:56:00] WARNING  - Player not updated: Nitish Kumar Reddy | Reason: Points unchanged
[2026-05-04 00:56:00] WARNING  - Player not updated: Naman Dhir | Reason: Points unchanged
[2026-05-04 00:56:00] WARNING  - Player not updated: Dewald Brevis | Reason: Points unchanged
[2026-05-04 00:56:00] WARNING  - Player not updated: Noor Ahmad | Reason: Points unchanged
[2026-05-04 00:56:00] WARNING  - Player not updated: Auqib Nabi | Reason: Points unchanged
[2026-05-04 00:56:00] WARNING  - Player not updated: Prasidh Krishna | Reason: Points unchanged
[2026-05-04 00:56:00] WARNING  - Player not updated: Aiden Markram | Reason: Points unchanged
[2026-05-04 00:56:00] WARNING  - Player not updated: Will Jacks | Reason: Points unchanged
[2026-05-04 00:56:00] WARNING  - Player not updated: Devdutt Padikkal | Reason: Points unchanged
[2026-05-04 00:56:00] WARNING  - Player not updated: Virat Kohli | Reason: Points unchanged
[2026-05-04 00:56:00] WARNING  - Player not updated: Riyan Parag | Reason: Points unchanged
[2026-05-04 00:56:00] WARNING  - Player not updated: Nitish Rana | Reason: Points unchanged
[2026-05-04 00:56:00] WARNING  - Player not updated: Trent Boult | Reason: Points unchanged
[2026-05-04 00:56:00] WARNING  - Player not updated: Venkatesh Iyer | Reason: Points unchanged
[2026-05-04 00:56:00] WARNING  - Player not updated: Yash Dayal | Reason: Points is zero
[2026-05-04 00:56:00] WARNING  - Player not updated: Shardul Thakur | Reason: Points unchanged
[2026-05-04 00:56:00] WARNING  - Player not updated: Rahul Chahar | Reason: Points unchanged
[2026-05-04 00:56:00] WARNING  - Player not updated: Khaleel Ahmed | Reason: Points unchanged
[2026-05-04 00:56:00] WARNING  - Player not updated: Tristan Stubbs | Reason: Points unchanged
[2026-05-04 00:56:00] WARNING  - Player not updated: Kuldeep Yadav | Reason: Points unchanged
[2026-05-04 00:56:00] WARNING  - Player not updated: Mitchell Marsh | Reason: Points unchanged
[2026-05-04 00:56:00] WARNING  - Player not updated: Nicholas Pooran | Reason: Points unchanged
[2026-05-04 00:56:00] WARNING  - Player not updated: Shashank Singh | Reason: Points unchanged
[2026-05-04 00:56:00] WARNING  - Player not updated: Jitesh Sharma | Reason: Points unchanged
[2026-05-04 00:56:00] WARNING  - Player not updated: Jofra Archer | Reason: Points unchanged
[2026-05-04 00:56:00] WARNING  - Player not updated: Ravindra Jadeja | Reason: Points unchanged
[2026-05-04 00:56:00] WARNING  - Player not updated: Mohammad Shami | Reason: Points unchanged
[2026-05-04 00:56:00] WARNING  - Player not updated: Kartik Sharma | Reason: Points unchanged
[2026-05-04 00:56:00] WARNING  - Player not updated: Ashutosh Sharma | Reason: Points unchanged
[2026-05-04 00:56:00] WARNING  - Player not updated: Corbin Bosch | Reason: Points unchanged
[2026-05-04 00:56:00] WARNING  - Player not updated: Tim David | Reason: Points unchanged
[2026-05-04 00:56:00] WARNING  - Player not updated: Liam Livingstone | Reason: Points unchanged
[2026-05-04 00:56:00] WARNING  - Player not updated: Suyash Sharma | Reason: Points unchanged
[2026-05-04 00:56:00] WARNING  - Player not updated: David Miller | Reason: Points unchanged
[2026-05-04 00:56:00] DEBUG    - ===============================================================
[2026-05-04 00:56:26] INFO     - Worksheets opened: ['Home', 'Data']
[2026-05-04 00:56:26] INFO     - Points Gained Today fetched: {'HW': 352, 'MC': 153, 'OL': 343, 'AS': 172, 'PA': 168}
[2026-05-04 00:56:27] INFO     - Writing to column 22 (03/05)
[2026-05-04 00:56:27] DEBUG    -   HW → V2 = 352
[2026-05-04 00:56:27] DEBUG    -   MC → V3 = 153
[2026-05-04 00:56:27] DEBUG    -   OL → V4 = 343
[2026-05-04 00:56:27] DEBUG    -   AS → V5 = 172
[2026-05-04 00:56:27] DEBUG    -   PA → V6 = 168
[2026-05-04 00:56:27] INFO     - Successfully updated 5 team(s) for 03/05.
[2026-05-04 00:56:28] INFO     - TOP 12 points fetched: {'PA': 5186, 'AS': 5171, 'HW': 5347, 'OL': 5164, 'MC': 4140}
[2026-05-04 00:56:28] INFO     - Column mapping: {'HW': 2, 'MC': 3, 'OL': 4, 'AS': 5, 'PA': 6}
[2026-05-04 00:56:28] INFO     - Today '03/05' found at row 45
[2026-05-04 00:56:28] DEBUG    -   PA → F45 = 5186
[2026-05-04 00:56:28] DEBUG    -   AS → E45 = 5171
[2026-05-04 00:56:28] DEBUG    -   HW → B45 = 5347
[2026-05-04 00:56:28] DEBUG    -   OL → D45 = 5164
[2026-05-04 00:56:28] DEBUG    -   MC → C45 = 4140
[2026-05-04 00:56:29] INFO     - Successfully updated 5 team(s) for '03/05' at row 45.
[2026-05-04 00:56:30] INFO     - ═════════════════════ All updates completed ═════════════════════
