[2026-05-10 23:53:02] INFO     - ═════════════════════ Process started ═════════════════════
[2026-05-10 23:53:03] INFO     - Excel loaded: 103 players, 103 bowlers from 'C:\Users\himan\Documents\UiPath\CrickInfo\Data\IPLPointsData.xlsx'
[2026-05-10 23:53:03] INFO     - Google Sheets authentication successful.
[2026-05-10 23:53:09] INFO     - Worksheets opened: ['Points', 'Home', 'Data']
[2026-05-10 23:53:14] INFO     - Updating previous points for all players before processing.
[2026-05-10 23:53:14] DEBUG    - ======================================================
[2026-05-10 23:53:18] DEBUG    - Updated previous points for 'Sai Sudharsan' at row 7: 593 → 674
[2026-05-10 23:53:18] DEBUG    - Sleeping 3s after updating previous points.
[2026-05-10 23:53:21] DEBUG    - Updated previous points for 'Vaibhav Sooryavanshi' at row 15: 639 → 698
[2026-05-10 23:53:21] DEBUG    - Sleeping 3s after updating previous points.
[2026-05-10 23:53:24] DEBUG    - Updated previous points for 'Shimron Hetmyer' at row 38: 158 → 169
[2026-05-10 23:53:24] DEBUG    - Sleeping 3s after updating previous points.
[2026-05-10 23:53:32] DEBUG    - Updated previous points for 'Rashid Khan' at row 46: 488 → 644
[2026-05-10 23:53:32] DEBUG    - Sleeping 3s after updating previous points.
[2026-05-10 23:53:36] DEBUG    - Updated previous points for 'Yashasvi Jaiswal' at row 54: 488 → 503
[2026-05-10 23:53:36] DEBUG    - Sleeping 3s after updating previous points.
[2026-05-10 23:53:39] DEBUG    - Updated previous points for 'Rahul Tewatia' at row 59: 144 → 166
[2026-05-10 23:53:39] DEBUG    - Sleeping 3s after updating previous points.
[2026-05-10 23:53:43] DEBUG    - Updated previous points for 'Jason Holder' at row 60: 366 → 479
[2026-05-10 23:53:43] DEBUG    - Sleeping 3s after updating previous points.
[2026-05-10 23:53:46] DEBUG    - Updated previous points for 'Jos Buttler' at row 64: 647 → 677
[2026-05-10 23:53:46] DEBUG    - Sleeping 3s after updating previous points.
[2026-05-10 23:53:50] DEBUG    - Updated previous points for 'Shubman Gill' at row 85: 609 → 734
[2026-05-10 23:53:50] DEBUG    - Sleeping 3s after updating previous points.
[2026-05-10 23:53:53] DEBUG    - Updated previous points for 'Mohammed Siraj' at row 86: 452 → 483
[2026-05-10 23:53:53] DEBUG    - Sleeping 3s after updating previous points.
[2026-05-10 23:53:57] DEBUG    - Updated previous points for 'Jofra Archer' at row 94: 621 → 637
[2026-05-10 23:53:57] DEBUG    - Sleeping 3s after updating previous points.
[2026-05-10 23:54:00] DEBUG    - Updated previous points for 'Ravindra Jadeja' at row 95: 474 → 561
[2026-05-10 23:54:00] DEBUG    - Sleeping 3s after updating previous points.
[2026-05-10 23:54:04] DEBUG    - Updated previous points for 'Kagiso Rabada' at row 97: 645 → 704
[2026-05-10 23:54:04] DEBUG    - Sleeping 3s after updating previous points.
[2026-05-10 23:54:04] DEBUG    - ======================================================
[2026-05-10 23:54:11] DEBUG    - ===============================================================
[2026-05-10 23:54:11] INFO     - Pausing 5s before before next steps.
[2026-05-10 23:54:11] DEBUG    - ===============================================================
[2026-05-10 23:54:45] DEBUG    - ===============================================================
[2026-05-10 23:54:45] DEBUG    - ===============================================================
[2026-05-10 23:54:45] INFO     - Processing count= 1
[2026-05-10 23:54:45] INFO     - Processing player of CSK : 'Shivam Dube' | 296 points | team: CSK
[2026-05-10 23:54:45] DEBUG    - Match found for Shivam Dube in Points at row 5
[2026-05-10 23:54:46] INFO     - Points gained for Shivam Dube in Points: 23 (Points: 296, Dot Balls: 4, Previous Total: 277)
[2026-05-10 23:54:46] INFO     - Data updated successfully for Shivam Dube in Points - 296 points and 4 dot balls!
[2026-05-10 23:54:46] DEBUG    - Sleeping 3s before next update.
[2026-05-10 23:54:49] DEBUG    - ===============================================================
[2026-05-10 23:54:49] INFO     - Processing count= 2
[2026-05-10 23:54:49] INFO     - Processing player of CSK : 'Sanju Samson' | 685 points | team: CSK
[2026-05-10 23:54:49] DEBUG    - Match found for Sanju Samson in Points at row 6
[2026-05-10 23:54:50] INFO     - Points gained for Sanju Samson in Points: 59 (Points: 685, Dot Balls: 0, Previous Total: 626)
[2026-05-10 23:54:50] INFO     - Data updated successfully for Sanju Samson in Points - 685 points and 0 dot balls!
[2026-05-10 23:54:50] DEBUG    - Sleeping 3s before next update.
[2026-05-10 23:54:53] DEBUG    - ===============================================================
[2026-05-10 23:54:53] INFO     - Processing count= 3
[2026-05-10 23:54:53] INFO     - Processing player of GT : 'Sai Sudharsan' | 674 points | team: GT
[2026-05-10 23:54:53] DEBUG    - Match found for Sai Sudharsan in Points at row 7
[2026-05-10 23:54:53] INFO     - No update needed for Sai Sudharsan in Points as points are unchanged.
[2026-05-10 23:54:53] DEBUG    - ===============================================================
[2026-05-10 23:54:53] INFO     - Processing count= 4
[2026-05-10 23:54:53] INFO     - Processing player of LSG : 'Mohsin Khan' | 348 points | team: LSG
[2026-05-10 23:54:53] DEBUG    - Match found for Mohsin Khan in Points at row 8
[2026-05-10 23:54:53] INFO     - No update needed for Mohsin Khan in Points as points are unchanged.
[2026-05-10 23:54:53] DEBUG    - ===============================================================
[2026-05-10 23:54:53] INFO     - Processing count= 5
[2026-05-10 23:54:53] INFO     - Processing player of MI : 'Tilak Varma' | 471 points | team: MI
[2026-05-10 23:54:53] DEBUG    - Match found for Tilak Varma in Points at row 9
[2026-05-10 23:54:54] INFO     - Points gained for Tilak Varma in Points: 106 (Points: 471, Dot Balls: 0, Previous Total: 365)
[2026-05-10 23:54:54] INFO     - Data updated successfully for Tilak Varma in Points - 471 points and 0 dot balls!
[2026-05-10 23:54:54] DEBUG    - Sleeping 3s before next update.
[2026-05-10 23:54:57] DEBUG    - ===============================================================
[2026-05-10 23:54:57] INFO     - Processing count= 6
[2026-05-10 23:54:57] INFO     - Processing player of MI : 'Quinton de Kock' | 221 points | team: MI
[2026-05-10 23:54:57] DEBUG    - Match found for Quinton de Kock in Points at row 10
[2026-05-10 23:54:57] INFO     - No update needed for Quinton de Kock in Points as points are unchanged.
[2026-05-10 23:54:57] DEBUG    - ===============================================================
[2026-05-10 23:54:57] INFO     - Processing count= 7
[2026-05-10 23:54:57] INFO     - Processing player of MI : 'Jasprit Bumrah' | 147 points | team: MI
[2026-05-10 23:54:57] DEBUG    - Match found for Jasprit Bumrah in Points at row 11
[2026-05-10 23:54:58] INFO     - Points gained for Jasprit Bumrah in Points: 18 (Points: 147, Dot Balls: 91, Previous Total: 220)
[2026-05-10 23:54:58] INFO     - Data updated successfully for Jasprit Bumrah in Points - 147 points and 91 dot balls!
[2026-05-10 23:54:58] DEBUG    - Sleeping 3s before next update.
[2026-05-10 23:55:01] DEBUG    - ===============================================================
[2026-05-10 23:55:01] INFO     - Processing count= 8
[2026-05-10 23:55:01] INFO     - Processing player of PBSK : 'Harpreet Brar' | 6 points | team: PBSK
[2026-05-10 23:55:01] DEBUG    - Match found for Harpreet Brar in Points at row 12
[2026-05-10 23:55:01] INFO     - No update needed for Harpreet Brar in Points as points are unchanged.
[2026-05-10 23:55:01] DEBUG    - ===============================================================
[2026-05-10 23:55:01] INFO     - Processing count= 9
[2026-05-10 23:55:01] INFO     - Processing player of PBSK : 'Yuzvendra Chahal' | 248 points | team: PBSK
[2026-05-10 23:55:01] DEBUG    - Match found for Yuzvendra Chahal in Points at row 13
[2026-05-10 23:55:01] INFO     - No update needed for Yuzvendra Chahal in Points as points are unchanged.
[2026-05-10 23:55:01] DEBUG    - ===============================================================
[2026-05-10 23:55:01] INFO     - Processing count= 10
[2026-05-10 23:55:01] INFO     - Processing player of RCB : 'Romario Shepherd' | 311 points | team: RCB
[2026-05-10 23:55:01] DEBUG    - Match found for Romario Shepherd in Points at row 14
[2026-05-10 23:55:02] INFO     - Points gained for Romario Shepherd in Points: 37 (Points: 311, Dot Balls: 31, Previous Total: 305)
[2026-05-10 23:55:02] INFO     - Data updated successfully for Romario Shepherd in Points - 311 points and 31 dot balls!
[2026-05-10 23:55:02] DEBUG    - Sleeping 3s before next update.
[2026-05-10 23:55:05] DEBUG    - ===============================================================
[2026-05-10 23:55:05] INFO     - Processing count= 11
[2026-05-10 23:55:05] INFO     - Processing player of RR : 'Vaibhav Sooryavanshi' | 698 points | team: RR
[2026-05-10 23:55:05] DEBUG    - Match found for Vaibhav Sooryavanshi in Points at row 15
[2026-05-10 23:55:05] INFO     - No update needed for Vaibhav Sooryavanshi in Points as points are unchanged.
[2026-05-10 23:55:05] DEBUG    - ===============================================================
[2026-05-10 23:55:05] INFO     - Processing count= 12
[2026-05-10 23:55:05] INFO     - Processing player of RR : 'Ravi Bishnoi' | 359 points | team: RR
[2026-05-10 23:55:05] DEBUG    - Match found for Ravi Bishnoi in Points at row 16
[2026-05-10 23:55:05] INFO     - No update needed for Ravi Bishnoi in Points as points are unchanged.
[2026-05-10 23:55:05] DEBUG    - ===============================================================
[2026-05-10 23:55:05] INFO     - Processing count= 13
[2026-05-10 23:55:05] INFO     - Processing player of SRH : 'Abhishek Sharma' | 768 points | team: SRH
[2026-05-10 23:55:05] DEBUG    - Match found for Abhishek Sharma in Points at row 17
[2026-05-10 23:55:05] INFO     - No update needed for Abhishek Sharma in Points as points are unchanged.
[2026-05-10 23:55:05] DEBUG    - ===============================================================
[2026-05-10 23:55:05] INFO     - Processing count= 14
[2026-05-10 23:55:05] INFO     - Processing player of SRH : 'Ishan Kishan' | 678 points | team: SRH
[2026-05-10 23:55:05] DEBUG    - Match found for Ishan Kishan in Points at row 18
[2026-05-10 23:55:05] INFO     - No update needed for Ishan Kishan in Points as points are unchanged.
[2026-05-10 23:55:05] DEBUG    - ===============================================================
[2026-05-10 23:55:05] INFO     - Processing count= 15
[2026-05-10 23:55:05] INFO     - Processing player of SRH : 'Pat Cummins' | 150 points | team: SRH
[2026-05-10 23:55:05] DEBUG    - Match found for Pat Cummins in Points at row 19
[2026-05-10 23:55:05] INFO     - No update needed for Pat Cummins in Points as points are unchanged.
[2026-05-10 23:55:05] DEBUG    - ===============================================================
[2026-05-10 23:55:05] INFO     - Processing count= 16
[2026-05-10 23:55:05] INFO     - Processing player of RCB : 'Rasikh Salam' | 261 points | team: RCB
[2026-05-10 23:55:05] DEBUG    - Match found for Rasikh Salam in Points at row 20
[2026-05-10 23:55:06] INFO     - Points gained for Rasikh Salam in Points: 38 (Points: 261, Dot Balls: 0, Previous Total: 223)
[2026-05-10 23:55:06] INFO     - Data updated successfully for Rasikh Salam in Points - 261 points and 0 dot balls!
[2026-05-10 23:55:06] DEBUG    - Sleeping 3s before next update.
[2026-05-10 23:55:09] DEBUG    - ===============================================================
[2026-05-10 23:55:09] INFO     - Processing count= 17
[2026-05-10 23:55:09] INFO     - 
Skipping Matheesha Pathirana as points is zero.
[2026-05-10 23:55:09] DEBUG    - ===============================================================
[2026-05-10 23:55:09] INFO     - Processing count= 18
[2026-05-10 23:55:09] INFO     - 
Skipping Nathan Ellis as points is zero.
[2026-05-10 23:55:09] DEBUG    - ===============================================================
[2026-05-10 23:55:09] INFO     - Processing count= 19
[2026-05-10 23:55:09] INFO     - 
Skipping Yudhvir Singh as points is zero.
[2026-05-10 23:55:09] DEBUG    - ===============================================================
[2026-05-10 23:55:09] INFO     - Processing count= 20
[2026-05-10 23:55:09] INFO     - Processing player of CSK : 'Ayush Mhatre' | 311 points | team: CSK
[2026-05-10 23:55:09] DEBUG    - Match found for Ayush Mhatre in Points at row 24
[2026-05-10 23:55:09] INFO     - No update needed for Ayush Mhatre in Points as points are unchanged.
[2026-05-10 23:55:09] DEBUG    - ===============================================================
[2026-05-10 23:55:09] INFO     - Processing count= 21
[2026-05-10 23:55:09] INFO     - 
Skipping MS Dhoni as points is zero.
[2026-05-10 23:55:09] DEBUG    - ===============================================================
[2026-05-10 23:55:09] INFO     - Processing count= 22
[2026-05-10 23:55:09] INFO     - Processing player of DC : 'Mitchell Starc' | 107 points | team: DC
[2026-05-10 23:55:09] DEBUG    - Match found for Mitchell Starc in Points at row 26
[2026-05-10 23:55:09] INFO     - No update needed for Mitchell Starc in Points as points are unchanged.
[2026-05-10 23:55:09] DEBUG    - ===============================================================
[2026-05-10 23:55:09] INFO     - Processing count= 23
[2026-05-10 23:55:09] INFO     - Processing player of GT : 'Glenn Phillips' | 165 points | team: GT
[2026-05-10 23:55:09] DEBUG    - Match found for Glenn Phillips in Points at row 27
[2026-05-10 23:55:09] INFO     - No update needed for Glenn Phillips in Points as points are unchanged.
[2026-05-10 23:55:09] DEBUG    - ===============================================================
[2026-05-10 23:55:09] INFO     - Processing count= 24
[2026-05-10 23:55:09] INFO     - Processing player of KKR : 'Sunil Narine' | 396 points | team: KKR
[2026-05-10 23:55:09] DEBUG    - Match found for Sunil Narine in Points at row 28
[2026-05-10 23:55:09] INFO     - No update needed for Sunil Narine in Points as points are unchanged.
[2026-05-10 23:55:09] DEBUG    - ===============================================================
[2026-05-10 23:55:09] INFO     - Processing count= 25
[2026-05-10 23:55:09] INFO     - Processing player of KKR : 'Ajinkya Rahane' | 355 points | team: KKR
[2026-05-10 23:55:09] DEBUG    - Match found for Ajinkya Rahane in Points at row 29
[2026-05-10 23:55:09] INFO     - No update needed for Ajinkya Rahane in Points as points are unchanged.
[2026-05-10 23:55:09] DEBUG    - ===============================================================
[2026-05-10 23:55:09] INFO     - Processing count= 26
[2026-05-10 23:55:09] INFO     - Processing player of LSG : 'Ayush Badoni' | 266 points | team: LSG
[2026-05-10 23:55:09] DEBUG    - Match found for Ayush Badoni in Points at row 30
[2026-05-10 23:55:09] INFO     - No update needed for Ayush Badoni in Points as points are unchanged.
[2026-05-10 23:55:09] DEBUG    - ===============================================================
[2026-05-10 23:55:09] INFO     - Processing count= 27
[2026-05-10 23:55:09] INFO     - Processing player of MI : 'Hardik Pandya' | 330 points | team: MI
[2026-05-10 23:55:09] DEBUG    - Match found for Hardik Pandya in Points at row 31
[2026-05-10 23:55:09] INFO     - No update needed for Hardik Pandya in Points as points are unchanged.
[2026-05-10 23:55:09] DEBUG    - ===============================================================
[2026-05-10 23:55:09] INFO     - Processing count= 28
[2026-05-10 23:55:09] INFO     - Processing player of MI : 'Suryakumar Yadav' | 324 points | team: MI
[2026-05-10 23:55:09] DEBUG    - Match found for Suryakumar Yadav in Points at row 32
[2026-05-10 23:55:10] INFO     - Points gained for Suryakumar Yadav in Points: 2 (Points: 324, Dot Balls: 0, Previous Total: 322)
[2026-05-10 23:55:10] INFO     - Data updated successfully for Suryakumar Yadav in Points - 324 points and 0 dot balls!
[2026-05-10 23:55:10] DEBUG    - Sleeping 3s before next update.
[2026-05-10 23:55:13] DEBUG    - ===============================================================
[2026-05-10 23:55:13] INFO     - Processing count= 29
[2026-05-10 23:55:13] INFO     - Processing player of MI : 'Rohit Sharma' | 364 points | team: MI
[2026-05-10 23:55:13] DEBUG    - Match found for Rohit Sharma in Points at row 33
[2026-05-10 23:55:14] INFO     - Points gained for Rohit Sharma in Points: 38 (Points: 364, Dot Balls: 0, Previous Total: 326)
[2026-05-10 23:55:14] INFO     - Data updated successfully for Rohit Sharma in Points - 364 points and 0 dot balls!
[2026-05-10 23:55:14] DEBUG    - Sleeping 3s before next update.
[2026-05-10 23:55:17] DEBUG    - ===============================================================
[2026-05-10 23:55:17] INFO     - Processing count= 30
[2026-05-10 23:55:17] INFO     - Processing player of PBSK : 'Priyansh Arya' | 449 points | team: PBSK
[2026-05-10 23:55:17] DEBUG    - Match found for Priyansh Arya in Points at row 34
[2026-05-10 23:55:17] INFO     - No update needed for Priyansh Arya in Points as points are unchanged.
[2026-05-10 23:55:17] DEBUG    - ===============================================================
[2026-05-10 23:55:17] INFO     - Processing count= 31
[2026-05-10 23:55:17] INFO     - Processing player of RCB : 'Phil Salt' | 348 points | team: RCB
[2026-05-10 23:55:17] DEBUG    - Match found for Phil Salt in Points at row 35
[2026-05-10 23:55:17] INFO     - No update needed for Phil Salt in Points as points are unchanged.
[2026-05-10 23:55:17] DEBUG    - ===============================================================
[2026-05-10 23:55:17] INFO     - Processing count= 32
[2026-05-10 23:55:17] INFO     - Processing player of RCB : 'Bhuvneshwar Kumar' | 696 points | team: RCB
[2026-05-10 23:55:17] DEBUG    - Match found for Bhuvneshwar Kumar in Points at row 36
[2026-05-10 23:55:18] INFO     - Points gained for Bhuvneshwar Kumar in Points: 145 (Points: 696, Dot Balls: 103, Previous Total: 654)
[2026-05-10 23:55:18] INFO     - Data updated successfully for Bhuvneshwar Kumar in Points - 696 points and 103 dot balls!
[2026-05-10 23:55:18] DEBUG    - Sleeping 3s before next update.
[2026-05-10 23:55:21] DEBUG    - ===============================================================
[2026-05-10 23:55:21] INFO     - Processing count= 33
[2026-05-10 23:55:21] INFO     - Processing player of RCB : 'Josh Hazlewood' | 330 points | team: RCB
[2026-05-10 23:55:21] DEBUG    - Match found for Josh Hazlewood in Points at row 37
[2026-05-10 23:55:22] INFO     - Points gained for Josh Hazlewood in Points: 41 (Points: 330, Dot Balls: 83, Previous Total: 372)
[2026-05-10 23:55:22] INFO     - Data updated successfully for Josh Hazlewood in Points - 330 points and 83 dot balls!
[2026-05-10 23:55:22] DEBUG    - Sleeping 3s before next update.
[2026-05-10 23:55:25] DEBUG    - ===============================================================
[2026-05-10 23:55:25] INFO     - Processing count= 34
[2026-05-10 23:55:25] INFO     - Processing player of RR : 'Shimron Hetmyer' | 169 points | team: RR
[2026-05-10 23:55:25] DEBUG    - Match found for Shimron Hetmyer in Points at row 38
[2026-05-10 23:55:25] INFO     - No update needed for Shimron Hetmyer in Points as points are unchanged.
[2026-05-10 23:55:25] DEBUG    - ===============================================================
[2026-05-10 23:55:25] INFO     - Processing count= 35
[2026-05-10 23:55:25] INFO     - Processing player of RR : 'Sandeep Sharma' | 163 points | team: RR
[2026-05-10 23:55:25] DEBUG    - Match found for Sandeep Sharma in Points at row 39
[2026-05-10 23:55:25] INFO     - No update needed for Sandeep Sharma in Points as points are unchanged.
[2026-05-10 23:55:25] DEBUG    - ===============================================================
[2026-05-10 23:55:25] INFO     - Processing count= 36
[2026-05-10 23:55:25] INFO     - Processing player of PBSK : 'Marco Jansen' | 284 points | team: PBSK
[2026-05-10 23:55:25] DEBUG    - Match found for Marco Jansen in Points at row 40
[2026-05-10 23:55:25] INFO     - No update needed for Marco Jansen in Points as points are unchanged.
[2026-05-10 23:55:25] DEBUG    - ===============================================================
[2026-05-10 23:55:25] INFO     - Processing count= 37
[2026-05-10 23:55:25] INFO     - Processing player of CSK : 'Prashant Veer' | 97 points | team: CSK
[2026-05-10 23:55:25] DEBUG    - Match found for Prashant Veer in Points at row 41
[2026-05-10 23:55:26] INFO     - Points gained for Prashant Veer in Points: 27 (Points: 97, Dot Balls: 5, Previous Total: 75)
[2026-05-10 23:55:26] INFO     - Data updated successfully for Prashant Veer in Points - 97 points and 5 dot balls!
[2026-05-10 23:55:26] DEBUG    - Sleeping 3s before next update.
[2026-05-10 23:55:29] DEBUG    - ===============================================================
[2026-05-10 23:55:29] INFO     - Processing count= 38
[2026-05-10 23:55:29] INFO     - Processing player of CSK : 'Ruturaj Gaikwad' | 457 points | team: CSK
[2026-05-10 23:55:29] DEBUG    - Match found for Ruturaj Gaikwad in Points at row 42
[2026-05-10 23:55:30] INFO     - Points gained for Ruturaj Gaikwad in Points: 61 (Points: 457, Dot Balls: 0, Previous Total: 396)
[2026-05-10 23:55:30] INFO     - Data updated successfully for Ruturaj Gaikwad in Points - 457 points and 0 dot balls!
[2026-05-10 23:55:30] DEBUG    - Sleeping 3s before next update.
[2026-05-10 23:55:33] DEBUG    - ===============================================================
[2026-05-10 23:55:33] INFO     - Processing count= 39
[2026-05-10 23:55:33] INFO     - Processing player of DC : 'Axar Patel' | 371 points | team: DC
[2026-05-10 23:55:33] DEBUG    - Match found for Axar Patel in Points at row 43
[2026-05-10 23:55:33] INFO     - No update needed for Axar Patel in Points as points are unchanged.
[2026-05-10 23:55:33] DEBUG    - ===============================================================
[2026-05-10 23:55:33] INFO     - Processing count= 40
[2026-05-10 23:55:33] INFO     - Processing player of DC : 'Abishek Porel' | 41 points | team: DC
[2026-05-10 23:55:33] DEBUG    - Match found for Abishek Porel in Points at row 44
[2026-05-10 23:55:33] INFO     - No update needed for Abishek Porel in Points as points are unchanged.
[2026-05-10 23:55:33] DEBUG    - ===============================================================
[2026-05-10 23:55:33] INFO     - Processing count= 41
[2026-05-10 23:55:33] INFO     - Processing player of DC : 'KL Rahul' | 720 points | team: DC
[2026-05-10 23:55:33] DEBUG    - Match found for KL Rahul in Points at row 45
[2026-05-10 23:55:33] INFO     - No update needed for KL Rahul in Points as points are unchanged.
[2026-05-10 23:55:33] DEBUG    - ===============================================================
[2026-05-10 23:55:33] INFO     - Processing count= 42
[2026-05-10 23:55:33] INFO     - Processing player of GT : 'Rashid Khan' | 554 points | team: GT
[2026-05-10 23:55:33] DEBUG    - Match found for Rashid Khan in Points at row 46
[2026-05-10 23:55:33] INFO     - No update needed for Rashid Khan in Points as points are unchanged.
[2026-05-10 23:55:33] DEBUG    - ===============================================================
[2026-05-10 23:55:33] INFO     - Processing count= 43
[2026-05-10 23:55:33] INFO     - Processing player of KKR : 'Cameron Green' | 486 points | team: KKR
[2026-05-10 23:55:33] DEBUG    - Match found for Cameron Green in Points at row 47
[2026-05-10 23:55:33] INFO     - No update needed for Cameron Green in Points as points are unchanged.
[2026-05-10 23:55:33] DEBUG    - ===============================================================
[2026-05-10 23:55:33] INFO     - Processing count= 44
[2026-05-10 23:55:33] INFO     - Processing player of KKR : 'Varun Chakaravarthy' | 308 points | team: KKR
[2026-05-10 23:55:33] DEBUG    - Match found for Varun Chakaravarthy in Points at row 48
[2026-05-10 23:55:33] INFO     - No update needed for Varun Chakaravarthy in Points as points are unchanged.
[2026-05-10 23:55:33] DEBUG    - ===============================================================
[2026-05-10 23:55:33] INFO     - Processing count= 45
[2026-05-10 23:55:33] INFO     - Processing player of LSG : 'Digvesh Singh' | 187 points | team: LSG
[2026-05-10 23:55:33] DEBUG    - Match found for Digvesh Singh in Points at row 49
[2026-05-10 23:55:34] INFO     - Points gained for Digvesh Singh in Points: 73 (Points: 187, Dot Balls: 48, Previous Total: 162)
[2026-05-10 23:55:34] INFO     - Data updated successfully for Digvesh Singh in Points - 187 points and 48 dot balls!
[2026-05-10 23:55:34] DEBUG    - Sleeping 3s before next update.
[2026-05-10 23:55:37] DEBUG    - ===============================================================
[2026-05-10 23:55:37] INFO     - Processing count= 46
[2026-05-10 23:55:37] INFO     - Processing player of LSG : 'Rishabh Pant' | 462 points | team: LSG
[2026-05-10 23:55:37] DEBUG    - Match found for Rishabh Pant in Points at row 50
[2026-05-10 23:55:38] INFO     - Points gained for Rishabh Pant in Points: 21 (Points: 462, Dot Balls: 0, Previous Total: 441)
[2026-05-10 23:55:38] INFO     - Data updated successfully for Rishabh Pant in Points - 462 points and 0 dot balls!
[2026-05-10 23:55:38] DEBUG    - Sleeping 3s before next update.
[2026-05-10 23:55:41] DEBUG    - ===============================================================
[2026-05-10 23:55:41] INFO     - Processing count= 47
[2026-05-10 23:55:41] INFO     - Processing player of PBSK : 'Arshdeep Singh' | 332 points | team: PBSK
[2026-05-10 23:55:41] DEBUG    - Match found for Arshdeep Singh in Points at row 51
[2026-05-10 23:55:41] INFO     - No update needed for Arshdeep Singh in Points as points are unchanged.
[2026-05-10 23:55:41] DEBUG    - ===============================================================
[2026-05-10 23:55:41] INFO     - Processing count= 48
[2026-05-10 23:55:41] INFO     - Processing player of RCB : 'Krunal Pandya' | 511 points | team: RCB
[2026-05-10 23:55:41] DEBUG    - Match found for Krunal Pandya in Points at row 52
[2026-05-10 23:55:41] INFO     - Points gained for Krunal Pandya in Points: 104 (Points: 511, Dot Balls: 58, Previous Total: 465)
[2026-05-10 23:55:41] INFO     - Data updated successfully for Krunal Pandya in Points - 511 points and 58 dot balls!
[2026-05-10 23:55:41] DEBUG    - Sleeping 3s before next update.
[2026-05-10 23:55:44] DEBUG    - ===============================================================
[2026-05-10 23:55:44] INFO     - Processing count= 49
[2026-05-10 23:55:44] INFO     - Processing player of RCB : 'Rajat Patidar' | 570 points | team: RCB
[2026-05-10 23:55:44] DEBUG    - Match found for Rajat Patidar in Points at row 53
[2026-05-10 23:55:45] INFO     - Points gained for Rajat Patidar in Points: 29 (Points: 570, Dot Balls: 0, Previous Total: 541)
[2026-05-10 23:55:45] INFO     - Data updated successfully for Rajat Patidar in Points - 570 points and 0 dot balls!
[2026-05-10 23:55:45] DEBUG    - Sleeping 3s before next update.
[2026-05-10 23:55:48] DEBUG    - ===============================================================
[2026-05-10 23:55:48] INFO     - Processing count= 50
[2026-05-10 23:55:48] INFO     - Processing player of RR : 'Yashasvi Jaiswal' | 503 points | team: RR
[2026-05-10 23:55:48] DEBUG    - Match found for Yashasvi Jaiswal in Points at row 54
[2026-05-10 23:55:48] INFO     - No update needed for Yashasvi Jaiswal in Points as points are unchanged.
[2026-05-10 23:55:48] DEBUG    - ===============================================================
[2026-05-10 23:55:48] INFO     - Processing count= 51
[2026-05-10 23:55:48] INFO     - Processing player of SRH : 'Travis Head' | 549 points | team: SRH
[2026-05-10 23:55:48] DEBUG    - Match found for Travis Head in Points at row 55
[2026-05-10 23:55:48] INFO     - No update needed for Travis Head in Points as points are unchanged.
[2026-05-10 23:55:48] DEBUG    - ===============================================================
[2026-05-10 23:55:48] INFO     - Processing count= 52
[2026-05-10 23:55:48] INFO     - Processing player of SRH : 'Nitish Kumar Reddy' | 577 points | team: SRH
[2026-05-10 23:55:48] DEBUG    - Match found for Nitish Kumar Reddy in Points at row 56
[2026-05-10 23:55:48] INFO     - No update needed for Nitish Kumar Reddy in Points as points are unchanged.
[2026-05-10 23:55:48] DEBUG    - ===============================================================
[2026-05-10 23:55:48] INFO     - Processing count= 53
[2026-05-10 23:55:48] INFO     - Processing player of MI : 'Naman Dhir' | 509 points | team: MI
[2026-05-10 23:55:48] DEBUG    - Match found for Naman Dhir in Points at row 57
[2026-05-10 23:55:49] INFO     - Points gained for Naman Dhir in Points: 74 (Points: 509, Dot Balls: 0, Previous Total: 435)
[2026-05-10 23:55:49] INFO     - Data updated successfully for Naman Dhir in Points - 509 points and 0 dot balls!
[2026-05-10 23:55:49] DEBUG    - Sleeping 3s before next update.
[2026-05-10 23:55:52] DEBUG    - ===============================================================
[2026-05-10 23:55:52] INFO     - Processing count= 54
[2026-05-10 23:55:52] INFO     - Processing player of KKR : 'Finn Allen' | 335 points | team: KKR
[2026-05-10 23:55:52] DEBUG    - Match found for Finn Allen in Points at row 58
[2026-05-10 23:55:52] INFO     - No update needed for Finn Allen in Points as points are unchanged.
[2026-05-10 23:55:52] DEBUG    - ===============================================================
[2026-05-10 23:55:52] INFO     - Processing count= 55
[2026-05-10 23:55:52] INFO     - Processing player of GT : 'Rahul Tewatia' | 166 points | team: GT
[2026-05-10 23:55:52] DEBUG    - Match found for Rahul Tewatia in Points at row 59
[2026-05-10 23:55:52] INFO     - No update needed for Rahul Tewatia in Points as points are unchanged.
[2026-05-10 23:55:52] DEBUG    - ===============================================================
[2026-05-10 23:55:52] INFO     - Processing count= 56
[2026-05-10 23:55:52] INFO     - Processing player of GT : 'Jason Holder' | 431 points | team: GT
[2026-05-10 23:55:52] DEBUG    - Match found for Jason Holder in Points at row 60
[2026-05-10 23:55:52] INFO     - No update needed for Jason Holder in Points as points are unchanged.
[2026-05-10 23:55:52] DEBUG    - ===============================================================
[2026-05-10 23:55:52] INFO     - Processing count= 57
[2026-05-10 23:55:52] INFO     - Processing player of CSK : 'Dewald Brevis' | 242 points | team: CSK
[2026-05-10 23:55:52] DEBUG    - Match found for Dewald Brevis in Points at row 61
[2026-05-10 23:55:54] INFO     - Points gained for Dewald Brevis in Points: 35 (Points: 242, Dot Balls: 0, Previous Total: 207)
[2026-05-10 23:55:54] INFO     - Data updated successfully for Dewald Brevis in Points - 242 points and 0 dot balls!
[2026-05-10 23:55:54] DEBUG    - Sleeping 3s before next update.
[2026-05-10 23:55:57] DEBUG    - ===============================================================
[2026-05-10 23:55:57] INFO     - Processing count= 58
[2026-05-10 23:55:57] INFO     - Processing player of CSK : 'Noor Ahmad' | 392 points | team: CSK
[2026-05-10 23:55:57] DEBUG    - Match found for Noor Ahmad in Points at row 62
[2026-05-10 23:55:58] INFO     - Points gained for Noor Ahmad in Points: 41 (Points: 392, Dot Balls: 75, Previous Total: 426)
[2026-05-10 23:55:58] INFO     - Data updated successfully for Noor Ahmad in Points - 392 points and 75 dot balls!
[2026-05-10 23:55:58] DEBUG    - Sleeping 3s before next update.
[2026-05-10 23:56:01] DEBUG    - ===============================================================
[2026-05-10 23:56:01] INFO     - Processing count= 59
[2026-05-10 23:56:01] INFO     - Processing player of DC : 'Auqib Nabi' | 5 points | team: DC
[2026-05-10 23:56:01] DEBUG    - Match found for Auqib Nabi in Points at row 63
[2026-05-10 23:56:01] INFO     - No update needed for Auqib Nabi in Points as points are unchanged.
[2026-05-10 23:56:01] DEBUG    - ===============================================================
[2026-05-10 23:56:01] INFO     - Processing count= 60
[2026-05-10 23:56:01] INFO     - Processing player of GT : 'Jos Buttler' | 677 points | team: GT
[2026-05-10 23:56:01] DEBUG    - Match found for Jos Buttler in Points at row 64
[2026-05-10 23:56:01] INFO     - No update needed for Jos Buttler in Points as points are unchanged.
[2026-05-10 23:56:01] DEBUG    - ===============================================================
[2026-05-10 23:56:01] INFO     - Processing count= 61
[2026-05-10 23:56:01] INFO     - Processing player of GT : 'Prasidh Krishna' | 334 points | team: GT
[2026-05-10 23:56:01] DEBUG    - Match found for Prasidh Krishna in Points at row 65
[2026-05-10 23:56:01] INFO     - No update needed for Prasidh Krishna in Points as points are unchanged.
[2026-05-10 23:56:01] DEBUG    - ===============================================================
[2026-05-10 23:56:01] INFO     - Processing count= 62
[2026-05-10 23:56:01] INFO     - Processing player of KKR : 'Vaibhav Arora' | 332 points | team: KKR
[2026-05-10 23:56:01] DEBUG    - Match found for Vaibhav Arora in Points at row 66
[2026-05-10 23:56:01] INFO     - No update needed for Vaibhav Arora in Points as points are unchanged.
[2026-05-10 23:56:01] DEBUG    - ===============================================================
[2026-05-10 23:56:01] INFO     - Processing count= 63
[2026-05-10 23:56:01] INFO     - Processing player of LSG : 'Aiden Markram' | 411 points | team: LSG
[2026-05-10 23:56:01] DEBUG    - Match found for Aiden Markram in Points at row 67
[2026-05-10 23:56:02] INFO     - Points gained for Aiden Markram in Points: 10 (Points: 411, Dot Balls: 8, Previous Total: 409)
[2026-05-10 23:56:02] INFO     - Data updated successfully for Aiden Markram in Points - 411 points and 8 dot balls!
[2026-05-10 23:56:02] DEBUG    - Sleeping 3s before next update.
[2026-05-10 23:56:05] DEBUG    - ===============================================================
[2026-05-10 23:56:05] INFO     - Processing count= 64
[2026-05-10 23:56:05] INFO     - Processing player of MI : 'Will Jacks' | 136 points | team: MI
[2026-05-10 23:56:05] DEBUG    - Match found for Will Jacks in Points at row 68
[2026-05-10 23:56:06] INFO     - Points gained for Will Jacks in Points: 20 (Points: 136, Dot Balls: 6, Previous Total: 122)
[2026-05-10 23:56:06] INFO     - Data updated successfully for Will Jacks in Points - 136 points and 6 dot balls!
[2026-05-10 23:56:06] DEBUG    - Sleeping 3s before next update.
[2026-05-10 23:56:09] DEBUG    - ===============================================================
[2026-05-10 23:56:09] INFO     - Processing count= 65
[2026-05-10 23:56:09] INFO     - Processing player of PBSK : 'Nehal Wadhera' | 127 points | team: PBSK
[2026-05-10 23:56:09] DEBUG    - Match found for Nehal Wadhera in Points at row 69
[2026-05-10 23:56:09] INFO     - No update needed for Nehal Wadhera in Points as points are unchanged.
[2026-05-10 23:56:09] DEBUG    - ===============================================================
[2026-05-10 23:56:09] INFO     - Processing count= 66
[2026-05-10 23:56:09] INFO     - Processing player of PBSK : 'Shreyas Iyer' | 551 points | team: PBSK
[2026-05-10 23:56:09] DEBUG    - Match found for Shreyas Iyer in Points at row 70
[2026-05-10 23:56:09] INFO     - No update needed for Shreyas Iyer in Points as points are unchanged.
[2026-05-10 23:56:09] DEBUG    - ===============================================================
[2026-05-10 23:56:09] INFO     - Processing count= 67
[2026-05-10 23:56:09] INFO     - Processing player of RCB : 'Devdutt Padikkal' | 595 points | team: RCB
[2026-05-10 23:56:09] DEBUG    - Match found for Devdutt Padikkal in Points at row 71
[2026-05-10 23:56:10] INFO     - Points gained for Devdutt Padikkal in Points: 19 (Points: 595, Dot Balls: 0, Previous Total: 576)
[2026-05-10 23:56:10] INFO     - Data updated successfully for Devdutt Padikkal in Points - 595 points and 0 dot balls!
[2026-05-10 23:56:10] DEBUG    - Sleeping 3s before next update.
[2026-05-10 23:56:13] DEBUG    - ===============================================================
[2026-05-10 23:56:13] INFO     - Processing count= 68
[2026-05-10 23:56:13] INFO     - Processing player of RCB : 'Virat Kohli' | 609 points | team: RCB
[2026-05-10 23:56:13] DEBUG    - Match found for Virat Kohli in Points at row 72
[2026-05-10 23:56:14] INFO     - Points gained for Virat Kohli in Points: 10 (Points: 609, Dot Balls: 0, Previous Total: 599)
[2026-05-10 23:56:14] INFO     - Data updated successfully for Virat Kohli in Points - 609 points and 0 dot balls!
[2026-05-10 23:56:14] DEBUG    - Sleeping 3s before next update.
[2026-05-10 23:56:17] DEBUG    - ===============================================================
[2026-05-10 23:56:17] INFO     - Processing count= 69
[2026-05-10 23:56:17] INFO     - Processing player of RR : 'Riyan Parag' | 395 points | team: RR
[2026-05-10 23:56:17] DEBUG    - Match found for Riyan Parag in Points at row 73
[2026-05-10 23:56:17] INFO     - No update needed for Riyan Parag in Points as points are unchanged.
[2026-05-10 23:56:17] DEBUG    - ===============================================================
[2026-05-10 23:56:17] INFO     - Processing count= 70
[2026-05-10 23:56:17] INFO     - Processing player of SRH : 'Harshal Patel' | 20 points | team: SRH
[2026-05-10 23:56:17] DEBUG    - Match found for Harshal Patel in Points at row 74
[2026-05-10 23:56:17] INFO     - No update needed for Harshal Patel in Points as points are unchanged.
[2026-05-10 23:56:17] DEBUG    - ===============================================================
[2026-05-10 23:56:17] INFO     - Processing count= 71
[2026-05-10 23:56:17] INFO     - Processing player of SRH : 'Heinrich Klaasen' | 788 points | team: SRH
[2026-05-10 23:56:17] DEBUG    - Match found for Heinrich Klaasen in Points at row 75
[2026-05-10 23:56:17] INFO     - No update needed for Heinrich Klaasen in Points as points are unchanged.
[2026-05-10 23:56:17] DEBUG    - ===============================================================
[2026-05-10 23:56:17] INFO     - Processing count= 72
[2026-05-10 23:56:17] INFO     - Processing player of DC : 'Nitish Rana' | 374 points | team: DC
[2026-05-10 23:56:17] DEBUG    - Match found for Nitish Rana in Points at row 76
[2026-05-10 23:56:17] INFO     - No update needed for Nitish Rana in Points as points are unchanged.
[2026-05-10 23:56:17] DEBUG    - ===============================================================
[2026-05-10 23:56:17] INFO     - Processing count= 73
[2026-05-10 23:56:17] INFO     - Processing player of MI : 'Trent Boult' | 84 points | team: MI
[2026-05-10 23:56:17] DEBUG    - Match found for Trent Boult in Points at row 77
[2026-05-10 23:56:17] INFO     - No update needed for Trent Boult in Points as points are unchanged.
[2026-05-10 23:56:17] DEBUG    - ===============================================================
[2026-05-10 23:56:17] INFO     - Processing count= 74
[2026-05-10 23:56:17] INFO     - Processing player of RCB : 'Venkatesh Iyer' | 61 points | team: RCB
[2026-05-10 23:56:17] DEBUG    - Match found for Venkatesh Iyer in Points at row 78
[2026-05-10 23:56:17] INFO     - No update needed for Venkatesh Iyer in Points as points are unchanged.
[2026-05-10 23:56:17] DEBUG    - ===============================================================
[2026-05-10 23:56:17] INFO     - Processing count= 75
[2026-05-10 23:56:17] INFO     - 
Skipping Yash Dayal as points is zero.
[2026-05-10 23:56:17] DEBUG    - ===============================================================
[2026-05-10 23:56:17] INFO     - Processing count= 76
[2026-05-10 23:56:17] INFO     - Processing player of MI : 'Shardul Thakur' | 169 points | team: MI
[2026-05-10 23:56:17] DEBUG    - Match found for Shardul Thakur in Points at row 80
[2026-05-10 23:56:17] INFO     - No update needed for Shardul Thakur in Points as points are unchanged.
[2026-05-10 23:56:17] DEBUG    - ===============================================================
[2026-05-10 23:56:17] INFO     - Processing count= 77
[2026-05-10 23:56:17] INFO     - Processing player of CSK : 'Rahul Chahar' | 8 points | team: CSK
[2026-05-10 23:56:17] DEBUG    - Match found for Rahul Chahar in Points at row 81
[2026-05-10 23:56:17] INFO     - No update needed for Rahul Chahar in Points as points are unchanged.
[2026-05-10 23:56:17] DEBUG    - ===============================================================
[2026-05-10 23:56:17] INFO     - Processing count= 78
[2026-05-10 23:56:17] INFO     - Processing player of CSK : 'Khaleel Ahmed' | 70 points | team: CSK
[2026-05-10 23:56:17] DEBUG    - Match found for Khaleel Ahmed in Points at row 82
[2026-05-10 23:56:17] INFO     - No update needed for Khaleel Ahmed in Points as points are unchanged.
[2026-05-10 23:56:17] DEBUG    - ===============================================================
[2026-05-10 23:56:17] INFO     - Processing count= 79
[2026-05-10 23:56:17] INFO     - Processing player of DC : 'Tristan Stubbs' | 414 points | team: DC
[2026-05-10 23:56:17] DEBUG    - Match found for Tristan Stubbs in Points at row 83
[2026-05-10 23:56:17] INFO     - No update needed for Tristan Stubbs in Points as points are unchanged.
[2026-05-10 23:56:17] DEBUG    - ===============================================================
[2026-05-10 23:56:17] INFO     - Processing count= 80
[2026-05-10 23:56:17] INFO     - Processing player of DC : 'Kuldeep Yadav' | 244 points | team: DC
[2026-05-10 23:56:17] DEBUG    - Match found for Kuldeep Yadav in Points at row 84
[2026-05-10 23:56:17] INFO     - No update needed for Kuldeep Yadav in Points as points are unchanged.
[2026-05-10 23:56:17] DEBUG    - ===============================================================
[2026-05-10 23:56:17] INFO     - Processing count= 81
[2026-05-10 23:56:17] INFO     - Processing player of GT : 'Shubman Gill' | 734 points | team: GT
[2026-05-10 23:56:17] DEBUG    - Match found for Shubman Gill in Points at row 85
[2026-05-10 23:56:17] INFO     - No update needed for Shubman Gill in Points as points are unchanged.
[2026-05-10 23:56:17] DEBUG    - ===============================================================
[2026-05-10 23:56:17] INFO     - Processing count= 82
[2026-05-10 23:56:17] INFO     - Processing player of GT : 'Mohammed Siraj' | 366 points | team: GT
[2026-05-10 23:56:17] DEBUG    - Match found for Mohammed Siraj in Points at row 86
[2026-05-10 23:56:17] INFO     - No update needed for Mohammed Siraj in Points as points are unchanged.
[2026-05-10 23:56:17] DEBUG    - ===============================================================
[2026-05-10 23:56:17] INFO     - Processing count= 83
[2026-05-10 23:56:17] INFO     - Processing player of KKR : 'Angkrish Raghuvanshi' | 438 points | team: KKR
[2026-05-10 23:56:17] DEBUG    - Match found for Angkrish Raghuvanshi in Points at row 87
[2026-05-10 23:56:17] INFO     - No update needed for Angkrish Raghuvanshi in Points as points are unchanged.
[2026-05-10 23:56:17] DEBUG    - ===============================================================
[2026-05-10 23:56:17] INFO     - Processing count= 84
[2026-05-10 23:56:17] INFO     - Processing player of LSG : 'Mitchell Marsh' | 582 points | team: LSG
[2026-05-10 23:56:17] DEBUG    - Match found for Mitchell Marsh in Points at row 88
[2026-05-10 23:56:18] INFO     - Points gained for Mitchell Marsh in Points: 16 (Points: 582, Dot Balls: 0, Previous Total: 566)
[2026-05-10 23:56:18] INFO     - Data updated successfully for Mitchell Marsh in Points - 582 points and 0 dot balls!
[2026-05-10 23:56:18] DEBUG    - Sleeping 3s before next update.
[2026-05-10 23:56:21] DEBUG    - ===============================================================
[2026-05-10 23:56:21] INFO     - Processing count= 85
[2026-05-10 23:56:21] INFO     - Processing player of LSG : 'Nicholas Pooran' | 330 points | team: LSG
[2026-05-10 23:56:21] DEBUG    - Match found for Nicholas Pooran in Points at row 89
[2026-05-10 23:56:22] INFO     - Points gained for Nicholas Pooran in Points: 5 (Points: 330, Dot Balls: 0, Previous Total: 325)
[2026-05-10 23:56:22] INFO     - Data updated successfully for Nicholas Pooran in Points - 330 points and 0 dot balls!
[2026-05-10 23:56:22] DEBUG    - Sleeping 3s before next update.
[2026-05-10 23:56:25] DEBUG    - ===============================================================
[2026-05-10 23:56:25] INFO     - Processing count= 86
[2026-05-10 23:56:25] INFO     - Processing player of PBSK : 'Marcus Stoinis' | 325 points | team: PBSK
[2026-05-10 23:56:25] DEBUG    - Match found for Marcus Stoinis in Points at row 90
[2026-05-10 23:56:25] INFO     - No update needed for Marcus Stoinis in Points as points are unchanged.
[2026-05-10 23:56:25] DEBUG    - ===============================================================
[2026-05-10 23:56:25] INFO     - Processing count= 87
[2026-05-10 23:56:25] INFO     - Processing player of PBSK : 'Prabhsimran Singh' | 585 points | team: PBSK
[2026-05-10 23:56:25] DEBUG    - Match found for Prabhsimran Singh in Points at row 91
[2026-05-10 23:56:25] INFO     - No update needed for Prabhsimran Singh in Points as points are unchanged.
[2026-05-10 23:56:25] DEBUG    - ===============================================================
[2026-05-10 23:56:25] INFO     - Processing count= 88
[2026-05-10 23:56:25] INFO     - Processing player of PBSK : 'Shashank Singh' | 212 points | team: PBSK
[2026-05-10 23:56:25] DEBUG    - Match found for Shashank Singh in Points at row 92
[2026-05-10 23:56:25] INFO     - No update needed for Shashank Singh in Points as points are unchanged.
[2026-05-10 23:56:25] DEBUG    - ===============================================================
[2026-05-10 23:56:25] INFO     - Processing count= 89
[2026-05-10 23:56:25] INFO     - Processing player of RCB : 'Jitesh Sharma' | 254 points | team: RCB
[2026-05-10 23:56:25] DEBUG    - Match found for Jitesh Sharma in Points at row 93
[2026-05-10 23:56:26] INFO     - Points gained for Jitesh Sharma in Points: 39 (Points: 254, Dot Balls: 0, Previous Total: 215)
[2026-05-10 23:56:26] INFO     - Data updated successfully for Jitesh Sharma in Points - 254 points and 0 dot balls!
[2026-05-10 23:56:26] DEBUG    - Sleeping 3s before next update.
[2026-05-10 23:56:29] DEBUG    - ===============================================================
[2026-05-10 23:56:29] INFO     - Processing count= 90
[2026-05-10 23:56:29] INFO     - Processing player of RR : 'Jofra Archer' | 526 points | team: RR
[2026-05-10 23:56:29] DEBUG    - Match found for Jofra Archer in Points at row 94
[2026-05-10 23:56:29] INFO     - No update needed for Jofra Archer in Points as points are unchanged.
[2026-05-10 23:56:29] DEBUG    - ===============================================================
[2026-05-10 23:56:29] INFO     - Processing count= 91
[2026-05-10 23:56:29] INFO     - Processing player of RR : 'Ravindra Jadeja' | 515 points | team: RR
[2026-05-10 23:56:29] DEBUG    - Match found for Ravindra Jadeja in Points at row 95
[2026-05-10 23:56:29] INFO     - No update needed for Ravindra Jadeja in Points as points are unchanged.
[2026-05-10 23:56:29] DEBUG    - ===============================================================
[2026-05-10 23:56:29] INFO     - Processing count= 92
[2026-05-10 23:56:29] INFO     - Processing player of LSG : 'Mohammad Shami' | 326 points | team: LSG
[2026-05-10 23:56:29] DEBUG    - Match found for Mohammad Shami in Points at row 96
[2026-05-10 23:56:30] INFO     - Points gained for Mohammad Shami in Points: 10 (Points: 326, Dot Balls: 114, Previous Total: 430)
[2026-05-10 23:56:30] INFO     - Data updated successfully for Mohammad Shami in Points - 326 points and 114 dot balls!
[2026-05-10 23:56:30] DEBUG    - Sleeping 3s before next update.
[2026-05-10 23:56:33] DEBUG    - ===============================================================
[2026-05-10 23:56:33] INFO     - Processing count= 93
[2026-05-10 23:56:33] INFO     - Processing player of GT : 'Kagiso Rabada' | 590 points | team: GT
[2026-05-10 23:56:33] DEBUG    - Match found for Kagiso Rabada in Points at row 97
[2026-05-10 23:56:33] INFO     - No update needed for Kagiso Rabada in Points as points are unchanged.
[2026-05-10 23:56:33] DEBUG    - ===============================================================
[2026-05-10 23:56:33] INFO     - Processing count= 94
[2026-05-10 23:56:33] INFO     - Processing player of KKR : 'Rinku Singh' | 433 points | team: KKR
[2026-05-10 23:56:33] DEBUG    - Match found for Rinku Singh in Points at row 98
[2026-05-10 23:56:33] INFO     - No update needed for Rinku Singh in Points as points are unchanged.
[2026-05-10 23:56:33] DEBUG    - ===============================================================
[2026-05-10 23:56:33] INFO     - Processing count= 95
[2026-05-10 23:56:33] INFO     - Processing player of CSK : 'Kartik Sharma' | 259 points | team: CSK
[2026-05-10 23:56:33] DEBUG    - Match found for Kartik Sharma in Points at row 99
[2026-05-10 23:56:34] INFO     - Points gained for Kartik Sharma in Points: 25 (Points: 259, Dot Balls: 0, Previous Total: 234)
[2026-05-10 23:56:34] INFO     - Data updated successfully for Kartik Sharma in Points - 259 points and 0 dot balls!
[2026-05-10 23:56:34] DEBUG    - Sleeping 3s before next update.
[2026-05-10 23:56:37] DEBUG    - ===============================================================
[2026-05-10 23:56:37] INFO     - Processing count= 96
[2026-05-10 23:56:37] INFO     - Processing player of DC : 'Ashutosh Sharma' | 189 points | team: DC
[2026-05-10 23:56:37] DEBUG    - Match found for Ashutosh Sharma in Points at row 100
[2026-05-10 23:56:37] INFO     - No update needed for Ashutosh Sharma in Points as points are unchanged.
[2026-05-10 23:56:37] DEBUG    - ===============================================================
[2026-05-10 23:56:37] INFO     - Processing count= 97
[2026-05-10 23:56:37] INFO     - Processing player of MI : 'Corbin Bosch' | 219 points | team: MI
[2026-05-10 23:56:37] DEBUG    - Match found for Corbin Bosch in Points at row 101
[2026-05-10 23:56:38] INFO     - Points gained for Corbin Bosch in Points: 145 (Points: 219, Dot Balls: 25, Previous Total: 99)
[2026-05-10 23:56:38] INFO     - Data updated successfully for Corbin Bosch in Points - 219 points and 25 dot balls!
[2026-05-10 23:56:38] DEBUG    - Sleeping 3s before next update.
[2026-05-10 23:56:41] DEBUG    - ===============================================================
[2026-05-10 23:56:41] INFO     - Processing count= 98
[2026-05-10 23:56:41] INFO     - Processing player of RCB : 'Tim David' | 378 points | team: RCB
[2026-05-10 23:56:41] DEBUG    - Match found for Tim David in Points at row 102
[2026-05-10 23:56:42] INFO     - Points gained for Tim David in Points: 2 (Points: 378, Dot Balls: 1, Previous Total: 377)
[2026-05-10 23:56:42] INFO     - Data updated successfully for Tim David in Points - 378 points and 1 dot balls!
[2026-05-10 23:56:42] DEBUG    - Sleeping 3s before next update.
[2026-05-10 23:56:45] DEBUG    - ===============================================================
[2026-05-10 23:56:45] INFO     - Processing count= 99
[2026-05-10 23:56:45] INFO     - Processing player of PBSK : 'Cooper Connolly' | 604 points | team: PBSK
[2026-05-10 23:56:45] DEBUG    - Match found for Cooper Connolly in Points at row 103
[2026-05-10 23:56:45] INFO     - No update needed for Cooper Connolly in Points as points are unchanged.
[2026-05-10 23:56:45] DEBUG    - ===============================================================
[2026-05-10 23:56:45] INFO     - Processing count= 100
[2026-05-10 23:56:45] INFO     - Processing player of SRH : 'Liam Livingstone' | 57 points | team: SRH
[2026-05-10 23:56:45] DEBUG    - Match found for Liam Livingstone in Points at row 104
[2026-05-10 23:56:45] INFO     - No update needed for Liam Livingstone in Points as points are unchanged.
[2026-05-10 23:56:45] DEBUG    - ===============================================================
[2026-05-10 23:56:45] INFO     - Processing count= 101
[2026-05-10 23:56:45] INFO     - Processing player of PBSK : 'Vijaykumar Vyshak' | 263 points | team: PBSK
[2026-05-10 23:56:45] DEBUG    - Match found for Vijaykumar Vyshak in Points at row 105
[2026-05-10 23:56:45] INFO     - No update needed for Vijaykumar Vyshak in Points as points are unchanged.
[2026-05-10 23:56:45] DEBUG    - ===============================================================
[2026-05-10 23:56:45] INFO     - Processing count= 102
[2026-05-10 23:56:45] INFO     - Processing player of RCB : 'Suyash Sharma' | 231 points | team: RCB
[2026-05-10 23:56:45] DEBUG    - Match found for Suyash Sharma in Points at row 106
[2026-05-10 23:56:46] INFO     - Points gained for Suyash Sharma in Points: 3 (Points: 231, Dot Balls: 64, Previous Total: 292)
[2026-05-10 23:56:46] INFO     - Data updated successfully for Suyash Sharma in Points - 231 points and 64 dot balls!
[2026-05-10 23:56:46] DEBUG    - Sleeping 3s before next update.
[2026-05-10 23:56:49] DEBUG    - ===============================================================
[2026-05-10 23:56:49] INFO     - Processing count= 103
[2026-05-10 23:56:49] INFO     - Processing player of DC : 'David Miller' | 217 points | team: DC
[2026-05-10 23:56:49] DEBUG    - Match found for David Miller in Points at row 107
[2026-05-10 23:56:49] INFO     - No update needed for David Miller in Points as points are unchanged.
[2026-05-10 23:56:49] INFO     - Total players processed for team 'CSK': 10
[2026-05-10 23:56:49] INFO     - Total players processed for team 'GT': 10
[2026-05-10 23:56:49] INFO     - Total players processed for team 'LSG': 8
[2026-05-10 23:56:49] INFO     - Total players processed for team 'MI': 11
[2026-05-10 23:56:49] INFO     - Total players processed for team 'PBSK': 12
[2026-05-10 23:56:49] INFO     - Total players processed for team 'RCB': 13
[2026-05-10 23:56:49] INFO     - Total players processed for team 'RR': 8
[2026-05-10 23:56:49] INFO     - Total players processed for team 'SRH': 8
[2026-05-10 23:56:49] INFO     - Total players processed for team 'DC': 10
[2026-05-10 23:56:49] INFO     - Total players processed for team 'KKR': 8
[2026-05-10 23:56:49] DEBUG    - ===============================================================
[2026-05-10 23:56:49] WARNING  - Player not updated: Sai Sudharsan | Reason: Points unchanged
[2026-05-10 23:56:49] WARNING  - Player not updated: Mohsin Khan | Reason: Points unchanged
[2026-05-10 23:56:49] WARNING  - Player not updated: Quinton de Kock | Reason: Points unchanged
[2026-05-10 23:56:49] WARNING  - Player not updated: Harpreet Brar | Reason: Points unchanged
[2026-05-10 23:56:49] WARNING  - Player not updated: Yuzvendra Chahal | Reason: Points unchanged
[2026-05-10 23:56:49] WARNING  - Player not updated: Vaibhav Sooryavanshi | Reason: Points unchanged
[2026-05-10 23:56:49] WARNING  - Player not updated: Ravi Bishnoi | Reason: Points unchanged
[2026-05-10 23:56:49] WARNING  - Player not updated: Abhishek Sharma | Reason: Points unchanged
[2026-05-10 23:56:49] WARNING  - Player not updated: Ishan Kishan | Reason: Points unchanged
[2026-05-10 23:56:49] WARNING  - Player not updated: Pat Cummins | Reason: Points unchanged
[2026-05-10 23:56:49] WARNING  - Player not updated: Matheesha Pathirana | Reason: Points is zero
[2026-05-10 23:56:49] WARNING  - Player not updated: Nathan Ellis | Reason: Points is zero
[2026-05-10 23:56:49] WARNING  - Player not updated: Yudhvir Singh | Reason: Points is zero
[2026-05-10 23:56:49] WARNING  - Player not updated: Ayush Mhatre | Reason: Points unchanged
[2026-05-10 23:56:49] WARNING  - Player not updated: MS Dhoni | Reason: Points is zero
[2026-05-10 23:56:49] WARNING  - Player not updated: Mitchell Starc | Reason: Points unchanged
[2026-05-10 23:56:49] WARNING  - Player not updated: Glenn Phillips | Reason: Points unchanged
[2026-05-10 23:56:49] WARNING  - Player not updated: Sunil Narine | Reason: Points unchanged
[2026-05-10 23:56:49] WARNING  - Player not updated: Ajinkya Rahane | Reason: Points unchanged
[2026-05-10 23:56:49] WARNING  - Player not updated: Ayush Badoni | Reason: Points unchanged
[2026-05-10 23:56:49] WARNING  - Player not updated: Hardik Pandya | Reason: Points unchanged
[2026-05-10 23:56:49] WARNING  - Player not updated: Priyansh Arya | Reason: Points unchanged
[2026-05-10 23:56:49] WARNING  - Player not updated: Phil Salt | Reason: Points unchanged
[2026-05-10 23:56:49] WARNING  - Player not updated: Shimron Hetmyer | Reason: Points unchanged
[2026-05-10 23:56:49] WARNING  - Player not updated: Sandeep Sharma | Reason: Points unchanged
[2026-05-10 23:56:49] WARNING  - Player not updated: Marco Jansen | Reason: Points unchanged
[2026-05-10 23:56:49] WARNING  - Player not updated: Axar Patel | Reason: Points unchanged
[2026-05-10 23:56:49] WARNING  - Player not updated: Abishek Porel | Reason: Points unchanged
[2026-05-10 23:56:49] WARNING  - Player not updated: KL Rahul | Reason: Points unchanged
[2026-05-10 23:56:49] WARNING  - Player not updated: Rashid Khan | Reason: Points unchanged
[2026-05-10 23:56:49] WARNING  - Player not updated: Cameron Green | Reason: Points unchanged
[2026-05-10 23:56:49] WARNING  - Player not updated: Varun Chakaravarthy | Reason: Points unchanged
[2026-05-10 23:56:49] WARNING  - Player not updated: Arshdeep Singh | Reason: Points unchanged
[2026-05-10 23:56:49] WARNING  - Player not updated: Yashasvi Jaiswal | Reason: Points unchanged
[2026-05-10 23:56:49] WARNING  - Player not updated: Travis Head | Reason: Points unchanged
[2026-05-10 23:56:49] WARNING  - Player not updated: Nitish Kumar Reddy | Reason: Points unchanged
[2026-05-10 23:56:49] WARNING  - Player not updated: Finn Allen | Reason: Points unchanged
[2026-05-10 23:56:49] WARNING  - Player not updated: Rahul Tewatia | Reason: Points unchanged
[2026-05-10 23:56:49] WARNING  - Player not updated: Jason Holder | Reason: Points unchanged
[2026-05-10 23:56:49] WARNING  - Player not updated: Auqib Nabi | Reason: Points unchanged
[2026-05-10 23:56:49] WARNING  - Player not updated: Jos Buttler | Reason: Points unchanged
[2026-05-10 23:56:49] WARNING  - Player not updated: Prasidh Krishna | Reason: Points unchanged
[2026-05-10 23:56:49] WARNING  - Player not updated: Vaibhav Arora | Reason: Points unchanged
[2026-05-10 23:56:49] WARNING  - Player not updated: Nehal Wadhera | Reason: Points unchanged
[2026-05-10 23:56:49] WARNING  - Player not updated: Shreyas Iyer | Reason: Points unchanged
[2026-05-10 23:56:49] WARNING  - Player not updated: Riyan Parag | Reason: Points unchanged
[2026-05-10 23:56:49] WARNING  - Player not updated: Harshal Patel | Reason: Points unchanged
[2026-05-10 23:56:49] WARNING  - Player not updated: Heinrich Klaasen | Reason: Points unchanged
[2026-05-10 23:56:49] WARNING  - Player not updated: Nitish Rana | Reason: Points unchanged
[2026-05-10 23:56:49] WARNING  - Player not updated: Trent Boult | Reason: Points unchanged
[2026-05-10 23:56:49] WARNING  - Player not updated: Venkatesh Iyer | Reason: Points unchanged
[2026-05-10 23:56:49] WARNING  - Player not updated: Yash Dayal | Reason: Points is zero
[2026-05-10 23:56:49] WARNING  - Player not updated: Shardul Thakur | Reason: Points unchanged
[2026-05-10 23:56:49] WARNING  - Player not updated: Rahul Chahar | Reason: Points unchanged
[2026-05-10 23:56:49] WARNING  - Player not updated: Khaleel Ahmed | Reason: Points unchanged
[2026-05-10 23:56:49] WARNING  - Player not updated: Tristan Stubbs | Reason: Points unchanged
[2026-05-10 23:56:49] WARNING  - Player not updated: Kuldeep Yadav | Reason: Points unchanged
[2026-05-10 23:56:49] WARNING  - Player not updated: Shubman Gill | Reason: Points unchanged
[2026-05-10 23:56:49] WARNING  - Player not updated: Mohammed Siraj | Reason: Points unchanged
[2026-05-10 23:56:49] WARNING  - Player not updated: Angkrish Raghuvanshi | Reason: Points unchanged
[2026-05-10 23:56:49] WARNING  - Player not updated: Marcus Stoinis | Reason: Points unchanged
[2026-05-10 23:56:49] WARNING  - Player not updated: Prabhsimran Singh | Reason: Points unchanged
[2026-05-10 23:56:49] WARNING  - Player not updated: Shashank Singh | Reason: Points unchanged
[2026-05-10 23:56:49] WARNING  - Player not updated: Jofra Archer | Reason: Points unchanged
[2026-05-10 23:56:49] WARNING  - Player not updated: Ravindra Jadeja | Reason: Points unchanged
[2026-05-10 23:56:49] WARNING  - Player not updated: Kagiso Rabada | Reason: Points unchanged
[2026-05-10 23:56:49] WARNING  - Player not updated: Rinku Singh | Reason: Points unchanged
[2026-05-10 23:56:49] WARNING  - Player not updated: Ashutosh Sharma | Reason: Points unchanged
[2026-05-10 23:56:49] WARNING  - Player not updated: Cooper Connolly | Reason: Points unchanged
[2026-05-10 23:56:49] WARNING  - Player not updated: Liam Livingstone | Reason: Points unchanged
[2026-05-10 23:56:49] WARNING  - Player not updated: Vijaykumar Vyshak | Reason: Points unchanged
[2026-05-10 23:56:49] WARNING  - Player not updated: David Miller | Reason: Points unchanged
[2026-05-10 23:56:49] DEBUG    - ===============================================================
[2026-05-10 23:56:59] INFO     - Worksheets opened: ['Home', 'Data']
[2026-05-10 23:57:00] INFO     - Points Gained Today fetched: {'HW': 31, 'MC': 226, 'OL': 215, 'AS': 242, 'PA': 130}
[2026-05-10 23:57:00] INFO     - Writing to column 29 (10/05)
[2026-05-10 23:57:01] DEBUG    -   HW → AC2 = 31
[2026-05-10 23:57:01] DEBUG    -   MC → AC3 = 226
[2026-05-10 23:57:01] DEBUG    -   OL → AC4 = 215
[2026-05-10 23:57:01] DEBUG    -   AS → AC5 = 242
[2026-05-10 23:57:01] DEBUG    -   PA → AC6 = 130
[2026-05-10 23:57:01] INFO     - Successfully updated 5 team(s) for 10/05.
[2026-05-10 23:57:02] INFO     - TOP 12 points fetched: {'HW': 6179, 'OL': 6201, 'AS': 5953, 'PA': 5680, 'MC': 4652}
[2026-05-10 23:57:02] INFO     - Column mapping: {'HW': 2, 'MC': 3, 'OL': 4, 'AS': 5, 'PA': 6}
[2026-05-10 23:57:03] INFO     - Today '10/05' found at row 52
[2026-05-10 23:57:03] DEBUG    -   HW → B52 = 6179
[2026-05-10 23:57:03] DEBUG    -   OL → D52 = 6201
[2026-05-10 23:57:03] DEBUG    -   AS → E52 = 5953
[2026-05-10 23:57:03] DEBUG    -   PA → F52 = 5680
[2026-05-10 23:57:03] DEBUG    -   MC → C52 = 4652
[2026-05-10 23:57:03] INFO     - Successfully updated 5 team(s) for '10/05' at row 52.
[2026-05-10 23:57:04] INFO     - ═════════════════════ All updates completed ═════════════════════
