[2026-05-17 00:32:46] INFO     - ═════════════════════ Process started ═════════════════════
[2026-05-17 00:32:47] INFO     - Excel loaded: 103 players, 103 bowlers from 'C:\Users\himan\Documents\UiPath\CrickInfo\Data\IPLPointsData.xlsx'
[2026-05-17 00:32:47] INFO     - Google Sheets authentication successful.
[2026-05-17 00:32:53] INFO     - Worksheets opened: ['Points', 'Home', 'Data']
[2026-05-17 00:33:56] INFO     - Updating previous points for all players before processing.
[2026-05-17 00:33:56] DEBUG    - ======================================================
[2026-05-17 00:34:00] DEBUG    - Updated previous points for 'Shivam Dube' at row 5: 300 → 353
[2026-05-17 00:34:00] DEBUG    - Sleeping 3s after updating previous points.
[2026-05-17 00:34:03] DEBUG    - Updated previous points for 'Sanju Samson' at row 6: 685 → 712
[2026-05-17 00:34:03] DEBUG    - Sleeping 3s after updating previous points.
[2026-05-17 00:34:07] DEBUG    - Updated previous points for 'Prashant Veer' at row 41: 102 → 122
[2026-05-17 00:34:07] DEBUG    - Sleeping 3s after updating previous points.
[2026-05-17 00:34:10] DEBUG    - Updated previous points for 'Ruturaj Gaikwad' at row 42: 457 → 476
[2026-05-17 00:34:10] DEBUG    - Sleeping 3s after updating previous points.
[2026-05-17 00:34:14] DEBUG    - Updated previous points for 'Rishabh Pant' at row 50: 462 → 466
[2026-05-17 00:34:14] DEBUG    - Sleeping 3s after updating previous points.
[2026-05-17 00:34:18] DEBUG    - Updated previous points for 'Dewald Brevis' at row 61: 242 → 279
[2026-05-17 00:34:18] DEBUG    - Sleeping 3s after updating previous points.
[2026-05-17 00:34:21] DEBUG    - Updated previous points for 'Noor Ahmad' at row 62: 467 → 483
[2026-05-17 00:34:21] DEBUG    - Sleeping 3s after updating previous points.
[2026-05-17 00:34:24] DEBUG    - Updated previous points for 'Aiden Markram' at row 67: 419 → 431
[2026-05-17 00:34:24] DEBUG    - Sleeping 3s after updating previous points.
[2026-05-17 00:34:28] DEBUG    - Updated previous points for 'Mitchell Marsh' at row 88: 582 → 721
[2026-05-17 00:34:28] DEBUG    - Sleeping 3s after updating previous points.
[2026-05-17 00:34:31] DEBUG    - Updated previous points for 'Nicholas Pooran' at row 89: 330 → 393
[2026-05-17 00:34:31] DEBUG    - Sleeping 3s after updating previous points.
[2026-05-17 00:34:35] DEBUG    - Updated previous points for 'Mohammad Shami' at row 96: 440 → 475
[2026-05-17 00:34:35] DEBUG    - Sleeping 3s after updating previous points.
[2026-05-17 00:34:38] DEBUG    - Updated previous points for 'Kartik Sharma' at row 99: 259 → 362
[2026-05-17 00:34:38] DEBUG    - Sleeping 3s after updating previous points.
[2026-05-17 00:34:38] DEBUG    - ======================================================
[2026-05-17 00:44:07] DEBUG    - ===============================================================
[2026-05-17 00:44:07] INFO     - Pausing 5s before before next steps.
[2026-05-17 00:44:07] DEBUG    - ===============================================================
[2026-05-17 00:44:10] DEBUG    - ===============================================================
[2026-05-17 00:44:10] DEBUG    - ===============================================================
[2026-05-17 00:44:10] INFO     - Processing count= 1
[2026-05-17 00:44:10] INFO     - Processing player of CSK : 'Shivam Dube' | 349 points | team: CSK
[2026-05-17 00:44:10] DEBUG    - Match found for Shivam Dube in Points at row 5
[2026-05-17 00:44:10] INFO     - No update needed for Shivam Dube in Points as points are unchanged.
[2026-05-17 00:44:10] DEBUG    - ===============================================================
[2026-05-17 00:44:10] INFO     - Processing count= 2
[2026-05-17 00:44:10] INFO     - Processing player of CSK : 'Sanju Samson' | 712 points | team: CSK
[2026-05-17 00:44:10] DEBUG    - Match found for Sanju Samson in Points at row 6
[2026-05-17 00:44:10] INFO     - No update needed for Sanju Samson in Points as points are unchanged.
[2026-05-17 00:44:10] DEBUG    - ===============================================================
[2026-05-17 00:44:10] INFO     - Processing count= 3
[2026-05-17 00:44:10] INFO     - Processing player of GT : 'Sai Sudharsan' | 841 points | team: GT
[2026-05-17 00:44:10] DEBUG    - Match found for Sai Sudharsan in Points at row 7
[2026-05-17 00:44:10] INFO     - Points gained for Sai Sudharsan in Points: 83 (Points: 841, Dot Balls: 0, Previous Total: 758)
[2026-05-17 00:44:10] INFO     - Data updated successfully for Sai Sudharsan in Points - 841 points and 0 dot balls!
[2026-05-17 00:44:10] DEBUG    - Sleeping 3s before next update.
[2026-05-17 00:44:13] DEBUG    - ===============================================================
[2026-05-17 00:44:13] INFO     - Processing count= 4
[2026-05-17 00:44:13] INFO     - Processing player of LSG : 'Mohsin Khan' | 348 points | team: LSG
[2026-05-17 00:44:13] DEBUG    - Match found for Mohsin Khan in Points at row 8
[2026-05-17 00:44:13] INFO     - No update needed for Mohsin Khan in Points as points are unchanged.
[2026-05-17 00:44:13] DEBUG    - ===============================================================
[2026-05-17 00:44:13] INFO     - Processing count= 5
[2026-05-17 00:44:13] INFO     - Processing player of MI : 'Tilak Varma' | 582 points | team: MI
[2026-05-17 00:44:13] DEBUG    - Match found for Tilak Varma in Points at row 9
[2026-05-17 00:44:13] INFO     - No update needed for Tilak Varma in Points as points are unchanged.
[2026-05-17 00:44:13] DEBUG    - ===============================================================
[2026-05-17 00:44:13] INFO     - Processing count= 6
[2026-05-17 00:44:13] INFO     - Processing player of MI : 'Quinton de Kock' | 221 points | team: MI
[2026-05-17 00:44:13] DEBUG    - Match found for Quinton de Kock in Points at row 10
[2026-05-17 00:44:13] INFO     - No update needed for Quinton de Kock in Points as points are unchanged.
[2026-05-17 00:44:13] DEBUG    - ===============================================================
[2026-05-17 00:44:13] INFO     - Processing count= 7
[2026-05-17 00:44:13] INFO     - Processing player of MI : 'Jasprit Bumrah' | 151 points | team: MI
[2026-05-17 00:44:13] DEBUG    - Match found for Jasprit Bumrah in Points at row 11
[2026-05-17 00:44:13] INFO     - No update needed for Jasprit Bumrah in Points as points are unchanged.
[2026-05-17 00:44:13] DEBUG    - ===============================================================
[2026-05-17 00:44:13] INFO     - Processing count= 8
[2026-05-17 00:44:13] INFO     - Processing player of PBSK : 'Harpreet Brar' | 6 points | team: PBSK
[2026-05-17 00:44:13] DEBUG    - Match found for Harpreet Brar in Points at row 12
[2026-05-17 00:44:13] INFO     - No update needed for Harpreet Brar in Points as points are unchanged.
[2026-05-17 00:44:13] DEBUG    - ===============================================================
[2026-05-17 00:44:13] INFO     - Processing count= 9
[2026-05-17 00:44:13] INFO     - Processing player of PBSK : 'Yuzvendra Chahal' | 297 points | team: PBSK
[2026-05-17 00:44:13] DEBUG    - Match found for Yuzvendra Chahal in Points at row 13
[2026-05-17 00:44:13] INFO     - No update needed for Yuzvendra Chahal in Points as points are unchanged.
[2026-05-17 00:44:13] DEBUG    - ===============================================================
[2026-05-17 00:44:13] INFO     - Processing count= 10
[2026-05-17 00:44:13] INFO     - Processing player of RCB : 'Romario Shepherd' | 311 points | team: RCB
[2026-05-17 00:44:13] DEBUG    - Match found for Romario Shepherd in Points at row 14
[2026-05-17 00:44:13] INFO     - No update needed for Romario Shepherd in Points as points are unchanged.
[2026-05-17 00:44:13] DEBUG    - ===============================================================
[2026-05-17 00:44:13] INFO     - Processing count= 11
[2026-05-17 00:44:13] INFO     - Processing player of RR : 'Vaibhav Sooryavanshi' | 698 points | team: RR
[2026-05-17 00:44:13] DEBUG    - Match found for Vaibhav Sooryavanshi in Points at row 15
[2026-05-17 00:44:13] INFO     - No update needed for Vaibhav Sooryavanshi in Points as points are unchanged.
[2026-05-17 00:44:13] DEBUG    - ===============================================================
[2026-05-17 00:44:13] INFO     - Processing count= 12
[2026-05-17 00:44:13] INFO     - Processing player of RR : 'Ravi Bishnoi' | 359 points | team: RR
[2026-05-17 00:44:13] DEBUG    - Match found for Ravi Bishnoi in Points at row 16
[2026-05-17 00:44:13] INFO     - No update needed for Ravi Bishnoi in Points as points are unchanged.
[2026-05-17 00:44:13] DEBUG    - ===============================================================
[2026-05-17 00:44:13] INFO     - Processing count= 13
[2026-05-17 00:44:13] INFO     - Processing player of SRH : 'Abhishek Sharma' | 780 points | team: SRH
[2026-05-17 00:44:13] DEBUG    - Match found for Abhishek Sharma in Points at row 17
[2026-05-17 00:44:13] INFO     - No update needed for Abhishek Sharma in Points as points are unchanged.
[2026-05-17 00:44:13] DEBUG    - ===============================================================
[2026-05-17 00:44:13] INFO     - Processing count= 14
[2026-05-17 00:44:14] INFO     - Processing player of SRH : 'Ishan Kishan' | 712 points | team: SRH
[2026-05-17 00:44:14] DEBUG    - Match found for Ishan Kishan in Points at row 18
[2026-05-17 00:44:14] INFO     - No update needed for Ishan Kishan in Points as points are unchanged.
[2026-05-17 00:44:14] DEBUG    - ===============================================================
[2026-05-17 00:44:14] INFO     - Processing count= 15
[2026-05-17 00:44:14] INFO     - Processing player of SRH : 'Pat Cummins' | 207 points | team: SRH
[2026-05-17 00:44:14] DEBUG    - Match found for Pat Cummins in Points at row 19
[2026-05-17 00:44:14] INFO     - No update needed for Pat Cummins in Points as points are unchanged.
[2026-05-17 00:44:14] DEBUG    - ===============================================================
[2026-05-17 00:44:14] INFO     - Processing count= 16
[2026-05-17 00:44:14] INFO     - Processing player of RCB : 'Rasikh Salam' | 298 points | team: RCB
[2026-05-17 00:44:14] DEBUG    - Match found for Rasikh Salam in Points at row 20
[2026-05-17 00:44:14] INFO     - No update needed for Rasikh Salam in Points as points are unchanged.
[2026-05-17 00:44:14] DEBUG    - ===============================================================
[2026-05-17 00:44:14] INFO     - Processing count= 17
[2026-05-17 00:44:14] INFO     - Processing player of KKR : 'Matheesha Pathirana' | 4 points | team: KKR
[2026-05-17 00:44:14] DEBUG    - Match found for Matheesha Pathirana in Points at row 21
[2026-05-17 00:44:14] INFO     - Points gained for Matheesha Pathirana in Points: 8 (Points: 4, Dot Balls: 4, Previous Total: 0)
[2026-05-17 00:44:14] INFO     - Data updated successfully for Matheesha Pathirana in Points - 4 points and 4 dot balls!
[2026-05-17 00:44:14] DEBUG    - Sleeping 3s before next update.
[2026-05-17 00:44:17] DEBUG    - ===============================================================
[2026-05-17 00:44:17] INFO     - Processing count= 18
[2026-05-17 00:44:17] INFO     - 
Skipping Nathan Ellis as points is zero.
[2026-05-17 00:44:17] DEBUG    - ===============================================================
[2026-05-17 00:44:17] INFO     - Processing count= 19
[2026-05-17 00:44:17] INFO     - 
Skipping Yudhvir Singh as points is zero.
[2026-05-17 00:44:17] DEBUG    - ===============================================================
[2026-05-17 00:44:17] INFO     - Processing count= 20
[2026-05-17 00:44:17] INFO     - Processing player of CSK : 'Ayush Mhatre' | 311 points | team: CSK
[2026-05-17 00:44:17] DEBUG    - Match found for Ayush Mhatre in Points at row 24
[2026-05-17 00:44:17] INFO     - No update needed for Ayush Mhatre in Points as points are unchanged.
[2026-05-17 00:44:17] DEBUG    - ===============================================================
[2026-05-17 00:44:17] INFO     - Processing count= 21
[2026-05-17 00:44:17] INFO     - 
Skipping MS Dhoni as points is zero.
[2026-05-17 00:44:17] DEBUG    - ===============================================================
[2026-05-17 00:44:17] INFO     - Processing count= 22
[2026-05-17 00:44:17] INFO     - Processing player of DC : 'Mitchell Starc' | 155 points | team: DC
[2026-05-17 00:44:17] DEBUG    - Match found for Mitchell Starc in Points at row 26
[2026-05-17 00:44:17] INFO     - No update needed for Mitchell Starc in Points as points are unchanged.
[2026-05-17 00:44:17] DEBUG    - ===============================================================
[2026-05-17 00:44:17] INFO     - Processing count= 23
[2026-05-17 00:44:17] INFO     - Processing player of GT : 'Glenn Phillips' | 165 points | team: GT
[2026-05-17 00:44:17] DEBUG    - Match found for Glenn Phillips in Points at row 27
[2026-05-17 00:44:17] INFO     - No update needed for Glenn Phillips in Points as points are unchanged.
[2026-05-17 00:44:17] DEBUG    - ===============================================================
[2026-05-17 00:44:17] INFO     - Processing count= 24
[2026-05-17 00:44:17] INFO     - Processing player of KKR : 'Sunil Narine' | 479 points | team: KKR
[2026-05-17 00:44:17] DEBUG    - Match found for Sunil Narine in Points at row 28
[2026-05-17 00:44:18] INFO     - Points gained for Sunil Narine in Points: 65 (Points: 479, Dot Balls: 113, Previous Total: 527)
[2026-05-17 00:44:18] INFO     - Data updated successfully for Sunil Narine in Points - 479 points and 113 dot balls!
[2026-05-17 00:44:18] DEBUG    - Sleeping 3s before next update.
[2026-05-17 00:44:21] DEBUG    - ===============================================================
[2026-05-17 00:44:21] INFO     - Processing count= 25
[2026-05-17 00:44:21] INFO     - Processing player of KKR : 'Ajinkya Rahane' | 422 points | team: KKR
[2026-05-17 00:44:21] DEBUG    - Match found for Ajinkya Rahane in Points at row 29
[2026-05-17 00:44:22] INFO     - Points gained for Ajinkya Rahane in Points: 21 (Points: 422, Dot Balls: 0, Previous Total: 401)
[2026-05-17 00:44:22] INFO     - Data updated successfully for Ajinkya Rahane in Points - 422 points and 0 dot balls!
[2026-05-17 00:44:22] DEBUG    - Sleeping 3s before next update.
[2026-05-17 00:44:25] DEBUG    - ===============================================================
[2026-05-17 00:44:25] INFO     - Processing count= 26
[2026-05-17 00:44:25] INFO     - Processing player of LSG : 'Ayush Badoni' | 266 points | team: LSG
[2026-05-17 00:44:25] DEBUG    - Match found for Ayush Badoni in Points at row 30
[2026-05-17 00:44:25] INFO     - No update needed for Ayush Badoni in Points as points are unchanged.
[2026-05-17 00:44:25] DEBUG    - ===============================================================
[2026-05-17 00:44:25] INFO     - Processing count= 27
[2026-05-17 00:44:25] INFO     - Processing player of MI : 'Hardik Pandya' | 330 points | team: MI
[2026-05-17 00:44:25] DEBUG    - Match found for Hardik Pandya in Points at row 31
[2026-05-17 00:44:25] INFO     - No update needed for Hardik Pandya in Points as points are unchanged.
[2026-05-17 00:44:25] DEBUG    - ===============================================================
[2026-05-17 00:44:25] INFO     - Processing count= 28
[2026-05-17 00:44:25] INFO     - Processing player of MI : 'Suryakumar Yadav' | 324 points | team: MI
[2026-05-17 00:44:25] DEBUG    - Match found for Suryakumar Yadav in Points at row 32
[2026-05-17 00:44:25] INFO     - No update needed for Suryakumar Yadav in Points as points are unchanged.
[2026-05-17 00:44:25] DEBUG    - ===============================================================
[2026-05-17 00:44:25] INFO     - Processing count= 29
[2026-05-17 00:44:25] INFO     - Processing player of MI : 'Rohit Sharma' | 397 points | team: MI
[2026-05-17 00:44:25] DEBUG    - Match found for Rohit Sharma in Points at row 33
[2026-05-17 00:44:25] INFO     - No update needed for Rohit Sharma in Points as points are unchanged.
[2026-05-17 00:44:25] DEBUG    - ===============================================================
[2026-05-17 00:44:25] INFO     - Processing count= 30
[2026-05-17 00:44:25] INFO     - Processing player of PBSK : 'Priyansh Arya' | 573 points | team: PBSK
[2026-05-17 00:44:25] DEBUG    - Match found for Priyansh Arya in Points at row 34
[2026-05-17 00:44:25] INFO     - No update needed for Priyansh Arya in Points as points are unchanged.
[2026-05-17 00:44:25] DEBUG    - ===============================================================
[2026-05-17 00:44:25] INFO     - Processing count= 31
[2026-05-17 00:44:25] INFO     - Processing player of RCB : 'Phil Salt' | 348 points | team: RCB
[2026-05-17 00:44:25] DEBUG    - Match found for Phil Salt in Points at row 35
[2026-05-17 00:44:25] INFO     - No update needed for Phil Salt in Points as points are unchanged.
[2026-05-17 00:44:25] DEBUG    - ===============================================================
[2026-05-17 00:44:25] INFO     - Processing count= 32
[2026-05-17 00:44:25] INFO     - Processing player of RCB : 'Bhuvneshwar Kumar' | 731 points | team: RCB
[2026-05-17 00:44:25] DEBUG    - Match found for Bhuvneshwar Kumar in Points at row 36
[2026-05-17 00:44:25] INFO     - No update needed for Bhuvneshwar Kumar in Points as points are unchanged.
[2026-05-17 00:44:25] DEBUG    - ===============================================================
[2026-05-17 00:44:25] INFO     - Processing count= 33
[2026-05-17 00:44:25] INFO     - Processing player of RCB : 'Josh Hazlewood' | 367 points | team: RCB
[2026-05-17 00:44:25] DEBUG    - Match found for Josh Hazlewood in Points at row 37
[2026-05-17 00:44:25] INFO     - No update needed for Josh Hazlewood in Points as points are unchanged.
[2026-05-17 00:44:25] DEBUG    - ===============================================================
[2026-05-17 00:44:25] INFO     - Processing count= 34
[2026-05-17 00:44:25] INFO     - Processing player of RR : 'Shimron Hetmyer' | 169 points | team: RR
[2026-05-17 00:44:25] DEBUG    - Match found for Shimron Hetmyer in Points at row 38
[2026-05-17 00:44:25] INFO     - No update needed for Shimron Hetmyer in Points as points are unchanged.
[2026-05-17 00:44:25] DEBUG    - ===============================================================
[2026-05-17 00:44:25] INFO     - Processing count= 35
[2026-05-17 00:44:25] INFO     - Processing player of RR : 'Sandeep Sharma' | 163 points | team: RR
[2026-05-17 00:44:25] DEBUG    - Match found for Sandeep Sharma in Points at row 39
[2026-05-17 00:44:25] INFO     - No update needed for Sandeep Sharma in Points as points are unchanged.
[2026-05-17 00:44:25] DEBUG    - ===============================================================
[2026-05-17 00:44:25] INFO     - Processing count= 36
[2026-05-17 00:44:25] INFO     - Processing player of PBSK : 'Marco Jansen' | 317 points | team: PBSK
[2026-05-17 00:44:25] DEBUG    - Match found for Marco Jansen in Points at row 40
[2026-05-17 00:44:25] INFO     - No update needed for Marco Jansen in Points as points are unchanged.
[2026-05-17 00:44:25] DEBUG    - ===============================================================
[2026-05-17 00:44:25] INFO     - Processing count= 37
[2026-05-17 00:44:25] INFO     - Processing player of CSK : 'Prashant Veer' | 117 points | team: CSK
[2026-05-17 00:44:25] DEBUG    - Match found for Prashant Veer in Points at row 41
[2026-05-17 00:44:25] INFO     - No update needed for Prashant Veer in Points as points are unchanged.
[2026-05-17 00:44:25] DEBUG    - ===============================================================
[2026-05-17 00:44:25] INFO     - Processing count= 38
[2026-05-17 00:44:25] INFO     - Processing player of CSK : 'Ruturaj Gaikwad' | 476 points | team: CSK
[2026-05-17 00:44:25] DEBUG    - Match found for Ruturaj Gaikwad in Points at row 42
[2026-05-17 00:44:25] INFO     - No update needed for Ruturaj Gaikwad in Points as points are unchanged.
[2026-05-17 00:44:25] DEBUG    - ===============================================================
[2026-05-17 00:44:25] INFO     - Processing count= 39
[2026-05-17 00:44:25] INFO     - Processing player of DC : 'Axar Patel' | 465 points | team: DC
[2026-05-17 00:44:25] DEBUG    - Match found for Axar Patel in Points at row 43
[2026-05-17 00:44:25] INFO     - No update needed for Axar Patel in Points as points are unchanged.
[2026-05-17 00:44:25] DEBUG    - ===============================================================
[2026-05-17 00:44:25] INFO     - Processing count= 40
[2026-05-17 00:44:25] INFO     - Processing player of DC : 'Abishek Porel' | 51 points | team: DC
[2026-05-17 00:44:25] DEBUG    - Match found for Abishek Porel in Points at row 44
[2026-05-17 00:44:25] INFO     - No update needed for Abishek Porel in Points as points are unchanged.
[2026-05-17 00:44:25] DEBUG    - ===============================================================
[2026-05-17 00:44:25] INFO     - Processing count= 41
[2026-05-17 00:44:25] INFO     - Processing player of DC : 'KL Rahul' | 735 points | team: DC
[2026-05-17 00:44:25] DEBUG    - Match found for KL Rahul in Points at row 45
[2026-05-17 00:44:25] INFO     - No update needed for KL Rahul in Points as points are unchanged.
[2026-05-17 00:44:25] DEBUG    - ===============================================================
[2026-05-17 00:44:25] INFO     - Processing count= 42
[2026-05-17 00:44:25] INFO     - Processing player of GT : 'Rashid Khan' | 589 points | team: GT
[2026-05-17 00:44:25] DEBUG    - Match found for Rashid Khan in Points at row 46
[2026-05-17 00:44:26] INFO     - Points gained for Rashid Khan in Points: 10 (Points: 589, Dot Balls: 97, Previous Total: 676)
[2026-05-17 00:44:26] INFO     - Data updated successfully for Rashid Khan in Points - 589 points and 97 dot balls!
[2026-05-17 00:44:26] DEBUG    - Sleeping 3s before next update.
[2026-05-17 00:44:29] DEBUG    - ===============================================================
[2026-05-17 00:44:29] INFO     - Processing count= 43
[2026-05-17 00:44:29] INFO     - Processing player of KKR : 'Cameron Green' | 635 points | team: KKR
[2026-05-17 00:44:29] DEBUG    - Match found for Cameron Green in Points at row 47
[2026-05-17 00:44:30] INFO     - Points gained for Cameron Green in Points: 113 (Points: 635, Dot Balls: 35, Previous Total: 557)
[2026-05-17 00:44:30] INFO     - Data updated successfully for Cameron Green in Points - 635 points and 35 dot balls!
[2026-05-17 00:44:30] DEBUG    - Sleeping 3s before next update.
[2026-05-17 00:44:33] DEBUG    - ===============================================================
[2026-05-17 00:44:33] INFO     - Processing count= 44
[2026-05-17 00:44:33] INFO     - Processing player of KKR : 'Varun Chakaravarthy' | 308 points | team: KKR
[2026-05-17 00:44:33] DEBUG    - Match found for Varun Chakaravarthy in Points at row 48
[2026-05-17 00:44:34] INFO     - Points gained for Varun Chakaravarthy in Points: 3 (Points: 308, Dot Balls: 64, Previous Total: 369)
[2026-05-17 00:44:34] INFO     - Data updated successfully for Varun Chakaravarthy in Points - 308 points and 64 dot balls!
[2026-05-17 00:44:34] DEBUG    - Sleeping 3s before next update.
[2026-05-17 00:44:37] DEBUG    - ===============================================================
[2026-05-17 00:44:37] INFO     - Processing count= 45
[2026-05-17 00:44:37] INFO     - Processing player of LSG : 'Digvesh Singh' | 187 points | team: LSG
[2026-05-17 00:44:37] DEBUG    - Match found for Digvesh Singh in Points at row 49
[2026-05-17 00:44:37] INFO     - No update needed for Digvesh Singh in Points as points are unchanged.
[2026-05-17 00:44:37] DEBUG    - ===============================================================
[2026-05-17 00:44:37] INFO     - Processing count= 46
[2026-05-17 00:44:37] INFO     - Processing player of LSG : 'Rishabh Pant' | 466 points | team: LSG
[2026-05-17 00:44:37] DEBUG    - Match found for Rishabh Pant in Points at row 50
[2026-05-17 00:44:37] INFO     - No update needed for Rishabh Pant in Points as points are unchanged.
[2026-05-17 00:44:37] DEBUG    - ===============================================================
[2026-05-17 00:44:37] INFO     - Processing count= 47
[2026-05-17 00:44:37] INFO     - Processing player of PBSK : 'Arshdeep Singh' | 402 points | team: PBSK
[2026-05-17 00:44:37] DEBUG    - Match found for Arshdeep Singh in Points at row 51
[2026-05-17 00:44:37] INFO     - No update needed for Arshdeep Singh in Points as points are unchanged.
[2026-05-17 00:44:37] DEBUG    - ===============================================================
[2026-05-17 00:44:37] INFO     - Processing count= 48
[2026-05-17 00:44:37] INFO     - Processing player of RCB : 'Krunal Pandya' | 515 points | team: RCB
[2026-05-17 00:44:37] DEBUG    - Match found for Krunal Pandya in Points at row 52
[2026-05-17 00:44:37] INFO     - No update needed for Krunal Pandya in Points as points are unchanged.
[2026-05-17 00:44:37] DEBUG    - ===============================================================
[2026-05-17 00:44:37] INFO     - Processing count= 49
[2026-05-17 00:44:37] INFO     - Processing player of RCB : 'Rajat Patidar' | 587 points | team: RCB
[2026-05-17 00:44:37] DEBUG    - Match found for Rajat Patidar in Points at row 53
[2026-05-17 00:44:37] INFO     - No update needed for Rajat Patidar in Points as points are unchanged.
[2026-05-17 00:44:37] DEBUG    - ===============================================================
[2026-05-17 00:44:37] INFO     - Processing count= 50
[2026-05-17 00:44:37] INFO     - Processing player of RR : 'Yashasvi Jaiswal' | 503 points | team: RR
[2026-05-17 00:44:37] DEBUG    - Match found for Yashasvi Jaiswal in Points at row 54
[2026-05-17 00:44:37] INFO     - No update needed for Yashasvi Jaiswal in Points as points are unchanged.
[2026-05-17 00:44:37] DEBUG    - ===============================================================
[2026-05-17 00:44:37] INFO     - Processing count= 51
[2026-05-17 00:44:37] INFO     - Processing player of SRH : 'Travis Head' | 551 points | team: SRH
[2026-05-17 00:44:37] DEBUG    - Match found for Travis Head in Points at row 55
[2026-05-17 00:44:37] INFO     - No update needed for Travis Head in Points as points are unchanged.
[2026-05-17 00:44:37] DEBUG    - ===============================================================
[2026-05-17 00:44:37] INFO     - Processing count= 52
[2026-05-17 00:44:37] INFO     - Processing player of SRH : 'Nitish Kumar Reddy' | 583 points | team: SRH
[2026-05-17 00:44:37] DEBUG    - Match found for Nitish Kumar Reddy in Points at row 56
[2026-05-17 00:44:37] INFO     - No update needed for Nitish Kumar Reddy in Points as points are unchanged.
[2026-05-17 00:44:37] DEBUG    - ===============================================================
[2026-05-17 00:44:37] INFO     - Processing count= 53
[2026-05-17 00:44:37] INFO     - Processing player of MI : 'Naman Dhir' | 524 points | team: MI
[2026-05-17 00:44:37] DEBUG    - Match found for Naman Dhir in Points at row 57
[2026-05-17 00:44:37] INFO     - No update needed for Naman Dhir in Points as points are unchanged.
[2026-05-17 00:44:37] DEBUG    - ===============================================================
[2026-05-17 00:44:37] INFO     - Processing count= 54
[2026-05-17 00:44:37] INFO     - Processing player of KKR : 'Finn Allen' | 497 points | team: KKR
[2026-05-17 00:44:37] DEBUG    - Match found for Finn Allen in Points at row 58
[2026-05-17 00:44:38] INFO     - Points gained for Finn Allen in Points: 135 (Points: 497, Dot Balls: 0, Previous Total: 362)
[2026-05-17 00:44:38] INFO     - Data updated successfully for Finn Allen in Points - 497 points and 0 dot balls!
[2026-05-17 00:44:38] DEBUG    - Sleeping 3s before next update.
[2026-05-17 00:44:41] DEBUG    - ===============================================================
[2026-05-17 00:44:41] INFO     - Processing count= 55
[2026-05-17 00:44:41] INFO     - Processing player of GT : 'Rahul Tewatia' | 181 points | team: GT
[2026-05-17 00:44:41] DEBUG    - Match found for Rahul Tewatia in Points at row 59
[2026-05-17 00:44:42] INFO     - Points gained for Rahul Tewatia in Points: 6 (Points: 181, Dot Balls: 0, Previous Total: 175)
[2026-05-17 00:44:42] INFO     - Data updated successfully for Rahul Tewatia in Points - 181 points and 0 dot balls!
[2026-05-17 00:44:42] DEBUG    - Sleeping 3s before next update.
[2026-05-17 00:44:45] DEBUG    - ===============================================================
[2026-05-17 00:44:45] INFO     - Processing count= 56
[2026-05-17 00:44:45] INFO     - Processing player of GT : 'Jason Holder' | 533 points | team: GT
[2026-05-17 00:44:45] DEBUG    - Match found for Jason Holder in Points at row 60
[2026-05-17 00:44:46] INFO     - Points gained for Jason Holder in Points: 9 (Points: 533, Dot Balls: 68, Previous Total: 592)
[2026-05-17 00:44:46] INFO     - Data updated successfully for Jason Holder in Points - 533 points and 68 dot balls!
[2026-05-17 00:44:46] DEBUG    - Sleeping 3s before next update.
[2026-05-17 00:44:49] DEBUG    - ===============================================================
[2026-05-17 00:44:49] INFO     - Processing count= 57
[2026-05-17 00:44:49] INFO     - Processing player of CSK : 'Dewald Brevis' | 279 points | team: CSK
[2026-05-17 00:44:49] DEBUG    - Match found for Dewald Brevis in Points at row 61
[2026-05-17 00:44:49] INFO     - No update needed for Dewald Brevis in Points as points are unchanged.
[2026-05-17 00:44:49] DEBUG    - ===============================================================
[2026-05-17 00:44:49] INFO     - Processing count= 58
[2026-05-17 00:44:49] INFO     - Processing player of CSK : 'Noor Ahmad' | 400 points | team: CSK
[2026-05-17 00:44:49] DEBUG    - Match found for Noor Ahmad in Points at row 62
[2026-05-17 00:44:49] INFO     - No update needed for Noor Ahmad in Points as points are unchanged.
[2026-05-17 00:44:49] DEBUG    - ===============================================================
[2026-05-17 00:44:49] INFO     - Processing count= 59
[2026-05-17 00:44:49] INFO     - Processing player of DC : 'Auqib Nabi' | 30 points | team: DC
[2026-05-17 00:44:49] DEBUG    - Match found for Auqib Nabi in Points at row 63
[2026-05-17 00:44:49] INFO     - No update needed for Auqib Nabi in Points as points are unchanged.
[2026-05-17 00:44:49] DEBUG    - ===============================================================
[2026-05-17 00:44:49] INFO     - Processing count= 60
[2026-05-17 00:44:49] INFO     - Processing player of GT : 'Jos Buttler' | 817 points | team: GT
[2026-05-17 00:44:49] DEBUG    - Match found for Jos Buttler in Points at row 64
[2026-05-17 00:44:50] INFO     - Points gained for Jos Buttler in Points: 82 (Points: 817, Dot Balls: 0, Previous Total: 735)
[2026-05-17 00:44:50] INFO     - Data updated successfully for Jos Buttler in Points - 817 points and 0 dot balls!
[2026-05-17 00:44:50] DEBUG    - Sleeping 3s before next update.
[2026-05-17 00:44:53] DEBUG    - ===============================================================
[2026-05-17 00:44:53] INFO     - Processing count= 61
[2026-05-17 00:44:53] INFO     - Processing player of GT : 'Prasidh Krishna' | 388 points | team: GT
[2026-05-17 00:44:53] DEBUG    - Match found for Prasidh Krishna in Points at row 65
[2026-05-17 00:44:53] INFO     - No update needed for Prasidh Krishna in Points as points are unchanged.
[2026-05-17 00:44:53] DEBUG    - ===============================================================
[2026-05-17 00:44:53] INFO     - Processing count= 62
[2026-05-17 00:44:53] INFO     - Processing player of KKR : 'Vaibhav Arora' | 330 points | team: KKR
[2026-05-17 00:44:53] DEBUG    - Match found for Vaibhav Arora in Points at row 66
[2026-05-17 00:44:53] INFO     - No update needed for Vaibhav Arora in Points as points are unchanged.
[2026-05-17 00:44:53] DEBUG    - ===============================================================
[2026-05-17 00:44:53] INFO     - Processing count= 63
[2026-05-17 00:44:53] INFO     - Processing player of LSG : 'Aiden Markram' | 423 points | team: LSG
[2026-05-17 00:44:53] DEBUG    - Match found for Aiden Markram in Points at row 67
[2026-05-17 00:44:53] INFO     - No update needed for Aiden Markram in Points as points are unchanged.
[2026-05-17 00:44:53] DEBUG    - ===============================================================
[2026-05-17 00:44:53] INFO     - Processing count= 64
[2026-05-17 00:44:53] INFO     - Processing player of MI : 'Will Jacks' | 185 points | team: MI
[2026-05-17 00:44:53] DEBUG    - Match found for Will Jacks in Points at row 68
[2026-05-17 00:44:53] INFO     - No update needed for Will Jacks in Points as points are unchanged.
[2026-05-17 00:44:53] DEBUG    - ===============================================================
[2026-05-17 00:44:53] INFO     - Processing count= 65
[2026-05-17 00:44:53] INFO     - Processing player of PBSK : 'Nehal Wadhera' | 127 points | team: PBSK
[2026-05-17 00:44:53] DEBUG    - Match found for Nehal Wadhera in Points at row 69
[2026-05-17 00:44:53] INFO     - No update needed for Nehal Wadhera in Points as points are unchanged.
[2026-05-17 00:44:53] DEBUG    - ===============================================================
[2026-05-17 00:44:53] INFO     - Processing count= 66
[2026-05-17 00:44:53] INFO     - Processing player of PBSK : 'Shreyas Iyer' | 646 points | team: PBSK
[2026-05-17 00:44:53] DEBUG    - Match found for Shreyas Iyer in Points at row 70
[2026-05-17 00:44:53] INFO     - No update needed for Shreyas Iyer in Points as points are unchanged.
[2026-05-17 00:44:53] DEBUG    - ===============================================================
[2026-05-17 00:44:53] INFO     - Processing count= 67
[2026-05-17 00:44:53] INFO     - Processing player of RCB : 'Devdutt Padikkal' | 657 points | team: RCB
[2026-05-17 00:44:53] DEBUG    - Match found for Devdutt Padikkal in Points at row 71
[2026-05-17 00:44:53] INFO     - No update needed for Devdutt Padikkal in Points as points are unchanged.
[2026-05-17 00:44:53] DEBUG    - ===============================================================
[2026-05-17 00:44:53] INFO     - Processing count= 68
[2026-05-17 00:44:53] INFO     - Processing player of RCB : 'Virat Kohli' | 757 points | team: RCB
[2026-05-17 00:44:53] DEBUG    - Match found for Virat Kohli in Points at row 72
[2026-05-17 00:44:53] INFO     - No update needed for Virat Kohli in Points as points are unchanged.
[2026-05-17 00:44:53] DEBUG    - ===============================================================
[2026-05-17 00:44:53] INFO     - Processing count= 69
[2026-05-17 00:44:53] INFO     - Processing player of RR : 'Riyan Parag' | 395 points | team: RR
[2026-05-17 00:44:53] DEBUG    - Match found for Riyan Parag in Points at row 73
[2026-05-17 00:44:53] INFO     - No update needed for Riyan Parag in Points as points are unchanged.
[2026-05-17 00:44:53] DEBUG    - ===============================================================
[2026-05-17 00:44:53] INFO     - Processing count= 70
[2026-05-17 00:44:53] INFO     - Processing player of SRH : 'Harshal Patel' | 20 points | team: SRH
[2026-05-17 00:44:53] DEBUG    - Match found for Harshal Patel in Points at row 74
[2026-05-17 00:44:53] INFO     - No update needed for Harshal Patel in Points as points are unchanged.
[2026-05-17 00:44:53] DEBUG    - ===============================================================
[2026-05-17 00:44:53] INFO     - Processing count= 71
[2026-05-17 00:44:53] INFO     - Processing player of SRH : 'Heinrich Klaasen' | 824 points | team: SRH
[2026-05-17 00:44:53] DEBUG    - Match found for Heinrich Klaasen in Points at row 75
[2026-05-17 00:44:53] INFO     - No update needed for Heinrich Klaasen in Points as points are unchanged.
[2026-05-17 00:44:53] DEBUG    - ===============================================================
[2026-05-17 00:44:53] INFO     - Processing count= 72
[2026-05-17 00:44:53] INFO     - Processing player of DC : 'Nitish Rana' | 374 points | team: DC
[2026-05-17 00:44:53] DEBUG    - Match found for Nitish Rana in Points at row 76
[2026-05-17 00:44:53] INFO     - No update needed for Nitish Rana in Points as points are unchanged.
[2026-05-17 00:44:53] DEBUG    - ===============================================================
[2026-05-17 00:44:53] INFO     - Processing count= 73
[2026-05-17 00:44:53] INFO     - Processing player of MI : 'Trent Boult' | 84 points | team: MI
[2026-05-17 00:44:53] DEBUG    - Match found for Trent Boult in Points at row 77
[2026-05-17 00:44:53] INFO     - No update needed for Trent Boult in Points as points are unchanged.
[2026-05-17 00:44:53] DEBUG    - ===============================================================
[2026-05-17 00:44:53] INFO     - Processing count= 74
[2026-05-17 00:44:53] INFO     - Processing player of RCB : 'Venkatesh Iyer' | 65 points | team: RCB
[2026-05-17 00:44:53] DEBUG    - Match found for Venkatesh Iyer in Points at row 78
[2026-05-17 00:44:53] INFO     - No update needed for Venkatesh Iyer in Points as points are unchanged.
[2026-05-17 00:44:53] DEBUG    - ===============================================================
[2026-05-17 00:44:53] INFO     - Processing count= 75
[2026-05-17 00:44:53] INFO     - 
Skipping Yash Dayal as points is zero.
[2026-05-17 00:44:53] DEBUG    - ===============================================================
[2026-05-17 00:44:53] INFO     - Processing count= 76
[2026-05-17 00:44:53] INFO     - Processing player of MI : 'Shardul Thakur' | 297 points | team: MI
[2026-05-17 00:44:53] DEBUG    - Match found for Shardul Thakur in Points at row 80
[2026-05-17 00:44:53] INFO     - No update needed for Shardul Thakur in Points as points are unchanged.
[2026-05-17 00:44:53] DEBUG    - ===============================================================
[2026-05-17 00:44:53] INFO     - Processing count= 77
[2026-05-17 00:44:53] INFO     - Processing player of CSK : 'Rahul Chahar' | 8 points | team: CSK
[2026-05-17 00:44:53] DEBUG    - Match found for Rahul Chahar in Points at row 81
[2026-05-17 00:44:53] INFO     - No update needed for Rahul Chahar in Points as points are unchanged.
[2026-05-17 00:44:53] DEBUG    - ===============================================================
[2026-05-17 00:44:53] INFO     - Processing count= 78
[2026-05-17 00:44:53] INFO     - Processing player of CSK : 'Khaleel Ahmed' | 70 points | team: CSK
[2026-05-17 00:44:53] DEBUG    - Match found for Khaleel Ahmed in Points at row 82
[2026-05-17 00:44:53] INFO     - No update needed for Khaleel Ahmed in Points as points are unchanged.
[2026-05-17 00:44:53] DEBUG    - ===============================================================
[2026-05-17 00:44:53] INFO     - Processing count= 79
[2026-05-17 00:44:53] INFO     - Processing player of DC : 'Tristan Stubbs' | 431 points | team: DC
[2026-05-17 00:44:53] DEBUG    - Match found for Tristan Stubbs in Points at row 83
[2026-05-17 00:44:53] INFO     - No update needed for Tristan Stubbs in Points as points are unchanged.
[2026-05-17 00:44:53] DEBUG    - ===============================================================
[2026-05-17 00:44:53] INFO     - Processing count= 80
[2026-05-17 00:44:53] INFO     - Processing player of DC : 'Kuldeep Yadav' | 244 points | team: DC
[2026-05-17 00:44:53] DEBUG    - Match found for Kuldeep Yadav in Points at row 84
[2026-05-17 00:44:53] INFO     - No update needed for Kuldeep Yadav in Points as points are unchanged.
[2026-05-17 00:44:53] DEBUG    - ===============================================================
[2026-05-17 00:44:53] INFO     - Processing count= 81
[2026-05-17 00:44:53] INFO     - Processing player of GT : 'Shubman Gill' | 874 points | team: GT
[2026-05-17 00:44:53] DEBUG    - Match found for Shubman Gill in Points at row 85
[2026-05-17 00:44:54] INFO     - Points gained for Shubman Gill in Points: 122 (Points: 874, Dot Balls: 0, Previous Total: 752)
[2026-05-17 00:44:54] INFO     - Data updated successfully for Shubman Gill in Points - 874 points and 0 dot balls!
[2026-05-17 00:44:54] DEBUG    - Sleeping 3s before next update.
[2026-05-17 00:44:57] DEBUG    - ===============================================================
[2026-05-17 00:44:57] INFO     - Processing count= 82
[2026-05-17 00:44:57] INFO     - Processing player of GT : 'Mohammed Siraj' | 452 points | team: GT
[2026-05-17 00:44:57] DEBUG    - Match found for Mohammed Siraj in Points at row 86
[2026-05-17 00:44:58] INFO     - Points gained for Mohammed Siraj in Points: 39 (Points: 452, Dot Balls: 138, Previous Total: 551)
[2026-05-17 00:44:58] INFO     - Data updated successfully for Mohammed Siraj in Points - 452 points and 138 dot balls!
[2026-05-17 00:44:58] DEBUG    - Sleeping 3s before next update.
[2026-05-17 00:45:01] DEBUG    - ===============================================================
[2026-05-17 00:45:01] INFO     - Processing count= 83
[2026-05-17 00:45:01] INFO     - Processing player of KKR : 'Angkrish Raghuvanshi' | 664 points | team: KKR
[2026-05-17 00:45:01] DEBUG    - Match found for Angkrish Raghuvanshi in Points at row 87
[2026-05-17 00:45:02] INFO     - Points gained for Angkrish Raghuvanshi in Points: 126 (Points: 664, Dot Balls: 0, Previous Total: 538)
[2026-05-17 00:45:02] INFO     - Data updated successfully for Angkrish Raghuvanshi in Points - 664 points and 0 dot balls!
[2026-05-17 00:45:02] DEBUG    - Sleeping 3s before next update.
[2026-05-17 00:45:05] DEBUG    - ===============================================================
[2026-05-17 00:45:05] INFO     - Processing count= 84
[2026-05-17 00:45:05] INFO     - Processing player of LSG : 'Mitchell Marsh' | 721 points | team: LSG
[2026-05-17 00:45:05] DEBUG    - Match found for Mitchell Marsh in Points at row 88
[2026-05-17 00:45:05] INFO     - No update needed for Mitchell Marsh in Points as points are unchanged.
[2026-05-17 00:45:05] DEBUG    - ===============================================================
[2026-05-17 00:45:05] INFO     - Processing count= 85
[2026-05-17 00:45:05] INFO     - Processing player of LSG : 'Nicholas Pooran' | 393 points | team: LSG
[2026-05-17 00:45:05] DEBUG    - Match found for Nicholas Pooran in Points at row 89
[2026-05-17 00:45:05] INFO     - No update needed for Nicholas Pooran in Points as points are unchanged.
[2026-05-17 00:45:05] DEBUG    - ===============================================================
[2026-05-17 00:45:05] INFO     - Processing count= 86
[2026-05-17 00:45:05] INFO     - Processing player of PBSK : 'Marcus Stoinis' | 349 points | team: PBSK
[2026-05-17 00:45:05] DEBUG    - Match found for Marcus Stoinis in Points at row 90
[2026-05-17 00:45:05] INFO     - No update needed for Marcus Stoinis in Points as points are unchanged.
[2026-05-17 00:45:05] DEBUG    - ===============================================================
[2026-05-17 00:45:05] INFO     - Processing count= 87
[2026-05-17 00:45:05] INFO     - Processing player of PBSK : 'Prabhsimran Singh' | 707 points | team: PBSK
[2026-05-17 00:45:05] DEBUG    - Match found for Prabhsimran Singh in Points at row 91
[2026-05-17 00:45:05] INFO     - No update needed for Prabhsimran Singh in Points as points are unchanged.
[2026-05-17 00:45:05] DEBUG    - ===============================================================
[2026-05-17 00:45:05] INFO     - Processing count= 88
[2026-05-17 00:45:05] INFO     - Processing player of PBSK : 'Shashank Singh' | 220 points | team: PBSK
[2026-05-17 00:45:05] DEBUG    - Match found for Shashank Singh in Points at row 92
[2026-05-17 00:45:05] INFO     - No update needed for Shashank Singh in Points as points are unchanged.
[2026-05-17 00:45:05] DEBUG    - ===============================================================
[2026-05-17 00:45:05] INFO     - Processing count= 89
[2026-05-17 00:45:05] INFO     - Processing player of RCB : 'Jitesh Sharma' | 275 points | team: RCB
[2026-05-17 00:45:05] DEBUG    - Match found for Jitesh Sharma in Points at row 93
[2026-05-17 00:45:05] INFO     - No update needed for Jitesh Sharma in Points as points are unchanged.
[2026-05-17 00:45:05] DEBUG    - ===============================================================
[2026-05-17 00:45:05] INFO     - Processing count= 90
[2026-05-17 00:45:05] INFO     - Processing player of RR : 'Jofra Archer' | 526 points | team: RR
[2026-05-17 00:45:05] DEBUG    - Match found for Jofra Archer in Points at row 94
[2026-05-17 00:45:05] INFO     - No update needed for Jofra Archer in Points as points are unchanged.
[2026-05-17 00:45:05] DEBUG    - ===============================================================
[2026-05-17 00:45:05] INFO     - Processing count= 91
[2026-05-17 00:45:05] INFO     - Processing player of RR : 'Ravindra Jadeja' | 515 points | team: RR
[2026-05-17 00:45:05] DEBUG    - Match found for Ravindra Jadeja in Points at row 95
[2026-05-17 00:45:05] INFO     - No update needed for Ravindra Jadeja in Points as points are unchanged.
[2026-05-17 00:45:05] DEBUG    - ===============================================================
[2026-05-17 00:45:05] INFO     - Processing count= 92
[2026-05-17 00:45:05] INFO     - Processing player of LSG : 'Mohammad Shami' | 353 points | team: LSG
[2026-05-17 00:45:05] DEBUG    - Match found for Mohammad Shami in Points at row 96
[2026-05-17 00:45:05] INFO     - No update needed for Mohammad Shami in Points as points are unchanged.
[2026-05-17 00:45:05] DEBUG    - ===============================================================
[2026-05-17 00:45:05] INFO     - Processing count= 93
[2026-05-17 00:45:05] INFO     - Processing player of GT : 'Kagiso Rabada' | 683 points | team: GT
[2026-05-17 00:45:05] DEBUG    - Match found for Kagiso Rabada in Points at row 97
[2026-05-17 00:45:06] INFO     - Points gained for Kagiso Rabada in Points: 12 (Points: 683, Dot Balls: 137, Previous Total: 808)
[2026-05-17 00:45:06] INFO     - Data updated successfully for Kagiso Rabada in Points - 683 points and 137 dot balls!
[2026-05-17 00:45:06] DEBUG    - Sleeping 3s before next update.
[2026-05-17 00:45:09] DEBUG    - ===============================================================
[2026-05-17 00:45:09] INFO     - Processing count= 94
[2026-05-17 00:45:09] INFO     - Processing player of KKR : 'Rinku Singh' | 505 points | team: KKR
[2026-05-17 00:45:09] DEBUG    - Match found for Rinku Singh in Points at row 98
[2026-05-17 00:45:10] INFO     - Points gained for Rinku Singh in Points: 4 (Points: 505, Dot Balls: 0, Previous Total: 501)
[2026-05-17 00:45:10] INFO     - Data updated successfully for Rinku Singh in Points - 505 points and 0 dot balls!
[2026-05-17 00:45:10] DEBUG    - Sleeping 3s before next update.
[2026-05-17 00:45:13] DEBUG    - ===============================================================
[2026-05-17 00:45:13] INFO     - Processing count= 95
[2026-05-17 00:45:13] INFO     - Processing player of CSK : 'Kartik Sharma' | 362 points | team: CSK
[2026-05-17 00:45:13] DEBUG    - Match found for Kartik Sharma in Points at row 99
[2026-05-17 00:45:13] INFO     - No update needed for Kartik Sharma in Points as points are unchanged.
[2026-05-17 00:45:13] DEBUG    - ===============================================================
[2026-05-17 00:45:13] INFO     - Processing count= 96
[2026-05-17 00:45:13] INFO     - Processing player of DC : 'Ashutosh Sharma' | 229 points | team: DC
[2026-05-17 00:45:13] DEBUG    - Match found for Ashutosh Sharma in Points at row 100
[2026-05-17 00:45:13] INFO     - No update needed for Ashutosh Sharma in Points as points are unchanged.
[2026-05-17 00:45:13] DEBUG    - ===============================================================
[2026-05-17 00:45:13] INFO     - Processing count= 97
[2026-05-17 00:45:13] INFO     - Processing player of MI : 'Corbin Bosch' | 262 points | team: MI
[2026-05-17 00:45:13] DEBUG    - Match found for Corbin Bosch in Points at row 101
[2026-05-17 00:45:13] INFO     - No update needed for Corbin Bosch in Points as points are unchanged.
[2026-05-17 00:45:13] DEBUG    - ===============================================================
[2026-05-17 00:45:13] INFO     - Processing count= 98
[2026-05-17 00:45:13] INFO     - Processing player of RCB : 'Tim David' | 384 points | team: RCB
[2026-05-17 00:45:13] DEBUG    - Match found for Tim David in Points at row 102
[2026-05-17 00:45:13] INFO     - No update needed for Tim David in Points as points are unchanged.
[2026-05-17 00:45:13] DEBUG    - ===============================================================
[2026-05-17 00:45:13] INFO     - Processing count= 99
[2026-05-17 00:45:13] INFO     - Processing player of PBSK : 'Cooper Connolly' | 700 points | team: PBSK
[2026-05-17 00:45:13] DEBUG    - Match found for Cooper Connolly in Points at row 103
[2026-05-17 00:45:13] INFO     - No update needed for Cooper Connolly in Points as points are unchanged.
[2026-05-17 00:45:13] DEBUG    - ===============================================================
[2026-05-17 00:45:13] INFO     - Processing count= 100
[2026-05-17 00:45:13] INFO     - Processing player of SRH : 'Liam Livingstone' | 57 points | team: SRH
[2026-05-17 00:45:13] DEBUG    - Match found for Liam Livingstone in Points at row 104
[2026-05-17 00:45:13] INFO     - No update needed for Liam Livingstone in Points as points are unchanged.
[2026-05-17 00:45:13] DEBUG    - ===============================================================
[2026-05-17 00:45:13] INFO     - Processing count= 101
[2026-05-17 00:45:13] INFO     - Processing player of PBSK : 'Vijaykumar Vyshak' | 263 points | team: PBSK
[2026-05-17 00:45:13] DEBUG    - Match found for Vijaykumar Vyshak in Points at row 105
[2026-05-17 00:45:13] INFO     - No update needed for Vijaykumar Vyshak in Points as points are unchanged.
[2026-05-17 00:45:13] DEBUG    - ===============================================================
[2026-05-17 00:45:13] INFO     - Processing count= 102
[2026-05-17 00:45:13] INFO     - Processing player of RCB : 'Suyash Sharma' | 231 points | team: RCB
[2026-05-17 00:45:13] DEBUG    - Match found for Suyash Sharma in Points at row 106
[2026-05-17 00:45:13] INFO     - No update needed for Suyash Sharma in Points as points are unchanged.
[2026-05-17 00:45:13] DEBUG    - ===============================================================
[2026-05-17 00:45:13] INFO     - Processing count= 103
[2026-05-17 00:45:13] INFO     - Processing player of DC : 'David Miller' | 305 points | team: DC
[2026-05-17 00:45:13] DEBUG    - Match found for David Miller in Points at row 107
[2026-05-17 00:45:13] INFO     - No update needed for David Miller in Points as points are unchanged.
[2026-05-17 00:45:13] INFO     - Total players processed for team 'CSK': 10
[2026-05-17 00:45:13] INFO     - Total players processed for team 'GT': 10
[2026-05-17 00:45:13] INFO     - Total players processed for team 'LSG': 8
[2026-05-17 00:45:13] INFO     - Total players processed for team 'MI': 11
[2026-05-17 00:45:13] INFO     - Total players processed for team 'PBSK': 12
[2026-05-17 00:45:13] INFO     - Total players processed for team 'RCB': 13
[2026-05-17 00:45:13] INFO     - Total players processed for team 'RR': 8
[2026-05-17 00:45:13] INFO     - Total players processed for team 'SRH': 8
[2026-05-17 00:45:13] INFO     - Total players processed for team 'KKR': 9
[2026-05-17 00:45:13] INFO     - Total players processed for team 'DC': 10
[2026-05-17 00:45:13] DEBUG    - ===============================================================
[2026-05-17 00:45:13] WARNING  - Player not updated: Shivam Dube | Reason: Points unchanged
[2026-05-17 00:45:13] WARNING  - Player not updated: Sanju Samson | Reason: Points unchanged
[2026-05-17 00:45:13] WARNING  - Player not updated: Mohsin Khan | Reason: Points unchanged
[2026-05-17 00:45:13] WARNING  - Player not updated: Tilak Varma | Reason: Points unchanged
[2026-05-17 00:45:13] WARNING  - Player not updated: Quinton de Kock | Reason: Points unchanged
[2026-05-17 00:45:13] WARNING  - Player not updated: Jasprit Bumrah | Reason: Points unchanged
[2026-05-17 00:45:13] WARNING  - Player not updated: Harpreet Brar | Reason: Points unchanged
[2026-05-17 00:45:13] WARNING  - Player not updated: Yuzvendra Chahal | Reason: Points unchanged
[2026-05-17 00:45:13] WARNING  - Player not updated: Romario Shepherd | Reason: Points unchanged
[2026-05-17 00:45:13] WARNING  - Player not updated: Vaibhav Sooryavanshi | Reason: Points unchanged
[2026-05-17 00:45:13] WARNING  - Player not updated: Ravi Bishnoi | Reason: Points unchanged
[2026-05-17 00:45:13] WARNING  - Player not updated: Abhishek Sharma | Reason: Points unchanged
[2026-05-17 00:45:13] WARNING  - Player not updated: Ishan Kishan | Reason: Points unchanged
[2026-05-17 00:45:13] WARNING  - Player not updated: Pat Cummins | Reason: Points unchanged
[2026-05-17 00:45:13] WARNING  - Player not updated: Rasikh Salam | Reason: Points unchanged
[2026-05-17 00:45:13] WARNING  - Player not updated: Nathan Ellis | Reason: Points is zero
[2026-05-17 00:45:13] WARNING  - Player not updated: Yudhvir Singh | Reason: Points is zero
[2026-05-17 00:45:13] WARNING  - Player not updated: Ayush Mhatre | Reason: Points unchanged
[2026-05-17 00:45:13] WARNING  - Player not updated: MS Dhoni | Reason: Points is zero
[2026-05-17 00:45:13] WARNING  - Player not updated: Mitchell Starc | Reason: Points unchanged
[2026-05-17 00:45:13] WARNING  - Player not updated: Glenn Phillips | Reason: Points unchanged
[2026-05-17 00:45:13] WARNING  - Player not updated: Ayush Badoni | Reason: Points unchanged
[2026-05-17 00:45:13] WARNING  - Player not updated: Hardik Pandya | Reason: Points unchanged
[2026-05-17 00:45:13] WARNING  - Player not updated: Suryakumar Yadav | Reason: Points unchanged
[2026-05-17 00:45:13] WARNING  - Player not updated: Rohit Sharma | Reason: Points unchanged
[2026-05-17 00:45:13] WARNING  - Player not updated: Priyansh Arya | Reason: Points unchanged
[2026-05-17 00:45:13] WARNING  - Player not updated: Phil Salt | Reason: Points unchanged
[2026-05-17 00:45:13] WARNING  - Player not updated: Bhuvneshwar Kumar | Reason: Points unchanged
[2026-05-17 00:45:13] WARNING  - Player not updated: Josh Hazlewood | Reason: Points unchanged
[2026-05-17 00:45:13] WARNING  - Player not updated: Shimron Hetmyer | Reason: Points unchanged
[2026-05-17 00:45:13] WARNING  - Player not updated: Sandeep Sharma | Reason: Points unchanged
[2026-05-17 00:45:13] WARNING  - Player not updated: Marco Jansen | Reason: Points unchanged
[2026-05-17 00:45:13] WARNING  - Player not updated: Prashant Veer | Reason: Points unchanged
[2026-05-17 00:45:13] WARNING  - Player not updated: Ruturaj Gaikwad | Reason: Points unchanged
[2026-05-17 00:45:13] WARNING  - Player not updated: Axar Patel | Reason: Points unchanged
[2026-05-17 00:45:13] WARNING  - Player not updated: Abishek Porel | Reason: Points unchanged
[2026-05-17 00:45:13] WARNING  - Player not updated: KL Rahul | Reason: Points unchanged
[2026-05-17 00:45:13] WARNING  - Player not updated: Digvesh Singh | Reason: Points unchanged
[2026-05-17 00:45:13] WARNING  - Player not updated: Rishabh Pant | Reason: Points unchanged
[2026-05-17 00:45:13] WARNING  - Player not updated: Arshdeep Singh | Reason: Points unchanged
[2026-05-17 00:45:13] WARNING  - Player not updated: Krunal Pandya | Reason: Points unchanged
[2026-05-17 00:45:13] WARNING  - Player not updated: Rajat Patidar | Reason: Points unchanged
[2026-05-17 00:45:13] WARNING  - Player not updated: Yashasvi Jaiswal | Reason: Points unchanged
[2026-05-17 00:45:13] WARNING  - Player not updated: Travis Head | Reason: Points unchanged
[2026-05-17 00:45:13] WARNING  - Player not updated: Nitish Kumar Reddy | Reason: Points unchanged
[2026-05-17 00:45:13] WARNING  - Player not updated: Naman Dhir | Reason: Points unchanged
[2026-05-17 00:45:13] WARNING  - Player not updated: Dewald Brevis | Reason: Points unchanged
[2026-05-17 00:45:13] WARNING  - Player not updated: Noor Ahmad | Reason: Points unchanged
[2026-05-17 00:45:13] WARNING  - Player not updated: Auqib Nabi | Reason: Points unchanged
[2026-05-17 00:45:13] WARNING  - Player not updated: Prasidh Krishna | Reason: Points unchanged
[2026-05-17 00:45:13] WARNING  - Player not updated: Vaibhav Arora | Reason: Points unchanged
[2026-05-17 00:45:13] WARNING  - Player not updated: Aiden Markram | Reason: Points unchanged
[2026-05-17 00:45:13] WARNING  - Player not updated: Will Jacks | Reason: Points unchanged
[2026-05-17 00:45:13] WARNING  - Player not updated: Nehal Wadhera | Reason: Points unchanged
[2026-05-17 00:45:13] WARNING  - Player not updated: Shreyas Iyer | Reason: Points unchanged
[2026-05-17 00:45:13] WARNING  - Player not updated: Devdutt Padikkal | Reason: Points unchanged
[2026-05-17 00:45:13] WARNING  - Player not updated: Virat Kohli | Reason: Points unchanged
[2026-05-17 00:45:13] WARNING  - Player not updated: Riyan Parag | Reason: Points unchanged
[2026-05-17 00:45:13] WARNING  - Player not updated: Harshal Patel | Reason: Points unchanged
[2026-05-17 00:45:13] WARNING  - Player not updated: Heinrich Klaasen | Reason: Points unchanged
[2026-05-17 00:45:13] WARNING  - Player not updated: Nitish Rana | Reason: Points unchanged
[2026-05-17 00:45:13] WARNING  - Player not updated: Trent Boult | Reason: Points unchanged
[2026-05-17 00:45:13] WARNING  - Player not updated: Venkatesh Iyer | Reason: Points unchanged
[2026-05-17 00:45:13] WARNING  - Player not updated: Yash Dayal | Reason: Points is zero
[2026-05-17 00:45:13] WARNING  - Player not updated: Shardul Thakur | Reason: Points unchanged
[2026-05-17 00:45:13] WARNING  - Player not updated: Rahul Chahar | Reason: Points unchanged
[2026-05-17 00:45:13] WARNING  - Player not updated: Khaleel Ahmed | Reason: Points unchanged
[2026-05-17 00:45:13] WARNING  - Player not updated: Tristan Stubbs | Reason: Points unchanged
[2026-05-17 00:45:13] WARNING  - Player not updated: Kuldeep Yadav | Reason: Points unchanged
[2026-05-17 00:45:13] WARNING  - Player not updated: Mitchell Marsh | Reason: Points unchanged
[2026-05-17 00:45:13] WARNING  - Player not updated: Nicholas Pooran | Reason: Points unchanged
[2026-05-17 00:45:13] WARNING  - Player not updated: Marcus Stoinis | Reason: Points unchanged
[2026-05-17 00:45:13] WARNING  - Player not updated: Prabhsimran Singh | Reason: Points unchanged
[2026-05-17 00:45:13] WARNING  - Player not updated: Shashank Singh | Reason: Points unchanged
[2026-05-17 00:45:13] WARNING  - Player not updated: Jitesh Sharma | Reason: Points unchanged
[2026-05-17 00:45:13] WARNING  - Player not updated: Jofra Archer | Reason: Points unchanged
[2026-05-17 00:45:13] WARNING  - Player not updated: Ravindra Jadeja | Reason: Points unchanged
[2026-05-17 00:45:13] WARNING  - Player not updated: Mohammad Shami | Reason: Points unchanged
[2026-05-17 00:45:13] WARNING  - Player not updated: Kartik Sharma | Reason: Points unchanged
[2026-05-17 00:45:13] WARNING  - Player not updated: Ashutosh Sharma | Reason: Points unchanged
[2026-05-17 00:45:13] WARNING  - Player not updated: Corbin Bosch | Reason: Points unchanged
[2026-05-17 00:45:13] WARNING  - Player not updated: Tim David | Reason: Points unchanged
[2026-05-17 00:45:13] WARNING  - Player not updated: Cooper Connolly | Reason: Points unchanged
[2026-05-17 00:45:13] WARNING  - Player not updated: Liam Livingstone | Reason: Points unchanged
[2026-05-17 00:45:13] WARNING  - Player not updated: Vijaykumar Vyshak | Reason: Points unchanged
[2026-05-17 00:45:13] WARNING  - Player not updated: Suyash Sharma | Reason: Points unchanged
[2026-05-17 00:45:13] WARNING  - Player not updated: David Miller | Reason: Points unchanged
[2026-05-17 00:45:13] DEBUG    - ===============================================================
[2026-05-17 00:45:21] INFO     - TODAYS_DATE_LABEL updated to: 16/05
[2026-05-17 00:45:24] INFO     - Worksheets opened: ['Home', 'Data']
[2026-05-17 00:45:24] INFO     - Points Gained Today fetched: {'HW': 299, 'MC': 86, 'OL': 126, 'AS': 83, 'PA': 82}
[2026-05-17 00:45:25] INFO     - Writing to column 35 (16/05)
[2026-05-17 00:45:25] DEBUG    -   HW → AI2 = 299
[2026-05-17 00:45:25] DEBUG    -   MC → AI3 = 86
[2026-05-17 00:45:25] DEBUG    -   OL → AI4 = 126
[2026-05-17 00:45:25] DEBUG    -   AS → AI5 = 83
[2026-05-17 00:45:25] DEBUG    -   PA → AI6 = 82
[2026-05-17 00:45:26] INFO     - Successfully updated 5 team(s) for 16/05.
[2026-05-17 00:45:26] INFO     - TOP 12 points fetched: {'HW': 7171, 'OL': 6656, 'AS': 6429, 'PA': 6345, 'MC': 5088}
[2026-05-17 00:45:27] INFO     - Column mapping: {'HW': 2, 'MC': 3, 'OL': 4, 'AS': 5, 'PA': 6}
[2026-05-17 00:45:27] INFO     - Today '16/05' found at row 58
[2026-05-17 00:45:27] DEBUG    -   HW → B58 = 7171
[2026-05-17 00:45:27] DEBUG    -   OL → D58 = 6656
[2026-05-17 00:45:27] DEBUG    -   AS → E58 = 6429
[2026-05-17 00:45:27] DEBUG    -   PA → F58 = 6345
[2026-05-17 00:45:27] DEBUG    -   MC → C58 = 5088
[2026-05-17 00:45:28] INFO     - Successfully updated 5 team(s) for '16/05' at row 58.
[2026-05-17 00:45:29] INFO     - ═════════════════════ All updates completed ═════════════════════
