[2026-05-08 22:56:38] INFO     - ═════════════════════ Process started ═════════════════════
[2026-05-08 22:56:39] INFO     - Excel loaded: 103 players, 103 bowlers from 'C:\Users\himan\Documents\UiPath\CrickInfo\Data\IPLPointsData.xlsx'
[2026-05-08 22:56:39] INFO     - Google Sheets authentication successful.
[2026-05-08 22:56:43] INFO     - Worksheets opened: ['Points', 'Home', 'Data']
[2026-05-08 22:56:57] INFO     - Updating previous points for all players before processing.
[2026-05-08 22:56:57] DEBUG    - ======================================================
[2026-05-08 22:57:01] DEBUG    - Updated previous points for 'Romario Shepherd' at row 14: 267 → 305
[2026-05-08 22:57:01] DEBUG    - Sleeping 3s after updating previous points.
[2026-05-08 22:57:05] DEBUG    - Updated previous points for 'Rasikh Salam' at row 20: 200 → 223
[2026-05-08 22:57:05] DEBUG    - Sleeping 3s after updating previous points.
[2026-05-08 22:57:08] DEBUG    - Updated previous points for 'Bhuvneshwar Kumar' at row 36: 642 → 654
[2026-05-08 22:57:08] DEBUG    - Sleeping 3s after updating previous points.
[2026-05-08 22:57:12] DEBUG    - Updated previous points for 'Josh Hazlewood' at row 37: 340 → 372
[2026-05-08 22:57:12] DEBUG    - Sleeping 3s after updating previous points.
[2026-05-08 22:57:15] DEBUG    - Updated previous points for 'Digvesh Singh' at row 49: 152 → 162
[2026-05-08 22:57:15] DEBUG    - Sleeping 3s after updating previous points.
[2026-05-08 22:57:19] DEBUG    - Updated previous points for 'Rishabh Pant' at row 50: 379 → 441
[2026-05-08 22:57:19] DEBUG    - Sleeping 3s after updating previous points.
[2026-05-08 22:57:23] DEBUG    - Updated previous points for 'Krunal Pandya' at row 52: 376 → 465
[2026-05-08 22:57:23] DEBUG    - Sleeping 3s after updating previous points.
[2026-05-08 22:57:26] DEBUG    - Updated previous points for 'Rajat Patidar' at row 53: 439 → 541
[2026-05-08 22:57:26] DEBUG    - Sleeping 3s after updating previous points.
[2026-05-08 22:57:30] DEBUG    - Updated previous points for 'Aiden Markram' at row 67: 396 → 409
[2026-05-08 22:57:30] DEBUG    - Sleeping 3s after updating previous points.
[2026-05-08 22:57:33] DEBUG    - Updated previous points for 'Devdutt Padikkal' at row 71: 527 → 576
[2026-05-08 22:57:33] DEBUG    - Sleeping 3s after updating previous points.
[2026-05-08 22:57:37] DEBUG    - Updated previous points for 'Virat Kohli' at row 72: 597 → 599
[2026-05-08 22:57:37] DEBUG    - Sleeping 3s after updating previous points.
[2026-05-08 22:57:40] DEBUG    - Updated previous points for 'Mitchell Marsh' at row 88: 402 → 566
[2026-05-08 22:57:40] DEBUG    - Sleeping 3s after updating previous points.
[2026-05-08 22:57:44] DEBUG    - Updated previous points for 'Nicholas Pooran' at row 89: 269 → 325
[2026-05-08 22:57:44] DEBUG    - Sleeping 3s after updating previous points.
[2026-05-08 22:57:47] DEBUG    - Updated previous points for 'Jitesh Sharma' at row 93: 210 → 215
[2026-05-08 22:57:47] DEBUG    - Sleeping 3s after updating previous points.
[2026-05-08 22:57:51] DEBUG    - Updated previous points for 'Mohammad Shami' at row 96: 388 → 430
[2026-05-08 22:57:51] DEBUG    - Sleeping 3s after updating previous points.
[2026-05-08 22:57:54] DEBUG    - Updated previous points for 'Tim David' at row 102: 313 → 377
[2026-05-08 22:57:54] DEBUG    - Sleeping 3s after updating previous points.
[2026-05-08 22:57:58] DEBUG    - Updated previous points for 'Suyash Sharma' at row 106: 288 → 292
[2026-05-08 22:57:58] DEBUG    - Sleeping 3s after updating previous points.
[2026-05-08 22:57:58] DEBUG    - ======================================================
[2026-05-08 22:58:04] DEBUG    - ===============================================================
[2026-05-08 22:58:04] INFO     - Pausing 5s before before next steps.
[2026-05-08 22:58:04] DEBUG    - ===============================================================
[2026-05-08 22:58:10] DEBUG    - ===============================================================
[2026-05-08 22:58:10] DEBUG    - ===============================================================
[2026-05-08 22:58:10] INFO     - Processing count= 1
[2026-05-08 22:58:10] INFO     - Processing player of CSK : 'Shivam Dube' | 273 points | team: CSK
[2026-05-08 22:58:10] DEBUG    - Match found for Shivam Dube in Points at row 5
[2026-05-08 22:58:10] INFO     - No update needed for Shivam Dube in Points as points are unchanged.
[2026-05-08 22:58:10] DEBUG    - ===============================================================
[2026-05-08 22:58:10] INFO     - Processing count= 2
[2026-05-08 22:58:10] INFO     - Processing player of CSK : 'Sanju Samson' | 626 points | team: CSK
[2026-05-08 22:58:10] DEBUG    - Match found for Sanju Samson in Points at row 6
[2026-05-08 22:58:10] INFO     - No update needed for Sanju Samson in Points as points are unchanged.
[2026-05-08 22:58:10] DEBUG    - ===============================================================
[2026-05-08 22:58:10] INFO     - Processing count= 3
[2026-05-08 22:58:10] INFO     - Processing player of GT : 'Sai Sudharsan' | 593 points | team: GT
[2026-05-08 22:58:10] DEBUG    - Match found for Sai Sudharsan in Points at row 7
[2026-05-08 22:58:10] INFO     - No update needed for Sai Sudharsan in Points as points are unchanged.
[2026-05-08 22:58:10] DEBUG    - ===============================================================
[2026-05-08 22:58:10] INFO     - Processing count= 4
[2026-05-08 22:58:10] INFO     - Processing player of LSG : 'Mohsin Khan' | 348 points | team: LSG
[2026-05-08 22:58:10] DEBUG    - Match found for Mohsin Khan in Points at row 8
[2026-05-08 22:58:10] INFO     - No update needed for Mohsin Khan in Points as points are unchanged.
[2026-05-08 22:58:10] DEBUG    - ===============================================================
[2026-05-08 22:58:10] INFO     - Processing count= 5
[2026-05-08 22:58:10] INFO     - Processing player of MI : 'Tilak Varma' | 365 points | team: MI
[2026-05-08 22:58:10] DEBUG    - Match found for Tilak Varma in Points at row 9
[2026-05-08 22:58:10] INFO     - No update needed for Tilak Varma in Points as points are unchanged.
[2026-05-08 22:58:10] DEBUG    - ===============================================================
[2026-05-08 22:58:10] INFO     - Processing count= 6
[2026-05-08 22:58:10] INFO     - Processing player of MI : 'Quinton de Kock' | 221 points | team: MI
[2026-05-08 22:58:10] DEBUG    - Match found for Quinton de Kock in Points at row 10
[2026-05-08 22:58:10] INFO     - No update needed for Quinton de Kock in Points as points are unchanged.
[2026-05-08 22:58:10] DEBUG    - ===============================================================
[2026-05-08 22:58:10] INFO     - Processing count= 7
[2026-05-08 22:58:10] INFO     - Processing player of MI : 'Jasprit Bumrah' | 139 points | team: MI
[2026-05-08 22:58:10] DEBUG    - Match found for Jasprit Bumrah in Points at row 11
[2026-05-08 22:58:10] INFO     - No update needed for Jasprit Bumrah in Points as points are unchanged.
[2026-05-08 22:58:10] DEBUG    - ===============================================================
[2026-05-08 22:58:10] INFO     - Processing count= 8
[2026-05-08 22:58:10] INFO     - Processing player of PBSK : 'Harpreet Brar' | 6 points | team: PBSK
[2026-05-08 22:58:10] DEBUG    - Match found for Harpreet Brar in Points at row 12
[2026-05-08 22:58:10] INFO     - No update needed for Harpreet Brar in Points as points are unchanged.
[2026-05-08 22:58:10] DEBUG    - ===============================================================
[2026-05-08 22:58:10] INFO     - Processing count= 9
[2026-05-08 22:58:10] INFO     - Processing player of PBSK : 'Yuzvendra Chahal' | 248 points | team: PBSK
[2026-05-08 22:58:10] DEBUG    - Match found for Yuzvendra Chahal in Points at row 13
[2026-05-08 22:58:10] INFO     - No update needed for Yuzvendra Chahal in Points as points are unchanged.
[2026-05-08 22:58:10] DEBUG    - ===============================================================
[2026-05-08 22:58:10] INFO     - Processing count= 10
[2026-05-08 22:58:10] INFO     - Processing player of RCB : 'Romario Shepherd' | 282 points | team: RCB
[2026-05-08 22:58:10] DEBUG    - Match found for Romario Shepherd in Points at row 14
[2026-05-08 22:58:10] INFO     - No update needed for Romario Shepherd in Points as points are unchanged.
[2026-05-08 22:58:10] DEBUG    - ===============================================================
[2026-05-08 22:58:10] INFO     - Processing count= 11
[2026-05-08 22:58:10] INFO     - Processing player of RR : 'Vaibhav Sooryavanshi' | 639 points | team: RR
[2026-05-08 22:58:10] DEBUG    - Match found for Vaibhav Sooryavanshi in Points at row 15
[2026-05-08 22:58:10] INFO     - No update needed for Vaibhav Sooryavanshi in Points as points are unchanged.
[2026-05-08 22:58:10] DEBUG    - ===============================================================
[2026-05-08 22:58:10] INFO     - Processing count= 12
[2026-05-08 22:58:10] INFO     - Processing player of RR : 'Ravi Bishnoi' | 359 points | team: RR
[2026-05-08 22:58:10] DEBUG    - Match found for Ravi Bishnoi in Points at row 16
[2026-05-08 22:58:10] INFO     - No update needed for Ravi Bishnoi in Points as points are unchanged.
[2026-05-08 22:58:10] DEBUG    - ===============================================================
[2026-05-08 22:58:10] INFO     - Processing count= 13
[2026-05-08 22:58:10] INFO     - Processing player of SRH : 'Abhishek Sharma' | 768 points | team: SRH
[2026-05-08 22:58:10] DEBUG    - Match found for Abhishek Sharma in Points at row 17
[2026-05-08 22:58:10] INFO     - No update needed for Abhishek Sharma in Points as points are unchanged.
[2026-05-08 22:58:10] DEBUG    - ===============================================================
[2026-05-08 22:58:10] INFO     - Processing count= 14
[2026-05-08 22:58:10] INFO     - Processing player of SRH : 'Ishan Kishan' | 678 points | team: SRH
[2026-05-08 22:58:10] DEBUG    - Match found for Ishan Kishan in Points at row 18
[2026-05-08 22:58:10] INFO     - No update needed for Ishan Kishan in Points as points are unchanged.
[2026-05-08 22:58:10] DEBUG    - ===============================================================
[2026-05-08 22:58:10] INFO     - Processing count= 15
[2026-05-08 22:58:10] INFO     - Processing player of SRH : 'Pat Cummins' | 150 points | team: SRH
[2026-05-08 22:58:10] DEBUG    - Match found for Pat Cummins in Points at row 19
[2026-05-08 22:58:10] INFO     - No update needed for Pat Cummins in Points as points are unchanged.
[2026-05-08 22:58:10] DEBUG    - ===============================================================
[2026-05-08 22:58:10] INFO     - Processing count= 16
[2026-05-08 22:58:10] INFO     - Processing player of RCB : 'Rasikh Salam' | 223 points | team: RCB
[2026-05-08 22:58:10] DEBUG    - Match found for Rasikh Salam in Points at row 20
[2026-05-08 22:58:10] INFO     - No update needed for Rasikh Salam in Points as points are unchanged.
[2026-05-08 22:58:10] DEBUG    - ===============================================================
[2026-05-08 22:58:10] INFO     - Processing count= 17
[2026-05-08 22:58:10] INFO     - 
Skipping Matheesha Pathirana as points is zero.
[2026-05-08 22:58:10] DEBUG    - ===============================================================
[2026-05-08 22:58:10] INFO     - Processing count= 18
[2026-05-08 22:58:10] INFO     - 
Skipping Nathan Ellis as points is zero.
[2026-05-08 22:58:10] DEBUG    - ===============================================================
[2026-05-08 22:58:10] INFO     - Processing count= 19
[2026-05-08 22:58:10] INFO     - 
Skipping Yudhvir Singh as points is zero.
[2026-05-08 22:58:10] DEBUG    - ===============================================================
[2026-05-08 22:58:10] INFO     - Processing count= 20
[2026-05-08 22:58:10] INFO     - Processing player of CSK : 'Ayush Mhatre' | 311 points | team: CSK
[2026-05-08 22:58:10] DEBUG    - Match found for Ayush Mhatre in Points at row 24
[2026-05-08 22:58:10] INFO     - No update needed for Ayush Mhatre in Points as points are unchanged.
[2026-05-08 22:58:10] DEBUG    - ===============================================================
[2026-05-08 22:58:10] INFO     - Processing count= 21
[2026-05-08 22:58:10] INFO     - 
Skipping MS Dhoni as points is zero.
[2026-05-08 22:58:10] DEBUG    - ===============================================================
[2026-05-08 22:58:10] INFO     - Processing count= 22
[2026-05-08 22:58:10] INFO     - Processing player of DC : 'Mitchell Starc' | 107 points | team: DC
[2026-05-08 22:58:10] DEBUG    - Match found for Mitchell Starc in Points at row 26
[2026-05-08 22:58:11] INFO     - Points gained for Mitchell Starc in Points: 19 (Points: 107, Dot Balls: 26, Previous Total: 114)
[2026-05-08 22:58:11] INFO     - Data updated successfully for Mitchell Starc in Points - 107 points and 26 dot balls!
[2026-05-08 22:58:11] DEBUG    - Sleeping 3s before next update.
[2026-05-08 22:58:14] DEBUG    - ===============================================================
[2026-05-08 22:58:14] INFO     - Processing count= 23
[2026-05-08 22:58:14] INFO     - Processing player of GT : 'Glenn Phillips' | 165 points | team: GT
[2026-05-08 22:58:14] DEBUG    - Match found for Glenn Phillips in Points at row 27
[2026-05-08 22:58:14] INFO     - No update needed for Glenn Phillips in Points as points are unchanged.
[2026-05-08 22:58:14] DEBUG    - ===============================================================
[2026-05-08 22:58:14] INFO     - Processing count= 24
[2026-05-08 22:58:14] INFO     - Processing player of KKR : 'Sunil Narine' | 396 points | team: KKR
[2026-05-08 22:58:14] DEBUG    - Match found for Sunil Narine in Points at row 28
[2026-05-08 22:58:15] INFO     - Points gained for Sunil Narine in Points: 57 (Points: 396, Dot Balls: 94, Previous Total: 433)
[2026-05-08 22:58:15] INFO     - Data updated successfully for Sunil Narine in Points - 396 points and 94 dot balls!
[2026-05-08 22:58:15] DEBUG    - Sleeping 3s before next update.
[2026-05-08 22:58:18] DEBUG    - ===============================================================
[2026-05-08 22:58:18] INFO     - Processing count= 25
[2026-05-08 22:58:18] INFO     - Processing player of KKR : 'Ajinkya Rahane' | 355 points | team: KKR
[2026-05-08 22:58:18] DEBUG    - Match found for Ajinkya Rahane in Points at row 29
[2026-05-08 22:58:19] INFO     - Points gained for Ajinkya Rahane in Points: 28 (Points: 355, Dot Balls: 0, Previous Total: 327)
[2026-05-08 22:58:19] INFO     - Data updated successfully for Ajinkya Rahane in Points - 355 points and 0 dot balls!
[2026-05-08 22:58:19] DEBUG    - Sleeping 3s before next update.
[2026-05-08 22:58:22] DEBUG    - ===============================================================
[2026-05-08 22:58:22] INFO     - Processing count= 26
[2026-05-08 22:58:22] INFO     - Processing player of LSG : 'Ayush Badoni' | 266 points | team: LSG
[2026-05-08 22:58:22] DEBUG    - Match found for Ayush Badoni in Points at row 30
[2026-05-08 22:58:22] INFO     - No update needed for Ayush Badoni in Points as points are unchanged.
[2026-05-08 22:58:22] DEBUG    - ===============================================================
[2026-05-08 22:58:22] INFO     - Processing count= 27
[2026-05-08 22:58:22] INFO     - Processing player of MI : 'Hardik Pandya' | 330 points | team: MI
[2026-05-08 22:58:22] DEBUG    - Match found for Hardik Pandya in Points at row 31
[2026-05-08 22:58:22] INFO     - No update needed for Hardik Pandya in Points as points are unchanged.
[2026-05-08 22:58:22] DEBUG    - ===============================================================
[2026-05-08 22:58:22] INFO     - Processing count= 28
[2026-05-08 22:58:22] INFO     - Processing player of MI : 'Suryakumar Yadav' | 322 points | team: MI
[2026-05-08 22:58:22] DEBUG    - Match found for Suryakumar Yadav in Points at row 32
[2026-05-08 22:58:22] INFO     - No update needed for Suryakumar Yadav in Points as points are unchanged.
[2026-05-08 22:58:22] DEBUG    - ===============================================================
[2026-05-08 22:58:22] INFO     - Processing count= 29
[2026-05-08 22:58:22] INFO     - Processing player of MI : 'Rohit Sharma' | 326 points | team: MI
[2026-05-08 22:58:22] DEBUG    - Match found for Rohit Sharma in Points at row 33
[2026-05-08 22:58:22] INFO     - No update needed for Rohit Sharma in Points as points are unchanged.
[2026-05-08 22:58:22] DEBUG    - ===============================================================
[2026-05-08 22:58:22] INFO     - Processing count= 30
[2026-05-08 22:58:22] INFO     - Processing player of PBSK : 'Priyansh Arya' | 449 points | team: PBSK
[2026-05-08 22:58:22] DEBUG    - Match found for Priyansh Arya in Points at row 34
[2026-05-08 22:58:22] INFO     - No update needed for Priyansh Arya in Points as points are unchanged.
[2026-05-08 22:58:22] DEBUG    - ===============================================================
[2026-05-08 22:58:22] INFO     - Processing count= 31
[2026-05-08 22:58:22] INFO     - Processing player of RCB : 'Phil Salt' | 348 points | team: RCB
[2026-05-08 22:58:22] DEBUG    - Match found for Phil Salt in Points at row 35
[2026-05-08 22:58:22] INFO     - No update needed for Phil Salt in Points as points are unchanged.
[2026-05-08 22:58:22] DEBUG    - ===============================================================
[2026-05-08 22:58:22] INFO     - Processing count= 32
[2026-05-08 22:58:22] INFO     - Processing player of RCB : 'Bhuvneshwar Kumar' | 563 points | team: RCB
[2026-05-08 22:58:22] DEBUG    - Match found for Bhuvneshwar Kumar in Points at row 36
[2026-05-08 22:58:22] INFO     - No update needed for Bhuvneshwar Kumar in Points as points are unchanged.
[2026-05-08 22:58:22] DEBUG    - ===============================================================
[2026-05-08 22:58:22] INFO     - Processing count= 33
[2026-05-08 22:58:22] INFO     - Processing player of RCB : 'Josh Hazlewood' | 301 points | team: RCB
[2026-05-08 22:58:22] DEBUG    - Match found for Josh Hazlewood in Points at row 37
[2026-05-08 22:58:22] INFO     - No update needed for Josh Hazlewood in Points as points are unchanged.
[2026-05-08 22:58:22] DEBUG    - ===============================================================
[2026-05-08 22:58:22] INFO     - Processing count= 34
[2026-05-08 22:58:22] INFO     - Processing player of RR : 'Shimron Hetmyer' | 158 points | team: RR
[2026-05-08 22:58:22] DEBUG    - Match found for Shimron Hetmyer in Points at row 38
[2026-05-08 22:58:22] INFO     - No update needed for Shimron Hetmyer in Points as points are unchanged.
[2026-05-08 22:58:22] DEBUG    - ===============================================================
[2026-05-08 22:58:22] INFO     - Processing count= 35
[2026-05-08 22:58:22] INFO     - Processing player of RR : 'Sandeep Sharma' | 163 points | team: RR
[2026-05-08 22:58:22] DEBUG    - Match found for Sandeep Sharma in Points at row 39
[2026-05-08 22:58:22] INFO     - No update needed for Sandeep Sharma in Points as points are unchanged.
[2026-05-08 22:58:22] DEBUG    - ===============================================================
[2026-05-08 22:58:22] INFO     - Processing count= 36
[2026-05-08 22:58:22] INFO     - Processing player of PBSK : 'Marco Jansen' | 284 points | team: PBSK
[2026-05-08 22:58:22] DEBUG    - Match found for Marco Jansen in Points at row 40
[2026-05-08 22:58:22] INFO     - No update needed for Marco Jansen in Points as points are unchanged.
[2026-05-08 22:58:22] DEBUG    - ===============================================================
[2026-05-08 22:58:22] INFO     - Processing count= 37
[2026-05-08 22:58:22] INFO     - Processing player of CSK : 'Prashant Veer' | 70 points | team: CSK
[2026-05-08 22:58:22] DEBUG    - Match found for Prashant Veer in Points at row 41
[2026-05-08 22:58:22] INFO     - No update needed for Prashant Veer in Points as points are unchanged.
[2026-05-08 22:58:22] DEBUG    - ===============================================================
[2026-05-08 22:58:22] INFO     - Processing count= 38
[2026-05-08 22:58:22] INFO     - Processing player of CSK : 'Ruturaj Gaikwad' | 396 points | team: CSK
[2026-05-08 22:58:22] DEBUG    - Match found for Ruturaj Gaikwad in Points at row 42
[2026-05-08 22:58:22] INFO     - No update needed for Ruturaj Gaikwad in Points as points are unchanged.
[2026-05-08 22:58:22] DEBUG    - ===============================================================
[2026-05-08 22:58:22] INFO     - Processing count= 39
[2026-05-08 22:58:22] INFO     - Processing player of DC : 'Axar Patel' | 371 points | team: DC
[2026-05-08 22:58:22] DEBUG    - Match found for Axar Patel in Points at row 43
[2026-05-08 22:58:23] INFO     - Points gained for Axar Patel in Points: 55 (Points: 371, Dot Balls: 65, Previous Total: 381)
[2026-05-08 22:58:23] INFO     - Data updated successfully for Axar Patel in Points - 371 points and 65 dot balls!
[2026-05-08 22:58:23] DEBUG    - Sleeping 3s before next update.
[2026-05-08 22:58:26] DEBUG    - ===============================================================
[2026-05-08 22:58:26] INFO     - Processing count= 40
[2026-05-08 22:58:26] INFO     - Processing player of DC : 'Abishek Porel' | 41 points | team: DC
[2026-05-08 22:58:26] DEBUG    - Match found for Abishek Porel in Points at row 44
[2026-05-08 22:58:26] INFO     - No update needed for Abishek Porel in Points as points are unchanged.
[2026-05-08 22:58:26] DEBUG    - ===============================================================
[2026-05-08 22:58:26] INFO     - Processing count= 41
[2026-05-08 22:58:26] INFO     - Processing player of DC : 'KL Rahul' | 720 points | team: DC
[2026-05-08 22:58:26] DEBUG    - Match found for KL Rahul in Points at row 45
[2026-05-08 22:58:26] INFO     - Points gained for KL Rahul in Points: 35 (Points: 720, Dot Balls: 0, Previous Total: 685)
[2026-05-08 22:58:26] INFO     - Data updated successfully for KL Rahul in Points - 720 points and 0 dot balls!
[2026-05-08 22:58:26] DEBUG    - Sleeping 3s before next update.
[2026-05-08 22:58:29] DEBUG    - ===============================================================
[2026-05-08 22:58:29] INFO     - Processing count= 42
[2026-05-08 22:58:29] INFO     - Processing player of GT : 'Rashid Khan' | 410 points | team: GT
[2026-05-08 22:58:29] DEBUG    - Match found for Rashid Khan in Points at row 46
[2026-05-08 22:58:29] INFO     - No update needed for Rashid Khan in Points as points are unchanged.
[2026-05-08 22:58:29] DEBUG    - ===============================================================
[2026-05-08 22:58:29] INFO     - Processing count= 43
[2026-05-08 22:58:29] INFO     - Processing player of KKR : 'Cameron Green' | 486 points | team: KKR
[2026-05-08 22:58:29] DEBUG    - Match found for Cameron Green in Points at row 47
[2026-05-08 22:58:30] INFO     - Points gained for Cameron Green in Points: 80 (Points: 486, Dot Balls: 28, Previous Total: 434)
[2026-05-08 22:58:30] INFO     - Data updated successfully for Cameron Green in Points - 486 points and 28 dot balls!
[2026-05-08 22:58:30] DEBUG    - Sleeping 3s before next update.
[2026-05-08 22:58:33] DEBUG    - ===============================================================
[2026-05-08 22:58:33] INFO     - Processing count= 44
[2026-05-08 22:58:33] INFO     - Processing player of KKR : 'Varun Chakaravarthy' | 308 points | team: KKR
[2026-05-08 22:58:33] DEBUG    - Match found for Varun Chakaravarthy in Points at row 48
[2026-05-08 22:58:34] INFO     - Points gained for Varun Chakaravarthy in Points: 14 (Points: 308, Dot Balls: 61, Previous Total: 355)
[2026-05-08 22:58:34] INFO     - Data updated successfully for Varun Chakaravarthy in Points - 308 points and 61 dot balls!
[2026-05-08 22:58:34] DEBUG    - Sleeping 3s before next update.
[2026-05-08 22:58:37] DEBUG    - ===============================================================
[2026-05-08 22:58:37] INFO     - Processing count= 45
[2026-05-08 22:58:37] INFO     - Processing player of LSG : 'Digvesh Singh' | 121 points | team: LSG
[2026-05-08 22:58:37] DEBUG    - Match found for Digvesh Singh in Points at row 49
[2026-05-08 22:58:37] INFO     - No update needed for Digvesh Singh in Points as points are unchanged.
[2026-05-08 22:58:37] DEBUG    - ===============================================================
[2026-05-08 22:58:37] INFO     - Processing count= 46
[2026-05-08 22:58:37] INFO     - Processing player of LSG : 'Rishabh Pant' | 441 points | team: LSG
[2026-05-08 22:58:37] DEBUG    - Match found for Rishabh Pant in Points at row 50
[2026-05-08 22:58:37] INFO     - No update needed for Rishabh Pant in Points as points are unchanged.
[2026-05-08 22:58:37] DEBUG    - ===============================================================
[2026-05-08 22:58:37] INFO     - Processing count= 47
[2026-05-08 22:58:37] INFO     - Processing player of PBSK : 'Arshdeep Singh' | 332 points | team: PBSK
[2026-05-08 22:58:37] DEBUG    - Match found for Arshdeep Singh in Points at row 51
[2026-05-08 22:58:37] INFO     - No update needed for Arshdeep Singh in Points as points are unchanged.
[2026-05-08 22:58:37] DEBUG    - ===============================================================
[2026-05-08 22:58:37] INFO     - Processing count= 48
[2026-05-08 22:58:37] INFO     - Processing player of RCB : 'Krunal Pandya' | 408 points | team: RCB
[2026-05-08 22:58:37] DEBUG    - Match found for Krunal Pandya in Points at row 52
[2026-05-08 22:58:37] INFO     - No update needed for Krunal Pandya in Points as points are unchanged.
[2026-05-08 22:58:37] DEBUG    - ===============================================================
[2026-05-08 22:58:37] INFO     - Processing count= 49
[2026-05-08 22:58:37] INFO     - Processing player of RCB : 'Rajat Patidar' | 541 points | team: RCB
[2026-05-08 22:58:37] DEBUG    - Match found for Rajat Patidar in Points at row 53
[2026-05-08 22:58:37] INFO     - No update needed for Rajat Patidar in Points as points are unchanged.
[2026-05-08 22:58:37] DEBUG    - ===============================================================
[2026-05-08 22:58:37] INFO     - Processing count= 50
[2026-05-08 22:58:37] INFO     - Processing player of RR : 'Yashasvi Jaiswal' | 488 points | team: RR
[2026-05-08 22:58:37] DEBUG    - Match found for Yashasvi Jaiswal in Points at row 54
[2026-05-08 22:58:37] INFO     - No update needed for Yashasvi Jaiswal in Points as points are unchanged.
[2026-05-08 22:58:37] DEBUG    - ===============================================================
[2026-05-08 22:58:37] INFO     - Processing count= 51
[2026-05-08 22:58:37] INFO     - Processing player of SRH : 'Travis Head' | 549 points | team: SRH
[2026-05-08 22:58:37] DEBUG    - Match found for Travis Head in Points at row 55
[2026-05-08 22:58:37] INFO     - No update needed for Travis Head in Points as points are unchanged.
[2026-05-08 22:58:37] DEBUG    - ===============================================================
[2026-05-08 22:58:37] INFO     - Processing count= 52
[2026-05-08 22:58:37] INFO     - Processing player of SRH : 'Nitish Kumar Reddy' | 577 points | team: SRH
[2026-05-08 22:58:37] DEBUG    - Match found for Nitish Kumar Reddy in Points at row 56
[2026-05-08 22:58:37] INFO     - No update needed for Nitish Kumar Reddy in Points as points are unchanged.
[2026-05-08 22:58:37] DEBUG    - ===============================================================
[2026-05-08 22:58:37] INFO     - Processing count= 53
[2026-05-08 22:58:37] INFO     - Processing player of MI : 'Naman Dhir' | 435 points | team: MI
[2026-05-08 22:58:37] DEBUG    - Match found for Naman Dhir in Points at row 57
[2026-05-08 22:58:37] INFO     - No update needed for Naman Dhir in Points as points are unchanged.
[2026-05-08 22:58:37] DEBUG    - ===============================================================
[2026-05-08 22:58:37] INFO     - Processing count= 54
[2026-05-08 22:58:37] INFO     - Processing player of KKR : 'Finn Allen' | 335 points | team: KKR
[2026-05-08 22:58:37] DEBUG    - Match found for Finn Allen in Points at row 58
[2026-05-08 22:58:38] INFO     - Points gained for Finn Allen in Points: 151 (Points: 335, Dot Balls: 0, Previous Total: 184)
[2026-05-08 22:58:38] INFO     - Data updated successfully for Finn Allen in Points - 335 points and 0 dot balls!
[2026-05-08 22:58:38] DEBUG    - Sleeping 3s before next update.
[2026-05-08 22:58:41] DEBUG    - ===============================================================
[2026-05-08 22:58:41] INFO     - Processing count= 55
[2026-05-08 22:58:41] INFO     - Processing player of GT : 'Rahul Tewatia' | 144 points | team: GT
[2026-05-08 22:58:41] DEBUG    - Match found for Rahul Tewatia in Points at row 59
[2026-05-08 22:58:41] INFO     - No update needed for Rahul Tewatia in Points as points are unchanged.
[2026-05-08 22:58:41] DEBUG    - ===============================================================
[2026-05-08 22:58:41] INFO     - Processing count= 56
[2026-05-08 22:58:41] INFO     - Processing player of GT : 'Jason Holder' | 326 points | team: GT
[2026-05-08 22:58:41] DEBUG    - Match found for Jason Holder in Points at row 60
[2026-05-08 22:58:41] INFO     - No update needed for Jason Holder in Points as points are unchanged.
[2026-05-08 22:58:41] DEBUG    - ===============================================================
[2026-05-08 22:58:41] INFO     - Processing count= 57
[2026-05-08 22:58:41] INFO     - Processing player of CSK : 'Dewald Brevis' | 207 points | team: CSK
[2026-05-08 22:58:41] DEBUG    - Match found for Dewald Brevis in Points at row 61
[2026-05-08 22:58:41] INFO     - No update needed for Dewald Brevis in Points as points are unchanged.
[2026-05-08 22:58:41] DEBUG    - ===============================================================
[2026-05-08 22:58:41] INFO     - Processing count= 58
[2026-05-08 22:58:41] INFO     - Processing player of CSK : 'Noor Ahmad' | 361 points | team: CSK
[2026-05-08 22:58:41] DEBUG    - Match found for Noor Ahmad in Points at row 62
[2026-05-08 22:58:41] INFO     - No update needed for Noor Ahmad in Points as points are unchanged.
[2026-05-08 22:58:41] DEBUG    - ===============================================================
[2026-05-08 22:58:41] INFO     - Processing count= 59
[2026-05-08 22:58:41] INFO     - Processing player of DC : 'Auqib Nabi' | 5 points | team: DC
[2026-05-08 22:58:41] DEBUG    - Match found for Auqib Nabi in Points at row 63
[2026-05-08 22:58:41] INFO     - No update needed for Auqib Nabi in Points as points are unchanged.
[2026-05-08 22:58:41] DEBUG    - ===============================================================
[2026-05-08 22:58:41] INFO     - Processing count= 60
[2026-05-08 22:58:41] INFO     - Processing player of GT : 'Jos Buttler' | 647 points | team: GT
[2026-05-08 22:58:41] DEBUG    - Match found for Jos Buttler in Points at row 64
[2026-05-08 22:58:41] INFO     - No update needed for Jos Buttler in Points as points are unchanged.
[2026-05-08 22:58:41] DEBUG    - ===============================================================
[2026-05-08 22:58:41] INFO     - Processing count= 61
[2026-05-08 22:58:41] INFO     - Processing player of GT : 'Prasidh Krishna' | 334 points | team: GT
[2026-05-08 22:58:41] DEBUG    - Match found for Prasidh Krishna in Points at row 65
[2026-05-08 22:58:41] INFO     - No update needed for Prasidh Krishna in Points as points are unchanged.
[2026-05-08 22:58:41] DEBUG    - ===============================================================
[2026-05-08 22:58:41] INFO     - Processing count= 62
[2026-05-08 22:58:41] INFO     - Processing player of KKR : 'Vaibhav Arora' | 332 points | team: KKR
[2026-05-08 22:58:41] DEBUG    - Match found for Vaibhav Arora in Points at row 66
[2026-05-08 22:58:42] INFO     - Points gained for Vaibhav Arora in Points: 34 (Points: 332, Dot Balls: 71, Previous Total: 369)
[2026-05-08 22:58:42] INFO     - Data updated successfully for Vaibhav Arora in Points - 332 points and 71 dot balls!
[2026-05-08 22:58:42] DEBUG    - Sleeping 3s before next update.
[2026-05-08 22:58:45] DEBUG    - ===============================================================
[2026-05-08 22:58:45] INFO     - Processing count= 63
[2026-05-08 22:58:45] INFO     - Processing player of LSG : 'Aiden Markram' | 401 points | team: LSG
[2026-05-08 22:58:45] DEBUG    - Match found for Aiden Markram in Points at row 67
[2026-05-08 22:58:45] INFO     - No update needed for Aiden Markram in Points as points are unchanged.
[2026-05-08 22:58:45] DEBUG    - ===============================================================
[2026-05-08 22:58:45] INFO     - Processing count= 64
[2026-05-08 22:58:45] INFO     - Processing player of MI : 'Will Jacks' | 119 points | team: MI
[2026-05-08 22:58:45] DEBUG    - Match found for Will Jacks in Points at row 68
[2026-05-08 22:58:45] INFO     - No update needed for Will Jacks in Points as points are unchanged.
[2026-05-08 22:58:45] DEBUG    - ===============================================================
[2026-05-08 22:58:45] INFO     - Processing count= 65
[2026-05-08 22:58:45] INFO     - Processing player of PBSK : 'Nehal Wadhera' | 127 points | team: PBSK
[2026-05-08 22:58:45] DEBUG    - Match found for Nehal Wadhera in Points at row 69
[2026-05-08 22:58:45] INFO     - No update needed for Nehal Wadhera in Points as points are unchanged.
[2026-05-08 22:58:45] DEBUG    - ===============================================================
[2026-05-08 22:58:45] INFO     - Processing count= 66
[2026-05-08 22:58:45] INFO     - Processing player of PBSK : 'Shreyas Iyer' | 551 points | team: PBSK
[2026-05-08 22:58:45] DEBUG    - Match found for Shreyas Iyer in Points at row 70
[2026-05-08 22:58:45] INFO     - No update needed for Shreyas Iyer in Points as points are unchanged.
[2026-05-08 22:58:45] DEBUG    - ===============================================================
[2026-05-08 22:58:45] INFO     - Processing count= 67
[2026-05-08 22:58:45] INFO     - Processing player of RCB : 'Devdutt Padikkal' | 576 points | team: RCB
[2026-05-08 22:58:45] DEBUG    - Match found for Devdutt Padikkal in Points at row 71
[2026-05-08 22:58:45] INFO     - No update needed for Devdutt Padikkal in Points as points are unchanged.
[2026-05-08 22:58:45] DEBUG    - ===============================================================
[2026-05-08 22:58:45] INFO     - Processing count= 68
[2026-05-08 22:58:45] INFO     - Processing player of RCB : 'Virat Kohli' | 599 points | team: RCB
[2026-05-08 22:58:45] DEBUG    - Match found for Virat Kohli in Points at row 72
[2026-05-08 22:58:45] INFO     - No update needed for Virat Kohli in Points as points are unchanged.
[2026-05-08 22:58:45] DEBUG    - ===============================================================
[2026-05-08 22:58:45] INFO     - Processing count= 69
[2026-05-08 22:58:45] INFO     - Processing player of RR : 'Riyan Parag' | 395 points | team: RR
[2026-05-08 22:58:45] DEBUG    - Match found for Riyan Parag in Points at row 73
[2026-05-08 22:58:45] INFO     - No update needed for Riyan Parag in Points as points are unchanged.
[2026-05-08 22:58:45] DEBUG    - ===============================================================
[2026-05-08 22:58:45] INFO     - Processing count= 70
[2026-05-08 22:58:45] INFO     - Processing player of SRH : 'Harshal Patel' | 20 points | team: SRH
[2026-05-08 22:58:45] DEBUG    - Match found for Harshal Patel in Points at row 74
[2026-05-08 22:58:45] INFO     - No update needed for Harshal Patel in Points as points are unchanged.
[2026-05-08 22:58:45] DEBUG    - ===============================================================
[2026-05-08 22:58:45] INFO     - Processing count= 71
[2026-05-08 22:58:45] INFO     - Processing player of SRH : 'Heinrich Klaasen' | 788 points | team: SRH
[2026-05-08 22:58:45] DEBUG    - Match found for Heinrich Klaasen in Points at row 75
[2026-05-08 22:58:45] INFO     - No update needed for Heinrich Klaasen in Points as points are unchanged.
[2026-05-08 22:58:45] DEBUG    - ===============================================================
[2026-05-08 22:58:45] INFO     - Processing count= 72
[2026-05-08 22:58:45] INFO     - Processing player of DC : 'Nitish Rana' | 374 points | team: DC
[2026-05-08 22:58:45] DEBUG    - Match found for Nitish Rana in Points at row 76
[2026-05-08 22:58:46] INFO     - Points gained for Nitish Rana in Points: 13 (Points: 374, Dot Balls: 7, Previous Total: 368)
[2026-05-08 22:58:46] INFO     - Data updated successfully for Nitish Rana in Points - 374 points and 7 dot balls!
[2026-05-08 22:58:46] DEBUG    - Sleeping 3s before next update.
[2026-05-08 22:58:49] DEBUG    - ===============================================================
[2026-05-08 22:58:49] INFO     - Processing count= 73
[2026-05-08 22:58:49] INFO     - Processing player of MI : 'Trent Boult' | 84 points | team: MI
[2026-05-08 22:58:49] DEBUG    - Match found for Trent Boult in Points at row 77
[2026-05-08 22:58:49] INFO     - No update needed for Trent Boult in Points as points are unchanged.
[2026-05-08 22:58:49] DEBUG    - ===============================================================
[2026-05-08 22:58:49] INFO     - Processing count= 74
[2026-05-08 22:58:49] INFO     - Processing player of RCB : 'Venkatesh Iyer' | 61 points | team: RCB
[2026-05-08 22:58:49] DEBUG    - Match found for Venkatesh Iyer in Points at row 78
[2026-05-08 22:58:49] INFO     - No update needed for Venkatesh Iyer in Points as points are unchanged.
[2026-05-08 22:58:49] DEBUG    - ===============================================================
[2026-05-08 22:58:49] INFO     - Processing count= 75
[2026-05-08 22:58:49] INFO     - 
Skipping Yash Dayal as points is zero.
[2026-05-08 22:58:49] DEBUG    - ===============================================================
[2026-05-08 22:58:49] INFO     - Processing count= 76
[2026-05-08 22:58:49] INFO     - Processing player of MI : 'Shardul Thakur' | 169 points | team: MI
[2026-05-08 22:58:49] DEBUG    - Match found for Shardul Thakur in Points at row 80
[2026-05-08 22:58:49] INFO     - No update needed for Shardul Thakur in Points as points are unchanged.
[2026-05-08 22:58:49] DEBUG    - ===============================================================
[2026-05-08 22:58:49] INFO     - Processing count= 77
[2026-05-08 22:58:49] INFO     - Processing player of CSK : 'Rahul Chahar' | 8 points | team: CSK
[2026-05-08 22:58:49] DEBUG    - Match found for Rahul Chahar in Points at row 81
[2026-05-08 22:58:49] INFO     - No update needed for Rahul Chahar in Points as points are unchanged.
[2026-05-08 22:58:49] DEBUG    - ===============================================================
[2026-05-08 22:58:49] INFO     - Processing count= 78
[2026-05-08 22:58:49] INFO     - Processing player of CSK : 'Khaleel Ahmed' | 70 points | team: CSK
[2026-05-08 22:58:49] DEBUG    - Match found for Khaleel Ahmed in Points at row 82
[2026-05-08 22:58:49] INFO     - No update needed for Khaleel Ahmed in Points as points are unchanged.
[2026-05-08 22:58:49] DEBUG    - ===============================================================
[2026-05-08 22:58:49] INFO     - Processing count= 79
[2026-05-08 22:58:49] INFO     - Processing player of DC : 'Tristan Stubbs' | 414 points | team: DC
[2026-05-08 22:58:49] DEBUG    - Match found for Tristan Stubbs in Points at row 83
[2026-05-08 22:58:50] INFO     - Points gained for Tristan Stubbs in Points: 6 (Points: 414, Dot Balls: 0, Previous Total: 408)
[2026-05-08 22:58:50] INFO     - Data updated successfully for Tristan Stubbs in Points - 414 points and 0 dot balls!
[2026-05-08 22:58:50] DEBUG    - Sleeping 3s before next update.
[2026-05-08 22:58:53] DEBUG    - ===============================================================
[2026-05-08 22:58:53] INFO     - Processing count= 80
[2026-05-08 22:58:53] INFO     - Processing player of DC : 'Kuldeep Yadav' | 244 points | team: DC
[2026-05-08 22:58:53] DEBUG    - Match found for Kuldeep Yadav in Points at row 84
[2026-05-08 22:58:54] INFO     - Points gained for Kuldeep Yadav in Points: 4 (Points: 244, Dot Balls: 52, Previous Total: 292)
[2026-05-08 22:58:54] INFO     - Data updated successfully for Kuldeep Yadav in Points - 244 points and 52 dot balls!
[2026-05-08 22:58:54] DEBUG    - Sleeping 3s before next update.
[2026-05-08 22:58:57] DEBUG    - ===============================================================
[2026-05-08 22:58:57] INFO     - Processing count= 81
[2026-05-08 22:58:57] INFO     - Processing player of GT : 'Shubman Gill' | 609 points | team: GT
[2026-05-08 22:58:57] DEBUG    - Match found for Shubman Gill in Points at row 85
[2026-05-08 22:58:57] INFO     - No update needed for Shubman Gill in Points as points are unchanged.
[2026-05-08 22:58:57] DEBUG    - ===============================================================
[2026-05-08 22:58:57] INFO     - Processing count= 82
[2026-05-08 22:58:57] INFO     - Processing player of GT : 'Mohammed Siraj' | 343 points | team: GT
[2026-05-08 22:58:57] DEBUG    - Match found for Mohammed Siraj in Points at row 86
[2026-05-08 22:58:57] INFO     - No update needed for Mohammed Siraj in Points as points are unchanged.
[2026-05-08 22:58:57] DEBUG    - ===============================================================
[2026-05-08 22:58:57] INFO     - Processing count= 83
[2026-05-08 22:58:57] INFO     - Processing player of KKR : 'Angkrish Raghuvanshi' | 438 points | team: KKR
[2026-05-08 22:58:57] DEBUG    - Match found for Angkrish Raghuvanshi in Points at row 87
[2026-05-08 22:58:58] INFO     - Points gained for Angkrish Raghuvanshi in Points: 23 (Points: 438, Dot Balls: 0, Previous Total: 415)
[2026-05-08 22:58:58] INFO     - Data updated successfully for Angkrish Raghuvanshi in Points - 438 points and 0 dot balls!
[2026-05-08 22:58:58] DEBUG    - Sleeping 3s before next update.
[2026-05-08 22:59:01] DEBUG    - ===============================================================
[2026-05-08 22:59:01] INFO     - Processing count= 84
[2026-05-08 22:59:01] INFO     - Processing player of LSG : 'Mitchell Marsh' | 566 points | team: LSG
[2026-05-08 22:59:01] DEBUG    - Match found for Mitchell Marsh in Points at row 88
[2026-05-08 22:59:01] INFO     - No update needed for Mitchell Marsh in Points as points are unchanged.
[2026-05-08 22:59:01] DEBUG    - ===============================================================
[2026-05-08 22:59:01] INFO     - Processing count= 85
[2026-05-08 22:59:01] INFO     - Processing player of LSG : 'Nicholas Pooran' | 325 points | team: LSG
[2026-05-08 22:59:01] DEBUG    - Match found for Nicholas Pooran in Points at row 89
[2026-05-08 22:59:01] INFO     - No update needed for Nicholas Pooran in Points as points are unchanged.
[2026-05-08 22:59:01] DEBUG    - ===============================================================
[2026-05-08 22:59:01] INFO     - Processing count= 86
[2026-05-08 22:59:01] INFO     - Processing player of PBSK : 'Marcus Stoinis' | 325 points | team: PBSK
[2026-05-08 22:59:01] DEBUG    - Match found for Marcus Stoinis in Points at row 90
[2026-05-08 22:59:01] INFO     - No update needed for Marcus Stoinis in Points as points are unchanged.
[2026-05-08 22:59:01] DEBUG    - ===============================================================
[2026-05-08 22:59:01] INFO     - Processing count= 87
[2026-05-08 22:59:01] INFO     - Processing player of PBSK : 'Prabhsimran Singh' | 585 points | team: PBSK
[2026-05-08 22:59:01] DEBUG    - Match found for Prabhsimran Singh in Points at row 91
[2026-05-08 22:59:01] INFO     - No update needed for Prabhsimran Singh in Points as points are unchanged.
[2026-05-08 22:59:01] DEBUG    - ===============================================================
[2026-05-08 22:59:01] INFO     - Processing count= 88
[2026-05-08 22:59:01] INFO     - Processing player of PBSK : 'Shashank Singh' | 212 points | team: PBSK
[2026-05-08 22:59:01] DEBUG    - Match found for Shashank Singh in Points at row 92
[2026-05-08 22:59:01] INFO     - No update needed for Shashank Singh in Points as points are unchanged.
[2026-05-08 22:59:01] DEBUG    - ===============================================================
[2026-05-08 22:59:01] INFO     - Processing count= 89
[2026-05-08 22:59:01] INFO     - Processing player of RCB : 'Jitesh Sharma' | 215 points | team: RCB
[2026-05-08 22:59:01] DEBUG    - Match found for Jitesh Sharma in Points at row 93
[2026-05-08 22:59:01] INFO     - No update needed for Jitesh Sharma in Points as points are unchanged.
[2026-05-08 22:59:01] DEBUG    - ===============================================================
[2026-05-08 22:59:01] INFO     - Processing count= 90
[2026-05-08 22:59:01] INFO     - Processing player of RR : 'Jofra Archer' | 514 points | team: RR
[2026-05-08 22:59:01] DEBUG    - Match found for Jofra Archer in Points at row 94
[2026-05-08 22:59:01] INFO     - No update needed for Jofra Archer in Points as points are unchanged.
[2026-05-08 22:59:01] DEBUG    - ===============================================================
[2026-05-08 22:59:01] INFO     - Processing count= 91
[2026-05-08 22:59:01] INFO     - Processing player of RR : 'Ravindra Jadeja' | 433 points | team: RR
[2026-05-08 22:59:01] DEBUG    - Match found for Ravindra Jadeja in Points at row 95
[2026-05-08 22:59:01] INFO     - No update needed for Ravindra Jadeja in Points as points are unchanged.
[2026-05-08 22:59:01] DEBUG    - ===============================================================
[2026-05-08 22:59:01] INFO     - Processing count= 92
[2026-05-08 22:59:01] INFO     - Processing player of LSG : 'Mohammad Shami' | 322 points | team: LSG
[2026-05-08 22:59:01] DEBUG    - Match found for Mohammad Shami in Points at row 96
[2026-05-08 22:59:01] INFO     - No update needed for Mohammad Shami in Points as points are unchanged.
[2026-05-08 22:59:01] DEBUG    - ===============================================================
[2026-05-08 22:59:01] INFO     - Processing count= 93
[2026-05-08 22:59:01] INFO     - Processing player of GT : 'Kagiso Rabada' | 540 points | team: GT
[2026-05-08 22:59:01] DEBUG    - Match found for Kagiso Rabada in Points at row 97
[2026-05-08 22:59:01] INFO     - No update needed for Kagiso Rabada in Points as points are unchanged.
[2026-05-08 22:59:01] DEBUG    - ===============================================================
[2026-05-08 22:59:01] INFO     - Processing count= 94
[2026-05-08 22:59:01] INFO     - Processing player of KKR : 'Rinku Singh' | 433 points | team: KKR
[2026-05-08 22:59:01] DEBUG    - Match found for Rinku Singh in Points at row 98
[2026-05-08 22:59:02] INFO     - Points gained for Rinku Singh in Points: 4 (Points: 433, Dot Balls: 0, Previous Total: 429)
[2026-05-08 22:59:02] INFO     - Data updated successfully for Rinku Singh in Points - 433 points and 0 dot balls!
[2026-05-08 22:59:02] DEBUG    - Sleeping 3s before next update.
[2026-05-08 22:59:05] DEBUG    - ===============================================================
[2026-05-08 22:59:05] INFO     - Processing count= 95
[2026-05-08 22:59:05] INFO     - Processing player of CSK : 'Kartik Sharma' | 234 points | team: CSK
[2026-05-08 22:59:05] DEBUG    - Match found for Kartik Sharma in Points at row 99
[2026-05-08 22:59:05] INFO     - No update needed for Kartik Sharma in Points as points are unchanged.
[2026-05-08 22:59:05] DEBUG    - ===============================================================
[2026-05-08 22:59:05] INFO     - Processing count= 96
[2026-05-08 22:59:05] INFO     - Processing player of DC : 'Ashutosh Sharma' | 189 points | team: DC
[2026-05-08 22:59:05] DEBUG    - Match found for Ashutosh Sharma in Points at row 100
[2026-05-08 22:59:06] INFO     - Points gained for Ashutosh Sharma in Points: 58 (Points: 189, Dot Balls: 0, Previous Total: 131)
[2026-05-08 22:59:06] INFO     - Data updated successfully for Ashutosh Sharma in Points - 189 points and 0 dot balls!
[2026-05-08 22:59:06] DEBUG    - Sleeping 3s before next update.
[2026-05-08 22:59:09] DEBUG    - ===============================================================
[2026-05-08 22:59:09] INFO     - Processing count= 97
[2026-05-08 22:59:09] INFO     - Processing player of MI : 'Corbin Bosch' | 88 points | team: MI
[2026-05-08 22:59:09] DEBUG    - Match found for Corbin Bosch in Points at row 101
[2026-05-08 22:59:09] INFO     - No update needed for Corbin Bosch in Points as points are unchanged.
[2026-05-08 22:59:09] DEBUG    - ===============================================================
[2026-05-08 22:59:09] INFO     - Processing count= 98
[2026-05-08 22:59:09] INFO     - Processing player of RCB : 'Tim David' | 376 points | team: RCB
[2026-05-08 22:59:09] DEBUG    - Match found for Tim David in Points at row 102
[2026-05-08 22:59:09] INFO     - No update needed for Tim David in Points as points are unchanged.
[2026-05-08 22:59:09] DEBUG    - ===============================================================
[2026-05-08 22:59:09] INFO     - Processing count= 99
[2026-05-08 22:59:09] INFO     - Processing player of PBSK : 'Cooper Connolly' | 604 points | team: PBSK
[2026-05-08 22:59:09] DEBUG    - Match found for Cooper Connolly in Points at row 103
[2026-05-08 22:59:09] INFO     - No update needed for Cooper Connolly in Points as points are unchanged.
[2026-05-08 22:59:09] DEBUG    - ===============================================================
[2026-05-08 22:59:09] INFO     - Processing count= 100
[2026-05-08 22:59:09] INFO     - Processing player of SRH : 'Liam Livingstone' | 57 points | team: SRH
[2026-05-08 22:59:09] DEBUG    - Match found for Liam Livingstone in Points at row 104
[2026-05-08 22:59:09] INFO     - No update needed for Liam Livingstone in Points as points are unchanged.
[2026-05-08 22:59:09] DEBUG    - ===============================================================
[2026-05-08 22:59:09] INFO     - Processing count= 101
[2026-05-08 22:59:09] INFO     - Processing player of PBSK : 'Vijaykumar Vyshak' | 263 points | team: PBSK
[2026-05-08 22:59:09] DEBUG    - Match found for Vijaykumar Vyshak in Points at row 105
[2026-05-08 22:59:09] INFO     - No update needed for Vijaykumar Vyshak in Points as points are unchanged.
[2026-05-08 22:59:09] DEBUG    - ===============================================================
[2026-05-08 22:59:09] INFO     - Processing count= 102
[2026-05-08 22:59:09] INFO     - Processing player of RCB : 'Suyash Sharma' | 229 points | team: RCB
[2026-05-08 22:59:09] DEBUG    - Match found for Suyash Sharma in Points at row 106
[2026-05-08 22:59:09] INFO     - No update needed for Suyash Sharma in Points as points are unchanged.
[2026-05-08 22:59:09] DEBUG    - ===============================================================
[2026-05-08 22:59:09] INFO     - Processing count= 103
[2026-05-08 22:59:09] INFO     - Processing player of DC : 'David Miller' | 217 points | team: DC
[2026-05-08 22:59:09] DEBUG    - Match found for David Miller in Points at row 107
[2026-05-08 22:59:09] INFO     - No update needed for David Miller in Points as points are unchanged.
[2026-05-08 22:59:09] INFO     - Total players processed for team 'CSK': 10
[2026-05-08 22:59:09] INFO     - Total players processed for team 'GT': 10
[2026-05-08 22:59:09] INFO     - Total players processed for team 'LSG': 8
[2026-05-08 22:59:09] INFO     - Total players processed for team 'MI': 11
[2026-05-08 22:59:09] INFO     - Total players processed for team 'PBSK': 12
[2026-05-08 22:59:09] INFO     - Total players processed for team 'RCB': 13
[2026-05-08 22:59:09] INFO     - Total players processed for team 'RR': 8
[2026-05-08 22:59:09] INFO     - Total players processed for team 'SRH': 8
[2026-05-08 22:59:09] INFO     - Total players processed for team 'DC': 10
[2026-05-08 22:59:09] INFO     - Total players processed for team 'KKR': 8
[2026-05-08 22:59:09] DEBUG    - ===============================================================
[2026-05-08 22:59:09] WARNING  - Player not updated: Shivam Dube | Reason: Points unchanged
[2026-05-08 22:59:09] WARNING  - Player not updated: Sanju Samson | Reason: Points unchanged
[2026-05-08 22:59:09] WARNING  - Player not updated: Sai Sudharsan | Reason: Points unchanged
[2026-05-08 22:59:09] WARNING  - Player not updated: Mohsin Khan | Reason: Points unchanged
[2026-05-08 22:59:09] WARNING  - Player not updated: Tilak Varma | Reason: Points unchanged
[2026-05-08 22:59:09] WARNING  - Player not updated: Quinton de Kock | Reason: Points unchanged
[2026-05-08 22:59:09] WARNING  - Player not updated: Jasprit Bumrah | Reason: Points unchanged
[2026-05-08 22:59:09] WARNING  - Player not updated: Harpreet Brar | Reason: Points unchanged
[2026-05-08 22:59:09] WARNING  - Player not updated: Yuzvendra Chahal | Reason: Points unchanged
[2026-05-08 22:59:09] WARNING  - Player not updated: Romario Shepherd | Reason: Points unchanged
[2026-05-08 22:59:09] WARNING  - Player not updated: Vaibhav Sooryavanshi | Reason: Points unchanged
[2026-05-08 22:59:09] WARNING  - Player not updated: Ravi Bishnoi | Reason: Points unchanged
[2026-05-08 22:59:09] WARNING  - Player not updated: Abhishek Sharma | Reason: Points unchanged
[2026-05-08 22:59:09] WARNING  - Player not updated: Ishan Kishan | Reason: Points unchanged
[2026-05-08 22:59:09] WARNING  - Player not updated: Pat Cummins | Reason: Points unchanged
[2026-05-08 22:59:09] WARNING  - Player not updated: Rasikh Salam | Reason: Points unchanged
[2026-05-08 22:59:09] WARNING  - Player not updated: Matheesha Pathirana | Reason: Points is zero
[2026-05-08 22:59:09] WARNING  - Player not updated: Nathan Ellis | Reason: Points is zero
[2026-05-08 22:59:09] WARNING  - Player not updated: Yudhvir Singh | Reason: Points is zero
[2026-05-08 22:59:09] WARNING  - Player not updated: Ayush Mhatre | Reason: Points unchanged
[2026-05-08 22:59:09] WARNING  - Player not updated: MS Dhoni | Reason: Points is zero
[2026-05-08 22:59:09] WARNING  - Player not updated: Glenn Phillips | Reason: Points unchanged
[2026-05-08 22:59:09] WARNING  - Player not updated: Ayush Badoni | Reason: Points unchanged
[2026-05-08 22:59:09] WARNING  - Player not updated: Hardik Pandya | Reason: Points unchanged
[2026-05-08 22:59:09] WARNING  - Player not updated: Suryakumar Yadav | Reason: Points unchanged
[2026-05-08 22:59:09] WARNING  - Player not updated: Rohit Sharma | Reason: Points unchanged
[2026-05-08 22:59:09] WARNING  - Player not updated: Priyansh Arya | Reason: Points unchanged
[2026-05-08 22:59:09] WARNING  - Player not updated: Phil Salt | Reason: Points unchanged
[2026-05-08 22:59:09] WARNING  - Player not updated: Bhuvneshwar Kumar | Reason: Points unchanged
[2026-05-08 22:59:09] WARNING  - Player not updated: Josh Hazlewood | Reason: Points unchanged
[2026-05-08 22:59:09] WARNING  - Player not updated: Shimron Hetmyer | Reason: Points unchanged
[2026-05-08 22:59:09] WARNING  - Player not updated: Sandeep Sharma | Reason: Points unchanged
[2026-05-08 22:59:09] WARNING  - Player not updated: Marco Jansen | Reason: Points unchanged
[2026-05-08 22:59:09] WARNING  - Player not updated: Prashant Veer | Reason: Points unchanged
[2026-05-08 22:59:09] WARNING  - Player not updated: Ruturaj Gaikwad | Reason: Points unchanged
[2026-05-08 22:59:09] WARNING  - Player not updated: Abishek Porel | Reason: Points unchanged
[2026-05-08 22:59:09] WARNING  - Player not updated: Rashid Khan | Reason: Points unchanged
[2026-05-08 22:59:09] WARNING  - Player not updated: Digvesh Singh | Reason: Points unchanged
[2026-05-08 22:59:09] WARNING  - Player not updated: Rishabh Pant | Reason: Points unchanged
[2026-05-08 22:59:09] WARNING  - Player not updated: Arshdeep Singh | Reason: Points unchanged
[2026-05-08 22:59:09] WARNING  - Player not updated: Krunal Pandya | Reason: Points unchanged
[2026-05-08 22:59:09] WARNING  - Player not updated: Rajat Patidar | Reason: Points unchanged
[2026-05-08 22:59:09] WARNING  - Player not updated: Yashasvi Jaiswal | Reason: Points unchanged
[2026-05-08 22:59:09] WARNING  - Player not updated: Travis Head | Reason: Points unchanged
[2026-05-08 22:59:09] WARNING  - Player not updated: Nitish Kumar Reddy | Reason: Points unchanged
[2026-05-08 22:59:09] WARNING  - Player not updated: Naman Dhir | Reason: Points unchanged
[2026-05-08 22:59:09] WARNING  - Player not updated: Rahul Tewatia | Reason: Points unchanged
[2026-05-08 22:59:09] WARNING  - Player not updated: Jason Holder | Reason: Points unchanged
[2026-05-08 22:59:09] WARNING  - Player not updated: Dewald Brevis | Reason: Points unchanged
[2026-05-08 22:59:09] WARNING  - Player not updated: Noor Ahmad | Reason: Points unchanged
[2026-05-08 22:59:09] WARNING  - Player not updated: Auqib Nabi | Reason: Points unchanged
[2026-05-08 22:59:09] WARNING  - Player not updated: Jos Buttler | Reason: Points unchanged
[2026-05-08 22:59:09] WARNING  - Player not updated: Prasidh Krishna | Reason: Points unchanged
[2026-05-08 22:59:09] WARNING  - Player not updated: Aiden Markram | Reason: Points unchanged
[2026-05-08 22:59:09] WARNING  - Player not updated: Will Jacks | Reason: Points unchanged
[2026-05-08 22:59:09] WARNING  - Player not updated: Nehal Wadhera | Reason: Points unchanged
[2026-05-08 22:59:09] WARNING  - Player not updated: Shreyas Iyer | Reason: Points unchanged
[2026-05-08 22:59:09] WARNING  - Player not updated: Devdutt Padikkal | Reason: Points unchanged
[2026-05-08 22:59:09] WARNING  - Player not updated: Virat Kohli | Reason: Points unchanged
[2026-05-08 22:59:09] WARNING  - Player not updated: Riyan Parag | Reason: Points unchanged
[2026-05-08 22:59:09] WARNING  - Player not updated: Harshal Patel | Reason: Points unchanged
[2026-05-08 22:59:09] WARNING  - Player not updated: Heinrich Klaasen | Reason: Points unchanged
[2026-05-08 22:59:09] WARNING  - Player not updated: Trent Boult | Reason: Points unchanged
[2026-05-08 22:59:09] WARNING  - Player not updated: Venkatesh Iyer | Reason: Points unchanged
[2026-05-08 22:59:09] WARNING  - Player not updated: Yash Dayal | Reason: Points is zero
[2026-05-08 22:59:09] WARNING  - Player not updated: Shardul Thakur | Reason: Points unchanged
[2026-05-08 22:59:09] WARNING  - Player not updated: Rahul Chahar | Reason: Points unchanged
[2026-05-08 22:59:09] WARNING  - Player not updated: Khaleel Ahmed | Reason: Points unchanged
[2026-05-08 22:59:09] WARNING  - Player not updated: Shubman Gill | Reason: Points unchanged
[2026-05-08 22:59:09] WARNING  - Player not updated: Mohammed Siraj | Reason: Points unchanged
[2026-05-08 22:59:09] WARNING  - Player not updated: Mitchell Marsh | Reason: Points unchanged
[2026-05-08 22:59:09] WARNING  - Player not updated: Nicholas Pooran | Reason: Points unchanged
[2026-05-08 22:59:09] WARNING  - Player not updated: Marcus Stoinis | Reason: Points unchanged
[2026-05-08 22:59:09] WARNING  - Player not updated: Prabhsimran Singh | Reason: Points unchanged
[2026-05-08 22:59:09] WARNING  - Player not updated: Shashank Singh | Reason: Points unchanged
[2026-05-08 22:59:09] WARNING  - Player not updated: Jitesh Sharma | Reason: Points unchanged
[2026-05-08 22:59:09] WARNING  - Player not updated: Jofra Archer | Reason: Points unchanged
[2026-05-08 22:59:09] WARNING  - Player not updated: Ravindra Jadeja | Reason: Points unchanged
[2026-05-08 22:59:09] WARNING  - Player not updated: Mohammad Shami | Reason: Points unchanged
[2026-05-08 22:59:09] WARNING  - Player not updated: Kagiso Rabada | Reason: Points unchanged
[2026-05-08 22:59:09] WARNING  - Player not updated: Kartik Sharma | Reason: Points unchanged
[2026-05-08 22:59:09] WARNING  - Player not updated: Corbin Bosch | Reason: Points unchanged
[2026-05-08 22:59:09] WARNING  - Player not updated: Tim David | Reason: Points unchanged
[2026-05-08 22:59:09] WARNING  - Player not updated: Cooper Connolly | Reason: Points unchanged
[2026-05-08 22:59:09] WARNING  - Player not updated: Liam Livingstone | Reason: Points unchanged
[2026-05-08 22:59:09] WARNING  - Player not updated: Vijaykumar Vyshak | Reason: Points unchanged
[2026-05-08 22:59:09] WARNING  - Player not updated: Suyash Sharma | Reason: Points unchanged
[2026-05-08 22:59:09] WARNING  - Player not updated: David Miller | Reason: Points unchanged
[2026-05-08 22:59:09] DEBUG    - ===============================================================
[2026-05-08 22:59:16] INFO     - Worksheets opened: ['Home', 'Data']
[2026-05-08 22:59:16] INFO     - Points Gained Today fetched: {'HW': 29, 'MC': 85, 'OL': 184, 'AS': 0, 'PA': 34}
[2026-05-08 22:59:17] INFO     - Writing to column 27 (08/05)
[2026-05-08 22:59:17] DEBUG    -   HW → AA2 = 29
[2026-05-08 22:59:17] DEBUG    -   MC → AA3 = 85
[2026-05-08 22:59:17] DEBUG    -   OL → AA4 = 184
[2026-05-08 22:59:17] DEBUG    -   AS → AA5 = 0
[2026-05-08 22:59:17] DEBUG    -   PA → AA6 = 34
[2026-05-08 22:59:18] INFO     - Successfully updated 5 team(s) for 08/05.
[2026-05-08 22:59:18] INFO     - TOP 12 points fetched: {'HW': 5830, 'OL': 5815, 'AS': 5571, 'PA': 5520, 'MC': 4422}
[2026-05-08 22:59:19] INFO     - Column mapping: {'HW': 2, 'MC': 3, 'OL': 4, 'AS': 5, 'PA': 6}
[2026-05-08 22:59:19] INFO     - Today '08/05' found at row 50
[2026-05-08 22:59:19] DEBUG    -   HW → B50 = 5830
[2026-05-08 22:59:19] DEBUG    -   OL → D50 = 5815
[2026-05-08 22:59:19] DEBUG    -   AS → E50 = 5571
[2026-05-08 22:59:19] DEBUG    -   PA → F50 = 5520
[2026-05-08 22:59:19] DEBUG    -   MC → C50 = 4422
[2026-05-08 22:59:19] INFO     - Successfully updated 5 team(s) for '08/05' at row 50.
[2026-05-08 22:59:20] INFO     - ═════════════════════ All updates completed ═════════════════════
