[2026-06-01 00:06:33] INFO     - ═════════════════════ Process started ═════════════════════
[2026-06-01 00:06:34] INFO     - Excel loaded: 103 players, 103 bowlers from 'C:\Users\himan\Documents\UiPath\CrickInfo\Data\IPLPointsData.xlsx'
[2026-06-01 00:06:34] INFO     - Google Sheets authentication successful.
[2026-06-01 00:06:39] INFO     - Worksheets opened: ['Points', 'Home', 'Data']
[2026-06-01 00:06:45] INFO     - Updating previous points for all players before processing.
[2026-06-01 00:06:45] DEBUG    - ======================================================
[2026-06-01 00:06:45] DEBUG    - ======================================================
[2026-06-01 00:06:58] DEBUG    - ===============================================================
[2026-06-01 00:06:58] INFO     - Pausing 5s before before next steps.
[2026-06-01 00:06:58] DEBUG    - ===============================================================
[2026-06-01 00:07:09] DEBUG    - ===============================================================
[2026-06-01 00:07:09] DEBUG    - ===============================================================
[2026-06-01 00:07:09] INFO     - Processing count= 1
[2026-06-01 00:07:09] INFO     - Processing player of CSK : 'Shivam Dube' | 465 points | team: CSK
[2026-06-01 00:07:09] DEBUG    - Match found for Shivam Dube in Points at row 5
[2026-06-01 00:07:09] INFO     - No update needed for Shivam Dube in Points as points are unchanged.
[2026-06-01 00:07:09] DEBUG    - ===============================================================
[2026-06-01 00:07:09] INFO     - Processing count= 2
[2026-06-01 00:07:09] INFO     - Processing player of CSK : 'Sanju Samson' | 770 points | team: CSK
[2026-06-01 00:07:09] DEBUG    - Match found for Sanju Samson in Points at row 6
[2026-06-01 00:07:09] INFO     - No update needed for Sanju Samson in Points as points are unchanged.
[2026-06-01 00:07:09] DEBUG    - ===============================================================
[2026-06-01 00:07:09] INFO     - Processing count= 3
[2026-06-01 00:07:09] INFO     - Processing player of GT : 'Sai Sudharsan' | 985 points | team: GT
[2026-06-01 00:07:09] DEBUG    - Match found for Sai Sudharsan in Points at row 7
[2026-06-01 00:07:09] INFO     - No update needed for Sai Sudharsan in Points as points are unchanged.
[2026-06-01 00:07:09] DEBUG    - ===============================================================
[2026-06-01 00:07:09] INFO     - Processing count= 4
[2026-06-01 00:07:09] INFO     - Processing player of LSG : 'Mohsin Khan' | 375 points | team: LSG
[2026-06-01 00:07:09] DEBUG    - Match found for Mohsin Khan in Points at row 8
[2026-06-01 00:07:09] INFO     - No update needed for Mohsin Khan in Points as points are unchanged.
[2026-06-01 00:07:09] DEBUG    - ===============================================================
[2026-06-01 00:07:09] INFO     - Processing count= 5
[2026-06-01 00:07:09] INFO     - Processing player of MI : 'Tilak Varma' | 629 points | team: MI
[2026-06-01 00:07:09] DEBUG    - Match found for Tilak Varma in Points at row 9
[2026-06-01 00:07:09] INFO     - No update needed for Tilak Varma in Points as points are unchanged.
[2026-06-01 00:07:09] DEBUG    - ===============================================================
[2026-06-01 00:07:09] INFO     - Processing count= 6
[2026-06-01 00:07:09] INFO     - Processing player of MI : 'Quinton de Kock' | 221 points | team: MI
[2026-06-01 00:07:09] DEBUG    - Match found for Quinton de Kock in Points at row 10
[2026-06-01 00:07:09] INFO     - No update needed for Quinton de Kock in Points as points are unchanged.
[2026-06-01 00:07:09] DEBUG    - ===============================================================
[2026-06-01 00:07:09] INFO     - Processing count= 7
[2026-06-01 00:07:09] INFO     - Processing player of MI : 'Jasprit Bumrah' | 190 points | team: MI
[2026-06-01 00:07:09] DEBUG    - Match found for Jasprit Bumrah in Points at row 11
[2026-06-01 00:07:09] INFO     - No update needed for Jasprit Bumrah in Points as points are unchanged.
[2026-06-01 00:07:09] DEBUG    - ===============================================================
[2026-06-01 00:07:09] INFO     - Processing count= 8
[2026-06-01 00:07:09] INFO     - Processing player of PBSK : 'Harpreet Brar' | 82 points | team: PBSK
[2026-06-01 00:07:09] DEBUG    - Match found for Harpreet Brar in Points at row 12
[2026-06-01 00:07:09] INFO     - No update needed for Harpreet Brar in Points as points are unchanged.
[2026-06-01 00:07:09] DEBUG    - ===============================================================
[2026-06-01 00:07:09] INFO     - Processing count= 9
[2026-06-01 00:07:09] INFO     - Processing player of PBSK : 'Yuzvendra Chahal' | 376 points | team: PBSK
[2026-06-01 00:07:09] DEBUG    - Match found for Yuzvendra Chahal in Points at row 13
[2026-06-01 00:07:09] INFO     - No update needed for Yuzvendra Chahal in Points as points are unchanged.
[2026-06-01 00:07:09] DEBUG    - ===============================================================
[2026-06-01 00:07:09] INFO     - Processing count= 10
[2026-06-01 00:07:09] INFO     - Processing player of RCB : 'Romario Shepherd' | 350 points | team: RCB
[2026-06-01 00:07:09] DEBUG    - Match found for Romario Shepherd in Points at row 14
[2026-06-01 00:07:09] INFO     - No update needed for Romario Shepherd in Points as points are unchanged.
[2026-06-01 00:07:09] DEBUG    - ===============================================================
[2026-06-01 00:07:09] INFO     - Processing count= 11
[2026-06-01 00:07:09] INFO     - Processing player of RR : 'Vaibhav Sooryavanshi' | 1075 points | team: RR
[2026-06-01 00:07:09] DEBUG    - Match found for Vaibhav Sooryavanshi in Points at row 15
[2026-06-01 00:07:10] INFO     - Points gained for Vaibhav Sooryavanshi in Points: 152 (Points: 1075, Dot Balls: 0, Previous Total: 923)
[2026-06-01 00:07:10] INFO     - Data updated successfully for Vaibhav Sooryavanshi in Points - 1075 points and 0 dot balls!
[2026-06-01 00:07:10] DEBUG    - Sleeping 3s before next update.
[2026-06-01 00:07:13] DEBUG    - ===============================================================
[2026-06-01 00:07:13] INFO     - Processing count= 12
[2026-06-01 00:07:13] INFO     - Processing player of RR : 'Ravi Bishnoi' | 359 points | team: RR
[2026-06-01 00:07:13] DEBUG    - Match found for Ravi Bishnoi in Points at row 16
[2026-06-01 00:07:13] INFO     - No update needed for Ravi Bishnoi in Points as points are unchanged.
[2026-06-01 00:07:13] DEBUG    - ===============================================================
[2026-06-01 00:07:13] INFO     - Processing count= 13
[2026-06-01 00:07:13] INFO     - Processing player of SRH : 'Abhishek Sharma' | 949 points | team: SRH
[2026-06-01 00:07:13] DEBUG    - Match found for Abhishek Sharma in Points at row 17
[2026-06-01 00:07:14] INFO     - Points gained for Abhishek Sharma in Points: 30 (Points: 949, Dot Balls: 6, Previous Total: 925)
[2026-06-01 00:07:14] INFO     - Data updated successfully for Abhishek Sharma in Points - 949 points and 6 dot balls!
[2026-06-01 00:07:14] DEBUG    - Sleeping 3s before next update.
[2026-06-01 00:07:17] DEBUG    - ===============================================================
[2026-06-01 00:07:17] INFO     - Processing count= 14
[2026-06-01 00:07:17] INFO     - Processing player of SRH : 'Ishan Kishan' | 996 points | team: SRH
[2026-06-01 00:07:17] DEBUG    - Match found for Ishan Kishan in Points at row 18
[2026-06-01 00:07:18] INFO     - Points gained for Ishan Kishan in Points: 68 (Points: 996, Dot Balls: 0, Previous Total: 928)
[2026-06-01 00:07:18] INFO     - Data updated successfully for Ishan Kishan in Points - 996 points and 0 dot balls!
[2026-06-01 00:07:18] DEBUG    - Sleeping 3s before next update.
[2026-06-01 00:07:21] DEBUG    - ===============================================================
[2026-06-01 00:07:21] INFO     - Processing count= 15
[2026-06-01 00:07:21] INFO     - Processing player of SRH : 'Pat Cummins' | 287 points | team: SRH
[2026-06-01 00:07:21] DEBUG    - Match found for Pat Cummins in Points at row 19
[2026-06-01 00:07:22] INFO     - Points gained for Pat Cummins in Points: 2 (Points: 287, Dot Balls: 70, Previous Total: 355)
[2026-06-01 00:07:22] INFO     - Data updated successfully for Pat Cummins in Points - 287 points and 70 dot balls!
[2026-06-01 00:07:22] DEBUG    - Sleeping 3s before next update.
[2026-06-01 00:07:25] DEBUG    - ===============================================================
[2026-06-01 00:07:25] INFO     - Processing count= 16
[2026-06-01 00:07:25] INFO     - Processing player of RCB : 'Rasikh Salam' | 511 points | team: RCB
[2026-06-01 00:07:25] DEBUG    - Match found for Rasikh Salam in Points at row 20
[2026-06-01 00:07:25] INFO     - No update needed for Rasikh Salam in Points as points are unchanged.
[2026-06-01 00:07:25] DEBUG    - ===============================================================
[2026-06-01 00:07:25] INFO     - Processing count= 17
[2026-06-01 00:07:25] INFO     - Processing player of KKR : 'Matheesha Pathirana' | 4 points | team: KKR
[2026-06-01 00:07:25] DEBUG    - Match found for Matheesha Pathirana in Points at row 21
[2026-06-01 00:07:25] INFO     - No update needed for Matheesha Pathirana in Points as points are unchanged.
[2026-06-01 00:07:25] DEBUG    - ===============================================================
[2026-06-01 00:07:25] INFO     - Processing count= 18
[2026-06-01 00:07:25] INFO     - 
Skipping Nathan Ellis as points is zero.
[2026-06-01 00:07:25] DEBUG    - ===============================================================
[2026-06-01 00:07:25] INFO     - Processing count= 19
[2026-06-01 00:07:25] INFO     - 
Skipping Yudhvir Singh as points is zero.
[2026-06-01 00:07:25] DEBUG    - ===============================================================
[2026-06-01 00:07:25] INFO     - Processing count= 20
[2026-06-01 00:07:25] INFO     - Processing player of CSK : 'Ayush Mhatre' | 311 points | team: CSK
[2026-06-01 00:07:25] DEBUG    - Match found for Ayush Mhatre in Points at row 24
[2026-06-01 00:07:25] INFO     - No update needed for Ayush Mhatre in Points as points are unchanged.
[2026-06-01 00:07:25] DEBUG    - ===============================================================
[2026-06-01 00:07:25] INFO     - Processing count= 21
[2026-06-01 00:07:25] INFO     - 
Skipping MS Dhoni as points is zero.
[2026-06-01 00:07:25] DEBUG    - ===============================================================
[2026-06-01 00:07:25] INFO     - Processing count= 22
[2026-06-01 00:07:25] INFO     - Processing player of DC : 'Mitchell Starc' | 351 points | team: DC
[2026-06-01 00:07:25] DEBUG    - Match found for Mitchell Starc in Points at row 26
[2026-06-01 00:07:25] INFO     - No update needed for Mitchell Starc in Points as points are unchanged.
[2026-06-01 00:07:25] DEBUG    - ===============================================================
[2026-06-01 00:07:25] INFO     - Processing count= 23
[2026-06-01 00:07:25] INFO     - Processing player of GT : 'Glenn Phillips' | 165 points | team: GT
[2026-06-01 00:07:25] DEBUG    - Match found for Glenn Phillips in Points at row 27
[2026-06-01 00:07:25] INFO     - No update needed for Glenn Phillips in Points as points are unchanged.
[2026-06-01 00:07:25] DEBUG    - ===============================================================
[2026-06-01 00:07:25] INFO     - Processing count= 24
[2026-06-01 00:07:25] INFO     - Processing player of KKR : 'Sunil Narine' | 551 points | team: KKR
[2026-06-01 00:07:25] DEBUG    - Match found for Sunil Narine in Points at row 28
[2026-06-01 00:07:25] INFO     - No update needed for Sunil Narine in Points as points are unchanged.
[2026-06-01 00:07:25] DEBUG    - ===============================================================
[2026-06-01 00:07:25] INFO     - Processing count= 25
[2026-06-01 00:07:25] INFO     - Processing player of KKR : 'Ajinkya Rahane' | 550 points | team: KKR
[2026-06-01 00:07:25] DEBUG    - Match found for Ajinkya Rahane in Points at row 29
[2026-06-01 00:07:25] INFO     - No update needed for Ajinkya Rahane in Points as points are unchanged.
[2026-06-01 00:07:25] DEBUG    - ===============================================================
[2026-06-01 00:07:25] INFO     - Processing count= 26
[2026-06-01 00:07:25] INFO     - Processing player of LSG : 'Ayush Badoni' | 348 points | team: LSG
[2026-06-01 00:07:25] DEBUG    - Match found for Ayush Badoni in Points at row 30
[2026-06-01 00:07:25] INFO     - No update needed for Ayush Badoni in Points as points are unchanged.
[2026-06-01 00:07:25] DEBUG    - ===============================================================
[2026-06-01 00:07:25] INFO     - Processing count= 27
[2026-06-01 00:07:25] INFO     - Processing player of MI : 'Hardik Pandya' | 421 points | team: MI
[2026-06-01 00:07:25] DEBUG    - Match found for Hardik Pandya in Points at row 31
[2026-06-01 00:07:25] INFO     - No update needed for Hardik Pandya in Points as points are unchanged.
[2026-06-01 00:07:25] DEBUG    - ===============================================================
[2026-06-01 00:07:25] INFO     - Processing count= 28
[2026-06-01 00:07:25] INFO     - Processing player of MI : 'Suryakumar Yadav' | 432 points | team: MI
[2026-06-01 00:07:25] DEBUG    - Match found for Suryakumar Yadav in Points at row 32
[2026-06-01 00:07:25] INFO     - No update needed for Suryakumar Yadav in Points as points are unchanged.
[2026-06-01 00:07:25] DEBUG    - ===============================================================
[2026-06-01 00:07:25] INFO     - Processing count= 29
[2026-06-01 00:07:25] INFO     - Processing player of MI : 'Rohit Sharma' | 422 points | team: MI
[2026-06-01 00:07:25] DEBUG    - Match found for Rohit Sharma in Points at row 33
[2026-06-01 00:07:25] INFO     - No update needed for Rohit Sharma in Points as points are unchanged.
[2026-06-01 00:07:25] DEBUG    - ===============================================================
[2026-06-01 00:07:25] INFO     - Processing count= 30
[2026-06-01 00:07:25] INFO     - Processing player of PBSK : 'Priyansh Arya' | 585 points | team: PBSK
[2026-06-01 00:07:25] DEBUG    - Match found for Priyansh Arya in Points at row 34
[2026-06-01 00:07:25] INFO     - No update needed for Priyansh Arya in Points as points are unchanged.
[2026-06-01 00:07:25] DEBUG    - ===============================================================
[2026-06-01 00:07:25] INFO     - Processing count= 31
[2026-06-01 00:07:25] INFO     - Processing player of RCB : 'Phil Salt' | 348 points | team: RCB
[2026-06-01 00:07:25] DEBUG    - Match found for Phil Salt in Points at row 35
[2026-06-01 00:07:25] INFO     - No update needed for Phil Salt in Points as points are unchanged.
[2026-06-01 00:07:25] DEBUG    - ===============================================================
[2026-06-01 00:07:25] INFO     - Processing count= 32
[2026-06-01 00:07:25] INFO     - Processing player of RCB : 'Bhuvneshwar Kumar' | 845 points | team: RCB
[2026-06-01 00:07:25] DEBUG    - Match found for Bhuvneshwar Kumar in Points at row 36
[2026-06-01 00:07:25] INFO     - No update needed for Bhuvneshwar Kumar in Points as points are unchanged.
[2026-06-01 00:07:25] DEBUG    - ===============================================================
[2026-06-01 00:07:25] INFO     - Processing count= 33
[2026-06-01 00:07:25] INFO     - Processing player of RCB : 'Josh Hazlewood' | 455 points | team: RCB
[2026-06-01 00:07:25] DEBUG    - Match found for Josh Hazlewood in Points at row 37
[2026-06-01 00:07:25] INFO     - No update needed for Josh Hazlewood in Points as points are unchanged.
[2026-06-01 00:07:25] DEBUG    - ===============================================================
[2026-06-01 00:07:25] INFO     - Processing count= 34
[2026-06-01 00:07:25] INFO     - Processing player of RR : 'Shimron Hetmyer' | 169 points | team: RR
[2026-06-01 00:07:25] DEBUG    - Match found for Shimron Hetmyer in Points at row 38
[2026-06-01 00:07:25] INFO     - No update needed for Shimron Hetmyer in Points as points are unchanged.
[2026-06-01 00:07:25] DEBUG    - ===============================================================
[2026-06-01 00:07:25] INFO     - Processing count= 35
[2026-06-01 00:07:25] INFO     - Processing player of RR : 'Sandeep Sharma' | 161 points | team: RR
[2026-06-01 00:07:25] DEBUG    - Match found for Sandeep Sharma in Points at row 39
[2026-06-01 00:07:25] INFO     - No update needed for Sandeep Sharma in Points as points are unchanged.
[2026-06-01 00:07:25] DEBUG    - ===============================================================
[2026-06-01 00:07:25] INFO     - Processing count= 36
[2026-06-01 00:07:25] INFO     - Processing player of PBSK : 'Marco Jansen' | 387 points | team: PBSK
[2026-06-01 00:07:25] DEBUG    - Match found for Marco Jansen in Points at row 40
[2026-06-01 00:07:25] INFO     - No update needed for Marco Jansen in Points as points are unchanged.
[2026-06-01 00:07:25] DEBUG    - ===============================================================
[2026-06-01 00:07:25] INFO     - Processing count= 37
[2026-06-01 00:07:25] INFO     - Processing player of CSK : 'Prashant Veer' | 134 points | team: CSK
[2026-06-01 00:07:25] DEBUG    - Match found for Prashant Veer in Points at row 41
[2026-06-01 00:07:25] INFO     - No update needed for Prashant Veer in Points as points are unchanged.
[2026-06-01 00:07:25] DEBUG    - ===============================================================
[2026-06-01 00:07:25] INFO     - Processing count= 38
[2026-06-01 00:07:25] INFO     - Processing player of CSK : 'Ruturaj Gaikwad' | 532 points | team: CSK
[2026-06-01 00:07:25] DEBUG    - Match found for Ruturaj Gaikwad in Points at row 42
[2026-06-01 00:07:25] INFO     - No update needed for Ruturaj Gaikwad in Points as points are unchanged.
[2026-06-01 00:07:25] DEBUG    - ===============================================================
[2026-06-01 00:07:25] INFO     - Processing count= 39
[2026-06-01 00:07:25] INFO     - Processing player of DC : 'Axar Patel' | 642 points | team: DC
[2026-06-01 00:07:25] DEBUG    - Match found for Axar Patel in Points at row 43
[2026-06-01 00:07:25] INFO     - No update needed for Axar Patel in Points as points are unchanged.
[2026-06-01 00:07:25] DEBUG    - ===============================================================
[2026-06-01 00:07:25] INFO     - Processing count= 40
[2026-06-01 00:07:25] INFO     - Processing player of DC : 'Abishek Porel' | 157 points | team: DC
[2026-06-01 00:07:25] DEBUG    - Match found for Abishek Porel in Points at row 44
[2026-06-01 00:07:25] INFO     - No update needed for Abishek Porel in Points as points are unchanged.
[2026-06-01 00:07:25] DEBUG    - ===============================================================
[2026-06-01 00:07:25] INFO     - Processing count= 41
[2026-06-01 00:07:25] INFO     - Processing player of DC : 'KL Rahul' | 903 points | team: DC
[2026-06-01 00:07:25] DEBUG    - Match found for KL Rahul in Points at row 45
[2026-06-01 00:07:25] INFO     - No update needed for KL Rahul in Points as points are unchanged.
[2026-06-01 00:07:25] DEBUG    - ===============================================================
[2026-06-01 00:07:25] INFO     - Processing count= 42
[2026-06-01 00:07:25] INFO     - Processing player of GT : 'Rashid Khan' | 686 points | team: GT
[2026-06-01 00:07:25] DEBUG    - Match found for Rashid Khan in Points at row 46
[2026-06-01 00:07:25] INFO     - No update needed for Rashid Khan in Points as points are unchanged.
[2026-06-01 00:07:25] DEBUG    - ===============================================================
[2026-06-01 00:07:25] INFO     - Processing count= 43
[2026-06-01 00:07:25] INFO     - Processing player of KKR : 'Cameron Green' | 705 points | team: KKR
[2026-06-01 00:07:25] DEBUG    - Match found for Cameron Green in Points at row 47
[2026-06-01 00:07:25] INFO     - No update needed for Cameron Green in Points as points are unchanged.
[2026-06-01 00:07:25] DEBUG    - ===============================================================
[2026-06-01 00:07:25] INFO     - Processing count= 44
[2026-06-01 00:07:25] INFO     - Processing player of KKR : 'Varun Chakaravarthy' | 353 points | team: KKR
[2026-06-01 00:07:25] DEBUG    - Match found for Varun Chakaravarthy in Points at row 48
[2026-06-01 00:07:25] INFO     - No update needed for Varun Chakaravarthy in Points as points are unchanged.
[2026-06-01 00:07:25] DEBUG    - ===============================================================
[2026-06-01 00:07:25] INFO     - Processing count= 45
[2026-06-01 00:07:25] INFO     - Processing player of LSG : 'Digvesh Singh' | 189 points | team: LSG
[2026-06-01 00:07:25] DEBUG    - Match found for Digvesh Singh in Points at row 49
[2026-06-01 00:07:25] INFO     - No update needed for Digvesh Singh in Points as points are unchanged.
[2026-06-01 00:07:25] DEBUG    - ===============================================================
[2026-06-01 00:07:25] INFO     - Processing count= 46
[2026-06-01 00:07:25] INFO     - Processing player of LSG : 'Rishabh Pant' | 560 points | team: LSG
[2026-06-01 00:07:25] DEBUG    - Match found for Rishabh Pant in Points at row 50
[2026-06-01 00:07:25] INFO     - No update needed for Rishabh Pant in Points as points are unchanged.
[2026-06-01 00:07:25] DEBUG    - ===============================================================
[2026-06-01 00:07:25] INFO     - Processing count= 47
[2026-06-01 00:07:25] INFO     - Processing player of PBSK : 'Arshdeep Singh' | 427 points | team: PBSK
[2026-06-01 00:07:25] DEBUG    - Match found for Arshdeep Singh in Points at row 51
[2026-06-01 00:07:25] INFO     - No update needed for Arshdeep Singh in Points as points are unchanged.
[2026-06-01 00:07:25] DEBUG    - ===============================================================
[2026-06-01 00:07:25] INFO     - Processing count= 48
[2026-06-01 00:07:25] INFO     - Processing player of RCB : 'Krunal Pandya' | 714 points | team: RCB
[2026-06-01 00:07:25] DEBUG    - Match found for Krunal Pandya in Points at row 52
[2026-06-01 00:07:25] INFO     - No update needed for Krunal Pandya in Points as points are unchanged.
[2026-06-01 00:07:25] DEBUG    - ===============================================================
[2026-06-01 00:07:25] INFO     - Processing count= 49
[2026-06-01 00:07:25] INFO     - Processing player of RCB : 'Rajat Patidar' | 807 points | team: RCB
[2026-06-01 00:07:25] DEBUG    - Match found for Rajat Patidar in Points at row 53
[2026-06-01 00:07:25] INFO     - No update needed for Rajat Patidar in Points as points are unchanged.
[2026-06-01 00:07:25] DEBUG    - ===============================================================
[2026-06-01 00:07:25] INFO     - Processing count= 50
[2026-06-01 00:07:25] INFO     - Processing player of RR : 'Yashasvi Jaiswal' | 688 points | team: RR
[2026-06-01 00:07:25] DEBUG    - Match found for Yashasvi Jaiswal in Points at row 54
[2026-06-01 00:07:26] INFO     - Points gained for Yashasvi Jaiswal in Points: 37 (Points: 688, Dot Balls: 0, Previous Total: 651)
[2026-06-01 00:07:26] INFO     - Data updated successfully for Yashasvi Jaiswal in Points - 688 points and 0 dot balls!
[2026-06-01 00:07:26] DEBUG    - Sleeping 3s before next update.
[2026-06-01 00:07:29] DEBUG    - ===============================================================
[2026-06-01 00:07:29] INFO     - Processing count= 51
[2026-06-01 00:07:29] INFO     - Processing player of SRH : 'Travis Head' | 651 points | team: SRH
[2026-06-01 00:07:29] DEBUG    - Match found for Travis Head in Points at row 55
[2026-06-01 00:07:30] INFO     - Points gained for Travis Head in Points: 25 (Points: 651, Dot Balls: 2, Previous Total: 628)
[2026-06-01 00:07:30] INFO     - Data updated successfully for Travis Head in Points - 651 points and 2 dot balls!
[2026-06-01 00:07:30] DEBUG    - Sleeping 3s before next update.
[2026-06-01 00:07:33] DEBUG    - ===============================================================
[2026-06-01 00:07:33] INFO     - Processing count= 52
[2026-06-01 00:07:33] INFO     - Processing player of SRH : 'Nitish Kumar Reddy' | 741 points | team: SRH
[2026-06-01 00:07:33] DEBUG    - Match found for Nitish Kumar Reddy in Points at row 56
[2026-06-01 00:07:34] INFO     - Points gained for Nitish Kumar Reddy in Points: 101 (Points: 741, Dot Balls: 57, Previous Total: 697)
[2026-06-01 00:07:34] INFO     - Data updated successfully for Nitish Kumar Reddy in Points - 741 points and 57 dot balls!
[2026-06-01 00:07:34] DEBUG    - Sleeping 3s before next update.
[2026-06-01 00:07:37] DEBUG    - ===============================================================
[2026-06-01 00:07:37] INFO     - Processing count= 53
[2026-06-01 00:07:37] INFO     - Processing player of MI : 'Naman Dhir' | 553 points | team: MI
[2026-06-01 00:07:37] DEBUG    - Match found for Naman Dhir in Points at row 57
[2026-06-01 00:07:37] INFO     - No update needed for Naman Dhir in Points as points are unchanged.
[2026-06-01 00:07:37] DEBUG    - ===============================================================
[2026-06-01 00:07:37] INFO     - Processing count= 54
[2026-06-01 00:07:37] INFO     - Processing player of KKR : 'Finn Allen' | 552 points | team: KKR
[2026-06-01 00:07:37] DEBUG    - Match found for Finn Allen in Points at row 58
[2026-06-01 00:07:37] INFO     - No update needed for Finn Allen in Points as points are unchanged.
[2026-06-01 00:07:37] DEBUG    - ===============================================================
[2026-06-01 00:07:37] INFO     - Processing count= 55
[2026-06-01 00:07:37] INFO     - Processing player of GT : 'Rahul Tewatia' | 283 points | team: GT
[2026-06-01 00:07:37] DEBUG    - Match found for Rahul Tewatia in Points at row 59
[2026-06-01 00:07:37] INFO     - No update needed for Rahul Tewatia in Points as points are unchanged.
[2026-06-01 00:07:37] DEBUG    - ===============================================================
[2026-06-01 00:07:37] INFO     - Processing count= 56
[2026-06-01 00:07:37] INFO     - Processing player of GT : 'Jason Holder' | 607 points | team: GT
[2026-06-01 00:07:37] DEBUG    - Match found for Jason Holder in Points at row 60
[2026-06-01 00:07:37] INFO     - No update needed for Jason Holder in Points as points are unchanged.
[2026-06-01 00:07:37] DEBUG    - ===============================================================
[2026-06-01 00:07:37] INFO     - Processing count= 57
[2026-06-01 00:07:37] INFO     - Processing player of CSK : 'Dewald Brevis' | 357 points | team: CSK
[2026-06-01 00:07:37] DEBUG    - Match found for Dewald Brevis in Points at row 61
[2026-06-01 00:07:37] INFO     - No update needed for Dewald Brevis in Points as points are unchanged.
[2026-06-01 00:07:37] DEBUG    - ===============================================================
[2026-06-01 00:07:37] INFO     - Processing count= 58
[2026-06-01 00:07:37] INFO     - Processing player of CSK : 'Noor Ahmad' | 426 points | team: CSK
[2026-06-01 00:07:37] DEBUG    - Match found for Noor Ahmad in Points at row 62
[2026-06-01 00:07:37] INFO     - No update needed for Noor Ahmad in Points as points are unchanged.
[2026-06-01 00:07:37] DEBUG    - ===============================================================
[2026-06-01 00:07:37] INFO     - Processing count= 59
[2026-06-01 00:07:37] INFO     - Processing player of DC : 'Auqib Nabi' | 30 points | team: DC
[2026-06-01 00:07:37] DEBUG    - Match found for Auqib Nabi in Points at row 63
[2026-06-01 00:07:37] INFO     - No update needed for Auqib Nabi in Points as points are unchanged.
[2026-06-01 00:07:37] DEBUG    - ===============================================================
[2026-06-01 00:07:37] INFO     - Processing count= 60
[2026-06-01 00:07:37] INFO     - Processing player of GT : 'Jos Buttler' | 976 points | team: GT
[2026-06-01 00:07:37] DEBUG    - Match found for Jos Buttler in Points at row 64
[2026-06-01 00:07:37] INFO     - No update needed for Jos Buttler in Points as points are unchanged.
[2026-06-01 00:07:37] DEBUG    - ===============================================================
[2026-06-01 00:07:37] INFO     - Processing count= 61
[2026-06-01 00:07:37] INFO     - Processing player of GT : 'Prasidh Krishna' | 446 points | team: GT
[2026-06-01 00:07:37] DEBUG    - Match found for Prasidh Krishna in Points at row 65
[2026-06-01 00:07:37] INFO     - No update needed for Prasidh Krishna in Points as points are unchanged.
[2026-06-01 00:07:37] DEBUG    - ===============================================================
[2026-06-01 00:07:37] INFO     - Processing count= 62
[2026-06-01 00:07:37] INFO     - Processing player of KKR : 'Vaibhav Arora' | 330 points | team: KKR
[2026-06-01 00:07:37] DEBUG    - Match found for Vaibhav Arora in Points at row 66
[2026-06-01 00:07:37] INFO     - No update needed for Vaibhav Arora in Points as points are unchanged.
[2026-06-01 00:07:37] DEBUG    - ===============================================================
[2026-06-01 00:07:37] INFO     - Processing count= 63
[2026-06-01 00:07:37] INFO     - Processing player of LSG : 'Aiden Markram' | 423 points | team: LSG
[2026-06-01 00:07:37] DEBUG    - Match found for Aiden Markram in Points at row 67
[2026-06-01 00:07:37] INFO     - No update needed for Aiden Markram in Points as points are unchanged.
[2026-06-01 00:07:37] DEBUG    - ===============================================================
[2026-06-01 00:07:37] INFO     - Processing count= 64
[2026-06-01 00:07:37] INFO     - Processing player of MI : 'Will Jacks' | 287 points | team: MI
[2026-06-01 00:07:37] DEBUG    - Match found for Will Jacks in Points at row 68
[2026-06-01 00:07:37] INFO     - No update needed for Will Jacks in Points as points are unchanged.
[2026-06-01 00:07:37] DEBUG    - ===============================================================
[2026-06-01 00:07:37] INFO     - Processing count= 65
[2026-06-01 00:07:37] INFO     - Processing player of PBSK : 'Nehal Wadhera' | 127 points | team: PBSK
[2026-06-01 00:07:37] DEBUG    - Match found for Nehal Wadhera in Points at row 69
[2026-06-01 00:07:37] INFO     - No update needed for Nehal Wadhera in Points as points are unchanged.
[2026-06-01 00:07:37] DEBUG    - ===============================================================
[2026-06-01 00:07:37] INFO     - Processing count= 66
[2026-06-01 00:07:37] INFO     - Processing player of PBSK : 'Shreyas Iyer' | 815 points | team: PBSK
[2026-06-01 00:07:37] DEBUG    - Match found for Shreyas Iyer in Points at row 70
[2026-06-01 00:07:37] INFO     - No update needed for Shreyas Iyer in Points as points are unchanged.
[2026-06-01 00:07:37] DEBUG    - ===============================================================
[2026-06-01 00:07:37] INFO     - Processing count= 67
[2026-06-01 00:07:37] INFO     - Processing player of RCB : 'Devdutt Padikkal' | 822 points | team: RCB
[2026-06-01 00:07:37] DEBUG    - Match found for Devdutt Padikkal in Points at row 71
[2026-06-01 00:07:37] INFO     - No update needed for Devdutt Padikkal in Points as points are unchanged.
[2026-06-01 00:07:37] DEBUG    - ===============================================================
[2026-06-01 00:07:37] INFO     - Processing count= 68
[2026-06-01 00:07:37] INFO     - Processing player of RCB : 'Virat Kohli' | 952 points | team: RCB
[2026-06-01 00:07:37] DEBUG    - Match found for Virat Kohli in Points at row 72
[2026-06-01 00:07:37] INFO     - No update needed for Virat Kohli in Points as points are unchanged.
[2026-06-01 00:07:37] DEBUG    - ===============================================================
[2026-06-01 00:07:37] INFO     - Processing count= 69
[2026-06-01 00:07:37] INFO     - Processing player of RR : 'Riyan Parag' | 541 points | team: RR
[2026-06-01 00:07:37] DEBUG    - Match found for Riyan Parag in Points at row 73
[2026-06-01 00:07:38] INFO     - Points gained for Riyan Parag in Points: 42 (Points: 541, Dot Balls: 5, Previous Total: 504)
[2026-06-01 00:07:38] INFO     - Data updated successfully for Riyan Parag in Points - 541 points and 5 dot balls!
[2026-06-01 00:07:38] DEBUG    - Sleeping 3s before next update.
[2026-06-01 00:07:41] DEBUG    - ===============================================================
[2026-06-01 00:07:41] INFO     - Processing count= 70
[2026-06-01 00:07:41] INFO     - Processing player of SRH : 'Harshal Patel' | 24 points | team: SRH
[2026-06-01 00:07:41] DEBUG    - Match found for Harshal Patel in Points at row 74
[2026-06-01 00:07:41] INFO     - No update needed for Harshal Patel in Points as points are unchanged.
[2026-06-01 00:07:41] DEBUG    - ===============================================================
[2026-06-01 00:07:41] INFO     - Processing count= 71
[2026-06-01 00:07:41] INFO     - Processing player of SRH : 'Heinrich Klaasen' | 1016 points | team: SRH
[2026-06-01 00:07:41] DEBUG    - Match found for Heinrich Klaasen in Points at row 75
[2026-06-01 00:07:42] INFO     - Points gained for Heinrich Klaasen in Points: 40 (Points: 1016, Dot Balls: 0, Previous Total: 976)
[2026-06-01 00:07:42] INFO     - Data updated successfully for Heinrich Klaasen in Points - 1016 points and 0 dot balls!
[2026-06-01 00:07:42] DEBUG    - Sleeping 3s before next update.
[2026-06-01 00:07:45] DEBUG    - ===============================================================
[2026-06-01 00:07:45] INFO     - Processing count= 72
[2026-06-01 00:07:45] INFO     - Processing player of DC : 'Nitish Rana' | 374 points | team: DC
[2026-06-01 00:07:45] DEBUG    - Match found for Nitish Rana in Points at row 76
[2026-06-01 00:07:45] INFO     - No update needed for Nitish Rana in Points as points are unchanged.
[2026-06-01 00:07:45] DEBUG    - ===============================================================
[2026-06-01 00:07:45] INFO     - Processing count= 73
[2026-06-01 00:07:45] INFO     - Processing player of MI : 'Trent Boult' | 84 points | team: MI
[2026-06-01 00:07:45] DEBUG    - Match found for Trent Boult in Points at row 77
[2026-06-01 00:07:45] INFO     - No update needed for Trent Boult in Points as points are unchanged.
[2026-06-01 00:07:45] DEBUG    - ===============================================================
[2026-06-01 00:07:45] INFO     - Processing count= 74
[2026-06-01 00:07:45] INFO     - Processing player of RCB : 'Venkatesh Iyer' | 278 points | team: RCB
[2026-06-01 00:07:45] DEBUG    - Match found for Venkatesh Iyer in Points at row 78
[2026-06-01 00:07:45] INFO     - No update needed for Venkatesh Iyer in Points as points are unchanged.
[2026-06-01 00:07:45] DEBUG    - ===============================================================
[2026-06-01 00:07:45] INFO     - Processing count= 75
[2026-06-01 00:07:45] INFO     - 
Skipping Yash Dayal as points is zero.
[2026-06-01 00:07:45] DEBUG    - ===============================================================
[2026-06-01 00:07:45] INFO     - Processing count= 76
[2026-06-01 00:07:45] INFO     - Processing player of MI : 'Shardul Thakur' | 366 points | team: MI
[2026-06-01 00:07:45] DEBUG    - Match found for Shardul Thakur in Points at row 80
[2026-06-01 00:07:45] INFO     - No update needed for Shardul Thakur in Points as points are unchanged.
[2026-06-01 00:07:45] DEBUG    - ===============================================================
[2026-06-01 00:07:45] INFO     - Processing count= 77
[2026-06-01 00:07:45] INFO     - Processing player of CSK : 'Rahul Chahar' | 8 points | team: CSK
[2026-06-01 00:07:45] DEBUG    - Match found for Rahul Chahar in Points at row 81
[2026-06-01 00:07:45] INFO     - No update needed for Rahul Chahar in Points as points are unchanged.
[2026-06-01 00:07:45] DEBUG    - ===============================================================
[2026-06-01 00:07:45] INFO     - Processing count= 78
[2026-06-01 00:07:45] INFO     - Processing player of CSK : 'Khaleel Ahmed' | 70 points | team: CSK
[2026-06-01 00:07:45] DEBUG    - Match found for Khaleel Ahmed in Points at row 82
[2026-06-01 00:07:45] INFO     - No update needed for Khaleel Ahmed in Points as points are unchanged.
[2026-06-01 00:07:45] DEBUG    - ===============================================================
[2026-06-01 00:07:45] INFO     - Processing count= 79
[2026-06-01 00:07:45] INFO     - Processing player of DC : 'Tristan Stubbs' | 459 points | team: DC
[2026-06-01 00:07:45] DEBUG    - Match found for Tristan Stubbs in Points at row 83
[2026-06-01 00:07:45] INFO     - No update needed for Tristan Stubbs in Points as points are unchanged.
[2026-06-01 00:07:45] DEBUG    - ===============================================================
[2026-06-01 00:07:45] INFO     - Processing count= 80
[2026-06-01 00:07:45] INFO     - Processing player of DC : 'Kuldeep Yadav' | 327 points | team: DC
[2026-06-01 00:07:45] DEBUG    - Match found for Kuldeep Yadav in Points at row 84
[2026-06-01 00:07:45] INFO     - No update needed for Kuldeep Yadav in Points as points are unchanged.
[2026-06-01 00:07:45] DEBUG    - ===============================================================
[2026-06-01 00:07:45] INFO     - Processing count= 81
[2026-06-01 00:07:45] INFO     - Processing player of GT : 'Shubman Gill' | 1003 points | team: GT
[2026-06-01 00:07:45] DEBUG    - Match found for Shubman Gill in Points at row 85
[2026-06-01 00:07:45] INFO     - No update needed for Shubman Gill in Points as points are unchanged.
[2026-06-01 00:07:45] DEBUG    - ===============================================================
[2026-06-01 00:07:45] INFO     - Processing count= 82
[2026-06-01 00:07:45] INFO     - Processing player of GT : 'Mohammed Siraj' | 547 points | team: GT
[2026-06-01 00:07:45] DEBUG    - Match found for Mohammed Siraj in Points at row 86
[2026-06-01 00:07:45] INFO     - No update needed for Mohammed Siraj in Points as points are unchanged.
[2026-06-01 00:07:45] DEBUG    - ===============================================================
[2026-06-01 00:07:45] INFO     - Processing count= 83
[2026-06-01 00:07:45] INFO     - Processing player of KKR : 'Angkrish Raghuvanshi' | 676 points | team: KKR
[2026-06-01 00:07:45] DEBUG    - Match found for Angkrish Raghuvanshi in Points at row 87
[2026-06-01 00:07:45] INFO     - No update needed for Angkrish Raghuvanshi in Points as points are unchanged.
[2026-06-01 00:07:45] DEBUG    - ===============================================================
[2026-06-01 00:07:45] INFO     - Processing count= 84
[2026-06-01 00:07:45] INFO     - Processing player of LSG : 'Mitchell Marsh' | 854 points | team: LSG
[2026-06-01 00:07:45] DEBUG    - Match found for Mitchell Marsh in Points at row 88
[2026-06-01 00:07:45] INFO     - No update needed for Mitchell Marsh in Points as points are unchanged.
[2026-06-01 00:07:45] DEBUG    - ===============================================================
[2026-06-01 00:07:45] INFO     - Processing count= 85
[2026-06-01 00:07:45] INFO     - Processing player of LSG : 'Nicholas Pooran' | 425 points | team: LSG
[2026-06-01 00:07:45] DEBUG    - Match found for Nicholas Pooran in Points at row 89
[2026-06-01 00:07:45] INFO     - No update needed for Nicholas Pooran in Points as points are unchanged.
[2026-06-01 00:07:45] DEBUG    - ===============================================================
[2026-06-01 00:07:45] INFO     - Processing count= 86
[2026-06-01 00:07:45] INFO     - Processing player of PBSK : 'Marcus Stoinis' | 405 points | team: PBSK
[2026-06-01 00:07:45] DEBUG    - Match found for Marcus Stoinis in Points at row 90
[2026-06-01 00:07:45] INFO     - No update needed for Marcus Stoinis in Points as points are unchanged.
[2026-06-01 00:07:45] DEBUG    - ===============================================================
[2026-06-01 00:07:45] INFO     - Processing count= 87
[2026-06-01 00:07:45] INFO     - Processing player of PBSK : 'Prabhsimran Singh' | 831 points | team: PBSK
[2026-06-01 00:07:45] DEBUG    - Match found for Prabhsimran Singh in Points at row 91
[2026-06-01 00:07:45] INFO     - No update needed for Prabhsimran Singh in Points as points are unchanged.
[2026-06-01 00:07:45] DEBUG    - ===============================================================
[2026-06-01 00:07:45] INFO     - Processing count= 88
[2026-06-01 00:07:45] INFO     - Processing player of PBSK : 'Shashank Singh' | 333 points | team: PBSK
[2026-06-01 00:07:45] DEBUG    - Match found for Shashank Singh in Points at row 92
[2026-06-01 00:07:45] INFO     - No update needed for Shashank Singh in Points as points are unchanged.
[2026-06-01 00:07:45] DEBUG    - ===============================================================
[2026-06-01 00:07:45] INFO     - Processing count= 89
[2026-06-01 00:07:45] INFO     - Processing player of RCB : 'Jitesh Sharma' | 321 points | team: RCB
[2026-06-01 00:07:45] DEBUG    - Match found for Jitesh Sharma in Points at row 93
[2026-06-01 00:07:45] INFO     - No update needed for Jitesh Sharma in Points as points are unchanged.
[2026-06-01 00:07:45] DEBUG    - ===============================================================
[2026-06-01 00:07:45] INFO     - Processing count= 90
[2026-06-01 00:07:45] INFO     - Processing player of RR : 'Jofra Archer' | 883 points | team: RR
[2026-06-01 00:07:45] DEBUG    - Match found for Jofra Archer in Points at row 94
[2026-06-01 00:07:46] INFO     - Points gained for Jofra Archer in Points: 126 (Points: 883, Dot Balls: 152, Previous Total: 909)
[2026-06-01 00:07:46] INFO     - Data updated successfully for Jofra Archer in Points - 883 points and 152 dot balls!
[2026-06-01 00:07:46] DEBUG    - Sleeping 3s before next update.
[2026-06-01 00:07:49] DEBUG    - ===============================================================
[2026-06-01 00:07:49] INFO     - Processing count= 91
[2026-06-01 00:07:49] INFO     - Processing player of RR : 'Ravindra Jadeja' | 608 points | team: RR
[2026-06-01 00:07:49] DEBUG    - Match found for Ravindra Jadeja in Points at row 95
[2026-06-01 00:07:50] INFO     - Points gained for Ravindra Jadeja in Points: 72 (Points: 608, Dot Balls: 53, Previous Total: 589)
[2026-06-01 00:07:50] INFO     - Data updated successfully for Ravindra Jadeja in Points - 608 points and 53 dot balls!
[2026-06-01 00:07:50] DEBUG    - Sleeping 3s before next update.
[2026-06-01 00:07:53] DEBUG    - ===============================================================
[2026-06-01 00:07:53] INFO     - Processing count= 92
[2026-06-01 00:07:53] INFO     - Processing player of LSG : 'Mohammad Shami' | 411 points | team: LSG
[2026-06-01 00:07:53] DEBUG    - Match found for Mohammad Shami in Points at row 96
[2026-06-01 00:07:53] INFO     - No update needed for Mohammad Shami in Points as points are unchanged.
[2026-06-01 00:07:53] DEBUG    - ===============================================================
[2026-06-01 00:07:53] INFO     - Processing count= 93
[2026-06-01 00:07:53] INFO     - Processing player of GT : 'Kagiso Rabada' | 833 points | team: GT
[2026-06-01 00:07:53] DEBUG    - Match found for Kagiso Rabada in Points at row 97
[2026-06-01 00:07:53] INFO     - No update needed for Kagiso Rabada in Points as points are unchanged.
[2026-06-01 00:07:53] DEBUG    - ===============================================================
[2026-06-01 00:07:53] INFO     - Processing count= 94
[2026-06-01 00:07:53] INFO     - Processing player of KKR : 'Rinku Singh' | 536 points | team: KKR
[2026-06-01 00:07:53] DEBUG    - Match found for Rinku Singh in Points at row 98
[2026-06-01 00:07:53] INFO     - No update needed for Rinku Singh in Points as points are unchanged.
[2026-06-01 00:07:53] DEBUG    - ===============================================================
[2026-06-01 00:07:53] INFO     - Processing count= 95
[2026-06-01 00:07:53] INFO     - Processing player of CSK : 'Kartik Sharma' | 439 points | team: CSK
[2026-06-01 00:07:53] DEBUG    - Match found for Kartik Sharma in Points at row 99
[2026-06-01 00:07:53] INFO     - No update needed for Kartik Sharma in Points as points are unchanged.
[2026-06-01 00:07:53] DEBUG    - ===============================================================
[2026-06-01 00:07:53] INFO     - Processing count= 96
[2026-06-01 00:07:53] INFO     - Processing player of DC : 'Ashutosh Sharma' | 286 points | team: DC
[2026-06-01 00:07:53] DEBUG    - Match found for Ashutosh Sharma in Points at row 100
[2026-06-01 00:07:53] INFO     - No update needed for Ashutosh Sharma in Points as points are unchanged.
[2026-06-01 00:07:53] DEBUG    - ===============================================================
[2026-06-01 00:07:53] INFO     - Processing count= 97
[2026-06-01 00:07:53] INFO     - Processing player of MI : 'Corbin Bosch' | 461 points | team: MI
[2026-06-01 00:07:53] DEBUG    - Match found for Corbin Bosch in Points at row 101
[2026-06-01 00:07:53] INFO     - No update needed for Corbin Bosch in Points as points are unchanged.
[2026-06-01 00:07:53] DEBUG    - ===============================================================
[2026-06-01 00:07:53] INFO     - Processing count= 98
[2026-06-01 00:07:53] INFO     - Processing player of RCB : 'Tim David' | 474 points | team: RCB
[2026-06-01 00:07:53] DEBUG    - Match found for Tim David in Points at row 102
[2026-06-01 00:07:53] INFO     - No update needed for Tim David in Points as points are unchanged.
[2026-06-01 00:07:53] DEBUG    - ===============================================================
[2026-06-01 00:07:53] INFO     - Processing count= 99
[2026-06-01 00:07:53] INFO     - Processing player of PBSK : 'Cooper Connolly' | 790 points | team: PBSK
[2026-06-01 00:07:53] DEBUG    - Match found for Cooper Connolly in Points at row 103
[2026-06-01 00:07:53] INFO     - No update needed for Cooper Connolly in Points as points are unchanged.
[2026-06-01 00:07:53] DEBUG    - ===============================================================
[2026-06-01 00:07:53] INFO     - Processing count= 100
[2026-06-01 00:07:53] INFO     - Processing player of SRH : 'Liam Livingstone' | 57 points | team: SRH
[2026-06-01 00:07:53] DEBUG    - Match found for Liam Livingstone in Points at row 104
[2026-06-01 00:07:53] INFO     - No update needed for Liam Livingstone in Points as points are unchanged.
[2026-06-01 00:07:53] DEBUG    - ===============================================================
[2026-06-01 00:07:53] INFO     - Processing count= 101
[2026-06-01 00:07:53] INFO     - Processing player of PBSK : 'Vijaykumar Vyshak' | 267 points | team: PBSK
[2026-06-01 00:07:53] DEBUG    - Match found for Vijaykumar Vyshak in Points at row 105
[2026-06-01 00:07:53] INFO     - No update needed for Vijaykumar Vyshak in Points as points are unchanged.
[2026-06-01 00:07:53] DEBUG    - ===============================================================
[2026-06-01 00:07:53] INFO     - Processing count= 102
[2026-06-01 00:07:53] INFO     - Processing player of RCB : 'Suyash Sharma' | 277 points | team: RCB
[2026-06-01 00:07:53] DEBUG    - Match found for Suyash Sharma in Points at row 106
[2026-06-01 00:07:53] INFO     - No update needed for Suyash Sharma in Points as points are unchanged.
[2026-06-01 00:07:53] DEBUG    - ===============================================================
[2026-06-01 00:07:53] INFO     - Processing count= 103
[2026-06-01 00:07:53] INFO     - Processing player of DC : 'David Miller' | 384 points | team: DC
[2026-06-01 00:07:53] DEBUG    - Match found for David Miller in Points at row 107
[2026-06-01 00:07:53] INFO     - No update needed for David Miller in Points as points are unchanged.
[2026-06-01 00:07:53] INFO     - Total players processed for team 'CSK': 10
[2026-06-01 00:07:53] INFO     - Total players processed for team 'GT': 10
[2026-06-01 00:07:53] INFO     - Total players processed for team 'LSG': 8
[2026-06-01 00:07:53] INFO     - Total players processed for team 'MI': 11
[2026-06-01 00:07:53] INFO     - Total players processed for team 'PBSK': 12
[2026-06-01 00:07:53] INFO     - Total players processed for team 'RCB': 13
[2026-06-01 00:07:53] INFO     - Total players processed for team 'RR': 8
[2026-06-01 00:07:53] INFO     - Total players processed for team 'SRH': 8
[2026-06-01 00:07:53] INFO     - Total players processed for team 'KKR': 9
[2026-06-01 00:07:53] INFO     - Total players processed for team 'DC': 10
[2026-06-01 00:07:53] DEBUG    - ===============================================================
[2026-06-01 00:07:53] WARNING  - Player not updated: Shivam Dube | Reason: Points unchanged
[2026-06-01 00:07:53] WARNING  - Player not updated: Sanju Samson | Reason: Points unchanged
[2026-06-01 00:07:53] WARNING  - Player not updated: Sai Sudharsan | Reason: Points unchanged
[2026-06-01 00:07:53] WARNING  - Player not updated: Mohsin Khan | Reason: Points unchanged
[2026-06-01 00:07:53] WARNING  - Player not updated: Tilak Varma | Reason: Points unchanged
[2026-06-01 00:07:53] WARNING  - Player not updated: Quinton de Kock | Reason: Points unchanged
[2026-06-01 00:07:53] WARNING  - Player not updated: Jasprit Bumrah | Reason: Points unchanged
[2026-06-01 00:07:53] WARNING  - Player not updated: Harpreet Brar | Reason: Points unchanged
[2026-06-01 00:07:53] WARNING  - Player not updated: Yuzvendra Chahal | Reason: Points unchanged
[2026-06-01 00:07:53] WARNING  - Player not updated: Romario Shepherd | Reason: Points unchanged
[2026-06-01 00:07:53] WARNING  - Player not updated: Ravi Bishnoi | Reason: Points unchanged
[2026-06-01 00:07:53] WARNING  - Player not updated: Rasikh Salam | Reason: Points unchanged
[2026-06-01 00:07:53] WARNING  - Player not updated: Matheesha Pathirana | Reason: Points unchanged
[2026-06-01 00:07:53] WARNING  - Player not updated: Nathan Ellis | Reason: Points is zero
[2026-06-01 00:07:53] WARNING  - Player not updated: Yudhvir Singh | Reason: Points is zero
[2026-06-01 00:07:53] WARNING  - Player not updated: Ayush Mhatre | Reason: Points unchanged
[2026-06-01 00:07:53] WARNING  - Player not updated: MS Dhoni | Reason: Points is zero
[2026-06-01 00:07:53] WARNING  - Player not updated: Mitchell Starc | Reason: Points unchanged
[2026-06-01 00:07:53] WARNING  - Player not updated: Glenn Phillips | Reason: Points unchanged
[2026-06-01 00:07:53] WARNING  - Player not updated: Sunil Narine | Reason: Points unchanged
[2026-06-01 00:07:53] WARNING  - Player not updated: Ajinkya Rahane | Reason: Points unchanged
[2026-06-01 00:07:53] WARNING  - Player not updated: Ayush Badoni | Reason: Points unchanged
[2026-06-01 00:07:53] WARNING  - Player not updated: Hardik Pandya | Reason: Points unchanged
[2026-06-01 00:07:53] WARNING  - Player not updated: Suryakumar Yadav | Reason: Points unchanged
[2026-06-01 00:07:53] WARNING  - Player not updated: Rohit Sharma | Reason: Points unchanged
[2026-06-01 00:07:53] WARNING  - Player not updated: Priyansh Arya | Reason: Points unchanged
[2026-06-01 00:07:53] WARNING  - Player not updated: Phil Salt | Reason: Points unchanged
[2026-06-01 00:07:53] WARNING  - Player not updated: Bhuvneshwar Kumar | Reason: Points unchanged
[2026-06-01 00:07:53] WARNING  - Player not updated: Josh Hazlewood | Reason: Points unchanged
[2026-06-01 00:07:53] WARNING  - Player not updated: Shimron Hetmyer | Reason: Points unchanged
[2026-06-01 00:07:53] WARNING  - Player not updated: Sandeep Sharma | Reason: Points unchanged
[2026-06-01 00:07:53] WARNING  - Player not updated: Marco Jansen | Reason: Points unchanged
[2026-06-01 00:07:53] WARNING  - Player not updated: Prashant Veer | Reason: Points unchanged
[2026-06-01 00:07:53] WARNING  - Player not updated: Ruturaj Gaikwad | Reason: Points unchanged
[2026-06-01 00:07:53] WARNING  - Player not updated: Axar Patel | Reason: Points unchanged
[2026-06-01 00:07:53] WARNING  - Player not updated: Abishek Porel | Reason: Points unchanged
[2026-06-01 00:07:53] WARNING  - Player not updated: KL Rahul | Reason: Points unchanged
[2026-06-01 00:07:53] WARNING  - Player not updated: Rashid Khan | Reason: Points unchanged
[2026-06-01 00:07:53] WARNING  - Player not updated: Cameron Green | Reason: Points unchanged
[2026-06-01 00:07:53] WARNING  - Player not updated: Varun Chakaravarthy | Reason: Points unchanged
[2026-06-01 00:07:53] WARNING  - Player not updated: Digvesh Singh | Reason: Points unchanged
[2026-06-01 00:07:53] WARNING  - Player not updated: Rishabh Pant | Reason: Points unchanged
[2026-06-01 00:07:53] WARNING  - Player not updated: Arshdeep Singh | Reason: Points unchanged
[2026-06-01 00:07:53] WARNING  - Player not updated: Krunal Pandya | Reason: Points unchanged
[2026-06-01 00:07:53] WARNING  - Player not updated: Rajat Patidar | Reason: Points unchanged
[2026-06-01 00:07:53] WARNING  - Player not updated: Naman Dhir | Reason: Points unchanged
[2026-06-01 00:07:53] WARNING  - Player not updated: Finn Allen | Reason: Points unchanged
[2026-06-01 00:07:53] WARNING  - Player not updated: Rahul Tewatia | Reason: Points unchanged
[2026-06-01 00:07:53] WARNING  - Player not updated: Jason Holder | Reason: Points unchanged
[2026-06-01 00:07:53] WARNING  - Player not updated: Dewald Brevis | Reason: Points unchanged
[2026-06-01 00:07:53] WARNING  - Player not updated: Noor Ahmad | Reason: Points unchanged
[2026-06-01 00:07:53] WARNING  - Player not updated: Auqib Nabi | Reason: Points unchanged
[2026-06-01 00:07:53] WARNING  - Player not updated: Jos Buttler | Reason: Points unchanged
[2026-06-01 00:07:53] WARNING  - Player not updated: Prasidh Krishna | Reason: Points unchanged
[2026-06-01 00:07:53] WARNING  - Player not updated: Vaibhav Arora | Reason: Points unchanged
[2026-06-01 00:07:53] WARNING  - Player not updated: Aiden Markram | Reason: Points unchanged
[2026-06-01 00:07:53] WARNING  - Player not updated: Will Jacks | Reason: Points unchanged
[2026-06-01 00:07:53] WARNING  - Player not updated: Nehal Wadhera | Reason: Points unchanged
[2026-06-01 00:07:53] WARNING  - Player not updated: Shreyas Iyer | Reason: Points unchanged
[2026-06-01 00:07:53] WARNING  - Player not updated: Devdutt Padikkal | Reason: Points unchanged
[2026-06-01 00:07:53] WARNING  - Player not updated: Virat Kohli | Reason: Points unchanged
[2026-06-01 00:07:53] WARNING  - Player not updated: Harshal Patel | Reason: Points unchanged
[2026-06-01 00:07:53] WARNING  - Player not updated: Nitish Rana | Reason: Points unchanged
[2026-06-01 00:07:53] WARNING  - Player not updated: Trent Boult | Reason: Points unchanged
[2026-06-01 00:07:53] WARNING  - Player not updated: Venkatesh Iyer | Reason: Points unchanged
[2026-06-01 00:07:53] WARNING  - Player not updated: Yash Dayal | Reason: Points is zero
[2026-06-01 00:07:53] WARNING  - Player not updated: Shardul Thakur | Reason: Points unchanged
[2026-06-01 00:07:53] WARNING  - Player not updated: Rahul Chahar | Reason: Points unchanged
[2026-06-01 00:07:53] WARNING  - Player not updated: Khaleel Ahmed | Reason: Points unchanged
[2026-06-01 00:07:53] WARNING  - Player not updated: Tristan Stubbs | Reason: Points unchanged
[2026-06-01 00:07:53] WARNING  - Player not updated: Kuldeep Yadav | Reason: Points unchanged
[2026-06-01 00:07:53] WARNING  - Player not updated: Shubman Gill | Reason: Points unchanged
[2026-06-01 00:07:53] WARNING  - Player not updated: Mohammed Siraj | Reason: Points unchanged
[2026-06-01 00:07:53] WARNING  - Player not updated: Angkrish Raghuvanshi | Reason: Points unchanged
[2026-06-01 00:07:53] WARNING  - Player not updated: Mitchell Marsh | Reason: Points unchanged
[2026-06-01 00:07:53] WARNING  - Player not updated: Nicholas Pooran | Reason: Points unchanged
[2026-06-01 00:07:53] WARNING  - Player not updated: Marcus Stoinis | Reason: Points unchanged
[2026-06-01 00:07:53] WARNING  - Player not updated: Prabhsimran Singh | Reason: Points unchanged
[2026-06-01 00:07:53] WARNING  - Player not updated: Shashank Singh | Reason: Points unchanged
[2026-06-01 00:07:53] WARNING  - Player not updated: Jitesh Sharma | Reason: Points unchanged
[2026-06-01 00:07:53] WARNING  - Player not updated: Mohammad Shami | Reason: Points unchanged
[2026-06-01 00:07:53] WARNING  - Player not updated: Kagiso Rabada | Reason: Points unchanged
[2026-06-01 00:07:53] WARNING  - Player not updated: Rinku Singh | Reason: Points unchanged
[2026-06-01 00:07:53] WARNING  - Player not updated: Kartik Sharma | Reason: Points unchanged
[2026-06-01 00:07:53] WARNING  - Player not updated: Ashutosh Sharma | Reason: Points unchanged
[2026-06-01 00:07:53] WARNING  - Player not updated: Corbin Bosch | Reason: Points unchanged
[2026-06-01 00:07:53] WARNING  - Player not updated: Tim David | Reason: Points unchanged
[2026-06-01 00:07:53] WARNING  - Player not updated: Cooper Connolly | Reason: Points unchanged
[2026-06-01 00:07:53] WARNING  - Player not updated: Liam Livingstone | Reason: Points unchanged
[2026-06-01 00:07:53] WARNING  - Player not updated: Vijaykumar Vyshak | Reason: Points unchanged
[2026-06-01 00:07:53] WARNING  - Player not updated: Suyash Sharma | Reason: Points unchanged
[2026-06-01 00:07:53] WARNING  - Player not updated: David Miller | Reason: Points unchanged
[2026-06-01 00:07:53] DEBUG    - ===============================================================
[2026-06-01 00:08:03] INFO     - TODAYS_DATE_LABEL updated to: 27/06
[2026-06-01 00:08:09] INFO     - Worksheets opened: ['Home', 'Data']
[2026-06-01 00:08:10] INFO     - Points Gained Today fetched: {'HW': 198, 'MC': 0, 'OL': 62, 'AS': 252, 'PA': 82}
[2026-06-01 00:08:10] ERROR    - Date column '27/06' not found in Data sheet headers: ['Team', 'Past Pt', '14/04', '15/04', '16/04', '17/04', '18/04', '19/04', '20/04', '21/04', '22/04', '23/04', '24/04', '25/04', '26/04', '27/04', '28/04', '29/04', '30/04', '01/05', '02/05', '03/05', '04/05', '05/05', '06/05', '07/05', '08/05', '09/05', '10/05', '11/05', '12/05', '13/05', '14/05', '15/05', '16/05', '17/05', '18/05', '19/05', '20/05', '21/05', '22/05', '23/05', '24/05', '25/05', '26/05', '27/05', '28/05', '29/05', '30/05', '31/05']
[2026-06-01 00:08:11] INFO     - TOP 12 points fetched: {'HW': 8528, 'OL': 8176, 'AS': 7903, 'PA': 7661, 'MC': 6111}
[2026-06-01 00:08:11] INFO     - Column mapping: {'HW': 2, 'MC': 3, 'OL': 4, 'AS': 5, 'PA': 6}
[2026-06-01 00:08:12] ERROR    - Today's date '27/06' not found in Data sheet Col A.
[2026-06-01 00:08:12] INFO     - ═════════════════════ All updates completed ═════════════════════
