[2026-05-06 23:17:24] INFO     - ═════════════════════ Process started ═════════════════════
[2026-05-06 23:17:24] INFO     - Excel loaded: 103 players, 103 bowlers from 'C:\Users\himan\Documents\UiPath\CrickInfo\Data\IPLPointsData.xlsx'
[2026-05-06 23:17:25] INFO     - Google Sheets authentication successful.
[2026-05-06 23:17:30] INFO     - Worksheets opened: ['Points', 'Home', 'Data']
[2026-05-06 23:17:38] INFO     - Updating previous points for all players before processing.
[2026-05-06 23:17:38] DEBUG    - ======================================================
[2026-05-06 23:17:41] DEBUG    - Updated previous points for 'Sanju Samson' at row 6: 504 → 626
[2026-05-06 23:17:41] DEBUG    - Sleeping 3s after updating previous points.
[2026-05-06 23:17:45] DEBUG    - Updated previous points for 'Mitchell Starc' at row 26: 101 → 114
[2026-05-06 23:17:45] DEBUG    - Sleeping 3s after updating previous points.
[2026-05-06 23:17:49] DEBUG    - Updated previous points for 'Ruturaj Gaikwad' at row 42: 377 → 396
[2026-05-06 23:17:49] DEBUG    - Sleeping 3s after updating previous points.
[2026-05-06 23:17:52] DEBUG    - Updated previous points for 'Axar Patel' at row 43: 336 → 381
[2026-05-06 23:17:52] DEBUG    - Sleeping 3s after updating previous points.
[2026-05-06 23:17:56] DEBUG    - Updated previous points for 'KL Rahul' at row 45: 655 → 685
[2026-05-06 23:17:56] DEBUG    - Sleeping 3s after updating previous points.
[2026-05-06 23:17:59] DEBUG    - Updated previous points for 'Dewald Brevis' at row 61: 195 → 207
[2026-05-06 23:17:59] DEBUG    - Sleeping 3s after updating previous points.
[2026-05-06 23:18:03] DEBUG    - Updated previous points for 'Noor Ahmad' at row 62: 366 → 426
[2026-05-06 23:18:03] DEBUG    - Sleeping 3s after updating previous points.
[2026-05-06 23:18:06] DEBUG    - Updated previous points for 'Nitish Rana' at row 76: 347 → 368
[2026-05-06 23:18:06] DEBUG    - Sleeping 3s after updating previous points.
[2026-05-06 23:18:10] DEBUG    - Updated previous points for 'Tristan Stubbs' at row 83: 357 → 408
[2026-05-06 23:18:10] DEBUG    - Sleeping 3s after updating previous points.
[2026-05-06 23:18:13] DEBUG    - Updated previous points for 'Kuldeep Yadav' at row 84: 285 → 292
[2026-05-06 23:18:13] DEBUG    - Sleeping 3s after updating previous points.
[2026-05-06 23:18:17] DEBUG    - Updated previous points for 'Kartik Sharma' at row 99: 167 → 234
[2026-05-06 23:18:17] DEBUG    - Sleeping 3s after updating previous points.
[2026-05-06 23:18:20] DEBUG    - Updated previous points for 'Ashutosh Sharma' at row 100: 109 → 131
[2026-05-06 23:18:20] DEBUG    - Sleeping 3s after updating previous points.
[2026-05-06 23:18:20] DEBUG    - ======================================================
[2026-05-06 23:19:13] DEBUG    - ===============================================================
[2026-05-06 23:19:13] INFO     - Pausing 5s before before next steps.
[2026-05-06 23:19:13] DEBUG    - ===============================================================
[2026-05-06 23:19:17] DEBUG    - ===============================================================
[2026-05-06 23:19:17] DEBUG    - ===============================================================
[2026-05-06 23:19:17] INFO     - Processing count= 1
[2026-05-06 23:19:17] INFO     - Processing player of CSK : 'Shivam Dube' | 273 points | team: CSK
[2026-05-06 23:19:17] DEBUG    - Match found for Shivam Dube in Points at row 5
[2026-05-06 23:19:17] INFO     - No update needed for Shivam Dube in Points as points are unchanged.
[2026-05-06 23:19:17] DEBUG    - ===============================================================
[2026-05-06 23:19:17] INFO     - Processing count= 2
[2026-05-06 23:19:17] INFO     - Processing player of CSK : 'Sanju Samson' | 626 points | team: CSK
[2026-05-06 23:19:17] DEBUG    - Match found for Sanju Samson in Points at row 6
[2026-05-06 23:19:17] INFO     - No update needed for Sanju Samson in Points as points are unchanged.
[2026-05-06 23:19:17] DEBUG    - ===============================================================
[2026-05-06 23:19:17] INFO     - Processing count= 3
[2026-05-06 23:19:17] INFO     - Processing player of GT : 'Sai Sudharsan' | 593 points | team: GT
[2026-05-06 23:19:17] DEBUG    - Match found for Sai Sudharsan in Points at row 7
[2026-05-06 23:19:17] INFO     - No update needed for Sai Sudharsan in Points as points are unchanged.
[2026-05-06 23:19:17] DEBUG    - ===============================================================
[2026-05-06 23:19:17] INFO     - Processing count= 4
[2026-05-06 23:19:17] INFO     - Processing player of LSG : 'Mohsin Khan' | 348 points | team: LSG
[2026-05-06 23:19:17] DEBUG    - Match found for Mohsin Khan in Points at row 8
[2026-05-06 23:19:17] INFO     - No update needed for Mohsin Khan in Points as points are unchanged.
[2026-05-06 23:19:17] DEBUG    - ===============================================================
[2026-05-06 23:19:17] INFO     - Processing count= 5
[2026-05-06 23:19:17] INFO     - Processing player of MI : 'Tilak Varma' | 365 points | team: MI
[2026-05-06 23:19:17] DEBUG    - Match found for Tilak Varma in Points at row 9
[2026-05-06 23:19:17] INFO     - No update needed for Tilak Varma in Points as points are unchanged.
[2026-05-06 23:19:17] DEBUG    - ===============================================================
[2026-05-06 23:19:17] INFO     - Processing count= 6
[2026-05-06 23:19:17] INFO     - Processing player of MI : 'Quinton de Kock' | 221 points | team: MI
[2026-05-06 23:19:17] DEBUG    - Match found for Quinton de Kock in Points at row 10
[2026-05-06 23:19:17] INFO     - No update needed for Quinton de Kock in Points as points are unchanged.
[2026-05-06 23:19:17] DEBUG    - ===============================================================
[2026-05-06 23:19:17] INFO     - Processing count= 7
[2026-05-06 23:19:17] INFO     - Processing player of MI : 'Jasprit Bumrah' | 139 points | team: MI
[2026-05-06 23:19:17] DEBUG    - Match found for Jasprit Bumrah in Points at row 11
[2026-05-06 23:19:17] INFO     - No update needed for Jasprit Bumrah in Points as points are unchanged.
[2026-05-06 23:19:17] DEBUG    - ===============================================================
[2026-05-06 23:19:17] INFO     - Processing count= 8
[2026-05-06 23:19:17] INFO     - Processing player of PBSK : 'Harpreet Brar' | 6 points | team: PBSK
[2026-05-06 23:19:17] DEBUG    - Match found for Harpreet Brar in Points at row 12
[2026-05-06 23:19:17] INFO     - No update needed for Harpreet Brar in Points as points are unchanged.
[2026-05-06 23:19:17] DEBUG    - ===============================================================
[2026-05-06 23:19:17] INFO     - Processing count= 9
[2026-05-06 23:19:17] INFO     - Processing player of PBSK : 'Yuzvendra Chahal' | 248 points | team: PBSK
[2026-05-06 23:19:17] DEBUG    - Match found for Yuzvendra Chahal in Points at row 13
[2026-05-06 23:19:18] INFO     - Points gained for Yuzvendra Chahal in Points: 34 (Points: 248, Dot Balls: 39, Previous Total: 253)
[2026-05-06 23:19:18] INFO     - Data updated successfully for Yuzvendra Chahal in Points - 248 points and 39 dot balls!
[2026-05-06 23:19:18] DEBUG    - Sleeping 3s before next update.
[2026-05-06 23:19:21] DEBUG    - ===============================================================
[2026-05-06 23:19:21] INFO     - Processing count= 10
[2026-05-06 23:19:21] INFO     - Processing player of RCB : 'Romario Shepherd' | 246 points | team: RCB
[2026-05-06 23:19:21] DEBUG    - Match found for Romario Shepherd in Points at row 14
[2026-05-06 23:19:21] INFO     - No update needed for Romario Shepherd in Points as points are unchanged.
[2026-05-06 23:19:21] DEBUG    - ===============================================================
[2026-05-06 23:19:21] INFO     - Processing count= 11
[2026-05-06 23:19:21] INFO     - Processing player of RR : 'Vaibhav Sooryavanshi' | 639 points | team: RR
[2026-05-06 23:19:21] DEBUG    - Match found for Vaibhav Sooryavanshi in Points at row 15
[2026-05-06 23:19:21] INFO     - No update needed for Vaibhav Sooryavanshi in Points as points are unchanged.
[2026-05-06 23:19:21] DEBUG    - ===============================================================
[2026-05-06 23:19:21] INFO     - Processing count= 12
[2026-05-06 23:19:21] INFO     - Processing player of RR : 'Ravi Bishnoi' | 359 points | team: RR
[2026-05-06 23:19:21] DEBUG    - Match found for Ravi Bishnoi in Points at row 16
[2026-05-06 23:19:21] INFO     - No update needed for Ravi Bishnoi in Points as points are unchanged.
[2026-05-06 23:19:21] DEBUG    - ===============================================================
[2026-05-06 23:19:21] INFO     - Processing count= 13
[2026-05-06 23:19:21] INFO     - Processing player of SRH : 'Abhishek Sharma' | 768 points | team: SRH
[2026-05-06 23:19:21] DEBUG    - Match found for Abhishek Sharma in Points at row 17
[2026-05-06 23:19:22] INFO     - Points gained for Abhishek Sharma in Points: 67 (Points: 768, Dot Balls: 6, Previous Total: 707)
[2026-05-06 23:19:22] INFO     - Data updated successfully for Abhishek Sharma in Points - 768 points and 6 dot balls!
[2026-05-06 23:19:22] DEBUG    - Sleeping 3s before next update.
[2026-05-06 23:19:25] DEBUG    - ===============================================================
[2026-05-06 23:19:25] INFO     - Processing count= 14
[2026-05-06 23:19:25] INFO     - Processing player of SRH : 'Ishan Kishan' | 678 points | team: SRH
[2026-05-06 23:19:25] DEBUG    - Match found for Ishan Kishan in Points at row 18
[2026-05-06 23:19:26] INFO     - Points gained for Ishan Kishan in Points: 91 (Points: 678, Dot Balls: 0, Previous Total: 587)
[2026-05-06 23:19:26] INFO     - Data updated successfully for Ishan Kishan in Points - 678 points and 0 dot balls!
[2026-05-06 23:19:26] DEBUG    - Sleeping 3s before next update.
[2026-05-06 23:19:29] DEBUG    - ===============================================================
[2026-05-06 23:19:29] INFO     - Processing count= 15
[2026-05-06 23:19:29] INFO     - Processing player of SRH : 'Pat Cummins' | 150 points | team: SRH
[2026-05-06 23:19:29] DEBUG    - Match found for Pat Cummins in Points at row 19
[2026-05-06 23:19:30] INFO     - Points gained for Pat Cummins in Points: 80 (Points: 150, Dot Balls: 34, Previous Total: 104)
[2026-05-06 23:19:30] INFO     - Data updated successfully for Pat Cummins in Points - 150 points and 34 dot balls!
[2026-05-06 23:19:30] DEBUG    - Sleeping 3s before next update.
[2026-05-06 23:19:33] DEBUG    - ===============================================================
[2026-05-06 23:19:33] INFO     - Processing count= 16
[2026-05-06 23:19:33] INFO     - Processing player of RCB : 'Rasikh Salam' | 200 points | team: RCB
[2026-05-06 23:19:33] DEBUG    - Match found for Rasikh Salam in Points at row 20
[2026-05-06 23:19:33] INFO     - No update needed for Rasikh Salam in Points as points are unchanged.
[2026-05-06 23:19:33] DEBUG    - ===============================================================
[2026-05-06 23:19:33] INFO     - Processing count= 17
[2026-05-06 23:19:33] INFO     - 
Skipping Matheesha Pathirana as points is zero.
[2026-05-06 23:19:33] DEBUG    - ===============================================================
[2026-05-06 23:19:33] INFO     - Processing count= 18
[2026-05-06 23:19:33] INFO     - 
Skipping Nathan Ellis as points is zero.
[2026-05-06 23:19:33] DEBUG    - ===============================================================
[2026-05-06 23:19:33] INFO     - Processing count= 19
[2026-05-06 23:19:33] INFO     - 
Skipping Yudhvir Singh as points is zero.
[2026-05-06 23:19:33] DEBUG    - ===============================================================
[2026-05-06 23:19:33] INFO     - Processing count= 20
[2026-05-06 23:19:33] INFO     - Processing player of CSK : 'Ayush Mhatre' | 311 points | team: CSK
[2026-05-06 23:19:33] DEBUG    - Match found for Ayush Mhatre in Points at row 24
[2026-05-06 23:19:33] INFO     - No update needed for Ayush Mhatre in Points as points are unchanged.
[2026-05-06 23:19:33] DEBUG    - ===============================================================
[2026-05-06 23:19:33] INFO     - Processing count= 21
[2026-05-06 23:19:33] INFO     - 
Skipping MS Dhoni as points is zero.
[2026-05-06 23:19:33] DEBUG    - ===============================================================
[2026-05-06 23:19:33] INFO     - Processing count= 22
[2026-05-06 23:19:33] INFO     - Processing player of DC : 'Mitchell Starc' | 93 points | team: DC
[2026-05-06 23:19:33] DEBUG    - Match found for Mitchell Starc in Points at row 26
[2026-05-06 23:19:33] INFO     - No update needed for Mitchell Starc in Points as points are unchanged.
[2026-05-06 23:19:33] DEBUG    - ===============================================================
[2026-05-06 23:19:33] INFO     - Processing count= 23
[2026-05-06 23:19:33] INFO     - Processing player of GT : 'Glenn Phillips' | 165 points | team: GT
[2026-05-06 23:19:33] DEBUG    - Match found for Glenn Phillips in Points at row 27
[2026-05-06 23:19:33] INFO     - No update needed for Glenn Phillips in Points as points are unchanged.
[2026-05-06 23:19:33] DEBUG    - ===============================================================
[2026-05-06 23:19:33] INFO     - Processing count= 24
[2026-05-06 23:19:33] INFO     - Processing player of KKR : 'Sunil Narine' | 353 points | team: KKR
[2026-05-06 23:19:33] DEBUG    - Match found for Sunil Narine in Points at row 28
[2026-05-06 23:19:33] INFO     - No update needed for Sunil Narine in Points as points are unchanged.
[2026-05-06 23:19:33] DEBUG    - ===============================================================
[2026-05-06 23:19:33] INFO     - Processing count= 25
[2026-05-06 23:19:33] INFO     - Processing player of KKR : 'Ajinkya Rahane' | 327 points | team: KKR
[2026-05-06 23:19:33] DEBUG    - Match found for Ajinkya Rahane in Points at row 29
[2026-05-06 23:19:33] INFO     - No update needed for Ajinkya Rahane in Points as points are unchanged.
[2026-05-06 23:19:33] DEBUG    - ===============================================================
[2026-05-06 23:19:33] INFO     - Processing count= 26
[2026-05-06 23:19:33] INFO     - Processing player of LSG : 'Ayush Badoni' | 266 points | team: LSG
[2026-05-06 23:19:33] DEBUG    - Match found for Ayush Badoni in Points at row 30
[2026-05-06 23:19:33] INFO     - No update needed for Ayush Badoni in Points as points are unchanged.
[2026-05-06 23:19:33] DEBUG    - ===============================================================
[2026-05-06 23:19:33] INFO     - Processing count= 27
[2026-05-06 23:19:33] INFO     - Processing player of MI : 'Hardik Pandya' | 330 points | team: MI
[2026-05-06 23:19:33] DEBUG    - Match found for Hardik Pandya in Points at row 31
[2026-05-06 23:19:33] INFO     - No update needed for Hardik Pandya in Points as points are unchanged.
[2026-05-06 23:19:33] DEBUG    - ===============================================================
[2026-05-06 23:19:33] INFO     - Processing count= 28
[2026-05-06 23:19:33] INFO     - Processing player of MI : 'Suryakumar Yadav' | 322 points | team: MI
[2026-05-06 23:19:33] DEBUG    - Match found for Suryakumar Yadav in Points at row 32
[2026-05-06 23:19:33] INFO     - No update needed for Suryakumar Yadav in Points as points are unchanged.
[2026-05-06 23:19:33] DEBUG    - ===============================================================
[2026-05-06 23:19:33] INFO     - Processing count= 29
[2026-05-06 23:19:33] INFO     - Processing player of MI : 'Rohit Sharma' | 326 points | team: MI
[2026-05-06 23:19:33] DEBUG    - Match found for Rohit Sharma in Points at row 33
[2026-05-06 23:19:33] INFO     - No update needed for Rohit Sharma in Points as points are unchanged.
[2026-05-06 23:19:33] DEBUG    - ===============================================================
[2026-05-06 23:19:33] INFO     - Processing count= 30
[2026-05-06 23:19:33] INFO     - Processing player of PBSK : 'Priyansh Arya' | 449 points | team: PBSK
[2026-05-06 23:19:33] DEBUG    - Match found for Priyansh Arya in Points at row 34
[2026-05-06 23:19:34] INFO     - Points gained for Priyansh Arya in Points: 5 (Points: 449, Dot Balls: 0, Previous Total: 444)
[2026-05-06 23:19:34] INFO     - Data updated successfully for Priyansh Arya in Points - 449 points and 0 dot balls!
[2026-05-06 23:19:34] DEBUG    - Sleeping 3s before next update.
[2026-05-06 23:19:37] DEBUG    - ===============================================================
[2026-05-06 23:19:37] INFO     - Processing count= 31
[2026-05-06 23:19:37] INFO     - Processing player of RCB : 'Phil Salt' | 348 points | team: RCB
[2026-05-06 23:19:37] DEBUG    - Match found for Phil Salt in Points at row 35
[2026-05-06 23:19:37] INFO     - No update needed for Phil Salt in Points as points are unchanged.
[2026-05-06 23:19:37] DEBUG    - ===============================================================
[2026-05-06 23:19:37] INFO     - Processing count= 32
[2026-05-06 23:19:37] INFO     - Processing player of RCB : 'Bhuvneshwar Kumar' | 559 points | team: RCB
[2026-05-06 23:19:37] DEBUG    - Match found for Bhuvneshwar Kumar in Points at row 36
[2026-05-06 23:19:37] INFO     - No update needed for Bhuvneshwar Kumar in Points as points are unchanged.
[2026-05-06 23:19:37] DEBUG    - ===============================================================
[2026-05-06 23:19:37] INFO     - Processing count= 33
[2026-05-06 23:19:37] INFO     - Processing player of RCB : 'Josh Hazlewood' | 278 points | team: RCB
[2026-05-06 23:19:37] DEBUG    - Match found for Josh Hazlewood in Points at row 37
[2026-05-06 23:19:37] INFO     - No update needed for Josh Hazlewood in Points as points are unchanged.
[2026-05-06 23:19:37] DEBUG    - ===============================================================
[2026-05-06 23:19:37] INFO     - Processing count= 34
[2026-05-06 23:19:37] INFO     - Processing player of RR : 'Shimron Hetmyer' | 158 points | team: RR
[2026-05-06 23:19:37] DEBUG    - Match found for Shimron Hetmyer in Points at row 38
[2026-05-06 23:19:37] INFO     - No update needed for Shimron Hetmyer in Points as points are unchanged.
[2026-05-06 23:19:37] DEBUG    - ===============================================================
[2026-05-06 23:19:37] INFO     - Processing count= 35
[2026-05-06 23:19:37] INFO     - Processing player of RR : 'Sandeep Sharma' | 163 points | team: RR
[2026-05-06 23:19:37] DEBUG    - Match found for Sandeep Sharma in Points at row 39
[2026-05-06 23:19:37] INFO     - No update needed for Sandeep Sharma in Points as points are unchanged.
[2026-05-06 23:19:37] DEBUG    - ===============================================================
[2026-05-06 23:19:37] INFO     - Processing count= 36
[2026-05-06 23:19:37] INFO     - Processing player of PBSK : 'Marco Jansen' | 284 points | team: PBSK
[2026-05-06 23:19:37] DEBUG    - Match found for Marco Jansen in Points at row 40
[2026-05-06 23:19:38] INFO     - Points gained for Marco Jansen in Points: 39 (Points: 284, Dot Balls: 63, Previous Total: 308)
[2026-05-06 23:19:38] INFO     - Data updated successfully for Marco Jansen in Points - 284 points and 63 dot balls!
[2026-05-06 23:19:38] DEBUG    - Sleeping 3s before next update.
[2026-05-06 23:19:41] DEBUG    - ===============================================================
[2026-05-06 23:19:41] INFO     - Processing count= 37
[2026-05-06 23:19:41] INFO     - Processing player of CSK : 'Prashant Veer' | 70 points | team: CSK
[2026-05-06 23:19:41] DEBUG    - Match found for Prashant Veer in Points at row 41
[2026-05-06 23:19:41] INFO     - No update needed for Prashant Veer in Points as points are unchanged.
[2026-05-06 23:19:41] DEBUG    - ===============================================================
[2026-05-06 23:19:41] INFO     - Processing count= 38
[2026-05-06 23:19:41] INFO     - Processing player of CSK : 'Ruturaj Gaikwad' | 396 points | team: CSK
[2026-05-06 23:19:41] DEBUG    - Match found for Ruturaj Gaikwad in Points at row 42
[2026-05-06 23:19:41] INFO     - No update needed for Ruturaj Gaikwad in Points as points are unchanged.
[2026-05-06 23:19:41] DEBUG    - ===============================================================
[2026-05-06 23:19:41] INFO     - Processing count= 39
[2026-05-06 23:19:41] INFO     - Processing player of DC : 'Axar Patel' | 325 points | team: DC
[2026-05-06 23:19:41] DEBUG    - Match found for Axar Patel in Points at row 43
[2026-05-06 23:19:41] INFO     - No update needed for Axar Patel in Points as points are unchanged.
[2026-05-06 23:19:41] DEBUG    - ===============================================================
[2026-05-06 23:19:41] INFO     - Processing count= 40
[2026-05-06 23:19:41] INFO     - Processing player of DC : 'Abishek Porel' | 41 points | team: DC
[2026-05-06 23:19:41] DEBUG    - Match found for Abishek Porel in Points at row 44
[2026-05-06 23:19:41] INFO     - No update needed for Abishek Porel in Points as points are unchanged.
[2026-05-06 23:19:41] DEBUG    - ===============================================================
[2026-05-06 23:19:41] INFO     - Processing count= 41
[2026-05-06 23:19:41] INFO     - Processing player of DC : 'KL Rahul' | 685 points | team: DC
[2026-05-06 23:19:41] DEBUG    - Match found for KL Rahul in Points at row 45
[2026-05-06 23:19:41] INFO     - No update needed for KL Rahul in Points as points are unchanged.
[2026-05-06 23:19:41] DEBUG    - ===============================================================
[2026-05-06 23:19:41] INFO     - Processing count= 42
[2026-05-06 23:19:41] INFO     - Processing player of GT : 'Rashid Khan' | 410 points | team: GT
[2026-05-06 23:19:41] DEBUG    - Match found for Rashid Khan in Points at row 46
[2026-05-06 23:19:41] INFO     - No update needed for Rashid Khan in Points as points are unchanged.
[2026-05-06 23:19:41] DEBUG    - ===============================================================
[2026-05-06 23:19:41] INFO     - Processing count= 43
[2026-05-06 23:19:41] INFO     - Processing player of KKR : 'Cameron Green' | 408 points | team: KKR
[2026-05-06 23:19:41] DEBUG    - Match found for Cameron Green in Points at row 47
[2026-05-06 23:19:41] INFO     - No update needed for Cameron Green in Points as points are unchanged.
[2026-05-06 23:19:41] DEBUG    - ===============================================================
[2026-05-06 23:19:41] INFO     - Processing count= 44
[2026-05-06 23:19:41] INFO     - Processing player of KKR : 'Varun Chakaravarthy' | 304 points | team: KKR
[2026-05-06 23:19:41] DEBUG    - Match found for Varun Chakaravarthy in Points at row 48
[2026-05-06 23:19:41] INFO     - No update needed for Varun Chakaravarthy in Points as points are unchanged.
[2026-05-06 23:19:41] DEBUG    - ===============================================================
[2026-05-06 23:19:41] INFO     - Processing count= 45
[2026-05-06 23:19:41] INFO     - Processing player of LSG : 'Digvesh Singh' | 115 points | team: LSG
[2026-05-06 23:19:41] DEBUG    - Match found for Digvesh Singh in Points at row 49
[2026-05-06 23:19:41] INFO     - No update needed for Digvesh Singh in Points as points are unchanged.
[2026-05-06 23:19:41] DEBUG    - ===============================================================
[2026-05-06 23:19:41] INFO     - Processing count= 46
[2026-05-06 23:19:41] INFO     - Processing player of LSG : 'Rishabh Pant' | 379 points | team: LSG
[2026-05-06 23:19:41] DEBUG    - Match found for Rishabh Pant in Points at row 50
[2026-05-06 23:19:41] INFO     - No update needed for Rishabh Pant in Points as points are unchanged.
[2026-05-06 23:19:41] DEBUG    - ===============================================================
[2026-05-06 23:19:41] INFO     - Processing count= 47
[2026-05-06 23:19:41] INFO     - Processing player of PBSK : 'Arshdeep Singh' | 332 points | team: PBSK
[2026-05-06 23:19:41] DEBUG    - Match found for Arshdeep Singh in Points at row 51
[2026-05-06 23:19:42] INFO     - Points gained for Arshdeep Singh in Points: 33 (Points: 332, Dot Balls: 76, Previous Total: 375)
[2026-05-06 23:19:42] INFO     - Data updated successfully for Arshdeep Singh in Points - 332 points and 76 dot balls!
[2026-05-06 23:19:42] DEBUG    - Sleeping 3s before next update.
[2026-05-06 23:19:45] DEBUG    - ===============================================================
[2026-05-06 23:19:45] INFO     - Processing count= 48
[2026-05-06 23:19:45] INFO     - Processing player of RCB : 'Krunal Pandya' | 331 points | team: RCB
[2026-05-06 23:19:45] DEBUG    - Match found for Krunal Pandya in Points at row 52
[2026-05-06 23:19:45] INFO     - No update needed for Krunal Pandya in Points as points are unchanged.
[2026-05-06 23:19:45] DEBUG    - ===============================================================
[2026-05-06 23:19:45] INFO     - Processing count= 49
[2026-05-06 23:19:45] INFO     - Processing player of RCB : 'Rajat Patidar' | 439 points | team: RCB
[2026-05-06 23:19:45] DEBUG    - Match found for Rajat Patidar in Points at row 53
[2026-05-06 23:19:45] INFO     - No update needed for Rajat Patidar in Points as points are unchanged.
[2026-05-06 23:19:45] DEBUG    - ===============================================================
[2026-05-06 23:19:45] INFO     - Processing count= 50
[2026-05-06 23:19:45] INFO     - Processing player of RR : 'Yashasvi Jaiswal' | 488 points | team: RR
[2026-05-06 23:19:45] DEBUG    - Match found for Yashasvi Jaiswal in Points at row 54
[2026-05-06 23:19:45] INFO     - No update needed for Yashasvi Jaiswal in Points as points are unchanged.
[2026-05-06 23:19:45] DEBUG    - ===============================================================
[2026-05-06 23:19:45] INFO     - Processing count= 51
[2026-05-06 23:19:45] INFO     - Processing player of SRH : 'Travis Head' | 549 points | team: SRH
[2026-05-06 23:19:45] DEBUG    - Match found for Travis Head in Points at row 55
[2026-05-06 23:19:46] INFO     - Points gained for Travis Head in Points: 61 (Points: 549, Dot Balls: 0, Previous Total: 488)
[2026-05-06 23:19:46] INFO     - Data updated successfully for Travis Head in Points - 549 points and 0 dot balls!
[2026-05-06 23:19:46] DEBUG    - Sleeping 3s before next update.
[2026-05-06 23:19:49] DEBUG    - ===============================================================
[2026-05-06 23:19:49] INFO     - Processing count= 52
[2026-05-06 23:19:49] INFO     - Processing player of SRH : 'Nitish Kumar Reddy' | 577 points | team: SRH
[2026-05-06 23:19:49] DEBUG    - Match found for Nitish Kumar Reddy in Points at row 56
[2026-05-06 23:19:50] INFO     - Points gained for Nitish Kumar Reddy in Points: 86 (Points: 577, Dot Balls: 39, Previous Total: 530)
[2026-05-06 23:19:50] INFO     - Data updated successfully for Nitish Kumar Reddy in Points - 577 points and 39 dot balls!
[2026-05-06 23:19:50] DEBUG    - Sleeping 3s before next update.
[2026-05-06 23:19:53] DEBUG    - ===============================================================
[2026-05-06 23:19:53] INFO     - Processing count= 53
[2026-05-06 23:19:53] INFO     - Processing player of MI : 'Naman Dhir' | 435 points | team: MI
[2026-05-06 23:19:53] DEBUG    - Match found for Naman Dhir in Points at row 57
[2026-05-06 23:19:53] INFO     - No update needed for Naman Dhir in Points as points are unchanged.
[2026-05-06 23:19:53] DEBUG    - ===============================================================
[2026-05-06 23:19:53] INFO     - Processing count= 54
[2026-05-06 23:19:53] INFO     - Processing player of KKR : 'Finn Allen' | 184 points | team: KKR
[2026-05-06 23:19:53] DEBUG    - Match found for Finn Allen in Points at row 58
[2026-05-06 23:19:53] INFO     - No update needed for Finn Allen in Points as points are unchanged.
[2026-05-06 23:19:53] DEBUG    - ===============================================================
[2026-05-06 23:19:53] INFO     - Processing count= 55
[2026-05-06 23:19:53] INFO     - Processing player of GT : 'Rahul Tewatia' | 144 points | team: GT
[2026-05-06 23:19:53] DEBUG    - Match found for Rahul Tewatia in Points at row 59
[2026-05-06 23:19:53] INFO     - No update needed for Rahul Tewatia in Points as points are unchanged.
[2026-05-06 23:19:53] DEBUG    - ===============================================================
[2026-05-06 23:19:53] INFO     - Processing count= 56
[2026-05-06 23:19:53] INFO     - Processing player of GT : 'Jason Holder' | 326 points | team: GT
[2026-05-06 23:19:53] DEBUG    - Match found for Jason Holder in Points at row 60
[2026-05-06 23:19:53] INFO     - No update needed for Jason Holder in Points as points are unchanged.
[2026-05-06 23:19:53] DEBUG    - ===============================================================
[2026-05-06 23:19:53] INFO     - Processing count= 57
[2026-05-06 23:19:53] INFO     - Processing player of CSK : 'Dewald Brevis' | 207 points | team: CSK
[2026-05-06 23:19:53] DEBUG    - Match found for Dewald Brevis in Points at row 61
[2026-05-06 23:19:53] INFO     - No update needed for Dewald Brevis in Points as points are unchanged.
[2026-05-06 23:19:53] DEBUG    - ===============================================================
[2026-05-06 23:19:53] INFO     - Processing count= 58
[2026-05-06 23:19:53] INFO     - Processing player of CSK : 'Noor Ahmad' | 361 points | team: CSK
[2026-05-06 23:19:53] DEBUG    - Match found for Noor Ahmad in Points at row 62
[2026-05-06 23:19:53] INFO     - No update needed for Noor Ahmad in Points as points are unchanged.
[2026-05-06 23:19:53] DEBUG    - ===============================================================
[2026-05-06 23:19:53] INFO     - Processing count= 59
[2026-05-06 23:19:53] INFO     - Processing player of DC : 'Auqib Nabi' | 5 points | team: DC
[2026-05-06 23:19:53] DEBUG    - Match found for Auqib Nabi in Points at row 63
[2026-05-06 23:19:53] INFO     - No update needed for Auqib Nabi in Points as points are unchanged.
[2026-05-06 23:19:53] DEBUG    - ===============================================================
[2026-05-06 23:19:53] INFO     - Processing count= 60
[2026-05-06 23:19:53] INFO     - Processing player of GT : 'Jos Buttler' | 647 points | team: GT
[2026-05-06 23:19:53] DEBUG    - Match found for Jos Buttler in Points at row 64
[2026-05-06 23:19:53] INFO     - No update needed for Jos Buttler in Points as points are unchanged.
[2026-05-06 23:19:53] DEBUG    - ===============================================================
[2026-05-06 23:19:53] INFO     - Processing count= 61
[2026-05-06 23:19:53] INFO     - Processing player of GT : 'Prasidh Krishna' | 334 points | team: GT
[2026-05-06 23:19:53] DEBUG    - Match found for Prasidh Krishna in Points at row 65
[2026-05-06 23:19:53] INFO     - No update needed for Prasidh Krishna in Points as points are unchanged.
[2026-05-06 23:19:53] DEBUG    - ===============================================================
[2026-05-06 23:19:53] INFO     - Processing count= 62
[2026-05-06 23:19:53] INFO     - Processing player of KKR : 'Vaibhav Arora' | 303 points | team: KKR
[2026-05-06 23:19:53] DEBUG    - Match found for Vaibhav Arora in Points at row 66
[2026-05-06 23:19:53] INFO     - No update needed for Vaibhav Arora in Points as points are unchanged.
[2026-05-06 23:19:53] DEBUG    - ===============================================================
[2026-05-06 23:19:53] INFO     - Processing count= 63
[2026-05-06 23:19:53] INFO     - Processing player of LSG : 'Aiden Markram' | 388 points | team: LSG
[2026-05-06 23:19:53] DEBUG    - Match found for Aiden Markram in Points at row 67
[2026-05-06 23:19:53] INFO     - No update needed for Aiden Markram in Points as points are unchanged.
[2026-05-06 23:19:53] DEBUG    - ===============================================================
[2026-05-06 23:19:53] INFO     - Processing count= 64
[2026-05-06 23:19:53] INFO     - Processing player of MI : 'Will Jacks' | 119 points | team: MI
[2026-05-06 23:19:53] DEBUG    - Match found for Will Jacks in Points at row 68
[2026-05-06 23:19:53] INFO     - No update needed for Will Jacks in Points as points are unchanged.
[2026-05-06 23:19:53] DEBUG    - ===============================================================
[2026-05-06 23:19:53] INFO     - Processing count= 65
[2026-05-06 23:19:53] INFO     - Processing player of PBSK : 'Nehal Wadhera' | 127 points | team: PBSK
[2026-05-06 23:19:53] DEBUG    - Match found for Nehal Wadhera in Points at row 69
[2026-05-06 23:19:53] INFO     - No update needed for Nehal Wadhera in Points as points are unchanged.
[2026-05-06 23:19:53] DEBUG    - ===============================================================
[2026-05-06 23:19:53] INFO     - Processing count= 66
[2026-05-06 23:19:53] INFO     - Processing player of PBSK : 'Shreyas Iyer' | 551 points | team: PBSK
[2026-05-06 23:19:53] DEBUG    - Match found for Shreyas Iyer in Points at row 70
[2026-05-06 23:19:54] INFO     - Points gained for Shreyas Iyer in Points: 18 (Points: 551, Dot Balls: 0, Previous Total: 533)
[2026-05-06 23:19:54] INFO     - Data updated successfully for Shreyas Iyer in Points - 551 points and 0 dot balls!
[2026-05-06 23:19:54] DEBUG    - Sleeping 3s before next update.
[2026-05-06 23:19:57] DEBUG    - ===============================================================
[2026-05-06 23:19:57] INFO     - Processing count= 67
[2026-05-06 23:19:57] INFO     - Processing player of RCB : 'Devdutt Padikkal' | 527 points | team: RCB
[2026-05-06 23:19:57] DEBUG    - Match found for Devdutt Padikkal in Points at row 71
[2026-05-06 23:19:57] INFO     - No update needed for Devdutt Padikkal in Points as points are unchanged.
[2026-05-06 23:19:57] DEBUG    - ===============================================================
[2026-05-06 23:19:57] INFO     - Processing count= 68
[2026-05-06 23:19:57] INFO     - Processing player of RCB : 'Virat Kohli' | 597 points | team: RCB
[2026-05-06 23:19:57] DEBUG    - Match found for Virat Kohli in Points at row 72
[2026-05-06 23:19:57] INFO     - No update needed for Virat Kohli in Points as points are unchanged.
[2026-05-06 23:19:57] DEBUG    - ===============================================================
[2026-05-06 23:19:57] INFO     - Processing count= 69
[2026-05-06 23:19:57] INFO     - Processing player of RR : 'Riyan Parag' | 395 points | team: RR
[2026-05-06 23:19:57] DEBUG    - Match found for Riyan Parag in Points at row 73
[2026-05-06 23:19:57] INFO     - No update needed for Riyan Parag in Points as points are unchanged.
[2026-05-06 23:19:57] DEBUG    - ===============================================================
[2026-05-06 23:19:57] INFO     - Processing count= 70
[2026-05-06 23:19:57] INFO     - Processing player of SRH : 'Harshal Patel' | 20 points | team: SRH
[2026-05-06 23:19:57] DEBUG    - Match found for Harshal Patel in Points at row 74
[2026-05-06 23:19:57] INFO     - No update needed for Harshal Patel in Points as points are unchanged.
[2026-05-06 23:19:57] DEBUG    - ===============================================================
[2026-05-06 23:19:57] INFO     - Processing count= 71
[2026-05-06 23:19:57] INFO     - Processing player of SRH : 'Heinrich Klaasen' | 788 points | team: SRH
[2026-05-06 23:19:57] DEBUG    - Match found for Heinrich Klaasen in Points at row 75
[2026-05-06 23:19:58] INFO     - Points gained for Heinrich Klaasen in Points: 96 (Points: 788, Dot Balls: 0, Previous Total: 692)
[2026-05-06 23:19:58] INFO     - Data updated successfully for Heinrich Klaasen in Points - 788 points and 0 dot balls!
[2026-05-06 23:19:58] DEBUG    - Sleeping 3s before next update.
[2026-05-06 23:20:01] DEBUG    - ===============================================================
[2026-05-06 23:20:01] INFO     - Processing count= 72
[2026-05-06 23:20:01] INFO     - Processing player of DC : 'Nitish Rana' | 361 points | team: DC
[2026-05-06 23:20:01] DEBUG    - Match found for Nitish Rana in Points at row 76
[2026-05-06 23:20:01] INFO     - No update needed for Nitish Rana in Points as points are unchanged.
[2026-05-06 23:20:01] DEBUG    - ===============================================================
[2026-05-06 23:20:01] INFO     - Processing count= 73
[2026-05-06 23:20:01] INFO     - Processing player of MI : 'Trent Boult' | 84 points | team: MI
[2026-05-06 23:20:01] DEBUG    - Match found for Trent Boult in Points at row 77
[2026-05-06 23:20:01] INFO     - No update needed for Trent Boult in Points as points are unchanged.
[2026-05-06 23:20:01] DEBUG    - ===============================================================
[2026-05-06 23:20:01] INFO     - Processing count= 74
[2026-05-06 23:20:01] INFO     - Processing player of RCB : 'Venkatesh Iyer' | 61 points | team: RCB
[2026-05-06 23:20:01] DEBUG    - Match found for Venkatesh Iyer in Points at row 78
[2026-05-06 23:20:01] INFO     - No update needed for Venkatesh Iyer in Points as points are unchanged.
[2026-05-06 23:20:01] DEBUG    - ===============================================================
[2026-05-06 23:20:01] INFO     - Processing count= 75
[2026-05-06 23:20:01] INFO     - 
Skipping Yash Dayal as points is zero.
[2026-05-06 23:20:01] DEBUG    - ===============================================================
[2026-05-06 23:20:01] INFO     - Processing count= 76
[2026-05-06 23:20:01] INFO     - Processing player of MI : 'Shardul Thakur' | 169 points | team: MI
[2026-05-06 23:20:01] DEBUG    - Match found for Shardul Thakur in Points at row 80
[2026-05-06 23:20:01] INFO     - No update needed for Shardul Thakur in Points as points are unchanged.
[2026-05-06 23:20:01] DEBUG    - ===============================================================
[2026-05-06 23:20:01] INFO     - Processing count= 77
[2026-05-06 23:20:01] INFO     - Processing player of CSK : 'Rahul Chahar' | 8 points | team: CSK
[2026-05-06 23:20:01] DEBUG    - Match found for Rahul Chahar in Points at row 81
[2026-05-06 23:20:01] INFO     - No update needed for Rahul Chahar in Points as points are unchanged.
[2026-05-06 23:20:01] DEBUG    - ===============================================================
[2026-05-06 23:20:01] INFO     - Processing count= 78
[2026-05-06 23:20:01] INFO     - Processing player of CSK : 'Khaleel Ahmed' | 70 points | team: CSK
[2026-05-06 23:20:01] DEBUG    - Match found for Khaleel Ahmed in Points at row 82
[2026-05-06 23:20:01] INFO     - No update needed for Khaleel Ahmed in Points as points are unchanged.
[2026-05-06 23:20:01] DEBUG    - ===============================================================
[2026-05-06 23:20:01] INFO     - Processing count= 79
[2026-05-06 23:20:01] INFO     - Processing player of DC : 'Tristan Stubbs' | 408 points | team: DC
[2026-05-06 23:20:01] DEBUG    - Match found for Tristan Stubbs in Points at row 83
[2026-05-06 23:20:01] INFO     - No update needed for Tristan Stubbs in Points as points are unchanged.
[2026-05-06 23:20:01] DEBUG    - ===============================================================
[2026-05-06 23:20:01] INFO     - Processing count= 80
[2026-05-06 23:20:01] INFO     - Processing player of DC : 'Kuldeep Yadav' | 246 points | team: DC
[2026-05-06 23:20:01] DEBUG    - Match found for Kuldeep Yadav in Points at row 84
[2026-05-06 23:20:01] INFO     - No update needed for Kuldeep Yadav in Points as points are unchanged.
[2026-05-06 23:20:01] DEBUG    - ===============================================================
[2026-05-06 23:20:01] INFO     - Processing count= 81
[2026-05-06 23:20:01] INFO     - Processing player of GT : 'Shubman Gill' | 609 points | team: GT
[2026-05-06 23:20:01] DEBUG    - Match found for Shubman Gill in Points at row 85
[2026-05-06 23:20:01] INFO     - No update needed for Shubman Gill in Points as points are unchanged.
[2026-05-06 23:20:01] DEBUG    - ===============================================================
[2026-05-06 23:20:01] INFO     - Processing count= 82
[2026-05-06 23:20:01] INFO     - Processing player of GT : 'Mohammed Siraj' | 343 points | team: GT
[2026-05-06 23:20:01] DEBUG    - Match found for Mohammed Siraj in Points at row 86
[2026-05-06 23:20:01] INFO     - No update needed for Mohammed Siraj in Points as points are unchanged.
[2026-05-06 23:20:01] DEBUG    - ===============================================================
[2026-05-06 23:20:01] INFO     - Processing count= 83
[2026-05-06 23:20:01] INFO     - Processing player of KKR : 'Angkrish Raghuvanshi' | 415 points | team: KKR
[2026-05-06 23:20:01] DEBUG    - Match found for Angkrish Raghuvanshi in Points at row 87
[2026-05-06 23:20:01] INFO     - No update needed for Angkrish Raghuvanshi in Points as points are unchanged.
[2026-05-06 23:20:01] DEBUG    - ===============================================================
[2026-05-06 23:20:01] INFO     - Processing count= 84
[2026-05-06 23:20:01] INFO     - Processing player of LSG : 'Mitchell Marsh' | 402 points | team: LSG
[2026-05-06 23:20:01] DEBUG    - Match found for Mitchell Marsh in Points at row 88
[2026-05-06 23:20:01] INFO     - No update needed for Mitchell Marsh in Points as points are unchanged.
[2026-05-06 23:20:01] DEBUG    - ===============================================================
[2026-05-06 23:20:01] INFO     - Processing count= 85
[2026-05-06 23:20:01] INFO     - Processing player of LSG : 'Nicholas Pooran' | 269 points | team: LSG
[2026-05-06 23:20:01] DEBUG    - Match found for Nicholas Pooran in Points at row 89
[2026-05-06 23:20:01] INFO     - No update needed for Nicholas Pooran in Points as points are unchanged.
[2026-05-06 23:20:01] DEBUG    - ===============================================================
[2026-05-06 23:20:01] INFO     - Processing count= 86
[2026-05-06 23:20:01] INFO     - Processing player of PBSK : 'Marcus Stoinis' | 325 points | team: PBSK
[2026-05-06 23:20:01] DEBUG    - Match found for Marcus Stoinis in Points at row 90
[2026-05-06 23:20:02] INFO     - Points gained for Marcus Stoinis in Points: 45 (Points: 325, Dot Balls: 7, Previous Total: 287)
[2026-05-06 23:20:02] INFO     - Data updated successfully for Marcus Stoinis in Points - 325 points and 7 dot balls!
[2026-05-06 23:20:02] DEBUG    - Sleeping 3s before next update.
[2026-05-06 23:20:05] DEBUG    - ===============================================================
[2026-05-06 23:20:05] INFO     - Processing count= 87
[2026-05-06 23:20:05] INFO     - Processing player of PBSK : 'Prabhsimran Singh' | 585 points | team: PBSK
[2026-05-06 23:20:05] DEBUG    - Match found for Prabhsimran Singh in Points at row 91
[2026-05-06 23:20:06] INFO     - Points gained for Prabhsimran Singh in Points: 7 (Points: 585, Dot Balls: 0, Previous Total: 578)
[2026-05-06 23:20:06] INFO     - Data updated successfully for Prabhsimran Singh in Points - 585 points and 0 dot balls!
[2026-05-06 23:20:06] DEBUG    - Sleeping 3s before next update.
[2026-05-06 23:20:09] DEBUG    - ===============================================================
[2026-05-06 23:20:09] INFO     - Processing count= 88
[2026-05-06 23:20:09] INFO     - Processing player of PBSK : 'Shashank Singh' | 212 points | team: PBSK
[2026-05-06 23:20:09] DEBUG    - Match found for Shashank Singh in Points at row 92
[2026-05-06 23:20:10] INFO     - Points gained for Shashank Singh in Points: 9 (Points: 212, Dot Balls: 10, Previous Total: 213)
[2026-05-06 23:20:10] INFO     - Data updated successfully for Shashank Singh in Points - 212 points and 10 dot balls!
[2026-05-06 23:20:10] DEBUG    - Sleeping 3s before next update.
[2026-05-06 23:20:13] DEBUG    - ===============================================================
[2026-05-06 23:20:13] INFO     - Processing count= 89
[2026-05-06 23:20:13] INFO     - Processing player of RCB : 'Jitesh Sharma' | 210 points | team: RCB
[2026-05-06 23:20:13] DEBUG    - Match found for Jitesh Sharma in Points at row 93
[2026-05-06 23:20:13] INFO     - No update needed for Jitesh Sharma in Points as points are unchanged.
[2026-05-06 23:20:13] DEBUG    - ===============================================================
[2026-05-06 23:20:13] INFO     - Processing count= 90
[2026-05-06 23:20:13] INFO     - Processing player of RR : 'Jofra Archer' | 514 points | team: RR
[2026-05-06 23:20:13] DEBUG    - Match found for Jofra Archer in Points at row 94
[2026-05-06 23:20:13] INFO     - No update needed for Jofra Archer in Points as points are unchanged.
[2026-05-06 23:20:13] DEBUG    - ===============================================================
[2026-05-06 23:20:13] INFO     - Processing count= 91
[2026-05-06 23:20:13] INFO     - Processing player of RR : 'Ravindra Jadeja' | 433 points | team: RR
[2026-05-06 23:20:13] DEBUG    - Match found for Ravindra Jadeja in Points at row 95
[2026-05-06 23:20:13] INFO     - No update needed for Ravindra Jadeja in Points as points are unchanged.
[2026-05-06 23:20:13] DEBUG    - ===============================================================
[2026-05-06 23:20:13] INFO     - Processing count= 92
[2026-05-06 23:20:13] INFO     - Processing player of LSG : 'Mohammad Shami' | 293 points | team: LSG
[2026-05-06 23:20:13] DEBUG    - Match found for Mohammad Shami in Points at row 96
[2026-05-06 23:20:13] INFO     - No update needed for Mohammad Shami in Points as points are unchanged.
[2026-05-06 23:20:13] DEBUG    - ===============================================================
[2026-05-06 23:20:13] INFO     - Processing count= 93
[2026-05-06 23:20:13] INFO     - Processing player of GT : 'Kagiso Rabada' | 540 points | team: GT
[2026-05-06 23:20:13] DEBUG    - Match found for Kagiso Rabada in Points at row 97
[2026-05-06 23:20:13] INFO     - No update needed for Kagiso Rabada in Points as points are unchanged.
[2026-05-06 23:20:13] DEBUG    - ===============================================================
[2026-05-06 23:20:13] INFO     - Processing count= 94
[2026-05-06 23:20:13] INFO     - Processing player of KKR : 'Rinku Singh' | 429 points | team: KKR
[2026-05-06 23:20:13] DEBUG    - Match found for Rinku Singh in Points at row 98
[2026-05-06 23:20:13] INFO     - No update needed for Rinku Singh in Points as points are unchanged.
[2026-05-06 23:20:13] DEBUG    - ===============================================================
[2026-05-06 23:20:13] INFO     - Processing count= 95
[2026-05-06 23:20:13] INFO     - Processing player of CSK : 'Kartik Sharma' | 234 points | team: CSK
[2026-05-06 23:20:13] DEBUG    - Match found for Kartik Sharma in Points at row 99
[2026-05-06 23:20:13] INFO     - No update needed for Kartik Sharma in Points as points are unchanged.
[2026-05-06 23:20:13] DEBUG    - ===============================================================
[2026-05-06 23:20:13] INFO     - Processing count= 96
[2026-05-06 23:20:13] INFO     - Processing player of DC : 'Ashutosh Sharma' | 131 points | team: DC
[2026-05-06 23:20:13] DEBUG    - Match found for Ashutosh Sharma in Points at row 100
[2026-05-06 23:20:13] INFO     - No update needed for Ashutosh Sharma in Points as points are unchanged.
[2026-05-06 23:20:13] DEBUG    - ===============================================================
[2026-05-06 23:20:13] INFO     - Processing count= 97
[2026-05-06 23:20:13] INFO     - Processing player of MI : 'Corbin Bosch' | 88 points | team: MI
[2026-05-06 23:20:13] DEBUG    - Match found for Corbin Bosch in Points at row 101
[2026-05-06 23:20:13] INFO     - No update needed for Corbin Bosch in Points as points are unchanged.
[2026-05-06 23:20:13] DEBUG    - ===============================================================
[2026-05-06 23:20:13] INFO     - Processing count= 98
[2026-05-06 23:20:13] INFO     - Processing player of RCB : 'Tim David' | 312 points | team: RCB
[2026-05-06 23:20:13] DEBUG    - Match found for Tim David in Points at row 102
[2026-05-06 23:20:13] INFO     - No update needed for Tim David in Points as points are unchanged.
[2026-05-06 23:20:13] DEBUG    - ===============================================================
[2026-05-06 23:20:13] INFO     - Processing count= 99
[2026-05-06 23:20:13] INFO     - Processing player of PBSK : 'Cooper Connolly' | 604 points | team: PBSK
[2026-05-06 23:20:13] DEBUG    - Match found for Cooper Connolly in Points at row 103
[2026-05-06 23:20:14] INFO     - Points gained for Cooper Connolly in Points: 156 (Points: 604, Dot Balls: 0, Previous Total: 448)
[2026-05-06 23:20:14] INFO     - Data updated successfully for Cooper Connolly in Points - 604 points and 0 dot balls!
[2026-05-06 23:20:14] DEBUG    - Sleeping 3s before next update.
[2026-05-06 23:20:17] DEBUG    - ===============================================================
[2026-05-06 23:20:17] INFO     - Processing count= 100
[2026-05-06 23:20:17] INFO     - Processing player of SRH : 'Liam Livingstone' | 57 points | team: SRH
[2026-05-06 23:20:17] DEBUG    - Match found for Liam Livingstone in Points at row 104
[2026-05-06 23:20:17] INFO     - No update needed for Liam Livingstone in Points as points are unchanged.
[2026-05-06 23:20:17] DEBUG    - ===============================================================
[2026-05-06 23:20:17] INFO     - Processing count= 101
[2026-05-06 23:20:17] INFO     - Processing player of PBSK : 'Vijaykumar Vyshak' | 263 points | team: PBSK
[2026-05-06 23:20:17] DEBUG    - Match found for Vijaykumar Vyshak in Points at row 105
[2026-05-06 23:20:18] INFO     - Points gained for Vijaykumar Vyshak in Points: 24 (Points: 263, Dot Balls: 0, Previous Total: 239)
[2026-05-06 23:20:18] INFO     - Data updated successfully for Vijaykumar Vyshak in Points - 263 points and 0 dot balls!
[2026-05-06 23:20:18] DEBUG    - Sleeping 3s before next update.
[2026-05-06 23:20:21] DEBUG    - ===============================================================
[2026-05-06 23:20:21] INFO     - Processing count= 102
[2026-05-06 23:20:21] INFO     - Processing player of RCB : 'Suyash Sharma' | 227 points | team: RCB
[2026-05-06 23:20:21] DEBUG    - Match found for Suyash Sharma in Points at row 106
[2026-05-06 23:20:21] INFO     - No update needed for Suyash Sharma in Points as points are unchanged.
[2026-05-06 23:20:21] DEBUG    - ===============================================================
[2026-05-06 23:20:21] INFO     - Processing count= 103
[2026-05-06 23:20:21] INFO     - Processing player of DC : 'David Miller' | 217 points | team: DC
[2026-05-06 23:20:21] DEBUG    - Match found for David Miller in Points at row 107
[2026-05-06 23:20:21] INFO     - No update needed for David Miller in Points as points are unchanged.
[2026-05-06 23:20:21] INFO     - Total players processed for team 'CSK': 10
[2026-05-06 23:20:21] INFO     - Total players processed for team 'GT': 10
[2026-05-06 23:20:21] INFO     - Total players processed for team 'LSG': 8
[2026-05-06 23:20:21] INFO     - Total players processed for team 'MI': 11
[2026-05-06 23:20:21] INFO     - Total players processed for team 'PBSK': 12
[2026-05-06 23:20:21] INFO     - Total players processed for team 'RCB': 13
[2026-05-06 23:20:21] INFO     - Total players processed for team 'RR': 8
[2026-05-06 23:20:21] INFO     - Total players processed for team 'SRH': 8
[2026-05-06 23:20:21] INFO     - Total players processed for team 'DC': 10
[2026-05-06 23:20:21] INFO     - Total players processed for team 'KKR': 8
[2026-05-06 23:20:21] DEBUG    - ===============================================================
[2026-05-06 23:20:21] WARNING  - Player not updated: Shivam Dube | Reason: Points unchanged
[2026-05-06 23:20:21] WARNING  - Player not updated: Sanju Samson | Reason: Points unchanged
[2026-05-06 23:20:21] WARNING  - Player not updated: Sai Sudharsan | Reason: Points unchanged
[2026-05-06 23:20:21] WARNING  - Player not updated: Mohsin Khan | Reason: Points unchanged
[2026-05-06 23:20:21] WARNING  - Player not updated: Tilak Varma | Reason: Points unchanged
[2026-05-06 23:20:21] WARNING  - Player not updated: Quinton de Kock | Reason: Points unchanged
[2026-05-06 23:20:21] WARNING  - Player not updated: Jasprit Bumrah | Reason: Points unchanged
[2026-05-06 23:20:21] WARNING  - Player not updated: Harpreet Brar | Reason: Points unchanged
[2026-05-06 23:20:21] WARNING  - Player not updated: Romario Shepherd | Reason: Points unchanged
[2026-05-06 23:20:21] WARNING  - Player not updated: Vaibhav Sooryavanshi | Reason: Points unchanged
[2026-05-06 23:20:21] WARNING  - Player not updated: Ravi Bishnoi | Reason: Points unchanged
[2026-05-06 23:20:21] WARNING  - Player not updated: Rasikh Salam | Reason: Points unchanged
[2026-05-06 23:20:21] WARNING  - Player not updated: Matheesha Pathirana | Reason: Points is zero
[2026-05-06 23:20:21] WARNING  - Player not updated: Nathan Ellis | Reason: Points is zero
[2026-05-06 23:20:21] WARNING  - Player not updated: Yudhvir Singh | Reason: Points is zero
[2026-05-06 23:20:21] WARNING  - Player not updated: Ayush Mhatre | Reason: Points unchanged
[2026-05-06 23:20:21] WARNING  - Player not updated: MS Dhoni | Reason: Points is zero
[2026-05-06 23:20:21] WARNING  - Player not updated: Mitchell Starc | Reason: Points unchanged
[2026-05-06 23:20:21] WARNING  - Player not updated: Glenn Phillips | Reason: Points unchanged
[2026-05-06 23:20:21] WARNING  - Player not updated: Sunil Narine | Reason: Points unchanged
[2026-05-06 23:20:21] WARNING  - Player not updated: Ajinkya Rahane | Reason: Points unchanged
[2026-05-06 23:20:21] WARNING  - Player not updated: Ayush Badoni | Reason: Points unchanged
[2026-05-06 23:20:21] WARNING  - Player not updated: Hardik Pandya | Reason: Points unchanged
[2026-05-06 23:20:21] WARNING  - Player not updated: Suryakumar Yadav | Reason: Points unchanged
[2026-05-06 23:20:21] WARNING  - Player not updated: Rohit Sharma | Reason: Points unchanged
[2026-05-06 23:20:21] WARNING  - Player not updated: Phil Salt | Reason: Points unchanged
[2026-05-06 23:20:21] WARNING  - Player not updated: Bhuvneshwar Kumar | Reason: Points unchanged
[2026-05-06 23:20:21] WARNING  - Player not updated: Josh Hazlewood | Reason: Points unchanged
[2026-05-06 23:20:21] WARNING  - Player not updated: Shimron Hetmyer | Reason: Points unchanged
[2026-05-06 23:20:21] WARNING  - Player not updated: Sandeep Sharma | Reason: Points unchanged
[2026-05-06 23:20:21] WARNING  - Player not updated: Prashant Veer | Reason: Points unchanged
[2026-05-06 23:20:21] WARNING  - Player not updated: Ruturaj Gaikwad | Reason: Points unchanged
[2026-05-06 23:20:21] WARNING  - Player not updated: Axar Patel | Reason: Points unchanged
[2026-05-06 23:20:21] WARNING  - Player not updated: Abishek Porel | Reason: Points unchanged
[2026-05-06 23:20:21] WARNING  - Player not updated: KL Rahul | Reason: Points unchanged
[2026-05-06 23:20:21] WARNING  - Player not updated: Rashid Khan | Reason: Points unchanged
[2026-05-06 23:20:21] WARNING  - Player not updated: Cameron Green | Reason: Points unchanged
[2026-05-06 23:20:21] WARNING  - Player not updated: Varun Chakaravarthy | Reason: Points unchanged
[2026-05-06 23:20:21] WARNING  - Player not updated: Digvesh Singh | Reason: Points unchanged
[2026-05-06 23:20:21] WARNING  - Player not updated: Rishabh Pant | Reason: Points unchanged
[2026-05-06 23:20:21] WARNING  - Player not updated: Krunal Pandya | Reason: Points unchanged
[2026-05-06 23:20:21] WARNING  - Player not updated: Rajat Patidar | Reason: Points unchanged
[2026-05-06 23:20:21] WARNING  - Player not updated: Yashasvi Jaiswal | Reason: Points unchanged
[2026-05-06 23:20:21] WARNING  - Player not updated: Naman Dhir | Reason: Points unchanged
[2026-05-06 23:20:21] WARNING  - Player not updated: Finn Allen | Reason: Points unchanged
[2026-05-06 23:20:21] WARNING  - Player not updated: Rahul Tewatia | Reason: Points unchanged
[2026-05-06 23:20:21] WARNING  - Player not updated: Jason Holder | Reason: Points unchanged
[2026-05-06 23:20:21] WARNING  - Player not updated: Dewald Brevis | Reason: Points unchanged
[2026-05-06 23:20:21] WARNING  - Player not updated: Noor Ahmad | Reason: Points unchanged
[2026-05-06 23:20:21] WARNING  - Player not updated: Auqib Nabi | Reason: Points unchanged
[2026-05-06 23:20:21] WARNING  - Player not updated: Jos Buttler | Reason: Points unchanged
[2026-05-06 23:20:21] WARNING  - Player not updated: Prasidh Krishna | Reason: Points unchanged
[2026-05-06 23:20:21] WARNING  - Player not updated: Vaibhav Arora | Reason: Points unchanged
[2026-05-06 23:20:21] WARNING  - Player not updated: Aiden Markram | Reason: Points unchanged
[2026-05-06 23:20:21] WARNING  - Player not updated: Will Jacks | Reason: Points unchanged
[2026-05-06 23:20:21] WARNING  - Player not updated: Nehal Wadhera | Reason: Points unchanged
[2026-05-06 23:20:21] WARNING  - Player not updated: Devdutt Padikkal | Reason: Points unchanged
[2026-05-06 23:20:21] WARNING  - Player not updated: Virat Kohli | Reason: Points unchanged
[2026-05-06 23:20:21] WARNING  - Player not updated: Riyan Parag | Reason: Points unchanged
[2026-05-06 23:20:21] WARNING  - Player not updated: Harshal Patel | Reason: Points unchanged
[2026-05-06 23:20:21] WARNING  - Player not updated: Nitish Rana | Reason: Points unchanged
[2026-05-06 23:20:21] WARNING  - Player not updated: Trent Boult | Reason: Points unchanged
[2026-05-06 23:20:21] WARNING  - Player not updated: Venkatesh Iyer | Reason: Points unchanged
[2026-05-06 23:20:21] WARNING  - Player not updated: Yash Dayal | Reason: Points is zero
[2026-05-06 23:20:21] WARNING  - Player not updated: Shardul Thakur | Reason: Points unchanged
[2026-05-06 23:20:21] WARNING  - Player not updated: Rahul Chahar | Reason: Points unchanged
[2026-05-06 23:20:21] WARNING  - Player not updated: Khaleel Ahmed | Reason: Points unchanged
[2026-05-06 23:20:21] WARNING  - Player not updated: Tristan Stubbs | Reason: Points unchanged
[2026-05-06 23:20:21] WARNING  - Player not updated: Kuldeep Yadav | Reason: Points unchanged
[2026-05-06 23:20:21] WARNING  - Player not updated: Shubman Gill | Reason: Points unchanged
[2026-05-06 23:20:21] WARNING  - Player not updated: Mohammed Siraj | Reason: Points unchanged
[2026-05-06 23:20:21] WARNING  - Player not updated: Angkrish Raghuvanshi | Reason: Points unchanged
[2026-05-06 23:20:21] WARNING  - Player not updated: Mitchell Marsh | Reason: Points unchanged
[2026-05-06 23:20:21] WARNING  - Player not updated: Nicholas Pooran | Reason: Points unchanged
[2026-05-06 23:20:21] WARNING  - Player not updated: Jitesh Sharma | Reason: Points unchanged
[2026-05-06 23:20:21] WARNING  - Player not updated: Jofra Archer | Reason: Points unchanged
[2026-05-06 23:20:21] WARNING  - Player not updated: Ravindra Jadeja | Reason: Points unchanged
[2026-05-06 23:20:21] WARNING  - Player not updated: Mohammad Shami | Reason: Points unchanged
[2026-05-06 23:20:21] WARNING  - Player not updated: Kagiso Rabada | Reason: Points unchanged
[2026-05-06 23:20:21] WARNING  - Player not updated: Rinku Singh | Reason: Points unchanged
[2026-05-06 23:20:21] WARNING  - Player not updated: Kartik Sharma | Reason: Points unchanged
[2026-05-06 23:20:21] WARNING  - Player not updated: Ashutosh Sharma | Reason: Points unchanged
[2026-05-06 23:20:21] WARNING  - Player not updated: Corbin Bosch | Reason: Points unchanged
[2026-05-06 23:20:21] WARNING  - Player not updated: Tim David | Reason: Points unchanged
[2026-05-06 23:20:21] WARNING  - Player not updated: Liam Livingstone | Reason: Points unchanged
[2026-05-06 23:20:21] WARNING  - Player not updated: Suyash Sharma | Reason: Points unchanged
[2026-05-06 23:20:21] WARNING  - Player not updated: David Miller | Reason: Points unchanged
[2026-05-06 23:20:21] DEBUG    - ===============================================================
[2026-05-06 23:26:41] INFO     - Worksheets opened: ['Home', 'Data']
[2026-05-06 23:26:41] INFO     - Points Gained Today fetched: {'HW': 52, 'MC': 5, 'OL': 94, 'AS': 192, 'PA': 114}
[2026-05-06 23:26:42] INFO     - Writing to column 25 (06/05)
[2026-05-06 23:26:42] DEBUG    -   HW → Y2 = 52
[2026-05-06 23:26:42] DEBUG    -   MC → Y3 = 5
[2026-05-06 23:26:42] DEBUG    -   OL → Y4 = 94
[2026-05-06 23:26:42] DEBUG    -   AS → Y5 = 192
[2026-05-06 23:26:42] DEBUG    -   PA → Y6 = 114
[2026-05-06 23:26:43] INFO     - Successfully updated 5 team(s) for 06/05.
[2026-05-06 23:26:43] INFO     - TOP 12 points fetched: {'HW': 5562, 'AS': 5533, 'PA': 5422, 'OL': 5378, 'MC': 4293}
[2026-05-06 23:26:44] INFO     - Column mapping: {'HW': 2, 'MC': 3, 'OL': 4, 'AS': 5, 'PA': 6}
[2026-05-06 23:26:44] INFO     - Today '06/05' found at row 48
[2026-05-06 23:26:44] DEBUG    -   HW → B48 = 5562
[2026-05-06 23:26:44] DEBUG    -   AS → E48 = 5533
[2026-05-06 23:26:44] DEBUG    -   PA → F48 = 5422
[2026-05-06 23:26:44] DEBUG    -   OL → D48 = 5378
[2026-05-06 23:26:44] DEBUG    -   MC → C48 = 4293
[2026-05-06 23:26:45] INFO     - Successfully updated 5 team(s) for '06/05' at row 48.
[2026-05-06 23:26:46] INFO     - ═════════════════════ All updates completed ═════════════════════
