[2026-05-11 23:36:14] INFO     - ═════════════════════ Process started ═════════════════════
[2026-05-11 23:36:15] INFO     - Excel loaded: 103 players, 103 bowlers from 'C:\Users\himan\Documents\UiPath\CrickInfo\Data\IPLPointsData.xlsx'
[2026-05-11 23:36:15] INFO     - Google Sheets authentication successful.
[2026-05-11 23:36:20] INFO     - Worksheets opened: ['Points', 'Home', 'Data']
[2026-05-11 23:36:30] INFO     - Updating previous points for all players before processing.
[2026-05-11 23:36:30] DEBUG    - ======================================================
[2026-05-11 23:36:33] DEBUG    - Updated previous points for 'Shivam Dube' at row 5: 277 → 300
[2026-05-11 23:36:33] DEBUG    - Sleeping 3s after updating previous points.
[2026-05-11 23:36:37] DEBUG    - Updated previous points for 'Sanju Samson' at row 6: 626 → 685
[2026-05-11 23:36:37] DEBUG    - Sleeping 3s after updating previous points.
[2026-05-11 23:36:40] DEBUG    - Updated previous points for 'Tilak Varma' at row 9: 365 → 471
[2026-05-11 23:36:40] DEBUG    - Sleeping 3s after updating previous points.
[2026-05-11 23:36:44] DEBUG    - Updated previous points for 'Jasprit Bumrah' at row 11: 220 → 238
[2026-05-11 23:36:44] DEBUG    - Sleeping 3s after updating previous points.
[2026-05-11 23:36:47] DEBUG    - Updated previous points for 'Romario Shepherd' at row 14: 305 → 342
[2026-05-11 23:36:47] DEBUG    - Sleeping 3s after updating previous points.
[2026-05-11 23:36:50] DEBUG    - Updated previous points for 'Rasikh Salam' at row 20: 223 → 261
[2026-05-11 23:36:50] DEBUG    - Sleeping 3s after updating previous points.
[2026-05-11 23:36:54] DEBUG    - Updated previous points for 'Suryakumar Yadav' at row 32: 322 → 324
[2026-05-11 23:36:54] DEBUG    - Sleeping 3s after updating previous points.
[2026-05-11 23:36:57] DEBUG    - Updated previous points for 'Rohit Sharma' at row 33: 326 → 364
[2026-05-11 23:36:57] DEBUG    - Sleeping 3s after updating previous points.
[2026-05-11 23:37:01] DEBUG    - Updated previous points for 'Bhuvneshwar Kumar' at row 36: 654 → 799
[2026-05-11 23:37:01] DEBUG    - Sleeping 3s after updating previous points.
[2026-05-11 23:37:04] DEBUG    - Updated previous points for 'Josh Hazlewood' at row 37: 372 → 413
[2026-05-11 23:37:04] DEBUG    - Sleeping 3s after updating previous points.
[2026-05-11 23:37:08] DEBUG    - Updated previous points for 'Prashant Veer' at row 41: 75 → 102
[2026-05-11 23:37:08] DEBUG    - Sleeping 3s after updating previous points.
[2026-05-11 23:37:11] DEBUG    - Updated previous points for 'Ruturaj Gaikwad' at row 42: 396 → 457
[2026-05-11 23:37:11] DEBUG    - Sleeping 3s after updating previous points.
[2026-05-11 23:37:15] DEBUG    - Updated previous points for 'Digvesh Singh' at row 49: 162 → 235
[2026-05-11 23:37:15] DEBUG    - Sleeping 3s after updating previous points.
[2026-05-11 23:37:18] DEBUG    - Updated previous points for 'Rishabh Pant' at row 50: 441 → 462
[2026-05-11 23:37:18] DEBUG    - Sleeping 3s after updating previous points.
[2026-05-11 23:37:21] DEBUG    - Updated previous points for 'Krunal Pandya' at row 52: 465 → 569
[2026-05-11 23:37:21] DEBUG    - Sleeping 3s after updating previous points.
[2026-05-11 23:37:25] DEBUG    - Updated previous points for 'Rajat Patidar' at row 53: 541 → 570
[2026-05-11 23:37:25] DEBUG    - Sleeping 3s after updating previous points.
[2026-05-11 23:37:28] DEBUG    - Updated previous points for 'Naman Dhir' at row 57: 435 → 509
[2026-05-11 23:37:28] DEBUG    - Sleeping 3s after updating previous points.
[2026-05-11 23:37:32] DEBUG    - Updated previous points for 'Dewald Brevis' at row 61: 207 → 242
[2026-05-11 23:37:32] DEBUG    - Sleeping 3s after updating previous points.
[2026-05-11 23:37:35] DEBUG    - Updated previous points for 'Noor Ahmad' at row 62: 426 → 467
[2026-05-11 23:37:35] DEBUG    - Sleeping 3s after updating previous points.
[2026-05-11 23:37:39] DEBUG    - Updated previous points for 'Aiden Markram' at row 67: 409 → 419
[2026-05-11 23:37:39] DEBUG    - Sleeping 3s after updating previous points.
[2026-05-11 23:37:42] DEBUG    - Updated previous points for 'Will Jacks' at row 68: 122 → 142
[2026-05-11 23:37:42] DEBUG    - Sleeping 3s after updating previous points.
[2026-05-11 23:37:45] DEBUG    - Updated previous points for 'Devdutt Padikkal' at row 71: 576 → 595
[2026-05-11 23:37:45] DEBUG    - Sleeping 3s after updating previous points.
[2026-05-11 23:37:49] DEBUG    - Updated previous points for 'Virat Kohli' at row 72: 599 → 609
[2026-05-11 23:37:49] DEBUG    - Sleeping 3s after updating previous points.
[2026-05-11 23:37:52] DEBUG    - Updated previous points for 'Mitchell Marsh' at row 88: 566 → 582
[2026-05-11 23:37:52] DEBUG    - Sleeping 3s after updating previous points.
[2026-05-11 23:37:56] DEBUG    - Updated previous points for 'Nicholas Pooran' at row 89: 325 → 330
[2026-05-11 23:37:56] DEBUG    - Sleeping 3s after updating previous points.
[2026-05-11 23:37:59] DEBUG    - Updated previous points for 'Jitesh Sharma' at row 93: 215 → 254
[2026-05-11 23:37:59] DEBUG    - Sleeping 3s after updating previous points.
[2026-05-11 23:38:03] DEBUG    - Updated previous points for 'Mohammad Shami' at row 96: 430 → 440
[2026-05-11 23:38:03] DEBUG    - Sleeping 3s after updating previous points.
[2026-05-11 23:38:06] DEBUG    - Updated previous points for 'Kartik Sharma' at row 99: 234 → 259
[2026-05-11 23:38:06] DEBUG    - Sleeping 3s after updating previous points.
[2026-05-11 23:38:09] DEBUG    - Updated previous points for 'Corbin Bosch' at row 101: 99 → 244
[2026-05-11 23:38:09] DEBUG    - Sleeping 3s after updating previous points.
[2026-05-11 23:38:13] DEBUG    - Updated previous points for 'Tim David' at row 102: 377 → 379
[2026-05-11 23:38:13] DEBUG    - Sleeping 3s after updating previous points.
[2026-05-11 23:38:16] DEBUG    - Updated previous points for 'Suyash Sharma' at row 106: 292 → 295
[2026-05-11 23:38:16] DEBUG    - Sleeping 3s after updating previous points.
[2026-05-11 23:38:16] DEBUG    - ======================================================
[2026-05-11 23:39:14] DEBUG    - ===============================================================
[2026-05-11 23:39:14] INFO     - Pausing 5s before before next steps.
[2026-05-11 23:39:14] DEBUG    - ===============================================================
[2026-05-11 23:39:19] DEBUG    - ===============================================================
[2026-05-11 23:39:19] DEBUG    - ===============================================================
[2026-05-11 23:39:19] INFO     - Processing count= 1
[2026-05-11 23:39:19] INFO     - Processing player of CSK : 'Shivam Dube' | 296 points | team: CSK
[2026-05-11 23:39:19] DEBUG    - Match found for Shivam Dube in Points at row 5
[2026-05-11 23:39:19] INFO     - No update needed for Shivam Dube in Points as points are unchanged.
[2026-05-11 23:39:19] DEBUG    - ===============================================================
[2026-05-11 23:39:19] INFO     - Processing count= 2
[2026-05-11 23:39:19] INFO     - Processing player of CSK : 'Sanju Samson' | 685 points | team: CSK
[2026-05-11 23:39:19] DEBUG    - Match found for Sanju Samson in Points at row 6
[2026-05-11 23:39:19] INFO     - No update needed for Sanju Samson in Points as points are unchanged.
[2026-05-11 23:39:19] DEBUG    - ===============================================================
[2026-05-11 23:39:19] INFO     - Processing count= 3
[2026-05-11 23:39:19] INFO     - Processing player of GT : 'Sai Sudharsan' | 674 points | team: GT
[2026-05-11 23:39:19] DEBUG    - Match found for Sai Sudharsan in Points at row 7
[2026-05-11 23:39:19] INFO     - No update needed for Sai Sudharsan in Points as points are unchanged.
[2026-05-11 23:39:19] DEBUG    - ===============================================================
[2026-05-11 23:39:19] INFO     - Processing count= 4
[2026-05-11 23:39:19] INFO     - Processing player of LSG : 'Mohsin Khan' | 348 points | team: LSG
[2026-05-11 23:39:19] DEBUG    - Match found for Mohsin Khan in Points at row 8
[2026-05-11 23:39:19] INFO     - No update needed for Mohsin Khan in Points as points are unchanged.
[2026-05-11 23:39:19] DEBUG    - ===============================================================
[2026-05-11 23:39:19] INFO     - Processing count= 5
[2026-05-11 23:39:19] INFO     - Processing player of MI : 'Tilak Varma' | 471 points | team: MI
[2026-05-11 23:39:19] DEBUG    - Match found for Tilak Varma in Points at row 9
[2026-05-11 23:39:19] INFO     - No update needed for Tilak Varma in Points as points are unchanged.
[2026-05-11 23:39:19] DEBUG    - ===============================================================
[2026-05-11 23:39:19] INFO     - Processing count= 6
[2026-05-11 23:39:19] INFO     - Processing player of MI : 'Quinton de Kock' | 221 points | team: MI
[2026-05-11 23:39:19] DEBUG    - Match found for Quinton de Kock in Points at row 10
[2026-05-11 23:39:19] INFO     - No update needed for Quinton de Kock in Points as points are unchanged.
[2026-05-11 23:39:19] DEBUG    - ===============================================================
[2026-05-11 23:39:19] INFO     - Processing count= 7
[2026-05-11 23:39:19] INFO     - Processing player of MI : 'Jasprit Bumrah' | 147 points | team: MI
[2026-05-11 23:39:19] DEBUG    - Match found for Jasprit Bumrah in Points at row 11
[2026-05-11 23:39:19] INFO     - No update needed for Jasprit Bumrah in Points as points are unchanged.
[2026-05-11 23:39:19] DEBUG    - ===============================================================
[2026-05-11 23:39:19] INFO     - Processing count= 8
[2026-05-11 23:39:19] INFO     - Processing player of PBSK : 'Harpreet Brar' | 6 points | team: PBSK
[2026-05-11 23:39:19] DEBUG    - Match found for Harpreet Brar in Points at row 12
[2026-05-11 23:39:19] INFO     - No update needed for Harpreet Brar in Points as points are unchanged.
[2026-05-11 23:39:19] DEBUG    - ===============================================================
[2026-05-11 23:39:19] INFO     - Processing count= 9
[2026-05-11 23:39:19] INFO     - Processing player of PBSK : 'Yuzvendra Chahal' | 260 points | team: PBSK
[2026-05-11 23:39:19] DEBUG    - Match found for Yuzvendra Chahal in Points at row 13
[2026-05-11 23:39:20] INFO     - Points gained for Yuzvendra Chahal in Points: 12 (Points: 260, Dot Balls: 39, Previous Total: 287)
[2026-05-11 23:39:20] INFO     - Data updated successfully for Yuzvendra Chahal in Points - 260 points and 39 dot balls!
[2026-05-11 23:39:20] DEBUG    - Sleeping 3s before next update.
[2026-05-11 23:39:23] DEBUG    - ===============================================================
[2026-05-11 23:39:23] INFO     - Processing count= 10
[2026-05-11 23:39:23] INFO     - Processing player of RCB : 'Romario Shepherd' | 311 points | team: RCB
[2026-05-11 23:39:23] DEBUG    - Match found for Romario Shepherd in Points at row 14
[2026-05-11 23:39:23] INFO     - No update needed for Romario Shepherd in Points as points are unchanged.
[2026-05-11 23:39:23] DEBUG    - ===============================================================
[2026-05-11 23:39:23] INFO     - Processing count= 11
[2026-05-11 23:39:23] INFO     - Processing player of RR : 'Vaibhav Sooryavanshi' | 698 points | team: RR
[2026-05-11 23:39:23] DEBUG    - Match found for Vaibhav Sooryavanshi in Points at row 15
[2026-05-11 23:39:23] INFO     - No update needed for Vaibhav Sooryavanshi in Points as points are unchanged.
[2026-05-11 23:39:23] DEBUG    - ===============================================================
[2026-05-11 23:39:23] INFO     - Processing count= 12
[2026-05-11 23:39:23] INFO     - Processing player of RR : 'Ravi Bishnoi' | 359 points | team: RR
[2026-05-11 23:39:23] DEBUG    - Match found for Ravi Bishnoi in Points at row 16
[2026-05-11 23:39:23] INFO     - No update needed for Ravi Bishnoi in Points as points are unchanged.
[2026-05-11 23:39:23] DEBUG    - ===============================================================
[2026-05-11 23:39:23] INFO     - Processing count= 13
[2026-05-11 23:39:23] INFO     - Processing player of SRH : 'Abhishek Sharma' | 768 points | team: SRH
[2026-05-11 23:39:23] DEBUG    - Match found for Abhishek Sharma in Points at row 17
[2026-05-11 23:39:23] INFO     - No update needed for Abhishek Sharma in Points as points are unchanged.
[2026-05-11 23:39:23] DEBUG    - ===============================================================
[2026-05-11 23:39:23] INFO     - Processing count= 14
[2026-05-11 23:39:23] INFO     - Processing player of SRH : 'Ishan Kishan' | 678 points | team: SRH
[2026-05-11 23:39:23] DEBUG    - Match found for Ishan Kishan in Points at row 18
[2026-05-11 23:39:23] INFO     - No update needed for Ishan Kishan in Points as points are unchanged.
[2026-05-11 23:39:23] DEBUG    - ===============================================================
[2026-05-11 23:39:23] INFO     - Processing count= 15
[2026-05-11 23:39:23] INFO     - Processing player of SRH : 'Pat Cummins' | 150 points | team: SRH
[2026-05-11 23:39:23] DEBUG    - Match found for Pat Cummins in Points at row 19
[2026-05-11 23:39:23] INFO     - No update needed for Pat Cummins in Points as points are unchanged.
[2026-05-11 23:39:23] DEBUG    - ===============================================================
[2026-05-11 23:39:23] INFO     - Processing count= 16
[2026-05-11 23:39:23] INFO     - Processing player of RCB : 'Rasikh Salam' | 261 points | team: RCB
[2026-05-11 23:39:23] DEBUG    - Match found for Rasikh Salam in Points at row 20
[2026-05-11 23:39:23] INFO     - No update needed for Rasikh Salam in Points as points are unchanged.
[2026-05-11 23:39:23] DEBUG    - ===============================================================
[2026-05-11 23:39:23] INFO     - Processing count= 17
[2026-05-11 23:39:23] INFO     - 
Skipping Matheesha Pathirana as points is zero.
[2026-05-11 23:39:23] DEBUG    - ===============================================================
[2026-05-11 23:39:23] INFO     - Processing count= 18
[2026-05-11 23:39:23] INFO     - 
Skipping Nathan Ellis as points is zero.
[2026-05-11 23:39:23] DEBUG    - ===============================================================
[2026-05-11 23:39:23] INFO     - Processing count= 19
[2026-05-11 23:39:23] INFO     - 
Skipping Yudhvir Singh as points is zero.
[2026-05-11 23:39:23] DEBUG    - ===============================================================
[2026-05-11 23:39:23] INFO     - Processing count= 20
[2026-05-11 23:39:23] INFO     - Processing player of CSK : 'Ayush Mhatre' | 311 points | team: CSK
[2026-05-11 23:39:23] DEBUG    - Match found for Ayush Mhatre in Points at row 24
[2026-05-11 23:39:23] INFO     - No update needed for Ayush Mhatre in Points as points are unchanged.
[2026-05-11 23:39:23] DEBUG    - ===============================================================
[2026-05-11 23:39:23] INFO     - Processing count= 21
[2026-05-11 23:39:23] INFO     - 
Skipping MS Dhoni as points is zero.
[2026-05-11 23:39:23] DEBUG    - ===============================================================
[2026-05-11 23:39:23] INFO     - Processing count= 22
[2026-05-11 23:39:23] INFO     - Processing player of DC : 'Mitchell Starc' | 155 points | team: DC
[2026-05-11 23:39:23] DEBUG    - Match found for Mitchell Starc in Points at row 26
[2026-05-11 23:39:23] INFO     - Points gained for Mitchell Starc in Points: 57 (Points: 155, Dot Balls: 35, Previous Total: 133)
[2026-05-11 23:39:23] INFO     - Data updated successfully for Mitchell Starc in Points - 155 points and 35 dot balls!
[2026-05-11 23:39:23] DEBUG    - Sleeping 3s before next update.
[2026-05-11 23:39:26] DEBUG    - ===============================================================
[2026-05-11 23:39:26] INFO     - Processing count= 23
[2026-05-11 23:39:26] INFO     - Processing player of GT : 'Glenn Phillips' | 165 points | team: GT
[2026-05-11 23:39:26] DEBUG    - Match found for Glenn Phillips in Points at row 27
[2026-05-11 23:39:26] INFO     - No update needed for Glenn Phillips in Points as points are unchanged.
[2026-05-11 23:39:26] DEBUG    - ===============================================================
[2026-05-11 23:39:26] INFO     - Processing count= 24
[2026-05-11 23:39:26] INFO     - Processing player of KKR : 'Sunil Narine' | 396 points | team: KKR
[2026-05-11 23:39:26] DEBUG    - Match found for Sunil Narine in Points at row 28
[2026-05-11 23:39:26] INFO     - No update needed for Sunil Narine in Points as points are unchanged.
[2026-05-11 23:39:26] DEBUG    - ===============================================================
[2026-05-11 23:39:26] INFO     - Processing count= 25
[2026-05-11 23:39:26] INFO     - Processing player of KKR : 'Ajinkya Rahane' | 355 points | team: KKR
[2026-05-11 23:39:26] DEBUG    - Match found for Ajinkya Rahane in Points at row 29
[2026-05-11 23:39:26] INFO     - No update needed for Ajinkya Rahane in Points as points are unchanged.
[2026-05-11 23:39:26] DEBUG    - ===============================================================
[2026-05-11 23:39:26] INFO     - Processing count= 26
[2026-05-11 23:39:26] INFO     - Processing player of LSG : 'Ayush Badoni' | 266 points | team: LSG
[2026-05-11 23:39:26] DEBUG    - Match found for Ayush Badoni in Points at row 30
[2026-05-11 23:39:26] INFO     - No update needed for Ayush Badoni in Points as points are unchanged.
[2026-05-11 23:39:26] DEBUG    - ===============================================================
[2026-05-11 23:39:26] INFO     - Processing count= 27
[2026-05-11 23:39:26] INFO     - Processing player of MI : 'Hardik Pandya' | 330 points | team: MI
[2026-05-11 23:39:26] DEBUG    - Match found for Hardik Pandya in Points at row 31
[2026-05-11 23:39:26] INFO     - No update needed for Hardik Pandya in Points as points are unchanged.
[2026-05-11 23:39:26] DEBUG    - ===============================================================
[2026-05-11 23:39:26] INFO     - Processing count= 28
[2026-05-11 23:39:26] INFO     - Processing player of MI : 'Suryakumar Yadav' | 324 points | team: MI
[2026-05-11 23:39:26] DEBUG    - Match found for Suryakumar Yadav in Points at row 32
[2026-05-11 23:39:26] INFO     - No update needed for Suryakumar Yadav in Points as points are unchanged.
[2026-05-11 23:39:26] DEBUG    - ===============================================================
[2026-05-11 23:39:26] INFO     - Processing count= 29
[2026-05-11 23:39:26] INFO     - Processing player of MI : 'Rohit Sharma' | 364 points | team: MI
[2026-05-11 23:39:26] DEBUG    - Match found for Rohit Sharma in Points at row 33
[2026-05-11 23:39:26] INFO     - No update needed for Rohit Sharma in Points as points are unchanged.
[2026-05-11 23:39:26] DEBUG    - ===============================================================
[2026-05-11 23:39:26] INFO     - Processing count= 30
[2026-05-11 23:39:26] INFO     - Processing player of PBSK : 'Priyansh Arya' | 535 points | team: PBSK
[2026-05-11 23:39:26] DEBUG    - Match found for Priyansh Arya in Points at row 34
[2026-05-11 23:39:27] INFO     - Points gained for Priyansh Arya in Points: 86 (Points: 535, Dot Balls: 0, Previous Total: 449)
[2026-05-11 23:39:27] INFO     - Data updated successfully for Priyansh Arya in Points - 535 points and 0 dot balls!
[2026-05-11 23:39:27] DEBUG    - Sleeping 3s before next update.
[2026-05-11 23:39:30] DEBUG    - ===============================================================
[2026-05-11 23:39:30] INFO     - Processing count= 31
[2026-05-11 23:39:30] INFO     - Processing player of RCB : 'Phil Salt' | 348 points | team: RCB
[2026-05-11 23:39:30] DEBUG    - Match found for Phil Salt in Points at row 35
[2026-05-11 23:39:30] INFO     - No update needed for Phil Salt in Points as points are unchanged.
[2026-05-11 23:39:30] DEBUG    - ===============================================================
[2026-05-11 23:39:30] INFO     - Processing count= 32
[2026-05-11 23:39:30] INFO     - Processing player of RCB : 'Bhuvneshwar Kumar' | 696 points | team: RCB
[2026-05-11 23:39:30] DEBUG    - Match found for Bhuvneshwar Kumar in Points at row 36
[2026-05-11 23:39:30] INFO     - No update needed for Bhuvneshwar Kumar in Points as points are unchanged.
[2026-05-11 23:39:30] DEBUG    - ===============================================================
[2026-05-11 23:39:30] INFO     - Processing count= 33
[2026-05-11 23:39:30] INFO     - Processing player of RCB : 'Josh Hazlewood' | 330 points | team: RCB
[2026-05-11 23:39:30] DEBUG    - Match found for Josh Hazlewood in Points at row 37
[2026-05-11 23:39:30] INFO     - No update needed for Josh Hazlewood in Points as points are unchanged.
[2026-05-11 23:39:30] DEBUG    - ===============================================================
[2026-05-11 23:39:30] INFO     - Processing count= 34
[2026-05-11 23:39:30] INFO     - Processing player of RR : 'Shimron Hetmyer' | 169 points | team: RR
[2026-05-11 23:39:30] DEBUG    - Match found for Shimron Hetmyer in Points at row 38
[2026-05-11 23:39:30] INFO     - No update needed for Shimron Hetmyer in Points as points are unchanged.
[2026-05-11 23:39:30] DEBUG    - ===============================================================
[2026-05-11 23:39:30] INFO     - Processing count= 35
[2026-05-11 23:39:30] INFO     - Processing player of RR : 'Sandeep Sharma' | 163 points | team: RR
[2026-05-11 23:39:30] DEBUG    - Match found for Sandeep Sharma in Points at row 39
[2026-05-11 23:39:30] INFO     - No update needed for Sandeep Sharma in Points as points are unchanged.
[2026-05-11 23:39:30] DEBUG    - ===============================================================
[2026-05-11 23:39:30] INFO     - Processing count= 36
[2026-05-11 23:39:30] INFO     - Processing player of PBSK : 'Marco Jansen' | 292 points | team: PBSK
[2026-05-11 23:39:30] DEBUG    - Match found for Marco Jansen in Points at row 40
[2026-05-11 23:39:31] INFO     - Points gained for Marco Jansen in Points: 16 (Points: 292, Dot Balls: 71, Previous Total: 347)
[2026-05-11 23:39:31] INFO     - Data updated successfully for Marco Jansen in Points - 292 points and 71 dot balls!
[2026-05-11 23:39:31] DEBUG    - Sleeping 3s before next update.
[2026-05-11 23:39:34] DEBUG    - ===============================================================
[2026-05-11 23:39:34] INFO     - Processing count= 37
[2026-05-11 23:39:34] INFO     - Processing player of CSK : 'Prashant Veer' | 97 points | team: CSK
[2026-05-11 23:39:34] DEBUG    - Match found for Prashant Veer in Points at row 41
[2026-05-11 23:39:34] INFO     - No update needed for Prashant Veer in Points as points are unchanged.
[2026-05-11 23:39:34] DEBUG    - ===============================================================
[2026-05-11 23:39:34] INFO     - Processing count= 38
[2026-05-11 23:39:34] INFO     - Processing player of CSK : 'Ruturaj Gaikwad' | 457 points | team: CSK
[2026-05-11 23:39:34] DEBUG    - Match found for Ruturaj Gaikwad in Points at row 42
[2026-05-11 23:39:34] INFO     - No update needed for Ruturaj Gaikwad in Points as points are unchanged.
[2026-05-11 23:39:34] DEBUG    - ===============================================================
[2026-05-11 23:39:34] INFO     - Processing count= 39
[2026-05-11 23:39:34] INFO     - Processing player of DC : 'Axar Patel' | 465 points | team: DC
[2026-05-11 23:39:34] DEBUG    - Match found for Axar Patel in Points at row 43
[2026-05-11 23:39:35] INFO     - Points gained for Axar Patel in Points: 94 (Points: 465, Dot Balls: 65, Previous Total: 436)
[2026-05-11 23:39:35] INFO     - Data updated successfully for Axar Patel in Points - 465 points and 65 dot balls!
[2026-05-11 23:39:35] DEBUG    - Sleeping 3s before next update.
[2026-05-11 23:39:38] DEBUG    - ===============================================================
[2026-05-11 23:39:38] INFO     - Processing count= 40
[2026-05-11 23:39:38] INFO     - Processing player of DC : 'Abishek Porel' | 51 points | team: DC
[2026-05-11 23:39:38] DEBUG    - Match found for Abishek Porel in Points at row 44
[2026-05-11 23:39:39] INFO     - Points gained for Abishek Porel in Points: 10 (Points: 51, Dot Balls: 0, Previous Total: 41)
[2026-05-11 23:39:39] INFO     - Data updated successfully for Abishek Porel in Points - 51 points and 0 dot balls!
[2026-05-11 23:39:39] DEBUG    - Sleeping 3s before next update.
[2026-05-11 23:39:42] DEBUG    - ===============================================================
[2026-05-11 23:39:42] INFO     - Processing count= 41
[2026-05-11 23:39:42] INFO     - Processing player of DC : 'KL Rahul' | 735 points | team: DC
[2026-05-11 23:39:42] DEBUG    - Match found for KL Rahul in Points at row 45
[2026-05-11 23:39:43] INFO     - Points gained for KL Rahul in Points: 15 (Points: 735, Dot Balls: 0, Previous Total: 720)
[2026-05-11 23:39:43] INFO     - Data updated successfully for KL Rahul in Points - 735 points and 0 dot balls!
[2026-05-11 23:39:43] DEBUG    - Sleeping 3s before next update.
[2026-05-11 23:39:46] DEBUG    - ===============================================================
[2026-05-11 23:39:46] INFO     - Processing count= 42
[2026-05-11 23:39:46] INFO     - Processing player of GT : 'Rashid Khan' | 554 points | team: GT
[2026-05-11 23:39:46] DEBUG    - Match found for Rashid Khan in Points at row 46
[2026-05-11 23:39:46] INFO     - No update needed for Rashid Khan in Points as points are unchanged.
[2026-05-11 23:39:46] DEBUG    - ===============================================================
[2026-05-11 23:39:46] INFO     - Processing count= 43
[2026-05-11 23:39:46] INFO     - Processing player of KKR : 'Cameron Green' | 486 points | team: KKR
[2026-05-11 23:39:46] DEBUG    - Match found for Cameron Green in Points at row 47
[2026-05-11 23:39:46] INFO     - No update needed for Cameron Green in Points as points are unchanged.
[2026-05-11 23:39:46] DEBUG    - ===============================================================
[2026-05-11 23:39:46] INFO     - Processing count= 44
[2026-05-11 23:39:46] INFO     - Processing player of KKR : 'Varun Chakaravarthy' | 308 points | team: KKR
[2026-05-11 23:39:46] DEBUG    - Match found for Varun Chakaravarthy in Points at row 48
[2026-05-11 23:39:46] INFO     - No update needed for Varun Chakaravarthy in Points as points are unchanged.
[2026-05-11 23:39:46] DEBUG    - ===============================================================
[2026-05-11 23:39:46] INFO     - Processing count= 45
[2026-05-11 23:39:46] INFO     - Processing player of LSG : 'Digvesh Singh' | 187 points | team: LSG
[2026-05-11 23:39:46] DEBUG    - Match found for Digvesh Singh in Points at row 49
[2026-05-11 23:39:46] INFO     - No update needed for Digvesh Singh in Points as points are unchanged.
[2026-05-11 23:39:46] DEBUG    - ===============================================================
[2026-05-11 23:39:46] INFO     - Processing count= 46
[2026-05-11 23:39:46] INFO     - Processing player of LSG : 'Rishabh Pant' | 462 points | team: LSG
[2026-05-11 23:39:46] DEBUG    - Match found for Rishabh Pant in Points at row 50
[2026-05-11 23:39:46] INFO     - No update needed for Rishabh Pant in Points as points are unchanged.
[2026-05-11 23:39:46] DEBUG    - ===============================================================
[2026-05-11 23:39:46] INFO     - Processing count= 47
[2026-05-11 23:39:46] INFO     - Processing player of PBSK : 'Arshdeep Singh' | 390 points | team: PBSK
[2026-05-11 23:39:46] DEBUG    - Match found for Arshdeep Singh in Points at row 51
[2026-05-11 23:39:47] INFO     - Points gained for Arshdeep Singh in Points: 72 (Points: 390, Dot Balls: 90, Previous Total: 408)
[2026-05-11 23:39:47] INFO     - Data updated successfully for Arshdeep Singh in Points - 390 points and 90 dot balls!
[2026-05-11 23:39:47] DEBUG    - Sleeping 3s before next update.
[2026-05-11 23:39:50] DEBUG    - ===============================================================
[2026-05-11 23:39:50] INFO     - Processing count= 48
[2026-05-11 23:39:50] INFO     - Processing player of RCB : 'Krunal Pandya' | 511 points | team: RCB
[2026-05-11 23:39:50] DEBUG    - Match found for Krunal Pandya in Points at row 52
[2026-05-11 23:39:50] INFO     - No update needed for Krunal Pandya in Points as points are unchanged.
[2026-05-11 23:39:50] DEBUG    - ===============================================================
[2026-05-11 23:39:50] INFO     - Processing count= 49
[2026-05-11 23:39:50] INFO     - Processing player of RCB : 'Rajat Patidar' | 570 points | team: RCB
[2026-05-11 23:39:50] DEBUG    - Match found for Rajat Patidar in Points at row 53
[2026-05-11 23:39:50] INFO     - No update needed for Rajat Patidar in Points as points are unchanged.
[2026-05-11 23:39:50] DEBUG    - ===============================================================
[2026-05-11 23:39:50] INFO     - Processing count= 50
[2026-05-11 23:39:50] INFO     - Processing player of RR : 'Yashasvi Jaiswal' | 503 points | team: RR
[2026-05-11 23:39:50] DEBUG    - Match found for Yashasvi Jaiswal in Points at row 54
[2026-05-11 23:39:50] INFO     - No update needed for Yashasvi Jaiswal in Points as points are unchanged.
[2026-05-11 23:39:50] DEBUG    - ===============================================================
[2026-05-11 23:39:50] INFO     - Processing count= 51
[2026-05-11 23:39:50] INFO     - Processing player of SRH : 'Travis Head' | 549 points | team: SRH
[2026-05-11 23:39:50] DEBUG    - Match found for Travis Head in Points at row 55
[2026-05-11 23:39:50] INFO     - No update needed for Travis Head in Points as points are unchanged.
[2026-05-11 23:39:50] DEBUG    - ===============================================================
[2026-05-11 23:39:50] INFO     - Processing count= 52
[2026-05-11 23:39:50] INFO     - Processing player of SRH : 'Nitish Kumar Reddy' | 577 points | team: SRH
[2026-05-11 23:39:50] DEBUG    - Match found for Nitish Kumar Reddy in Points at row 56
[2026-05-11 23:39:50] INFO     - No update needed for Nitish Kumar Reddy in Points as points are unchanged.
[2026-05-11 23:39:50] DEBUG    - ===============================================================
[2026-05-11 23:39:50] INFO     - Processing count= 53
[2026-05-11 23:39:50] INFO     - Processing player of MI : 'Naman Dhir' | 509 points | team: MI
[2026-05-11 23:39:50] DEBUG    - Match found for Naman Dhir in Points at row 57
[2026-05-11 23:39:50] INFO     - No update needed for Naman Dhir in Points as points are unchanged.
[2026-05-11 23:39:50] DEBUG    - ===============================================================
[2026-05-11 23:39:50] INFO     - Processing count= 54
[2026-05-11 23:39:50] INFO     - Processing player of KKR : 'Finn Allen' | 335 points | team: KKR
[2026-05-11 23:39:50] DEBUG    - Match found for Finn Allen in Points at row 58
[2026-05-11 23:39:50] INFO     - No update needed for Finn Allen in Points as points are unchanged.
[2026-05-11 23:39:50] DEBUG    - ===============================================================
[2026-05-11 23:39:50] INFO     - Processing count= 55
[2026-05-11 23:39:50] INFO     - Processing player of GT : 'Rahul Tewatia' | 166 points | team: GT
[2026-05-11 23:39:50] DEBUG    - Match found for Rahul Tewatia in Points at row 59
[2026-05-11 23:39:50] INFO     - No update needed for Rahul Tewatia in Points as points are unchanged.
[2026-05-11 23:39:50] DEBUG    - ===============================================================
[2026-05-11 23:39:50] INFO     - Processing count= 56
[2026-05-11 23:39:50] INFO     - Processing player of GT : 'Jason Holder' | 431 points | team: GT
[2026-05-11 23:39:50] DEBUG    - Match found for Jason Holder in Points at row 60
[2026-05-11 23:39:50] INFO     - No update needed for Jason Holder in Points as points are unchanged.
[2026-05-11 23:39:50] DEBUG    - ===============================================================
[2026-05-11 23:39:50] INFO     - Processing count= 57
[2026-05-11 23:39:50] INFO     - Processing player of CSK : 'Dewald Brevis' | 242 points | team: CSK
[2026-05-11 23:39:50] DEBUG    - Match found for Dewald Brevis in Points at row 61
[2026-05-11 23:39:50] INFO     - No update needed for Dewald Brevis in Points as points are unchanged.
[2026-05-11 23:39:50] DEBUG    - ===============================================================
[2026-05-11 23:39:50] INFO     - Processing count= 58
[2026-05-11 23:39:50] INFO     - Processing player of CSK : 'Noor Ahmad' | 392 points | team: CSK
[2026-05-11 23:39:50] DEBUG    - Match found for Noor Ahmad in Points at row 62
[2026-05-11 23:39:50] INFO     - No update needed for Noor Ahmad in Points as points are unchanged.
[2026-05-11 23:39:50] DEBUG    - ===============================================================
[2026-05-11 23:39:50] INFO     - Processing count= 59
[2026-05-11 23:39:50] INFO     - Processing player of DC : 'Auqib Nabi' | 30 points | team: DC
[2026-05-11 23:39:50] DEBUG    - Match found for Auqib Nabi in Points at row 63
[2026-05-11 23:39:51] INFO     - Points gained for Auqib Nabi in Points: 35 (Points: 30, Dot Balls: 20, Previous Total: 15)
[2026-05-11 23:39:51] INFO     - Data updated successfully for Auqib Nabi in Points - 30 points and 20 dot balls!
[2026-05-11 23:39:51] DEBUG    - Sleeping 3s before next update.
[2026-05-11 23:39:54] DEBUG    - ===============================================================
[2026-05-11 23:39:54] INFO     - Processing count= 60
[2026-05-11 23:39:54] INFO     - Processing player of GT : 'Jos Buttler' | 677 points | team: GT
[2026-05-11 23:39:54] DEBUG    - Match found for Jos Buttler in Points at row 64
[2026-05-11 23:39:54] INFO     - No update needed for Jos Buttler in Points as points are unchanged.
[2026-05-11 23:39:54] DEBUG    - ===============================================================
[2026-05-11 23:39:54] INFO     - Processing count= 61
[2026-05-11 23:39:54] INFO     - Processing player of GT : 'Prasidh Krishna' | 334 points | team: GT
[2026-05-11 23:39:54] DEBUG    - Match found for Prasidh Krishna in Points at row 65
[2026-05-11 23:39:54] INFO     - No update needed for Prasidh Krishna in Points as points are unchanged.
[2026-05-11 23:39:54] DEBUG    - ===============================================================
[2026-05-11 23:39:54] INFO     - Processing count= 62
[2026-05-11 23:39:54] INFO     - Processing player of KKR : 'Vaibhav Arora' | 332 points | team: KKR
[2026-05-11 23:39:54] DEBUG    - Match found for Vaibhav Arora in Points at row 66
[2026-05-11 23:39:54] INFO     - No update needed for Vaibhav Arora in Points as points are unchanged.
[2026-05-11 23:39:54] DEBUG    - ===============================================================
[2026-05-11 23:39:54] INFO     - Processing count= 63
[2026-05-11 23:39:54] INFO     - Processing player of LSG : 'Aiden Markram' | 411 points | team: LSG
[2026-05-11 23:39:54] DEBUG    - Match found for Aiden Markram in Points at row 67
[2026-05-11 23:39:54] INFO     - No update needed for Aiden Markram in Points as points are unchanged.
[2026-05-11 23:39:54] DEBUG    - ===============================================================
[2026-05-11 23:39:54] INFO     - Processing count= 64
[2026-05-11 23:39:54] INFO     - Processing player of MI : 'Will Jacks' | 136 points | team: MI
[2026-05-11 23:39:54] DEBUG    - Match found for Will Jacks in Points at row 68
[2026-05-11 23:39:54] INFO     - No update needed for Will Jacks in Points as points are unchanged.
[2026-05-11 23:39:54] DEBUG    - ===============================================================
[2026-05-11 23:39:54] INFO     - Processing count= 65
[2026-05-11 23:39:54] INFO     - Processing player of PBSK : 'Nehal Wadhera' | 127 points | team: PBSK
[2026-05-11 23:39:54] DEBUG    - Match found for Nehal Wadhera in Points at row 69
[2026-05-11 23:39:54] INFO     - No update needed for Nehal Wadhera in Points as points are unchanged.
[2026-05-11 23:39:54] DEBUG    - ===============================================================
[2026-05-11 23:39:54] INFO     - Processing count= 66
[2026-05-11 23:39:54] INFO     - Processing player of PBSK : 'Shreyas Iyer' | 637 points | team: PBSK
[2026-05-11 23:39:54] DEBUG    - Match found for Shreyas Iyer in Points at row 70
[2026-05-11 23:39:54] INFO     - Points gained for Shreyas Iyer in Points: 86 (Points: 637, Dot Balls: 0, Previous Total: 551)
[2026-05-11 23:39:54] INFO     - Data updated successfully for Shreyas Iyer in Points - 637 points and 0 dot balls!
[2026-05-11 23:39:54] DEBUG    - Sleeping 3s before next update.
[2026-05-11 23:39:57] DEBUG    - ===============================================================
[2026-05-11 23:39:57] INFO     - Processing count= 67
[2026-05-11 23:39:57] INFO     - Processing player of RCB : 'Devdutt Padikkal' | 595 points | team: RCB
[2026-05-11 23:39:57] DEBUG    - Match found for Devdutt Padikkal in Points at row 71
[2026-05-11 23:39:57] INFO     - No update needed for Devdutt Padikkal in Points as points are unchanged.
[2026-05-11 23:39:57] DEBUG    - ===============================================================
[2026-05-11 23:39:57] INFO     - Processing count= 68
[2026-05-11 23:39:57] INFO     - Processing player of RCB : 'Virat Kohli' | 609 points | team: RCB
[2026-05-11 23:39:57] DEBUG    - Match found for Virat Kohli in Points at row 72
[2026-05-11 23:39:57] INFO     - No update needed for Virat Kohli in Points as points are unchanged.
[2026-05-11 23:39:57] DEBUG    - ===============================================================
[2026-05-11 23:39:57] INFO     - Processing count= 69
[2026-05-11 23:39:57] INFO     - Processing player of RR : 'Riyan Parag' | 395 points | team: RR
[2026-05-11 23:39:57] DEBUG    - Match found for Riyan Parag in Points at row 73
[2026-05-11 23:39:57] INFO     - No update needed for Riyan Parag in Points as points are unchanged.
[2026-05-11 23:39:57] DEBUG    - ===============================================================
[2026-05-11 23:39:57] INFO     - Processing count= 70
[2026-05-11 23:39:57] INFO     - Processing player of SRH : 'Harshal Patel' | 20 points | team: SRH
[2026-05-11 23:39:57] DEBUG    - Match found for Harshal Patel in Points at row 74
[2026-05-11 23:39:57] INFO     - No update needed for Harshal Patel in Points as points are unchanged.
[2026-05-11 23:39:57] DEBUG    - ===============================================================
[2026-05-11 23:39:57] INFO     - Processing count= 71
[2026-05-11 23:39:57] INFO     - Processing player of SRH : 'Heinrich Klaasen' | 788 points | team: SRH
[2026-05-11 23:39:57] DEBUG    - Match found for Heinrich Klaasen in Points at row 75
[2026-05-11 23:39:57] INFO     - No update needed for Heinrich Klaasen in Points as points are unchanged.
[2026-05-11 23:39:57] DEBUG    - ===============================================================
[2026-05-11 23:39:57] INFO     - Processing count= 72
[2026-05-11 23:39:57] INFO     - Processing player of DC : 'Nitish Rana' | 374 points | team: DC
[2026-05-11 23:39:57] DEBUG    - Match found for Nitish Rana in Points at row 76
[2026-05-11 23:39:57] INFO     - No update needed for Nitish Rana in Points as points are unchanged.
[2026-05-11 23:39:57] DEBUG    - ===============================================================
[2026-05-11 23:39:57] INFO     - Processing count= 73
[2026-05-11 23:39:57] INFO     - Processing player of MI : 'Trent Boult' | 84 points | team: MI
[2026-05-11 23:39:57] DEBUG    - Match found for Trent Boult in Points at row 77
[2026-05-11 23:39:57] INFO     - No update needed for Trent Boult in Points as points are unchanged.
[2026-05-11 23:39:57] DEBUG    - ===============================================================
[2026-05-11 23:39:57] INFO     - Processing count= 74
[2026-05-11 23:39:57] INFO     - Processing player of RCB : 'Venkatesh Iyer' | 61 points | team: RCB
[2026-05-11 23:39:57] DEBUG    - Match found for Venkatesh Iyer in Points at row 78
[2026-05-11 23:39:57] INFO     - No update needed for Venkatesh Iyer in Points as points are unchanged.
[2026-05-11 23:39:57] DEBUG    - ===============================================================
[2026-05-11 23:39:57] INFO     - Processing count= 75
[2026-05-11 23:39:57] INFO     - 
Skipping Yash Dayal as points is zero.
[2026-05-11 23:39:57] DEBUG    - ===============================================================
[2026-05-11 23:39:57] INFO     - Processing count= 76
[2026-05-11 23:39:57] INFO     - Processing player of MI : 'Shardul Thakur' | 169 points | team: MI
[2026-05-11 23:39:57] DEBUG    - Match found for Shardul Thakur in Points at row 80
[2026-05-11 23:39:57] INFO     - No update needed for Shardul Thakur in Points as points are unchanged.
[2026-05-11 23:39:57] DEBUG    - ===============================================================
[2026-05-11 23:39:57] INFO     - Processing count= 77
[2026-05-11 23:39:57] INFO     - Processing player of CSK : 'Rahul Chahar' | 8 points | team: CSK
[2026-05-11 23:39:57] DEBUG    - Match found for Rahul Chahar in Points at row 81
[2026-05-11 23:39:57] INFO     - No update needed for Rahul Chahar in Points as points are unchanged.
[2026-05-11 23:39:57] DEBUG    - ===============================================================
[2026-05-11 23:39:57] INFO     - Processing count= 78
[2026-05-11 23:39:57] INFO     - Processing player of CSK : 'Khaleel Ahmed' | 70 points | team: CSK
[2026-05-11 23:39:57] DEBUG    - Match found for Khaleel Ahmed in Points at row 82
[2026-05-11 23:39:57] INFO     - No update needed for Khaleel Ahmed in Points as points are unchanged.
[2026-05-11 23:39:57] DEBUG    - ===============================================================
[2026-05-11 23:39:57] INFO     - Processing count= 79
[2026-05-11 23:39:57] INFO     - Processing player of DC : 'Tristan Stubbs' | 431 points | team: DC
[2026-05-11 23:39:57] DEBUG    - Match found for Tristan Stubbs in Points at row 83
[2026-05-11 23:39:58] INFO     - Points gained for Tristan Stubbs in Points: 17 (Points: 431, Dot Balls: 0, Previous Total: 414)
[2026-05-11 23:39:58] INFO     - Data updated successfully for Tristan Stubbs in Points - 431 points and 0 dot balls!
[2026-05-11 23:39:58] DEBUG    - Sleeping 3s before next update.
[2026-05-11 23:40:01] DEBUG    - ===============================================================
[2026-05-11 23:40:01] INFO     - Processing count= 80
[2026-05-11 23:40:01] INFO     - Processing player of DC : 'Kuldeep Yadav' | 244 points | team: DC
[2026-05-11 23:40:01] DEBUG    - Match found for Kuldeep Yadav in Points at row 84
[2026-05-11 23:40:01] INFO     - No update needed for Kuldeep Yadav in Points as points are unchanged.
[2026-05-11 23:40:01] DEBUG    - ===============================================================
[2026-05-11 23:40:01] INFO     - Processing count= 81
[2026-05-11 23:40:01] INFO     - Processing player of GT : 'Shubman Gill' | 734 points | team: GT
[2026-05-11 23:40:01] DEBUG    - Match found for Shubman Gill in Points at row 85
[2026-05-11 23:40:01] INFO     - No update needed for Shubman Gill in Points as points are unchanged.
[2026-05-11 23:40:01] DEBUG    - ===============================================================
[2026-05-11 23:40:01] INFO     - Processing count= 82
[2026-05-11 23:40:01] INFO     - Processing player of GT : 'Mohammed Siraj' | 366 points | team: GT
[2026-05-11 23:40:01] DEBUG    - Match found for Mohammed Siraj in Points at row 86
[2026-05-11 23:40:01] INFO     - No update needed for Mohammed Siraj in Points as points are unchanged.
[2026-05-11 23:40:01] DEBUG    - ===============================================================
[2026-05-11 23:40:01] INFO     - Processing count= 83
[2026-05-11 23:40:01] INFO     - Processing player of KKR : 'Angkrish Raghuvanshi' | 438 points | team: KKR
[2026-05-11 23:40:01] DEBUG    - Match found for Angkrish Raghuvanshi in Points at row 87
[2026-05-11 23:40:01] INFO     - No update needed for Angkrish Raghuvanshi in Points as points are unchanged.
[2026-05-11 23:40:01] DEBUG    - ===============================================================
[2026-05-11 23:40:01] INFO     - Processing count= 84
[2026-05-11 23:40:01] INFO     - Processing player of LSG : 'Mitchell Marsh' | 582 points | team: LSG
[2026-05-11 23:40:01] DEBUG    - Match found for Mitchell Marsh in Points at row 88
[2026-05-11 23:40:01] INFO     - No update needed for Mitchell Marsh in Points as points are unchanged.
[2026-05-11 23:40:01] DEBUG    - ===============================================================
[2026-05-11 23:40:01] INFO     - Processing count= 85
[2026-05-11 23:40:01] INFO     - Processing player of LSG : 'Nicholas Pooran' | 330 points | team: LSG
[2026-05-11 23:40:01] DEBUG    - Match found for Nicholas Pooran in Points at row 89
[2026-05-11 23:40:01] INFO     - No update needed for Nicholas Pooran in Points as points are unchanged.
[2026-05-11 23:40:01] DEBUG    - ===============================================================
[2026-05-11 23:40:01] INFO     - Processing count= 86
[2026-05-11 23:40:01] INFO     - Processing player of PBSK : 'Marcus Stoinis' | 349 points | team: PBSK
[2026-05-11 23:40:01] DEBUG    - Match found for Marcus Stoinis in Points at row 90
[2026-05-11 23:40:02] INFO     - Points gained for Marcus Stoinis in Points: 27 (Points: 349, Dot Balls: 10, Previous Total: 332)
[2026-05-11 23:40:02] INFO     - Data updated successfully for Marcus Stoinis in Points - 349 points and 10 dot balls!
[2026-05-11 23:40:02] DEBUG    - Sleeping 3s before next update.
[2026-05-11 23:40:05] DEBUG    - ===============================================================
[2026-05-11 23:40:05] INFO     - Processing count= 87
[2026-05-11 23:40:05] INFO     - Processing player of PBSK : 'Prabhsimran Singh' | 618 points | team: PBSK
[2026-05-11 23:40:05] DEBUG    - Match found for Prabhsimran Singh in Points at row 91
[2026-05-11 23:40:06] INFO     - Points gained for Prabhsimran Singh in Points: 33 (Points: 618, Dot Balls: 0, Previous Total: 585)
[2026-05-11 23:40:06] INFO     - Data updated successfully for Prabhsimran Singh in Points - 618 points and 0 dot balls!
[2026-05-11 23:40:06] DEBUG    - Sleeping 3s before next update.
[2026-05-11 23:40:09] DEBUG    - ===============================================================
[2026-05-11 23:40:09] INFO     - Processing count= 88
[2026-05-11 23:40:09] INFO     - Processing player of PBSK : 'Shashank Singh' | 214 points | team: PBSK
[2026-05-11 23:40:09] DEBUG    - Match found for Shashank Singh in Points at row 92
[2026-05-11 23:40:10] INFO     - Points gained for Shashank Singh in Points: 2 (Points: 214, Dot Balls: 10, Previous Total: 222)
[2026-05-11 23:40:10] INFO     - Data updated successfully for Shashank Singh in Points - 214 points and 10 dot balls!
[2026-05-11 23:40:10] DEBUG    - Sleeping 3s before next update.
[2026-05-11 23:40:13] DEBUG    - ===============================================================
[2026-05-11 23:40:13] INFO     - Processing count= 89
[2026-05-11 23:40:13] INFO     - Processing player of RCB : 'Jitesh Sharma' | 254 points | team: RCB
[2026-05-11 23:40:13] DEBUG    - Match found for Jitesh Sharma in Points at row 93
[2026-05-11 23:40:13] INFO     - No update needed for Jitesh Sharma in Points as points are unchanged.
[2026-05-11 23:40:13] DEBUG    - ===============================================================
[2026-05-11 23:40:13] INFO     - Processing count= 90
[2026-05-11 23:40:13] INFO     - Processing player of RR : 'Jofra Archer' | 526 points | team: RR
[2026-05-11 23:40:13] DEBUG    - Match found for Jofra Archer in Points at row 94
[2026-05-11 23:40:13] INFO     - No update needed for Jofra Archer in Points as points are unchanged.
[2026-05-11 23:40:13] DEBUG    - ===============================================================
[2026-05-11 23:40:13] INFO     - Processing count= 91
[2026-05-11 23:40:13] INFO     - Processing player of RR : 'Ravindra Jadeja' | 515 points | team: RR
[2026-05-11 23:40:13] DEBUG    - Match found for Ravindra Jadeja in Points at row 95
[2026-05-11 23:40:13] INFO     - No update needed for Ravindra Jadeja in Points as points are unchanged.
[2026-05-11 23:40:13] DEBUG    - ===============================================================
[2026-05-11 23:40:13] INFO     - Processing count= 92
[2026-05-11 23:40:13] INFO     - Processing player of LSG : 'Mohammad Shami' | 326 points | team: LSG
[2026-05-11 23:40:13] DEBUG    - Match found for Mohammad Shami in Points at row 96
[2026-05-11 23:40:13] INFO     - No update needed for Mohammad Shami in Points as points are unchanged.
[2026-05-11 23:40:13] DEBUG    - ===============================================================
[2026-05-11 23:40:13] INFO     - Processing count= 93
[2026-05-11 23:40:13] INFO     - Processing player of GT : 'Kagiso Rabada' | 590 points | team: GT
[2026-05-11 23:40:13] DEBUG    - Match found for Kagiso Rabada in Points at row 97
[2026-05-11 23:40:13] INFO     - No update needed for Kagiso Rabada in Points as points are unchanged.
[2026-05-11 23:40:13] DEBUG    - ===============================================================
[2026-05-11 23:40:13] INFO     - Processing count= 94
[2026-05-11 23:40:13] INFO     - Processing player of KKR : 'Rinku Singh' | 433 points | team: KKR
[2026-05-11 23:40:13] DEBUG    - Match found for Rinku Singh in Points at row 98
[2026-05-11 23:40:13] INFO     - No update needed for Rinku Singh in Points as points are unchanged.
[2026-05-11 23:40:13] DEBUG    - ===============================================================
[2026-05-11 23:40:13] INFO     - Processing count= 95
[2026-05-11 23:40:13] INFO     - Processing player of CSK : 'Kartik Sharma' | 259 points | team: CSK
[2026-05-11 23:40:13] DEBUG    - Match found for Kartik Sharma in Points at row 99
[2026-05-11 23:40:13] INFO     - No update needed for Kartik Sharma in Points as points are unchanged.
[2026-05-11 23:40:13] DEBUG    - ===============================================================
[2026-05-11 23:40:13] INFO     - Processing count= 96
[2026-05-11 23:40:13] INFO     - Processing player of DC : 'Ashutosh Sharma' | 229 points | team: DC
[2026-05-11 23:40:13] DEBUG    - Match found for Ashutosh Sharma in Points at row 100
[2026-05-11 23:40:13] INFO     - Points gained for Ashutosh Sharma in Points: 40 (Points: 229, Dot Balls: 0, Previous Total: 189)
[2026-05-11 23:40:13] INFO     - Data updated successfully for Ashutosh Sharma in Points - 229 points and 0 dot balls!
[2026-05-11 23:40:13] DEBUG    - Sleeping 3s before next update.
[2026-05-11 23:40:16] DEBUG    - ===============================================================
[2026-05-11 23:40:16] INFO     - Processing count= 97
[2026-05-11 23:40:16] INFO     - Processing player of MI : 'Corbin Bosch' | 219 points | team: MI
[2026-05-11 23:40:16] DEBUG    - Match found for Corbin Bosch in Points at row 101
[2026-05-11 23:40:16] INFO     - No update needed for Corbin Bosch in Points as points are unchanged.
[2026-05-11 23:40:16] DEBUG    - ===============================================================
[2026-05-11 23:40:16] INFO     - Processing count= 98
[2026-05-11 23:40:16] INFO     - Processing player of RCB : 'Tim David' | 378 points | team: RCB
[2026-05-11 23:40:16] DEBUG    - Match found for Tim David in Points at row 102
[2026-05-11 23:40:16] INFO     - No update needed for Tim David in Points as points are unchanged.
[2026-05-11 23:40:16] DEBUG    - ===============================================================
[2026-05-11 23:40:16] INFO     - Processing count= 99
[2026-05-11 23:40:16] INFO     - Processing player of PBSK : 'Cooper Connolly' | 671 points | team: PBSK
[2026-05-11 23:40:16] DEBUG    - Match found for Cooper Connolly in Points at row 103
[2026-05-11 23:40:17] INFO     - Points gained for Cooper Connolly in Points: 67 (Points: 671, Dot Balls: 0, Previous Total: 604)
[2026-05-11 23:40:17] INFO     - Data updated successfully for Cooper Connolly in Points - 671 points and 0 dot balls!
[2026-05-11 23:40:17] DEBUG    - Sleeping 3s before next update.
[2026-05-11 23:40:20] DEBUG    - ===============================================================
[2026-05-11 23:40:20] INFO     - Processing count= 100
[2026-05-11 23:40:20] INFO     - Processing player of SRH : 'Liam Livingstone' | 57 points | team: SRH
[2026-05-11 23:40:20] DEBUG    - Match found for Liam Livingstone in Points at row 104
[2026-05-11 23:40:20] INFO     - No update needed for Liam Livingstone in Points as points are unchanged.
[2026-05-11 23:40:20] DEBUG    - ===============================================================
[2026-05-11 23:40:20] INFO     - Processing count= 101
[2026-05-11 23:40:20] INFO     - Processing player of PBSK : 'Vijaykumar Vyshak' | 263 points | team: PBSK
[2026-05-11 23:40:20] DEBUG    - Match found for Vijaykumar Vyshak in Points at row 105
[2026-05-11 23:40:20] INFO     - No update needed for Vijaykumar Vyshak in Points as points are unchanged.
[2026-05-11 23:40:20] DEBUG    - ===============================================================
[2026-05-11 23:40:20] INFO     - Processing count= 102
[2026-05-11 23:40:20] INFO     - Processing player of RCB : 'Suyash Sharma' | 231 points | team: RCB
[2026-05-11 23:40:20] DEBUG    - Match found for Suyash Sharma in Points at row 106
[2026-05-11 23:40:20] INFO     - No update needed for Suyash Sharma in Points as points are unchanged.
[2026-05-11 23:40:20] DEBUG    - ===============================================================
[2026-05-11 23:40:20] INFO     - Processing count= 103
[2026-05-11 23:40:20] INFO     - Processing player of DC : 'David Miller' | 305 points | team: DC
[2026-05-11 23:40:20] DEBUG    - Match found for David Miller in Points at row 107
[2026-05-11 23:40:21] INFO     - Points gained for David Miller in Points: 88 (Points: 305, Dot Balls: 0, Previous Total: 217)
[2026-05-11 23:40:21] INFO     - Data updated successfully for David Miller in Points - 305 points and 0 dot balls!
[2026-05-11 23:40:21] DEBUG    - Sleeping 3s before next update.
[2026-05-11 23:40:24] INFO     - Total players processed for team 'CSK': 10
[2026-05-11 23:40:24] INFO     - Total players processed for team 'GT': 10
[2026-05-11 23:40:24] INFO     - Total players processed for team 'LSG': 8
[2026-05-11 23:40:24] INFO     - Total players processed for team 'MI': 11
[2026-05-11 23:40:24] INFO     - Total players processed for team 'PBSK': 12
[2026-05-11 23:40:24] INFO     - Total players processed for team 'RCB': 13
[2026-05-11 23:40:24] INFO     - Total players processed for team 'RR': 8
[2026-05-11 23:40:24] INFO     - Total players processed for team 'SRH': 8
[2026-05-11 23:40:24] INFO     - Total players processed for team 'DC': 10
[2026-05-11 23:40:24] INFO     - Total players processed for team 'KKR': 8
[2026-05-11 23:40:24] DEBUG    - ===============================================================
[2026-05-11 23:40:24] WARNING  - Player not updated: Shivam Dube | Reason: Points unchanged
[2026-05-11 23:40:24] WARNING  - Player not updated: Sanju Samson | Reason: Points unchanged
[2026-05-11 23:40:24] WARNING  - Player not updated: Sai Sudharsan | Reason: Points unchanged
[2026-05-11 23:40:24] WARNING  - Player not updated: Mohsin Khan | Reason: Points unchanged
[2026-05-11 23:40:24] WARNING  - Player not updated: Tilak Varma | Reason: Points unchanged
[2026-05-11 23:40:24] WARNING  - Player not updated: Quinton de Kock | Reason: Points unchanged
[2026-05-11 23:40:24] WARNING  - Player not updated: Jasprit Bumrah | Reason: Points unchanged
[2026-05-11 23:40:24] WARNING  - Player not updated: Harpreet Brar | Reason: Points unchanged
[2026-05-11 23:40:24] WARNING  - Player not updated: Romario Shepherd | Reason: Points unchanged
[2026-05-11 23:40:24] WARNING  - Player not updated: Vaibhav Sooryavanshi | Reason: Points unchanged
[2026-05-11 23:40:24] WARNING  - Player not updated: Ravi Bishnoi | Reason: Points unchanged
[2026-05-11 23:40:24] WARNING  - Player not updated: Abhishek Sharma | Reason: Points unchanged
[2026-05-11 23:40:24] WARNING  - Player not updated: Ishan Kishan | Reason: Points unchanged
[2026-05-11 23:40:24] WARNING  - Player not updated: Pat Cummins | Reason: Points unchanged
[2026-05-11 23:40:24] WARNING  - Player not updated: Rasikh Salam | Reason: Points unchanged
[2026-05-11 23:40:24] WARNING  - Player not updated: Matheesha Pathirana | Reason: Points is zero
[2026-05-11 23:40:24] WARNING  - Player not updated: Nathan Ellis | Reason: Points is zero
[2026-05-11 23:40:24] WARNING  - Player not updated: Yudhvir Singh | Reason: Points is zero
[2026-05-11 23:40:24] WARNING  - Player not updated: Ayush Mhatre | Reason: Points unchanged
[2026-05-11 23:40:24] WARNING  - Player not updated: MS Dhoni | Reason: Points is zero
[2026-05-11 23:40:24] WARNING  - Player not updated: Glenn Phillips | Reason: Points unchanged
[2026-05-11 23:40:24] WARNING  - Player not updated: Sunil Narine | Reason: Points unchanged
[2026-05-11 23:40:24] WARNING  - Player not updated: Ajinkya Rahane | Reason: Points unchanged
[2026-05-11 23:40:24] WARNING  - Player not updated: Ayush Badoni | Reason: Points unchanged
[2026-05-11 23:40:24] WARNING  - Player not updated: Hardik Pandya | Reason: Points unchanged
[2026-05-11 23:40:24] WARNING  - Player not updated: Suryakumar Yadav | Reason: Points unchanged
[2026-05-11 23:40:24] WARNING  - Player not updated: Rohit Sharma | Reason: Points unchanged
[2026-05-11 23:40:24] WARNING  - Player not updated: Phil Salt | Reason: Points unchanged
[2026-05-11 23:40:24] WARNING  - Player not updated: Bhuvneshwar Kumar | Reason: Points unchanged
[2026-05-11 23:40:24] WARNING  - Player not updated: Josh Hazlewood | Reason: Points unchanged
[2026-05-11 23:40:24] WARNING  - Player not updated: Shimron Hetmyer | Reason: Points unchanged
[2026-05-11 23:40:24] WARNING  - Player not updated: Sandeep Sharma | Reason: Points unchanged
[2026-05-11 23:40:24] WARNING  - Player not updated: Prashant Veer | Reason: Points unchanged
[2026-05-11 23:40:24] WARNING  - Player not updated: Ruturaj Gaikwad | Reason: Points unchanged
[2026-05-11 23:40:24] WARNING  - Player not updated: Rashid Khan | Reason: Points unchanged
[2026-05-11 23:40:24] WARNING  - Player not updated: Cameron Green | Reason: Points unchanged
[2026-05-11 23:40:24] WARNING  - Player not updated: Varun Chakaravarthy | Reason: Points unchanged
[2026-05-11 23:40:24] WARNING  - Player not updated: Digvesh Singh | Reason: Points unchanged
[2026-05-11 23:40:24] WARNING  - Player not updated: Rishabh Pant | Reason: Points unchanged
[2026-05-11 23:40:24] WARNING  - Player not updated: Krunal Pandya | Reason: Points unchanged
[2026-05-11 23:40:24] WARNING  - Player not updated: Rajat Patidar | Reason: Points unchanged
[2026-05-11 23:40:24] WARNING  - Player not updated: Yashasvi Jaiswal | Reason: Points unchanged
[2026-05-11 23:40:24] WARNING  - Player not updated: Travis Head | Reason: Points unchanged
[2026-05-11 23:40:24] WARNING  - Player not updated: Nitish Kumar Reddy | Reason: Points unchanged
[2026-05-11 23:40:24] WARNING  - Player not updated: Naman Dhir | Reason: Points unchanged
[2026-05-11 23:40:24] WARNING  - Player not updated: Finn Allen | Reason: Points unchanged
[2026-05-11 23:40:24] WARNING  - Player not updated: Rahul Tewatia | Reason: Points unchanged
[2026-05-11 23:40:24] WARNING  - Player not updated: Jason Holder | Reason: Points unchanged
[2026-05-11 23:40:24] WARNING  - Player not updated: Dewald Brevis | Reason: Points unchanged
[2026-05-11 23:40:24] WARNING  - Player not updated: Noor Ahmad | Reason: Points unchanged
[2026-05-11 23:40:24] WARNING  - Player not updated: Jos Buttler | Reason: Points unchanged
[2026-05-11 23:40:24] WARNING  - Player not updated: Prasidh Krishna | Reason: Points unchanged
[2026-05-11 23:40:24] WARNING  - Player not updated: Vaibhav Arora | Reason: Points unchanged
[2026-05-11 23:40:24] WARNING  - Player not updated: Aiden Markram | Reason: Points unchanged
[2026-05-11 23:40:24] WARNING  - Player not updated: Will Jacks | Reason: Points unchanged
[2026-05-11 23:40:24] WARNING  - Player not updated: Nehal Wadhera | Reason: Points unchanged
[2026-05-11 23:40:24] WARNING  - Player not updated: Devdutt Padikkal | Reason: Points unchanged
[2026-05-11 23:40:24] WARNING  - Player not updated: Virat Kohli | Reason: Points unchanged
[2026-05-11 23:40:24] WARNING  - Player not updated: Riyan Parag | Reason: Points unchanged
[2026-05-11 23:40:24] WARNING  - Player not updated: Harshal Patel | Reason: Points unchanged
[2026-05-11 23:40:24] WARNING  - Player not updated: Heinrich Klaasen | Reason: Points unchanged
[2026-05-11 23:40:24] WARNING  - Player not updated: Nitish Rana | Reason: Points unchanged
[2026-05-11 23:40:24] WARNING  - Player not updated: Trent Boult | Reason: Points unchanged
[2026-05-11 23:40:24] WARNING  - Player not updated: Venkatesh Iyer | Reason: Points unchanged
[2026-05-11 23:40:24] WARNING  - Player not updated: Yash Dayal | Reason: Points is zero
[2026-05-11 23:40:24] WARNING  - Player not updated: Shardul Thakur | Reason: Points unchanged
[2026-05-11 23:40:24] WARNING  - Player not updated: Rahul Chahar | Reason: Points unchanged
[2026-05-11 23:40:24] WARNING  - Player not updated: Khaleel Ahmed | Reason: Points unchanged
[2026-05-11 23:40:24] WARNING  - Player not updated: Kuldeep Yadav | Reason: Points unchanged
[2026-05-11 23:40:24] WARNING  - Player not updated: Shubman Gill | Reason: Points unchanged
[2026-05-11 23:40:24] WARNING  - Player not updated: Mohammed Siraj | Reason: Points unchanged
[2026-05-11 23:40:24] WARNING  - Player not updated: Angkrish Raghuvanshi | Reason: Points unchanged
[2026-05-11 23:40:24] WARNING  - Player not updated: Mitchell Marsh | Reason: Points unchanged
[2026-05-11 23:40:24] WARNING  - Player not updated: Nicholas Pooran | Reason: Points unchanged
[2026-05-11 23:40:24] WARNING  - Player not updated: Jitesh Sharma | Reason: Points unchanged
[2026-05-11 23:40:24] WARNING  - Player not updated: Jofra Archer | Reason: Points unchanged
[2026-05-11 23:40:24] WARNING  - Player not updated: Ravindra Jadeja | Reason: Points unchanged
[2026-05-11 23:40:24] WARNING  - Player not updated: Mohammad Shami | Reason: Points unchanged
[2026-05-11 23:40:24] WARNING  - Player not updated: Kagiso Rabada | Reason: Points unchanged
[2026-05-11 23:40:24] WARNING  - Player not updated: Rinku Singh | Reason: Points unchanged
[2026-05-11 23:40:24] WARNING  - Player not updated: Kartik Sharma | Reason: Points unchanged
[2026-05-11 23:40:24] WARNING  - Player not updated: Corbin Bosch | Reason: Points unchanged
[2026-05-11 23:40:24] WARNING  - Player not updated: Tim David | Reason: Points unchanged
[2026-05-11 23:40:24] WARNING  - Player not updated: Liam Livingstone | Reason: Points unchanged
[2026-05-11 23:40:24] WARNING  - Player not updated: Vijaykumar Vyshak | Reason: Points unchanged
[2026-05-11 23:40:24] WARNING  - Player not updated: Suyash Sharma | Reason: Points unchanged
[2026-05-11 23:40:24] DEBUG    - ===============================================================
[2026-05-11 23:41:25] INFO     - Worksheets opened: ['Home', 'Data']
[2026-05-11 23:41:26] INFO     - Points Gained Today fetched: {'HW': 77, 'MC': 107, 'OL': 181, 'AS': 12, 'PA': 86}
[2026-05-11 23:41:26] INFO     - Writing to column 30 (11/05)
[2026-05-11 23:41:26] DEBUG    -   HW → AD2 = 77
[2026-05-11 23:41:26] DEBUG    -   MC → AD3 = 107
[2026-05-11 23:41:26] DEBUG    -   OL → AD4 = 181
[2026-05-11 23:41:26] DEBUG    -   AS → AD5 = 12
[2026-05-11 23:41:26] DEBUG    -   PA → AD6 = 86
[2026-05-11 23:41:27] INFO     - Successfully updated 5 team(s) for 11/05.
[2026-05-11 23:41:27] INFO     - TOP 12 points fetched: {'OL': 6382, 'HW': 6256, 'AS': 5965, 'PA': 5766, 'MC': 4759}
[2026-05-11 23:41:28] INFO     - Column mapping: {'HW': 2, 'MC': 3, 'OL': 4, 'AS': 5, 'PA': 6}
[2026-05-11 23:41:28] INFO     - Today '11/05' found at row 53
[2026-05-11 23:41:28] DEBUG    -   OL → D53 = 6382
[2026-05-11 23:41:28] DEBUG    -   HW → B53 = 6256
[2026-05-11 23:41:28] DEBUG    -   AS → E53 = 5965
[2026-05-11 23:41:28] DEBUG    -   PA → F53 = 5766
[2026-05-11 23:41:28] DEBUG    -   MC → C53 = 4759
[2026-05-11 23:41:29] INFO     - Successfully updated 5 team(s) for '11/05' at row 53.
[2026-05-11 23:41:30] INFO     - ═════════════════════ All updates completed ═════════════════════
