[2026-06-01 00:22:18] INFO     - ═════════════════════ Process started ═════════════════════
[2026-06-01 00:22:19] INFO     - Excel loaded: 103 players, 103 bowlers from 'C:\Users\himan\Documents\UiPath\CrickInfo\Data\IPLPointsData.xlsx'
[2026-06-01 00:22:19] INFO     - Google Sheets authentication successful.
[2026-06-01 00:22:23] INFO     - Worksheets opened: ['Points', 'Home', 'Data']
[2026-06-01 00:22:26] INFO     - Updating previous points for all players before processing.
[2026-06-01 00:22:26] DEBUG    - ======================================================
[2026-06-01 00:22:30] DEBUG    - Updated previous points for 'Sai Sudharsan' at row 7: 985 → 1071
[2026-06-01 00:22:30] DEBUG    - Sleeping 3s after updating previous points.
[2026-06-01 00:22:33] DEBUG    - Updated previous points for 'Vaibhav Sooryavanshi' at row 15: 1075 → 1211
[2026-06-01 00:22:33] DEBUG    - Sleeping 3s after updating previous points.
[2026-06-01 00:22:37] DEBUG    - Updated previous points for 'Rashid Khan' at row 46: 793 → 792
[2026-06-01 00:22:37] DEBUG    - Sleeping 3s after updating previous points.
[2026-06-01 00:22:40] DEBUG    - Updated previous points for 'Yashasvi Jaiswal' at row 54: 688 → 693
[2026-06-01 00:22:40] DEBUG    - Sleeping 3s after updating previous points.
[2026-06-01 00:22:44] DEBUG    - Updated previous points for 'Rahul Tewatia' at row 59: 283 → 308
[2026-06-01 00:22:44] DEBUG    - Sleeping 3s after updating previous points.
[2026-06-01 00:22:47] DEBUG    - Updated previous points for 'Jason Holder' at row 60: 682 → 752
[2026-06-01 00:22:47] DEBUG    - Sleeping 3s after updating previous points.
[2026-06-01 00:22:51] DEBUG    - Updated previous points for 'Jos Buttler' at row 64: 976 → 1005
[2026-06-01 00:22:51] DEBUG    - Sleeping 3s after updating previous points.
[2026-06-01 00:22:54] DEBUG    - Updated previous points for 'Prasidh Krishna' at row 65: 514 → 565
[2026-06-01 00:22:54] DEBUG    - Sleeping 3s after updating previous points.
[2026-06-01 00:22:58] DEBUG    - Updated previous points for 'Riyan Parag' at row 73: 546 → 564
[2026-06-01 00:22:58] DEBUG    - Sleeping 3s after updating previous points.
[2026-06-01 00:23:01] DEBUG    - Updated previous points for 'Shubman Gill' at row 85: 1003 → 1162
[2026-06-01 00:23:01] DEBUG    - Sleeping 3s after updating previous points.
[2026-06-01 00:23:05] DEBUG    - Updated previous points for 'Mohammed Siraj' at row 86: 699 → 736
[2026-06-01 00:23:05] DEBUG    - Sleeping 3s after updating previous points.
[2026-06-01 00:23:08] DEBUG    - Updated previous points for 'Jofra Archer' at row 94: 1035 → 1083
[2026-06-01 00:23:08] DEBUG    - Sleeping 3s after updating previous points.
[2026-06-01 00:23:12] DEBUG    - Updated previous points for 'Ravindra Jadeja' at row 95: 661 → 715
[2026-06-01 00:23:12] DEBUG    - Sleeping 3s after updating previous points.
[2026-06-01 00:23:15] DEBUG    - Updated previous points for 'Kagiso Rabada' at row 97: 988 → 1060
[2026-06-01 00:23:15] DEBUG    - Sleeping 3s after updating previous points.
[2026-06-01 00:23:15] DEBUG    - ======================================================
[2026-06-01 00:23:21] DEBUG    - ===============================================================
[2026-06-01 00:23:21] INFO     - Pausing 5s before before next steps.
[2026-06-01 00:23:21] DEBUG    - ===============================================================
[2026-06-01 00:24:56] DEBUG    - ===============================================================
[2026-06-01 00:24:56] DEBUG    - ===============================================================
[2026-06-01 00:24:56] INFO     - Processing count= 1
[2026-06-01 00:24:56] INFO     - Processing player of CSK : 'Shivam Dube' | 465 points | team: CSK
[2026-06-01 00:24:56] DEBUG    - Match found for Shivam Dube in Points at row 5
[2026-06-01 00:24:56] INFO     - No update needed for Shivam Dube in Points as points are unchanged.
[2026-06-01 00:24:56] DEBUG    - ===============================================================
[2026-06-01 00:24:56] INFO     - Processing count= 2
[2026-06-01 00:24:56] INFO     - Processing player of CSK : 'Sanju Samson' | 770 points | team: CSK
[2026-06-01 00:24:56] DEBUG    - Match found for Sanju Samson in Points at row 6
[2026-06-01 00:24:56] INFO     - No update needed for Sanju Samson in Points as points are unchanged.
[2026-06-01 00:24:56] DEBUG    - ===============================================================
[2026-06-01 00:24:56] INFO     - Processing count= 3
[2026-06-01 00:24:56] INFO     - Processing player of GT : 'Sai Sudharsan' | 1089 points | team: GT
[2026-06-01 00:24:56] DEBUG    - Match found for Sai Sudharsan in Points at row 7
[2026-06-01 00:24:57] INFO     - Points gained for Sai Sudharsan in Points: 18 (Points: 1089, Dot Balls: 0, Previous Total: 1071)
[2026-06-01 00:24:57] INFO     - Data updated successfully for Sai Sudharsan in Points - 1089 points and 0 dot balls!
[2026-06-01 00:24:57] DEBUG    - Sleeping 3s before next update.
[2026-06-01 00:25:00] DEBUG    - ===============================================================
[2026-06-01 00:25:00] INFO     - Processing count= 4
[2026-06-01 00:25:00] INFO     - Processing player of LSG : 'Mohsin Khan' | 375 points | team: LSG
[2026-06-01 00:25:00] DEBUG    - Match found for Mohsin Khan in Points at row 8
[2026-06-01 00:25:00] INFO     - No update needed for Mohsin Khan in Points as points are unchanged.
[2026-06-01 00:25:00] DEBUG    - ===============================================================
[2026-06-01 00:25:00] INFO     - Processing count= 5
[2026-06-01 00:25:00] INFO     - Processing player of MI : 'Tilak Varma' | 629 points | team: MI
[2026-06-01 00:25:00] DEBUG    - Match found for Tilak Varma in Points at row 9
[2026-06-01 00:25:00] INFO     - No update needed for Tilak Varma in Points as points are unchanged.
[2026-06-01 00:25:00] DEBUG    - ===============================================================
[2026-06-01 00:25:00] INFO     - Processing count= 6
[2026-06-01 00:25:00] INFO     - Processing player of MI : 'Quinton de Kock' | 221 points | team: MI
[2026-06-01 00:25:00] DEBUG    - Match found for Quinton de Kock in Points at row 10
[2026-06-01 00:25:00] INFO     - No update needed for Quinton de Kock in Points as points are unchanged.
[2026-06-01 00:25:00] DEBUG    - ===============================================================
[2026-06-01 00:25:00] INFO     - Processing count= 7
[2026-06-01 00:25:00] INFO     - Processing player of MI : 'Jasprit Bumrah' | 190 points | team: MI
[2026-06-01 00:25:00] DEBUG    - Match found for Jasprit Bumrah in Points at row 11
[2026-06-01 00:25:00] INFO     - No update needed for Jasprit Bumrah in Points as points are unchanged.
[2026-06-01 00:25:00] DEBUG    - ===============================================================
[2026-06-01 00:25:00] INFO     - Processing count= 8
[2026-06-01 00:25:00] INFO     - Processing player of PBSK : 'Harpreet Brar' | 82 points | team: PBSK
[2026-06-01 00:25:00] DEBUG    - Match found for Harpreet Brar in Points at row 12
[2026-06-01 00:25:00] INFO     - No update needed for Harpreet Brar in Points as points are unchanged.
[2026-06-01 00:25:00] DEBUG    - ===============================================================
[2026-06-01 00:25:00] INFO     - Processing count= 9
[2026-06-01 00:25:00] INFO     - Processing player of PBSK : 'Yuzvendra Chahal' | 376 points | team: PBSK
[2026-06-01 00:25:00] DEBUG    - Match found for Yuzvendra Chahal in Points at row 13
[2026-06-01 00:25:00] INFO     - No update needed for Yuzvendra Chahal in Points as points are unchanged.
[2026-06-01 00:25:00] DEBUG    - ===============================================================
[2026-06-01 00:25:00] INFO     - Processing count= 10
[2026-06-01 00:25:00] INFO     - Processing player of RCB : 'Romario Shepherd' | 362 points | team: RCB
[2026-06-01 00:25:00] DEBUG    - Match found for Romario Shepherd in Points at row 14
[2026-06-01 00:25:01] INFO     - Points gained for Romario Shepherd in Points: 12 (Points: 362, Dot Balls: 37, Previous Total: 387)
[2026-06-01 00:25:01] INFO     - Data updated successfully for Romario Shepherd in Points - 362 points and 37 dot balls!
[2026-06-01 00:25:01] DEBUG    - Sleeping 3s before next update.
[2026-06-01 00:25:04] DEBUG    - ===============================================================
[2026-06-01 00:25:04] INFO     - Processing count= 11
[2026-06-01 00:25:04] INFO     - Processing player of RR : 'Vaibhav Sooryavanshi' | 1211 points | team: RR
[2026-06-01 00:25:04] DEBUG    - Match found for Vaibhav Sooryavanshi in Points at row 15
[2026-06-01 00:25:04] INFO     - No update needed for Vaibhav Sooryavanshi in Points as points are unchanged.
[2026-06-01 00:25:04] DEBUG    - ===============================================================
[2026-06-01 00:25:04] INFO     - Processing count= 12
[2026-06-01 00:25:04] INFO     - Processing player of RR : 'Ravi Bishnoi' | 359 points | team: RR
[2026-06-01 00:25:04] DEBUG    - Match found for Ravi Bishnoi in Points at row 16
[2026-06-01 00:25:04] INFO     - No update needed for Ravi Bishnoi in Points as points are unchanged.
[2026-06-01 00:25:04] DEBUG    - ===============================================================
[2026-06-01 00:25:04] INFO     - Processing count= 13
[2026-06-01 00:25:04] INFO     - Processing player of SRH : 'Abhishek Sharma' | 949 points | team: SRH
[2026-06-01 00:25:04] DEBUG    - Match found for Abhishek Sharma in Points at row 17
[2026-06-01 00:25:04] INFO     - No update needed for Abhishek Sharma in Points as points are unchanged.
[2026-06-01 00:25:04] DEBUG    - ===============================================================
[2026-06-01 00:25:04] INFO     - Processing count= 14
[2026-06-01 00:25:04] INFO     - Processing player of SRH : 'Ishan Kishan' | 996 points | team: SRH
[2026-06-01 00:25:04] DEBUG    - Match found for Ishan Kishan in Points at row 18
[2026-06-01 00:25:04] INFO     - No update needed for Ishan Kishan in Points as points are unchanged.
[2026-06-01 00:25:04] DEBUG    - ===============================================================
[2026-06-01 00:25:04] INFO     - Processing count= 15
[2026-06-01 00:25:04] INFO     - Processing player of SRH : 'Pat Cummins' | 287 points | team: SRH
[2026-06-01 00:25:04] DEBUG    - Match found for Pat Cummins in Points at row 19
[2026-06-01 00:25:04] INFO     - No update needed for Pat Cummins in Points as points are unchanged.
[2026-06-01 00:25:04] DEBUG    - ===============================================================
[2026-06-01 00:25:04] INFO     - Processing count= 16
[2026-06-01 00:25:04] INFO     - Processing player of RCB : 'Rasikh Salam' | 604 points | team: RCB
[2026-06-01 00:25:04] DEBUG    - Match found for Rasikh Salam in Points at row 20
[2026-06-01 00:25:05] INFO     - Points gained for Rasikh Salam in Points: 93 (Points: 604, Dot Balls: 0, Previous Total: 511)
[2026-06-01 00:25:05] INFO     - Data updated successfully for Rasikh Salam in Points - 604 points and 0 dot balls!
[2026-06-01 00:25:05] DEBUG    - Sleeping 3s before next update.
[2026-06-01 00:25:08] DEBUG    - ===============================================================
[2026-06-01 00:25:08] INFO     - Processing count= 17
[2026-06-01 00:25:08] INFO     - Processing player of KKR : 'Matheesha Pathirana' | 4 points | team: KKR
[2026-06-01 00:25:08] DEBUG    - Match found for Matheesha Pathirana in Points at row 21
[2026-06-01 00:25:08] INFO     - No update needed for Matheesha Pathirana in Points as points are unchanged.
[2026-06-01 00:25:08] DEBUG    - ===============================================================
[2026-06-01 00:25:08] INFO     - Processing count= 18
[2026-06-01 00:25:08] INFO     - 
Skipping Nathan Ellis as points is zero.
[2026-06-01 00:25:08] DEBUG    - ===============================================================
[2026-06-01 00:25:08] INFO     - Processing count= 19
[2026-06-01 00:25:08] INFO     - 
Skipping Yudhvir Singh as points is zero.
[2026-06-01 00:25:08] DEBUG    - ===============================================================
[2026-06-01 00:25:08] INFO     - Processing count= 20
[2026-06-01 00:25:08] INFO     - Processing player of CSK : 'Ayush Mhatre' | 311 points | team: CSK
[2026-06-01 00:25:08] DEBUG    - Match found for Ayush Mhatre in Points at row 24
[2026-06-01 00:25:08] INFO     - No update needed for Ayush Mhatre in Points as points are unchanged.
[2026-06-01 00:25:08] DEBUG    - ===============================================================
[2026-06-01 00:25:08] INFO     - Processing count= 21
[2026-06-01 00:25:08] INFO     - 
Skipping MS Dhoni as points is zero.
[2026-06-01 00:25:08] DEBUG    - ===============================================================
[2026-06-01 00:25:08] INFO     - Processing count= 22
[2026-06-01 00:25:08] INFO     - Processing player of DC : 'Mitchell Starc' | 351 points | team: DC
[2026-06-01 00:25:08] DEBUG    - Match found for Mitchell Starc in Points at row 26
[2026-06-01 00:25:08] INFO     - No update needed for Mitchell Starc in Points as points are unchanged.
[2026-06-01 00:25:08] DEBUG    - ===============================================================
[2026-06-01 00:25:08] INFO     - Processing count= 23
[2026-06-01 00:25:08] INFO     - Processing player of GT : 'Glenn Phillips' | 165 points | team: GT
[2026-06-01 00:25:08] DEBUG    - Match found for Glenn Phillips in Points at row 27
[2026-06-01 00:25:08] INFO     - No update needed for Glenn Phillips in Points as points are unchanged.
[2026-06-01 00:25:08] DEBUG    - ===============================================================
[2026-06-01 00:25:08] INFO     - Processing count= 24
[2026-06-01 00:25:08] INFO     - Processing player of KKR : 'Sunil Narine' | 551 points | team: KKR
[2026-06-01 00:25:08] DEBUG    - Match found for Sunil Narine in Points at row 28
[2026-06-01 00:25:08] INFO     - No update needed for Sunil Narine in Points as points are unchanged.
[2026-06-01 00:25:08] DEBUG    - ===============================================================
[2026-06-01 00:25:08] INFO     - Processing count= 25
[2026-06-01 00:25:08] INFO     - Processing player of KKR : 'Ajinkya Rahane' | 550 points | team: KKR
[2026-06-01 00:25:08] DEBUG    - Match found for Ajinkya Rahane in Points at row 29
[2026-06-01 00:25:08] INFO     - No update needed for Ajinkya Rahane in Points as points are unchanged.
[2026-06-01 00:25:08] DEBUG    - ===============================================================
[2026-06-01 00:25:08] INFO     - Processing count= 26
[2026-06-01 00:25:08] INFO     - Processing player of LSG : 'Ayush Badoni' | 348 points | team: LSG
[2026-06-01 00:25:08] DEBUG    - Match found for Ayush Badoni in Points at row 30
[2026-06-01 00:25:08] INFO     - No update needed for Ayush Badoni in Points as points are unchanged.
[2026-06-01 00:25:08] DEBUG    - ===============================================================
[2026-06-01 00:25:08] INFO     - Processing count= 27
[2026-06-01 00:25:08] INFO     - Processing player of MI : 'Hardik Pandya' | 421 points | team: MI
[2026-06-01 00:25:08] DEBUG    - Match found for Hardik Pandya in Points at row 31
[2026-06-01 00:25:08] INFO     - No update needed for Hardik Pandya in Points as points are unchanged.
[2026-06-01 00:25:08] DEBUG    - ===============================================================
[2026-06-01 00:25:08] INFO     - Processing count= 28
[2026-06-01 00:25:08] INFO     - Processing player of MI : 'Suryakumar Yadav' | 432 points | team: MI
[2026-06-01 00:25:08] DEBUG    - Match found for Suryakumar Yadav in Points at row 32
[2026-06-01 00:25:08] INFO     - No update needed for Suryakumar Yadav in Points as points are unchanged.
[2026-06-01 00:25:08] DEBUG    - ===============================================================
[2026-06-01 00:25:08] INFO     - Processing count= 29
[2026-06-01 00:25:08] INFO     - Processing player of MI : 'Rohit Sharma' | 422 points | team: MI
[2026-06-01 00:25:08] DEBUG    - Match found for Rohit Sharma in Points at row 33
[2026-06-01 00:25:08] INFO     - No update needed for Rohit Sharma in Points as points are unchanged.
[2026-06-01 00:25:08] DEBUG    - ===============================================================
[2026-06-01 00:25:08] INFO     - Processing count= 30
[2026-06-01 00:25:08] INFO     - Processing player of PBSK : 'Priyansh Arya' | 585 points | team: PBSK
[2026-06-01 00:25:08] DEBUG    - Match found for Priyansh Arya in Points at row 34
[2026-06-01 00:25:08] INFO     - No update needed for Priyansh Arya in Points as points are unchanged.
[2026-06-01 00:25:08] DEBUG    - ===============================================================
[2026-06-01 00:25:08] INFO     - Processing count= 31
[2026-06-01 00:25:08] INFO     - Processing player of RCB : 'Phil Salt' | 348 points | team: RCB
[2026-06-01 00:25:08] DEBUG    - Match found for Phil Salt in Points at row 35
[2026-06-01 00:25:08] INFO     - No update needed for Phil Salt in Points as points are unchanged.
[2026-06-01 00:25:08] DEBUG    - ===============================================================
[2026-06-01 00:25:08] INFO     - Processing count= 32
[2026-06-01 00:25:08] INFO     - Processing player of RCB : 'Bhuvneshwar Kumar' | 899 points | team: RCB
[2026-06-01 00:25:08] DEBUG    - Match found for Bhuvneshwar Kumar in Points at row 36
[2026-06-01 00:25:09] INFO     - Points gained for Bhuvneshwar Kumar in Points: 65 (Points: 899, Dot Balls: 152, Previous Total: 986)
[2026-06-01 00:25:09] INFO     - Data updated successfully for Bhuvneshwar Kumar in Points - 899 points and 152 dot balls!
[2026-06-01 00:25:09] DEBUG    - Sleeping 3s before next update.
[2026-06-01 00:25:12] DEBUG    - ===============================================================
[2026-06-01 00:25:12] INFO     - Processing count= 33
[2026-06-01 00:25:12] INFO     - Processing player of RCB : 'Josh Hazlewood' | 517 points | team: RCB
[2026-06-01 00:25:12] DEBUG    - Match found for Josh Hazlewood in Points at row 37
[2026-06-01 00:25:13] INFO     - Points gained for Josh Hazlewood in Points: 69 (Points: 517, Dot Balls: 126, Previous Total: 574)
[2026-06-01 00:25:13] INFO     - Data updated successfully for Josh Hazlewood in Points - 517 points and 126 dot balls!
[2026-06-01 00:25:13] DEBUG    - Sleeping 3s before next update.
[2026-06-01 00:25:16] DEBUG    - ===============================================================
[2026-06-01 00:25:16] INFO     - Processing count= 34
[2026-06-01 00:25:16] INFO     - Processing player of RR : 'Shimron Hetmyer' | 169 points | team: RR
[2026-06-01 00:25:16] DEBUG    - Match found for Shimron Hetmyer in Points at row 38
[2026-06-01 00:25:16] INFO     - No update needed for Shimron Hetmyer in Points as points are unchanged.
[2026-06-01 00:25:16] DEBUG    - ===============================================================
[2026-06-01 00:25:16] INFO     - Processing count= 35
[2026-06-01 00:25:16] INFO     - Processing player of RR : 'Sandeep Sharma' | 161 points | team: RR
[2026-06-01 00:25:16] DEBUG    - Match found for Sandeep Sharma in Points at row 39
[2026-06-01 00:25:16] INFO     - No update needed for Sandeep Sharma in Points as points are unchanged.
[2026-06-01 00:25:16] DEBUG    - ===============================================================
[2026-06-01 00:25:16] INFO     - Processing count= 36
[2026-06-01 00:25:16] INFO     - Processing player of PBSK : 'Marco Jansen' | 387 points | team: PBSK
[2026-06-01 00:25:16] DEBUG    - Match found for Marco Jansen in Points at row 40
[2026-06-01 00:25:16] INFO     - No update needed for Marco Jansen in Points as points are unchanged.
[2026-06-01 00:25:16] DEBUG    - ===============================================================
[2026-06-01 00:25:16] INFO     - Processing count= 37
[2026-06-01 00:25:16] INFO     - Processing player of CSK : 'Prashant Veer' | 134 points | team: CSK
[2026-06-01 00:25:16] DEBUG    - Match found for Prashant Veer in Points at row 41
[2026-06-01 00:25:16] INFO     - No update needed for Prashant Veer in Points as points are unchanged.
[2026-06-01 00:25:16] DEBUG    - ===============================================================
[2026-06-01 00:25:16] INFO     - Processing count= 38
[2026-06-01 00:25:16] INFO     - Processing player of CSK : 'Ruturaj Gaikwad' | 532 points | team: CSK
[2026-06-01 00:25:16] DEBUG    - Match found for Ruturaj Gaikwad in Points at row 42
[2026-06-01 00:25:16] INFO     - No update needed for Ruturaj Gaikwad in Points as points are unchanged.
[2026-06-01 00:25:16] DEBUG    - ===============================================================
[2026-06-01 00:25:16] INFO     - Processing count= 39
[2026-06-01 00:25:16] INFO     - Processing player of DC : 'Axar Patel' | 642 points | team: DC
[2026-06-01 00:25:16] DEBUG    - Match found for Axar Patel in Points at row 43
[2026-06-01 00:25:16] INFO     - No update needed for Axar Patel in Points as points are unchanged.
[2026-06-01 00:25:16] DEBUG    - ===============================================================
[2026-06-01 00:25:16] INFO     - Processing count= 40
[2026-06-01 00:25:16] INFO     - Processing player of DC : 'Abishek Porel' | 157 points | team: DC
[2026-06-01 00:25:16] DEBUG    - Match found for Abishek Porel in Points at row 44
[2026-06-01 00:25:16] INFO     - No update needed for Abishek Porel in Points as points are unchanged.
[2026-06-01 00:25:16] DEBUG    - ===============================================================
[2026-06-01 00:25:16] INFO     - Processing count= 41
[2026-06-01 00:25:16] INFO     - Processing player of DC : 'KL Rahul' | 903 points | team: DC
[2026-06-01 00:25:16] DEBUG    - Match found for KL Rahul in Points at row 45
[2026-06-01 00:25:16] INFO     - No update needed for KL Rahul in Points as points are unchanged.
[2026-06-01 00:25:16] DEBUG    - ===============================================================
[2026-06-01 00:25:16] INFO     - Processing count= 42
[2026-06-01 00:25:16] INFO     - Processing player of GT : 'Rashid Khan' | 757 points | team: GT
[2026-06-01 00:25:16] DEBUG    - Match found for Rashid Khan in Points at row 46
[2026-06-01 00:25:17] INFO     - Points gained for Rashid Khan in Points: 82 (Points: 757, Dot Balls: 117, Previous Total: 792)
[2026-06-01 00:25:17] INFO     - Data updated successfully for Rashid Khan in Points - 757 points and 117 dot balls!
[2026-06-01 00:25:17] DEBUG    - Sleeping 3s before next update.
[2026-06-01 00:25:20] DEBUG    - ===============================================================
[2026-06-01 00:25:20] INFO     - Processing count= 43
[2026-06-01 00:25:20] INFO     - Processing player of KKR : 'Cameron Green' | 705 points | team: KKR
[2026-06-01 00:25:20] DEBUG    - Match found for Cameron Green in Points at row 47
[2026-06-01 00:25:20] INFO     - No update needed for Cameron Green in Points as points are unchanged.
[2026-06-01 00:25:20] DEBUG    - ===============================================================
[2026-06-01 00:25:20] INFO     - Processing count= 44
[2026-06-01 00:25:20] INFO     - Processing player of KKR : 'Varun Chakaravarthy' | 353 points | team: KKR
[2026-06-01 00:25:20] DEBUG    - Match found for Varun Chakaravarthy in Points at row 48
[2026-06-01 00:25:20] INFO     - No update needed for Varun Chakaravarthy in Points as points are unchanged.
[2026-06-01 00:25:20] DEBUG    - ===============================================================
[2026-06-01 00:25:20] INFO     - Processing count= 45
[2026-06-01 00:25:20] INFO     - Processing player of LSG : 'Digvesh Singh' | 189 points | team: LSG
[2026-06-01 00:25:20] DEBUG    - Match found for Digvesh Singh in Points at row 49
[2026-06-01 00:25:20] INFO     - No update needed for Digvesh Singh in Points as points are unchanged.
[2026-06-01 00:25:20] DEBUG    - ===============================================================
[2026-06-01 00:25:20] INFO     - Processing count= 46
[2026-06-01 00:25:20] INFO     - Processing player of LSG : 'Rishabh Pant' | 560 points | team: LSG
[2026-06-01 00:25:20] DEBUG    - Match found for Rishabh Pant in Points at row 50
[2026-06-01 00:25:20] INFO     - No update needed for Rishabh Pant in Points as points are unchanged.
[2026-06-01 00:25:20] DEBUG    - ===============================================================
[2026-06-01 00:25:20] INFO     - Processing count= 47
[2026-06-01 00:25:20] INFO     - Processing player of PBSK : 'Arshdeep Singh' | 427 points | team: PBSK
[2026-06-01 00:25:20] DEBUG    - Match found for Arshdeep Singh in Points at row 51
[2026-06-01 00:25:20] INFO     - No update needed for Arshdeep Singh in Points as points are unchanged.
[2026-06-01 00:25:20] DEBUG    - ===============================================================
[2026-06-01 00:25:20] INFO     - Processing count= 48
[2026-06-01 00:25:20] INFO     - Processing player of RCB : 'Krunal Pandya' | 748 points | team: RCB
[2026-06-01 00:25:20] DEBUG    - Match found for Krunal Pandya in Points at row 52
[2026-06-01 00:25:21] INFO     - Points gained for Krunal Pandya in Points: 41 (Points: 748, Dot Balls: 88, Previous Total: 795)
[2026-06-01 00:25:21] INFO     - Data updated successfully for Krunal Pandya in Points - 748 points and 88 dot balls!
[2026-06-01 00:25:21] DEBUG    - Sleeping 3s before next update.
[2026-06-01 00:25:24] DEBUG    - ===============================================================
[2026-06-01 00:25:24] INFO     - Processing count= 49
[2026-06-01 00:25:24] INFO     - Processing player of RCB : 'Rajat Patidar' | 845 points | team: RCB
[2026-06-01 00:25:24] DEBUG    - Match found for Rajat Patidar in Points at row 53
[2026-06-01 00:25:25] INFO     - Points gained for Rajat Patidar in Points: 38 (Points: 845, Dot Balls: 0, Previous Total: 807)
[2026-06-01 00:25:25] INFO     - Data updated successfully for Rajat Patidar in Points - 845 points and 0 dot balls!
[2026-06-01 00:25:25] DEBUG    - Sleeping 3s before next update.
[2026-06-01 00:25:28] DEBUG    - ===============================================================
[2026-06-01 00:25:28] INFO     - Processing count= 50
[2026-06-01 00:25:28] INFO     - Processing player of RR : 'Yashasvi Jaiswal' | 693 points | team: RR
[2026-06-01 00:25:28] DEBUG    - Match found for Yashasvi Jaiswal in Points at row 54
[2026-06-01 00:25:28] INFO     - No update needed for Yashasvi Jaiswal in Points as points are unchanged.
[2026-06-01 00:25:28] DEBUG    - ===============================================================
[2026-06-01 00:25:28] INFO     - Processing count= 51
[2026-06-01 00:25:28] INFO     - Processing player of SRH : 'Travis Head' | 651 points | team: SRH
[2026-06-01 00:25:28] DEBUG    - Match found for Travis Head in Points at row 55
[2026-06-01 00:25:28] INFO     - No update needed for Travis Head in Points as points are unchanged.
[2026-06-01 00:25:28] DEBUG    - ===============================================================
[2026-06-01 00:25:28] INFO     - Processing count= 52
[2026-06-01 00:25:28] INFO     - Processing player of SRH : 'Nitish Kumar Reddy' | 741 points | team: SRH
[2026-06-01 00:25:28] DEBUG    - Match found for Nitish Kumar Reddy in Points at row 56
[2026-06-01 00:25:28] INFO     - No update needed for Nitish Kumar Reddy in Points as points are unchanged.
[2026-06-01 00:25:28] DEBUG    - ===============================================================
[2026-06-01 00:25:28] INFO     - Processing count= 53
[2026-06-01 00:25:28] INFO     - Processing player of MI : 'Naman Dhir' | 553 points | team: MI
[2026-06-01 00:25:28] DEBUG    - Match found for Naman Dhir in Points at row 57
[2026-06-01 00:25:28] INFO     - No update needed for Naman Dhir in Points as points are unchanged.
[2026-06-01 00:25:28] DEBUG    - ===============================================================
[2026-06-01 00:25:28] INFO     - Processing count= 54
[2026-06-01 00:25:28] INFO     - Processing player of KKR : 'Finn Allen' | 552 points | team: KKR
[2026-06-01 00:25:28] DEBUG    - Match found for Finn Allen in Points at row 58
[2026-06-01 00:25:28] INFO     - No update needed for Finn Allen in Points as points are unchanged.
[2026-06-01 00:25:28] DEBUG    - ===============================================================
[2026-06-01 00:25:28] INFO     - Processing count= 55
[2026-06-01 00:25:28] INFO     - Processing player of GT : 'Rahul Tewatia' | 320 points | team: GT
[2026-06-01 00:25:28] DEBUG    - Match found for Rahul Tewatia in Points at row 59
[2026-06-01 00:25:30] INFO     - Points gained for Rahul Tewatia in Points: 12 (Points: 320, Dot Balls: 0, Previous Total: 308)
[2026-06-01 00:25:30] INFO     - Data updated successfully for Rahul Tewatia in Points - 320 points and 0 dot balls!
[2026-06-01 00:25:30] DEBUG    - Sleeping 3s before next update.
[2026-06-01 00:25:33] DEBUG    - ===============================================================
[2026-06-01 00:25:33] INFO     - Processing count= 56
[2026-06-01 00:25:33] INFO     - Processing player of GT : 'Jason Holder' | 675 points | team: GT
[2026-06-01 00:25:33] DEBUG    - Match found for Jason Holder in Points at row 60
[2026-06-01 00:25:34] INFO     - Points gained for Jason Holder in Points: 17 (Points: 675, Dot Balls: 94, Previous Total: 752)
[2026-06-01 00:25:34] INFO     - Data updated successfully for Jason Holder in Points - 675 points and 94 dot balls!
[2026-06-01 00:25:34] DEBUG    - Sleeping 3s before next update.
[2026-06-01 00:25:37] DEBUG    - ===============================================================
[2026-06-01 00:25:37] INFO     - Processing count= 57
[2026-06-01 00:25:37] INFO     - Processing player of CSK : 'Dewald Brevis' | 357 points | team: CSK
[2026-06-01 00:25:37] DEBUG    - Match found for Dewald Brevis in Points at row 61
[2026-06-01 00:25:37] INFO     - No update needed for Dewald Brevis in Points as points are unchanged.
[2026-06-01 00:25:37] DEBUG    - ===============================================================
[2026-06-01 00:25:37] INFO     - Processing count= 58
[2026-06-01 00:25:37] INFO     - Processing player of CSK : 'Noor Ahmad' | 426 points | team: CSK
[2026-06-01 00:25:37] DEBUG    - Match found for Noor Ahmad in Points at row 62
[2026-06-01 00:25:37] INFO     - No update needed for Noor Ahmad in Points as points are unchanged.
[2026-06-01 00:25:37] DEBUG    - ===============================================================
[2026-06-01 00:25:37] INFO     - Processing count= 59
[2026-06-01 00:25:37] INFO     - Processing player of DC : 'Auqib Nabi' | 30 points | team: DC
[2026-06-01 00:25:37] DEBUG    - Match found for Auqib Nabi in Points at row 63
[2026-06-01 00:25:37] INFO     - No update needed for Auqib Nabi in Points as points are unchanged.
[2026-06-01 00:25:37] DEBUG    - ===============================================================
[2026-06-01 00:25:37] INFO     - Processing count= 60
[2026-06-01 00:25:37] INFO     - Processing player of GT : 'Jos Buttler' | 1037 points | team: GT
[2026-06-01 00:25:37] DEBUG    - Match found for Jos Buttler in Points at row 64
[2026-06-01 00:25:38] INFO     - Points gained for Jos Buttler in Points: 32 (Points: 1037, Dot Balls: 0, Previous Total: 1005)
[2026-06-01 00:25:38] INFO     - Data updated successfully for Jos Buttler in Points - 1037 points and 0 dot balls!
[2026-06-01 00:25:38] DEBUG    - Sleeping 3s before next update.
[2026-06-01 00:25:41] DEBUG    - ===============================================================
[2026-06-01 00:25:41] INFO     - Processing count= 61
[2026-06-01 00:25:41] INFO     - Processing player of GT : 'Prasidh Krishna' | 493 points | team: GT
[2026-06-01 00:25:41] DEBUG    - Match found for Prasidh Krishna in Points at row 65
[2026-06-01 00:25:41] INFO     - Points gained for Prasidh Krishna in Points: 7 (Points: 493, Dot Balls: 79, Previous Total: 565)
[2026-06-01 00:25:41] INFO     - Data updated successfully for Prasidh Krishna in Points - 493 points and 79 dot balls!
[2026-06-01 00:25:41] DEBUG    - Sleeping 3s before next update.
[2026-06-01 00:25:44] DEBUG    - ===============================================================
[2026-06-01 00:25:44] INFO     - Processing count= 62
[2026-06-01 00:25:44] INFO     - Processing player of KKR : 'Vaibhav Arora' | 330 points | team: KKR
[2026-06-01 00:25:44] DEBUG    - Match found for Vaibhav Arora in Points at row 66
[2026-06-01 00:25:44] INFO     - No update needed for Vaibhav Arora in Points as points are unchanged.
[2026-06-01 00:25:44] DEBUG    - ===============================================================
[2026-06-01 00:25:44] INFO     - Processing count= 63
[2026-06-01 00:25:44] INFO     - Processing player of LSG : 'Aiden Markram' | 423 points | team: LSG
[2026-06-01 00:25:44] DEBUG    - Match found for Aiden Markram in Points at row 67
[2026-06-01 00:25:44] INFO     - No update needed for Aiden Markram in Points as points are unchanged.
[2026-06-01 00:25:44] DEBUG    - ===============================================================
[2026-06-01 00:25:44] INFO     - Processing count= 64
[2026-06-01 00:25:44] INFO     - Processing player of MI : 'Will Jacks' | 287 points | team: MI
[2026-06-01 00:25:44] DEBUG    - Match found for Will Jacks in Points at row 68
[2026-06-01 00:25:44] INFO     - No update needed for Will Jacks in Points as points are unchanged.
[2026-06-01 00:25:44] DEBUG    - ===============================================================
[2026-06-01 00:25:44] INFO     - Processing count= 65
[2026-06-01 00:25:44] INFO     - Processing player of PBSK : 'Nehal Wadhera' | 127 points | team: PBSK
[2026-06-01 00:25:44] DEBUG    - Match found for Nehal Wadhera in Points at row 69
[2026-06-01 00:25:44] INFO     - No update needed for Nehal Wadhera in Points as points are unchanged.
[2026-06-01 00:25:44] DEBUG    - ===============================================================
[2026-06-01 00:25:44] INFO     - Processing count= 66
[2026-06-01 00:25:44] INFO     - Processing player of PBSK : 'Shreyas Iyer' | 815 points | team: PBSK
[2026-06-01 00:25:44] DEBUG    - Match found for Shreyas Iyer in Points at row 70
[2026-06-01 00:25:44] INFO     - No update needed for Shreyas Iyer in Points as points are unchanged.
[2026-06-01 00:25:44] DEBUG    - ===============================================================
[2026-06-01 00:25:44] INFO     - Processing count= 67
[2026-06-01 00:25:44] INFO     - Processing player of RCB : 'Devdutt Padikkal' | 835 points | team: RCB
[2026-06-01 00:25:44] DEBUG    - Match found for Devdutt Padikkal in Points at row 71
[2026-06-01 00:25:45] INFO     - Points gained for Devdutt Padikkal in Points: 13 (Points: 835, Dot Balls: 0, Previous Total: 822)
[2026-06-01 00:25:45] INFO     - Data updated successfully for Devdutt Padikkal in Points - 835 points and 0 dot balls!
[2026-06-01 00:25:45] DEBUG    - Sleeping 3s before next update.
[2026-06-01 00:25:48] DEBUG    - ===============================================================
[2026-06-01 00:25:48] INFO     - Processing count= 68
[2026-06-01 00:25:48] INFO     - Processing player of RCB : 'Virat Kohli' | 1060 points | team: RCB
[2026-06-01 00:25:48] DEBUG    - Match found for Virat Kohli in Points at row 72
[2026-06-01 00:25:49] INFO     - Points gained for Virat Kohli in Points: 108 (Points: 1060, Dot Balls: 0, Previous Total: 952)
[2026-06-01 00:25:49] INFO     - Data updated successfully for Virat Kohli in Points - 1060 points and 0 dot balls!
[2026-06-01 00:25:49] DEBUG    - Sleeping 3s before next update.
[2026-06-01 00:25:52] DEBUG    - ===============================================================
[2026-06-01 00:25:52] INFO     - Processing count= 69
[2026-06-01 00:25:52] INFO     - Processing player of RR : 'Riyan Parag' | 559 points | team: RR
[2026-06-01 00:25:52] DEBUG    - Match found for Riyan Parag in Points at row 73
[2026-06-01 00:25:52] INFO     - No update needed for Riyan Parag in Points as points are unchanged.
[2026-06-01 00:25:52] DEBUG    - ===============================================================
[2026-06-01 00:25:52] INFO     - Processing count= 70
[2026-06-01 00:25:52] INFO     - Processing player of SRH : 'Harshal Patel' | 24 points | team: SRH
[2026-06-01 00:25:52] DEBUG    - Match found for Harshal Patel in Points at row 74
[2026-06-01 00:25:52] INFO     - No update needed for Harshal Patel in Points as points are unchanged.
[2026-06-01 00:25:52] DEBUG    - ===============================================================
[2026-06-01 00:25:52] INFO     - Processing count= 71
[2026-06-01 00:25:52] INFO     - Processing player of SRH : 'Heinrich Klaasen' | 1016 points | team: SRH
[2026-06-01 00:25:52] DEBUG    - Match found for Heinrich Klaasen in Points at row 75
[2026-06-01 00:25:52] INFO     - No update needed for Heinrich Klaasen in Points as points are unchanged.
[2026-06-01 00:25:52] DEBUG    - ===============================================================
[2026-06-01 00:25:52] INFO     - Processing count= 72
[2026-06-01 00:25:52] INFO     - Processing player of DC : 'Nitish Rana' | 374 points | team: DC
[2026-06-01 00:25:52] DEBUG    - Match found for Nitish Rana in Points at row 76
[2026-06-01 00:25:52] INFO     - No update needed for Nitish Rana in Points as points are unchanged.
[2026-06-01 00:25:52] DEBUG    - ===============================================================
[2026-06-01 00:25:52] INFO     - Processing count= 73
[2026-06-01 00:25:52] INFO     - Processing player of MI : 'Trent Boult' | 84 points | team: MI
[2026-06-01 00:25:52] DEBUG    - Match found for Trent Boult in Points at row 77
[2026-06-01 00:25:52] INFO     - No update needed for Trent Boult in Points as points are unchanged.
[2026-06-01 00:25:52] DEBUG    - ===============================================================
[2026-06-01 00:25:52] INFO     - Processing count= 74
[2026-06-01 00:25:52] INFO     - Processing player of RCB : 'Venkatesh Iyer' | 332 points | team: RCB
[2026-06-01 00:25:52] DEBUG    - Match found for Venkatesh Iyer in Points at row 78
[2026-06-01 00:25:53] INFO     - Points gained for Venkatesh Iyer in Points: 54 (Points: 332, Dot Balls: 0, Previous Total: 278)
[2026-06-01 00:25:53] INFO     - Data updated successfully for Venkatesh Iyer in Points - 332 points and 0 dot balls!
[2026-06-01 00:25:53] DEBUG    - Sleeping 3s before next update.
[2026-06-01 00:25:56] DEBUG    - ===============================================================
[2026-06-01 00:25:56] INFO     - Processing count= 75
[2026-06-01 00:25:56] INFO     - 
Skipping Yash Dayal as points is zero.
[2026-06-01 00:25:56] DEBUG    - ===============================================================
[2026-06-01 00:25:56] INFO     - Processing count= 76
[2026-06-01 00:25:56] INFO     - Processing player of MI : 'Shardul Thakur' | 366 points | team: MI
[2026-06-01 00:25:56] DEBUG    - Match found for Shardul Thakur in Points at row 80
[2026-06-01 00:25:56] INFO     - No update needed for Shardul Thakur in Points as points are unchanged.
[2026-06-01 00:25:56] DEBUG    - ===============================================================
[2026-06-01 00:25:56] INFO     - Processing count= 77
[2026-06-01 00:25:56] INFO     - Processing player of CSK : 'Rahul Chahar' | 8 points | team: CSK
[2026-06-01 00:25:56] DEBUG    - Match found for Rahul Chahar in Points at row 81
[2026-06-01 00:25:56] INFO     - No update needed for Rahul Chahar in Points as points are unchanged.
[2026-06-01 00:25:56] DEBUG    - ===============================================================
[2026-06-01 00:25:56] INFO     - Processing count= 78
[2026-06-01 00:25:56] INFO     - Processing player of CSK : 'Khaleel Ahmed' | 70 points | team: CSK
[2026-06-01 00:25:56] DEBUG    - Match found for Khaleel Ahmed in Points at row 82
[2026-06-01 00:25:56] INFO     - No update needed for Khaleel Ahmed in Points as points are unchanged.
[2026-06-01 00:25:56] DEBUG    - ===============================================================
[2026-06-01 00:25:56] INFO     - Processing count= 79
[2026-06-01 00:25:56] INFO     - Processing player of DC : 'Tristan Stubbs' | 459 points | team: DC
[2026-06-01 00:25:56] DEBUG    - Match found for Tristan Stubbs in Points at row 83
[2026-06-01 00:25:56] INFO     - No update needed for Tristan Stubbs in Points as points are unchanged.
[2026-06-01 00:25:56] DEBUG    - ===============================================================
[2026-06-01 00:25:56] INFO     - Processing count= 80
[2026-06-01 00:25:56] INFO     - Processing player of DC : 'Kuldeep Yadav' | 327 points | team: DC
[2026-06-01 00:25:56] DEBUG    - Match found for Kuldeep Yadav in Points at row 84
[2026-06-01 00:25:56] INFO     - No update needed for Kuldeep Yadav in Points as points are unchanged.
[2026-06-01 00:25:56] DEBUG    - ===============================================================
[2026-06-01 00:25:56] INFO     - Processing count= 81
[2026-06-01 00:25:56] INFO     - Processing player of GT : 'Shubman Gill' | 1178 points | team: GT
[2026-06-01 00:25:56] DEBUG    - Match found for Shubman Gill in Points at row 85
[2026-06-01 00:25:57] INFO     - Points gained for Shubman Gill in Points: 16 (Points: 1178, Dot Balls: 0, Previous Total: 1162)
[2026-06-01 00:25:57] INFO     - Data updated successfully for Shubman Gill in Points - 1178 points and 0 dot balls!
[2026-06-01 00:25:57] DEBUG    - Sleeping 3s before next update.
[2026-06-01 00:26:00] DEBUG    - ===============================================================
[2026-06-01 00:26:00] INFO     - Processing count= 82
[2026-06-01 00:26:00] INFO     - Processing player of GT : 'Mohammed Siraj' | 603 points | team: GT
[2026-06-01 00:26:00] DEBUG    - Match found for Mohammed Siraj in Points at row 86
[2026-06-01 00:26:01] INFO     - Points gained for Mohammed Siraj in Points: 39 (Points: 603, Dot Balls: 172, Previous Total: 736)
[2026-06-01 00:26:01] INFO     - Data updated successfully for Mohammed Siraj in Points - 603 points and 172 dot balls!
[2026-06-01 00:26:01] DEBUG    - Sleeping 3s before next update.
[2026-06-01 00:26:04] DEBUG    - ===============================================================
[2026-06-01 00:26:04] INFO     - Processing count= 83
[2026-06-01 00:26:04] INFO     - Processing player of KKR : 'Angkrish Raghuvanshi' | 676 points | team: KKR
[2026-06-01 00:26:04] DEBUG    - Match found for Angkrish Raghuvanshi in Points at row 87
[2026-06-01 00:26:04] INFO     - No update needed for Angkrish Raghuvanshi in Points as points are unchanged.
[2026-06-01 00:26:04] DEBUG    - ===============================================================
[2026-06-01 00:26:04] INFO     - Processing count= 84
[2026-06-01 00:26:04] INFO     - Processing player of LSG : 'Mitchell Marsh' | 854 points | team: LSG
[2026-06-01 00:26:04] DEBUG    - Match found for Mitchell Marsh in Points at row 88
[2026-06-01 00:26:04] INFO     - No update needed for Mitchell Marsh in Points as points are unchanged.
[2026-06-01 00:26:04] DEBUG    - ===============================================================
[2026-06-01 00:26:04] INFO     - Processing count= 85
[2026-06-01 00:26:04] INFO     - Processing player of LSG : 'Nicholas Pooran' | 425 points | team: LSG
[2026-06-01 00:26:04] DEBUG    - Match found for Nicholas Pooran in Points at row 89
[2026-06-01 00:26:04] INFO     - No update needed for Nicholas Pooran in Points as points are unchanged.
[2026-06-01 00:26:04] DEBUG    - ===============================================================
[2026-06-01 00:26:04] INFO     - Processing count= 86
[2026-06-01 00:26:04] INFO     - Processing player of PBSK : 'Marcus Stoinis' | 405 points | team: PBSK
[2026-06-01 00:26:04] DEBUG    - Match found for Marcus Stoinis in Points at row 90
[2026-06-01 00:26:04] INFO     - No update needed for Marcus Stoinis in Points as points are unchanged.
[2026-06-01 00:26:04] DEBUG    - ===============================================================
[2026-06-01 00:26:04] INFO     - Processing count= 87
[2026-06-01 00:26:04] INFO     - Processing player of PBSK : 'Prabhsimran Singh' | 831 points | team: PBSK
[2026-06-01 00:26:04] DEBUG    - Match found for Prabhsimran Singh in Points at row 91
[2026-06-01 00:26:04] INFO     - No update needed for Prabhsimran Singh in Points as points are unchanged.
[2026-06-01 00:26:04] DEBUG    - ===============================================================
[2026-06-01 00:26:04] INFO     - Processing count= 88
[2026-06-01 00:26:04] INFO     - Processing player of PBSK : 'Shashank Singh' | 333 points | team: PBSK
[2026-06-01 00:26:04] DEBUG    - Match found for Shashank Singh in Points at row 92
[2026-06-01 00:26:04] INFO     - No update needed for Shashank Singh in Points as points are unchanged.
[2026-06-01 00:26:04] DEBUG    - ===============================================================
[2026-06-01 00:26:04] INFO     - Processing count= 89
[2026-06-01 00:26:04] INFO     - Processing player of RCB : 'Jitesh Sharma' | 357 points | team: RCB
[2026-06-01 00:26:04] DEBUG    - Match found for Jitesh Sharma in Points at row 93
[2026-06-01 00:26:05] INFO     - Points gained for Jitesh Sharma in Points: 36 (Points: 357, Dot Balls: 0, Previous Total: 321)
[2026-06-01 00:26:05] INFO     - Data updated successfully for Jitesh Sharma in Points - 357 points and 0 dot balls!
[2026-06-01 00:26:05] DEBUG    - Sleeping 3s before next update.
[2026-06-01 00:26:08] DEBUG    - ===============================================================
[2026-06-01 00:26:08] INFO     - Processing count= 90
[2026-06-01 00:26:08] INFO     - Processing player of RR : 'Jofra Archer' | 925 points | team: RR
[2026-06-01 00:26:08] DEBUG    - Match found for Jofra Archer in Points at row 94
[2026-06-01 00:26:08] INFO     - No update needed for Jofra Archer in Points as points are unchanged.
[2026-06-01 00:26:08] DEBUG    - ===============================================================
[2026-06-01 00:26:08] INFO     - Processing count= 91
[2026-06-01 00:26:08] INFO     - Processing player of RR : 'Ravindra Jadeja' | 662 points | team: RR
[2026-06-01 00:26:08] DEBUG    - Match found for Ravindra Jadeja in Points at row 95
[2026-06-01 00:26:08] INFO     - No update needed for Ravindra Jadeja in Points as points are unchanged.
[2026-06-01 00:26:08] DEBUG    - ===============================================================
[2026-06-01 00:26:08] INFO     - Processing count= 92
[2026-06-01 00:26:08] INFO     - Processing player of LSG : 'Mohammad Shami' | 411 points | team: LSG
[2026-06-01 00:26:08] DEBUG    - Match found for Mohammad Shami in Points at row 96
[2026-06-01 00:26:08] INFO     - No update needed for Mohammad Shami in Points as points are unchanged.
[2026-06-01 00:26:08] DEBUG    - ===============================================================
[2026-06-01 00:26:08] INFO     - Processing count= 93
[2026-06-01 00:26:08] INFO     - Processing player of GT : 'Kagiso Rabada' | 937 points | team: GT
[2026-06-01 00:26:08] DEBUG    - Match found for Kagiso Rabada in Points at row 97
[2026-06-01 00:26:09] INFO     - Points gained for Kagiso Rabada in Points: 49 (Points: 937, Dot Balls: 172, Previous Total: 1060)
[2026-06-01 00:26:09] INFO     - Data updated successfully for Kagiso Rabada in Points - 937 points and 172 dot balls!
[2026-06-01 00:26:09] DEBUG    - Sleeping 3s before next update.
[2026-06-01 00:26:12] DEBUG    - ===============================================================
[2026-06-01 00:26:12] INFO     - Processing count= 94
[2026-06-01 00:26:12] INFO     - Processing player of KKR : 'Rinku Singh' | 536 points | team: KKR
[2026-06-01 00:26:12] DEBUG    - Match found for Rinku Singh in Points at row 98
[2026-06-01 00:26:12] INFO     - No update needed for Rinku Singh in Points as points are unchanged.
[2026-06-01 00:26:12] DEBUG    - ===============================================================
[2026-06-01 00:26:12] INFO     - Processing count= 95
[2026-06-01 00:26:12] INFO     - Processing player of CSK : 'Kartik Sharma' | 439 points | team: CSK
[2026-06-01 00:26:12] DEBUG    - Match found for Kartik Sharma in Points at row 99
[2026-06-01 00:26:12] INFO     - No update needed for Kartik Sharma in Points as points are unchanged.
[2026-06-01 00:26:12] DEBUG    - ===============================================================
[2026-06-01 00:26:12] INFO     - Processing count= 96
[2026-06-01 00:26:12] INFO     - Processing player of DC : 'Ashutosh Sharma' | 286 points | team: DC
[2026-06-01 00:26:12] DEBUG    - Match found for Ashutosh Sharma in Points at row 100
[2026-06-01 00:26:12] INFO     - No update needed for Ashutosh Sharma in Points as points are unchanged.
[2026-06-01 00:26:12] DEBUG    - ===============================================================
[2026-06-01 00:26:12] INFO     - Processing count= 97
[2026-06-01 00:26:12] INFO     - Processing player of MI : 'Corbin Bosch' | 461 points | team: MI
[2026-06-01 00:26:12] DEBUG    - Match found for Corbin Bosch in Points at row 101
[2026-06-01 00:26:12] INFO     - No update needed for Corbin Bosch in Points as points are unchanged.
[2026-06-01 00:26:12] DEBUG    - ===============================================================
[2026-06-01 00:26:12] INFO     - Processing count= 98
[2026-06-01 00:26:12] INFO     - Processing player of RCB : 'Tim David' | 509 points | team: RCB
[2026-06-01 00:26:12] DEBUG    - Match found for Tim David in Points at row 102
[2026-06-01 00:26:13] INFO     - Points gained for Tim David in Points: 35 (Points: 509, Dot Balls: 1, Previous Total: 475)
[2026-06-01 00:26:13] INFO     - Data updated successfully for Tim David in Points - 509 points and 1 dot balls!
[2026-06-01 00:26:13] DEBUG    - Sleeping 3s before next update.
[2026-06-01 00:26:16] DEBUG    - ===============================================================
[2026-06-01 00:26:16] INFO     - Processing count= 99
[2026-06-01 00:26:16] INFO     - Processing player of PBSK : 'Cooper Connolly' | 790 points | team: PBSK
[2026-06-01 00:26:16] DEBUG    - Match found for Cooper Connolly in Points at row 103
[2026-06-01 00:26:16] INFO     - No update needed for Cooper Connolly in Points as points are unchanged.
[2026-06-01 00:26:16] DEBUG    - ===============================================================
[2026-06-01 00:26:16] INFO     - Processing count= 100
[2026-06-01 00:26:16] INFO     - Processing player of SRH : 'Liam Livingstone' | 57 points | team: SRH
[2026-06-01 00:26:16] DEBUG    - Match found for Liam Livingstone in Points at row 104
[2026-06-01 00:26:16] INFO     - No update needed for Liam Livingstone in Points as points are unchanged.
[2026-06-01 00:26:16] DEBUG    - ===============================================================
[2026-06-01 00:26:16] INFO     - Processing count= 101
[2026-06-01 00:26:16] INFO     - Processing player of PBSK : 'Vijaykumar Vyshak' | 267 points | team: PBSK
[2026-06-01 00:26:16] DEBUG    - Match found for Vijaykumar Vyshak in Points at row 105
[2026-06-01 00:26:16] INFO     - No update needed for Vijaykumar Vyshak in Points as points are unchanged.
[2026-06-01 00:26:16] DEBUG    - ===============================================================
[2026-06-01 00:26:16] INFO     - Processing count= 102
[2026-06-01 00:26:16] INFO     - Processing player of RCB : 'Suyash Sharma' | 277 points | team: RCB
[2026-06-01 00:26:16] DEBUG    - Match found for Suyash Sharma in Points at row 106
[2026-06-01 00:26:16] INFO     - No update needed for Suyash Sharma in Points as points are unchanged.
[2026-06-01 00:26:16] DEBUG    - ===============================================================
[2026-06-01 00:26:16] INFO     - Processing count= 103
[2026-06-01 00:26:16] INFO     - Processing player of DC : 'David Miller' | 384 points | team: DC
[2026-06-01 00:26:16] DEBUG    - Match found for David Miller in Points at row 107
[2026-06-01 00:26:16] INFO     - No update needed for David Miller in Points as points are unchanged.
[2026-06-01 00:26:16] INFO     - Total players processed for team 'CSK': 10
[2026-06-01 00:26:16] INFO     - Total players processed for team 'GT': 10
[2026-06-01 00:26:16] INFO     - Total players processed for team 'LSG': 8
[2026-06-01 00:26:16] INFO     - Total players processed for team 'MI': 11
[2026-06-01 00:26:16] INFO     - Total players processed for team 'PBSK': 12
[2026-06-01 00:26:16] INFO     - Total players processed for team 'RCB': 13
[2026-06-01 00:26:16] INFO     - Total players processed for team 'RR': 8
[2026-06-01 00:26:16] INFO     - Total players processed for team 'SRH': 8
[2026-06-01 00:26:16] INFO     - Total players processed for team 'KKR': 9
[2026-06-01 00:26:16] INFO     - Total players processed for team 'DC': 10
[2026-06-01 00:26:16] DEBUG    - ===============================================================
[2026-06-01 00:26:16] WARNING  - Player not updated: Shivam Dube | Reason: Points unchanged
[2026-06-01 00:26:16] WARNING  - Player not updated: Sanju Samson | Reason: Points unchanged
[2026-06-01 00:26:16] WARNING  - Player not updated: Mohsin Khan | Reason: Points unchanged
[2026-06-01 00:26:16] WARNING  - Player not updated: Tilak Varma | Reason: Points unchanged
[2026-06-01 00:26:16] WARNING  - Player not updated: Quinton de Kock | Reason: Points unchanged
[2026-06-01 00:26:16] WARNING  - Player not updated: Jasprit Bumrah | Reason: Points unchanged
[2026-06-01 00:26:16] WARNING  - Player not updated: Harpreet Brar | Reason: Points unchanged
[2026-06-01 00:26:16] WARNING  - Player not updated: Yuzvendra Chahal | Reason: Points unchanged
[2026-06-01 00:26:16] WARNING  - Player not updated: Vaibhav Sooryavanshi | Reason: Points unchanged
[2026-06-01 00:26:16] WARNING  - Player not updated: Ravi Bishnoi | Reason: Points unchanged
[2026-06-01 00:26:16] WARNING  - Player not updated: Abhishek Sharma | Reason: Points unchanged
[2026-06-01 00:26:16] WARNING  - Player not updated: Ishan Kishan | Reason: Points unchanged
[2026-06-01 00:26:16] WARNING  - Player not updated: Pat Cummins | Reason: Points unchanged
[2026-06-01 00:26:16] WARNING  - Player not updated: Matheesha Pathirana | Reason: Points unchanged
[2026-06-01 00:26:16] WARNING  - Player not updated: Nathan Ellis | Reason: Points is zero
[2026-06-01 00:26:16] WARNING  - Player not updated: Yudhvir Singh | Reason: Points is zero
[2026-06-01 00:26:16] WARNING  - Player not updated: Ayush Mhatre | Reason: Points unchanged
[2026-06-01 00:26:16] WARNING  - Player not updated: MS Dhoni | Reason: Points is zero
[2026-06-01 00:26:16] WARNING  - Player not updated: Mitchell Starc | Reason: Points unchanged
[2026-06-01 00:26:16] WARNING  - Player not updated: Glenn Phillips | Reason: Points unchanged
[2026-06-01 00:26:16] WARNING  - Player not updated: Sunil Narine | Reason: Points unchanged
[2026-06-01 00:26:16] WARNING  - Player not updated: Ajinkya Rahane | Reason: Points unchanged
[2026-06-01 00:26:16] WARNING  - Player not updated: Ayush Badoni | Reason: Points unchanged
[2026-06-01 00:26:16] WARNING  - Player not updated: Hardik Pandya | Reason: Points unchanged
[2026-06-01 00:26:16] WARNING  - Player not updated: Suryakumar Yadav | Reason: Points unchanged
[2026-06-01 00:26:16] WARNING  - Player not updated: Rohit Sharma | Reason: Points unchanged
[2026-06-01 00:26:16] WARNING  - Player not updated: Priyansh Arya | Reason: Points unchanged
[2026-06-01 00:26:16] WARNING  - Player not updated: Phil Salt | Reason: Points unchanged
[2026-06-01 00:26:16] WARNING  - Player not updated: Shimron Hetmyer | Reason: Points unchanged
[2026-06-01 00:26:16] WARNING  - Player not updated: Sandeep Sharma | Reason: Points unchanged
[2026-06-01 00:26:16] WARNING  - Player not updated: Marco Jansen | Reason: Points unchanged
[2026-06-01 00:26:16] WARNING  - Player not updated: Prashant Veer | Reason: Points unchanged
[2026-06-01 00:26:16] WARNING  - Player not updated: Ruturaj Gaikwad | Reason: Points unchanged
[2026-06-01 00:26:16] WARNING  - Player not updated: Axar Patel | Reason: Points unchanged
[2026-06-01 00:26:16] WARNING  - Player not updated: Abishek Porel | Reason: Points unchanged
[2026-06-01 00:26:16] WARNING  - Player not updated: KL Rahul | Reason: Points unchanged
[2026-06-01 00:26:16] WARNING  - Player not updated: Cameron Green | Reason: Points unchanged
[2026-06-01 00:26:16] WARNING  - Player not updated: Varun Chakaravarthy | Reason: Points unchanged
[2026-06-01 00:26:16] WARNING  - Player not updated: Digvesh Singh | Reason: Points unchanged
[2026-06-01 00:26:16] WARNING  - Player not updated: Rishabh Pant | Reason: Points unchanged
[2026-06-01 00:26:16] WARNING  - Player not updated: Arshdeep Singh | Reason: Points unchanged
[2026-06-01 00:26:16] WARNING  - Player not updated: Yashasvi Jaiswal | Reason: Points unchanged
[2026-06-01 00:26:16] WARNING  - Player not updated: Travis Head | Reason: Points unchanged
[2026-06-01 00:26:16] WARNING  - Player not updated: Nitish Kumar Reddy | Reason: Points unchanged
[2026-06-01 00:26:16] WARNING  - Player not updated: Naman Dhir | Reason: Points unchanged
[2026-06-01 00:26:16] WARNING  - Player not updated: Finn Allen | Reason: Points unchanged
[2026-06-01 00:26:16] WARNING  - Player not updated: Dewald Brevis | Reason: Points unchanged
[2026-06-01 00:26:16] WARNING  - Player not updated: Noor Ahmad | Reason: Points unchanged
[2026-06-01 00:26:16] WARNING  - Player not updated: Auqib Nabi | Reason: Points unchanged
[2026-06-01 00:26:16] WARNING  - Player not updated: Vaibhav Arora | Reason: Points unchanged
[2026-06-01 00:26:16] WARNING  - Player not updated: Aiden Markram | Reason: Points unchanged
[2026-06-01 00:26:16] WARNING  - Player not updated: Will Jacks | Reason: Points unchanged
[2026-06-01 00:26:16] WARNING  - Player not updated: Nehal Wadhera | Reason: Points unchanged
[2026-06-01 00:26:16] WARNING  - Player not updated: Shreyas Iyer | Reason: Points unchanged
[2026-06-01 00:26:16] WARNING  - Player not updated: Riyan Parag | Reason: Points unchanged
[2026-06-01 00:26:16] WARNING  - Player not updated: Harshal Patel | Reason: Points unchanged
[2026-06-01 00:26:16] WARNING  - Player not updated: Heinrich Klaasen | Reason: Points unchanged
[2026-06-01 00:26:16] WARNING  - Player not updated: Nitish Rana | Reason: Points unchanged
[2026-06-01 00:26:16] WARNING  - Player not updated: Trent Boult | Reason: Points unchanged
[2026-06-01 00:26:16] WARNING  - Player not updated: Yash Dayal | Reason: Points is zero
[2026-06-01 00:26:16] WARNING  - Player not updated: Shardul Thakur | Reason: Points unchanged
[2026-06-01 00:26:16] WARNING  - Player not updated: Rahul Chahar | Reason: Points unchanged
[2026-06-01 00:26:16] WARNING  - Player not updated: Khaleel Ahmed | Reason: Points unchanged
[2026-06-01 00:26:16] WARNING  - Player not updated: Tristan Stubbs | Reason: Points unchanged
[2026-06-01 00:26:16] WARNING  - Player not updated: Kuldeep Yadav | Reason: Points unchanged
[2026-06-01 00:26:16] WARNING  - Player not updated: Angkrish Raghuvanshi | Reason: Points unchanged
[2026-06-01 00:26:16] WARNING  - Player not updated: Mitchell Marsh | Reason: Points unchanged
[2026-06-01 00:26:16] WARNING  - Player not updated: Nicholas Pooran | Reason: Points unchanged
[2026-06-01 00:26:16] WARNING  - Player not updated: Marcus Stoinis | Reason: Points unchanged
[2026-06-01 00:26:16] WARNING  - Player not updated: Prabhsimran Singh | Reason: Points unchanged
[2026-06-01 00:26:16] WARNING  - Player not updated: Shashank Singh | Reason: Points unchanged
[2026-06-01 00:26:16] WARNING  - Player not updated: Jofra Archer | Reason: Points unchanged
[2026-06-01 00:26:16] WARNING  - Player not updated: Ravindra Jadeja | Reason: Points unchanged
[2026-06-01 00:26:16] WARNING  - Player not updated: Mohammad Shami | Reason: Points unchanged
[2026-06-01 00:26:16] WARNING  - Player not updated: Rinku Singh | Reason: Points unchanged
[2026-06-01 00:26:16] WARNING  - Player not updated: Kartik Sharma | Reason: Points unchanged
[2026-06-01 00:26:16] WARNING  - Player not updated: Ashutosh Sharma | Reason: Points unchanged
[2026-06-01 00:26:16] WARNING  - Player not updated: Corbin Bosch | Reason: Points unchanged
[2026-06-01 00:26:16] WARNING  - Player not updated: Cooper Connolly | Reason: Points unchanged
[2026-06-01 00:26:16] WARNING  - Player not updated: Liam Livingstone | Reason: Points unchanged
[2026-06-01 00:26:16] WARNING  - Player not updated: Vijaykumar Vyshak | Reason: Points unchanged
[2026-06-01 00:26:16] WARNING  - Player not updated: Suyash Sharma | Reason: Points unchanged
[2026-06-01 00:26:16] WARNING  - Player not updated: David Miller | Reason: Points unchanged
[2026-06-01 00:26:16] DEBUG    - ===============================================================
[2026-06-01 00:26:37] INFO     - TODAYS_DATE_LABEL updated to: 31/06
[2026-06-01 00:26:39] INFO     - Worksheets opened: ['Home', 'Data']
[2026-06-01 00:26:40] INFO     - Points Gained Today fetched: {'HW': 104, 'MC': 134, 'OL': 161, 'AS': 30, 'PA': 160}
[2026-06-01 00:26:40] ERROR    - Date column '31/06' not found in Data sheet headers: ['Team', 'Past Pt', '14/04', '15/04', '16/04', '17/04', '18/04', '19/04', '20/04', '21/04', '22/04', '23/04', '24/04', '25/04', '26/04', '27/04', '28/04', '29/04', '30/04', '01/05', '02/05', '03/05', '04/05', '05/05', '06/05', '07/05', '08/05', '09/05', '10/05', '11/05', '12/05', '13/05', '14/05', '15/05', '16/05', '17/05', '18/05', '19/05', '20/05', '21/05', '22/05', '23/05', '24/05', '25/05', '26/05', '27/05', '28/05', '29/05', '30/05', '31/05']
[2026-06-01 00:26:41] INFO     - TOP 12 points fetched: {'HW': 9002, 'OL': 8341, 'AS': 8155, 'PA': 7919, 'MC': 6245}
[2026-06-01 00:26:41] INFO     - Column mapping: {'HW': 2, 'MC': 3, 'OL': 4, 'AS': 5, 'PA': 6}
[2026-06-01 00:26:42] ERROR    - Today's date '31/06' not found in Data sheet Col A.
[2026-06-01 00:26:42] INFO     - ═════════════════════ All updates completed ═════════════════════
