[2026-05-18 00:50:07] INFO     - ═════════════════════ Process started ═════════════════════
[2026-05-18 00:50:08] INFO     - Excel loaded: 103 players, 103 bowlers from 'C:\Users\himan\Documents\UiPath\CrickInfo\Data\IPLPointsData.xlsx'
[2026-05-18 00:50:08] INFO     - Google Sheets authentication successful.
[2026-05-18 00:50:12] INFO     - Worksheets opened: ['Points', 'Home', 'Data']
[2026-05-18 00:50:15] INFO     - Updating previous points for all players before processing.
[2026-05-18 00:50:15] DEBUG    - ======================================================
[2026-05-18 00:50:19] DEBUG    - Updated previous points for 'Sai Sudharsan' at row 7: 758 → 841
[2026-05-18 00:50:19] DEBUG    - Sleeping 3s after updating previous points.
[2026-05-18 00:50:23] DEBUG    - Updated previous points for 'Matheesha Pathirana' at row 21: 0 → 8
[2026-05-18 00:50:23] DEBUG    - Sleeping 3s after updating previous points.
[2026-05-18 00:50:26] DEBUG    - Updated previous points for 'Sunil Narine' at row 28: 527 → 592
[2026-05-18 00:50:26] DEBUG    - Sleeping 3s after updating previous points.
[2026-05-18 00:50:30] DEBUG    - Updated previous points for 'Ajinkya Rahane' at row 29: 401 → 422
[2026-05-18 00:50:30] DEBUG    - Sleeping 3s after updating previous points.
[2026-05-18 00:50:33] DEBUG    - Updated previous points for 'Rashid Khan' at row 46: 676 → 686
[2026-05-18 00:50:33] DEBUG    - Sleeping 3s after updating previous points.
[2026-05-18 00:50:37] DEBUG    - Updated previous points for 'Cameron Green' at row 47: 557 → 670
[2026-05-18 00:50:37] DEBUG    - Sleeping 3s after updating previous points.
[2026-05-18 00:50:40] DEBUG    - Updated previous points for 'Varun Chakaravarthy' at row 48: 369 → 372
[2026-05-18 00:50:40] DEBUG    - Sleeping 3s after updating previous points.
[2026-05-18 00:50:44] DEBUG    - Updated previous points for 'Finn Allen' at row 58: 362 → 497
[2026-05-18 00:50:44] DEBUG    - Sleeping 3s after updating previous points.
[2026-05-18 00:50:47] DEBUG    - Updated previous points for 'Rahul Tewatia' at row 59: 175 → 181
[2026-05-18 00:50:47] DEBUG    - Sleeping 3s after updating previous points.
[2026-05-18 00:50:51] DEBUG    - Updated previous points for 'Jason Holder' at row 60: 592 → 601
[2026-05-18 00:50:51] DEBUG    - Sleeping 3s after updating previous points.
[2026-05-18 00:50:54] DEBUG    - Updated previous points for 'Jos Buttler' at row 64: 735 → 817
[2026-05-18 00:50:54] DEBUG    - Sleeping 3s after updating previous points.
[2026-05-18 00:50:58] DEBUG    - Updated previous points for 'Shubman Gill' at row 85: 752 → 874
[2026-05-18 00:50:58] DEBUG    - Sleeping 3s after updating previous points.
[2026-05-18 00:51:01] DEBUG    - Updated previous points for 'Mohammed Siraj' at row 86: 551 → 590
[2026-05-18 00:51:01] DEBUG    - Sleeping 3s after updating previous points.
[2026-05-18 00:51:05] DEBUG    - Updated previous points for 'Angkrish Raghuvanshi' at row 87: 538 → 664
[2026-05-18 00:51:05] DEBUG    - Sleeping 3s after updating previous points.
[2026-05-18 00:51:08] DEBUG    - Updated previous points for 'Kagiso Rabada' at row 97: 808 → 820
[2026-05-18 00:51:08] DEBUG    - Sleeping 3s after updating previous points.
[2026-05-18 00:51:12] DEBUG    - Updated previous points for 'Rinku Singh' at row 98: 501 → 505
[2026-05-18 00:51:12] DEBUG    - Sleeping 3s after updating previous points.
[2026-05-18 00:51:12] DEBUG    - ======================================================
[2026-05-18 00:51:28] DEBUG    - ===============================================================
[2026-05-18 00:51:28] INFO     - Pausing 5s before before next steps.
[2026-05-18 00:51:28] DEBUG    - ===============================================================
[2026-05-18 00:51:29] DEBUG    - ===============================================================
[2026-05-18 00:51:29] DEBUG    - ===============================================================
[2026-05-18 00:51:29] INFO     - Processing count= 1
[2026-05-18 00:51:29] INFO     - Processing player of CSK : 'Shivam Dube' | 349 points | team: CSK
[2026-05-18 00:51:29] DEBUG    - Match found for Shivam Dube in Points at row 5
[2026-05-18 00:51:29] INFO     - No update needed for Shivam Dube in Points as points are unchanged.
[2026-05-18 00:51:29] DEBUG    - ===============================================================
[2026-05-18 00:51:29] INFO     - Processing count= 2
[2026-05-18 00:51:29] INFO     - Processing player of CSK : 'Sanju Samson' | 712 points | team: CSK
[2026-05-18 00:51:29] DEBUG    - Match found for Sanju Samson in Points at row 6
[2026-05-18 00:51:29] INFO     - No update needed for Sanju Samson in Points as points are unchanged.
[2026-05-18 00:51:29] DEBUG    - ===============================================================
[2026-05-18 00:51:29] INFO     - Processing count= 3
[2026-05-18 00:51:29] INFO     - Processing player of GT : 'Sai Sudharsan' | 841 points | team: GT
[2026-05-18 00:51:29] DEBUG    - Match found for Sai Sudharsan in Points at row 7
[2026-05-18 00:51:29] INFO     - No update needed for Sai Sudharsan in Points as points are unchanged.
[2026-05-18 00:51:29] DEBUG    - ===============================================================
[2026-05-18 00:51:29] INFO     - Processing count= 4
[2026-05-18 00:51:29] INFO     - Processing player of LSG : 'Mohsin Khan' | 348 points | team: LSG
[2026-05-18 00:51:29] DEBUG    - Match found for Mohsin Khan in Points at row 8
[2026-05-18 00:51:29] INFO     - No update needed for Mohsin Khan in Points as points are unchanged.
[2026-05-18 00:51:29] DEBUG    - ===============================================================
[2026-05-18 00:51:29] INFO     - Processing count= 5
[2026-05-18 00:51:29] INFO     - Processing player of MI : 'Tilak Varma' | 582 points | team: MI
[2026-05-18 00:51:29] DEBUG    - Match found for Tilak Varma in Points at row 9
[2026-05-18 00:51:29] INFO     - No update needed for Tilak Varma in Points as points are unchanged.
[2026-05-18 00:51:29] DEBUG    - ===============================================================
[2026-05-18 00:51:29] INFO     - Processing count= 6
[2026-05-18 00:51:29] INFO     - Processing player of MI : 'Quinton de Kock' | 221 points | team: MI
[2026-05-18 00:51:29] DEBUG    - Match found for Quinton de Kock in Points at row 10
[2026-05-18 00:51:29] INFO     - No update needed for Quinton de Kock in Points as points are unchanged.
[2026-05-18 00:51:29] DEBUG    - ===============================================================
[2026-05-18 00:51:29] INFO     - Processing count= 7
[2026-05-18 00:51:29] INFO     - Processing player of MI : 'Jasprit Bumrah' | 151 points | team: MI
[2026-05-18 00:51:29] DEBUG    - Match found for Jasprit Bumrah in Points at row 11
[2026-05-18 00:51:29] INFO     - No update needed for Jasprit Bumrah in Points as points are unchanged.
[2026-05-18 00:51:29] DEBUG    - ===============================================================
[2026-05-18 00:51:29] INFO     - Processing count= 8
[2026-05-18 00:51:29] INFO     - Processing player of PBSK : 'Harpreet Brar' | 82 points | team: PBSK
[2026-05-18 00:51:29] DEBUG    - Match found for Harpreet Brar in Points at row 12
[2026-05-18 00:51:30] INFO     - Points gained for Harpreet Brar in Points: 84 (Points: 82, Dot Balls: 16, Previous Total: 14)
[2026-05-18 00:51:30] INFO     - Data updated successfully for Harpreet Brar in Points - 82 points and 16 dot balls!
[2026-05-18 00:51:30] DEBUG    - Sleeping 3s before next update.
[2026-05-18 00:51:33] DEBUG    - ===============================================================
[2026-05-18 00:51:33] INFO     - Processing count= 9
[2026-05-18 00:51:33] INFO     - Processing player of PBSK : 'Yuzvendra Chahal' | 320 points | team: PBSK
[2026-05-18 00:51:33] DEBUG    - Match found for Yuzvendra Chahal in Points at row 13
[2026-05-18 00:51:34] INFO     - Points gained for Yuzvendra Chahal in Points: 27 (Points: 320, Dot Balls: 50, Previous Total: 343)
[2026-05-18 00:51:34] INFO     - Data updated successfully for Yuzvendra Chahal in Points - 320 points and 50 dot balls!
[2026-05-18 00:51:34] DEBUG    - Sleeping 3s before next update.
[2026-05-18 00:51:37] DEBUG    - ===============================================================
[2026-05-18 00:51:37] INFO     - Processing count= 10
[2026-05-18 00:51:37] INFO     - Processing player of RCB : 'Romario Shepherd' | 348 points | team: RCB
[2026-05-18 00:51:37] DEBUG    - Match found for Romario Shepherd in Points at row 14
[2026-05-18 00:51:38] INFO     - Points gained for Romario Shepherd in Points: 39 (Points: 348, Dot Balls: 33, Previous Total: 342)
[2026-05-18 00:51:38] INFO     - Data updated successfully for Romario Shepherd in Points - 348 points and 33 dot balls!
[2026-05-18 00:51:38] DEBUG    - Sleeping 3s before next update.
[2026-05-18 00:51:41] DEBUG    - ===============================================================
[2026-05-18 00:51:41] INFO     - Processing count= 11
[2026-05-18 00:51:41] INFO     - Processing player of RR : 'Vaibhav Sooryavanshi' | 769 points | team: RR
[2026-05-18 00:51:41] DEBUG    - Match found for Vaibhav Sooryavanshi in Points at row 15
[2026-05-18 00:51:42] INFO     - Points gained for Vaibhav Sooryavanshi in Points: 71 (Points: 769, Dot Balls: 0, Previous Total: 698)
[2026-05-18 00:51:42] INFO     - Data updated successfully for Vaibhav Sooryavanshi in Points - 769 points and 0 dot balls!
[2026-05-18 00:51:42] DEBUG    - Sleeping 3s before next update.
[2026-05-18 00:51:45] DEBUG    - ===============================================================
[2026-05-18 00:51:45] INFO     - Processing count= 12
[2026-05-18 00:51:45] INFO     - Processing player of RR : 'Ravi Bishnoi' | 359 points | team: RR
[2026-05-18 00:51:45] DEBUG    - Match found for Ravi Bishnoi in Points at row 16
[2026-05-18 00:51:45] INFO     - No update needed for Ravi Bishnoi in Points as points are unchanged.
[2026-05-18 00:51:45] DEBUG    - ===============================================================
[2026-05-18 00:51:45] INFO     - Processing count= 13
[2026-05-18 00:51:45] INFO     - Processing player of SRH : 'Abhishek Sharma' | 780 points | team: SRH
[2026-05-18 00:51:45] DEBUG    - Match found for Abhishek Sharma in Points at row 17
[2026-05-18 00:51:45] INFO     - No update needed for Abhishek Sharma in Points as points are unchanged.
[2026-05-18 00:51:45] DEBUG    - ===============================================================
[2026-05-18 00:51:45] INFO     - Processing count= 14
[2026-05-18 00:51:45] INFO     - Processing player of SRH : 'Ishan Kishan' | 712 points | team: SRH
[2026-05-18 00:51:45] DEBUG    - Match found for Ishan Kishan in Points at row 18
[2026-05-18 00:51:45] INFO     - No update needed for Ishan Kishan in Points as points are unchanged.
[2026-05-18 00:51:45] DEBUG    - ===============================================================
[2026-05-18 00:51:45] INFO     - Processing count= 15
[2026-05-18 00:51:45] INFO     - Processing player of SRH : 'Pat Cummins' | 207 points | team: SRH
[2026-05-18 00:51:45] DEBUG    - Match found for Pat Cummins in Points at row 19
[2026-05-18 00:51:45] INFO     - No update needed for Pat Cummins in Points as points are unchanged.
[2026-05-18 00:51:45] DEBUG    - ===============================================================
[2026-05-18 00:51:45] INFO     - Processing count= 16
[2026-05-18 00:51:45] INFO     - Processing player of RCB : 'Rasikh Salam' | 381 points | team: RCB
[2026-05-18 00:51:45] DEBUG    - Match found for Rasikh Salam in Points at row 20
[2026-05-18 00:51:46] INFO     - Points gained for Rasikh Salam in Points: 83 (Points: 381, Dot Balls: 0, Previous Total: 298)
[2026-05-18 00:51:46] INFO     - Data updated successfully for Rasikh Salam in Points - 381 points and 0 dot balls!
[2026-05-18 00:51:46] DEBUG    - Sleeping 3s before next update.
[2026-05-18 00:51:49] DEBUG    - ===============================================================
[2026-05-18 00:51:49] INFO     - Processing count= 17
[2026-05-18 00:51:49] INFO     - Processing player of KKR : 'Matheesha Pathirana' | 4 points | team: KKR
[2026-05-18 00:51:49] DEBUG    - Match found for Matheesha Pathirana in Points at row 21
[2026-05-18 00:51:49] INFO     - No update needed for Matheesha Pathirana in Points as points are unchanged.
[2026-05-18 00:51:49] DEBUG    - ===============================================================
[2026-05-18 00:51:49] INFO     - Processing count= 18
[2026-05-18 00:51:49] INFO     - 
Skipping Nathan Ellis as points is zero.
[2026-05-18 00:51:49] DEBUG    - ===============================================================
[2026-05-18 00:51:49] INFO     - Processing count= 19
[2026-05-18 00:51:49] INFO     - 
Skipping Yudhvir Singh as points is zero.
[2026-05-18 00:51:49] DEBUG    - ===============================================================
[2026-05-18 00:51:49] INFO     - Processing count= 20
[2026-05-18 00:51:49] INFO     - Processing player of CSK : 'Ayush Mhatre' | 311 points | team: CSK
[2026-05-18 00:51:49] DEBUG    - Match found for Ayush Mhatre in Points at row 24
[2026-05-18 00:51:49] INFO     - No update needed for Ayush Mhatre in Points as points are unchanged.
[2026-05-18 00:51:49] DEBUG    - ===============================================================
[2026-05-18 00:51:49] INFO     - Processing count= 21
[2026-05-18 00:51:49] INFO     - 
Skipping MS Dhoni as points is zero.
[2026-05-18 00:51:49] DEBUG    - ===============================================================
[2026-05-18 00:51:49] INFO     - Processing count= 22
[2026-05-18 00:51:49] INFO     - Processing player of DC : 'Mitchell Starc' | 281 points | team: DC
[2026-05-18 00:51:49] DEBUG    - Match found for Mitchell Starc in Points at row 26
[2026-05-18 00:51:50] INFO     - Points gained for Mitchell Starc in Points: 135 (Points: 281, Dot Balls: 44, Previous Total: 190)
[2026-05-18 00:51:50] INFO     - Data updated successfully for Mitchell Starc in Points - 281 points and 44 dot balls!
[2026-05-18 00:51:50] DEBUG    - Sleeping 3s before next update.
[2026-05-18 00:51:53] DEBUG    - ===============================================================
[2026-05-18 00:51:53] INFO     - Processing count= 23
[2026-05-18 00:51:53] INFO     - Processing player of GT : 'Glenn Phillips' | 165 points | team: GT
[2026-05-18 00:51:53] DEBUG    - Match found for Glenn Phillips in Points at row 27
[2026-05-18 00:51:53] INFO     - No update needed for Glenn Phillips in Points as points are unchanged.
[2026-05-18 00:51:53] DEBUG    - ===============================================================
[2026-05-18 00:51:53] INFO     - Processing count= 24
[2026-05-18 00:51:53] INFO     - Processing player of KKR : 'Sunil Narine' | 479 points | team: KKR
[2026-05-18 00:51:53] DEBUG    - Match found for Sunil Narine in Points at row 28
[2026-05-18 00:51:53] INFO     - No update needed for Sunil Narine in Points as points are unchanged.
[2026-05-18 00:51:53] DEBUG    - ===============================================================
[2026-05-18 00:51:53] INFO     - Processing count= 25
[2026-05-18 00:51:53] INFO     - Processing player of KKR : 'Ajinkya Rahane' | 422 points | team: KKR
[2026-05-18 00:51:53] DEBUG    - Match found for Ajinkya Rahane in Points at row 29
[2026-05-18 00:51:53] INFO     - No update needed for Ajinkya Rahane in Points as points are unchanged.
[2026-05-18 00:51:53] DEBUG    - ===============================================================
[2026-05-18 00:51:53] INFO     - Processing count= 26
[2026-05-18 00:51:53] INFO     - Processing player of LSG : 'Ayush Badoni' | 266 points | team: LSG
[2026-05-18 00:51:53] DEBUG    - Match found for Ayush Badoni in Points at row 30
[2026-05-18 00:51:53] INFO     - No update needed for Ayush Badoni in Points as points are unchanged.
[2026-05-18 00:51:53] DEBUG    - ===============================================================
[2026-05-18 00:51:53] INFO     - Processing count= 27
[2026-05-18 00:51:53] INFO     - Processing player of MI : 'Hardik Pandya' | 330 points | team: MI
[2026-05-18 00:51:53] DEBUG    - Match found for Hardik Pandya in Points at row 31
[2026-05-18 00:51:53] INFO     - No update needed for Hardik Pandya in Points as points are unchanged.
[2026-05-18 00:51:53] DEBUG    - ===============================================================
[2026-05-18 00:51:53] INFO     - Processing count= 28
[2026-05-18 00:51:53] INFO     - Processing player of MI : 'Suryakumar Yadav' | 324 points | team: MI
[2026-05-18 00:51:53] DEBUG    - Match found for Suryakumar Yadav in Points at row 32
[2026-05-18 00:51:53] INFO     - No update needed for Suryakumar Yadav in Points as points are unchanged.
[2026-05-18 00:51:53] DEBUG    - ===============================================================
[2026-05-18 00:51:53] INFO     - Processing count= 29
[2026-05-18 00:51:53] INFO     - Processing player of MI : 'Rohit Sharma' | 397 points | team: MI
[2026-05-18 00:51:53] DEBUG    - Match found for Rohit Sharma in Points at row 33
[2026-05-18 00:51:53] INFO     - No update needed for Rohit Sharma in Points as points are unchanged.
[2026-05-18 00:51:53] DEBUG    - ===============================================================
[2026-05-18 00:51:53] INFO     - Processing count= 30
[2026-05-18 00:51:53] INFO     - Processing player of PBSK : 'Priyansh Arya' | 583 points | team: PBSK
[2026-05-18 00:51:53] DEBUG    - Match found for Priyansh Arya in Points at row 34
[2026-05-18 00:51:54] INFO     - Points gained for Priyansh Arya in Points: 10 (Points: 583, Dot Balls: 0, Previous Total: 573)
[2026-05-18 00:51:54] INFO     - Data updated successfully for Priyansh Arya in Points - 583 points and 0 dot balls!
[2026-05-18 00:51:54] DEBUG    - Sleeping 3s before next update.
[2026-05-18 00:51:57] DEBUG    - ===============================================================
[2026-05-18 00:51:57] INFO     - Processing count= 31
[2026-05-18 00:51:57] INFO     - Processing player of RCB : 'Phil Salt' | 348 points | team: RCB
[2026-05-18 00:51:57] DEBUG    - Match found for Phil Salt in Points at row 35
[2026-05-18 00:51:57] INFO     - No update needed for Phil Salt in Points as points are unchanged.
[2026-05-18 00:51:57] DEBUG    - ===============================================================
[2026-05-18 00:51:57] INFO     - Processing count= 32
[2026-05-18 00:51:57] INFO     - Processing player of RCB : 'Bhuvneshwar Kumar' | 785 points | team: RCB
[2026-05-18 00:51:57] DEBUG    - Match found for Bhuvneshwar Kumar in Points at row 36
[2026-05-18 00:51:58] INFO     - Points gained for Bhuvneshwar Kumar in Points: 64 (Points: 785, Dot Balls: 122, Previous Total: 843)
[2026-05-18 00:51:58] INFO     - Data updated successfully for Bhuvneshwar Kumar in Points - 785 points and 122 dot balls!
[2026-05-18 00:51:58] DEBUG    - Sleeping 3s before next update.
[2026-05-18 00:52:01] DEBUG    - ===============================================================
[2026-05-18 00:52:01] INFO     - Processing count= 33
[2026-05-18 00:52:01] INFO     - Processing player of RCB : 'Josh Hazlewood' | 404 points | team: RCB
[2026-05-18 00:52:01] DEBUG    - Match found for Josh Hazlewood in Points at row 37
[2026-05-18 00:52:02] INFO     - Points gained for Josh Hazlewood in Points: 47 (Points: 404, Dot Balls: 101, Previous Total: 458)
[2026-05-18 00:52:02] INFO     - Data updated successfully for Josh Hazlewood in Points - 404 points and 101 dot balls!
[2026-05-18 00:52:02] DEBUG    - Sleeping 3s before next update.
[2026-05-18 00:52:05] DEBUG    - ===============================================================
[2026-05-18 00:52:05] INFO     - Processing count= 34
[2026-05-18 00:52:05] INFO     - Processing player of RR : 'Shimron Hetmyer' | 169 points | team: RR
[2026-05-18 00:52:05] DEBUG    - Match found for Shimron Hetmyer in Points at row 38
[2026-05-18 00:52:05] INFO     - No update needed for Shimron Hetmyer in Points as points are unchanged.
[2026-05-18 00:52:05] DEBUG    - ===============================================================
[2026-05-18 00:52:05] INFO     - Processing count= 35
[2026-05-18 00:52:05] INFO     - Processing player of RR : 'Sandeep Sharma' | 163 points | team: RR
[2026-05-18 00:52:05] DEBUG    - Match found for Sandeep Sharma in Points at row 39
[2026-05-18 00:52:05] INFO     - No update needed for Sandeep Sharma in Points as points are unchanged.
[2026-05-18 00:52:05] DEBUG    - ===============================================================
[2026-05-18 00:52:05] INFO     - Processing count= 36
[2026-05-18 00:52:05] INFO     - Processing player of PBSK : 'Marco Jansen' | 317 points | team: PBSK
[2026-05-18 00:52:05] DEBUG    - Match found for Marco Jansen in Points at row 40
[2026-05-18 00:52:05] INFO     - No update needed for Marco Jansen in Points as points are unchanged.
[2026-05-18 00:52:05] DEBUG    - ===============================================================
[2026-05-18 00:52:05] INFO     - Processing count= 37
[2026-05-18 00:52:05] INFO     - Processing player of CSK : 'Prashant Veer' | 117 points | team: CSK
[2026-05-18 00:52:05] DEBUG    - Match found for Prashant Veer in Points at row 41
[2026-05-18 00:52:05] INFO     - No update needed for Prashant Veer in Points as points are unchanged.
[2026-05-18 00:52:05] DEBUG    - ===============================================================
[2026-05-18 00:52:05] INFO     - Processing count= 38
[2026-05-18 00:52:05] INFO     - Processing player of CSK : 'Ruturaj Gaikwad' | 476 points | team: CSK
[2026-05-18 00:52:05] DEBUG    - Match found for Ruturaj Gaikwad in Points at row 42
[2026-05-18 00:52:05] INFO     - No update needed for Ruturaj Gaikwad in Points as points are unchanged.
[2026-05-18 00:52:05] DEBUG    - ===============================================================
[2026-05-18 00:52:05] INFO     - Processing count= 39
[2026-05-18 00:52:05] INFO     - Processing player of DC : 'Axar Patel' | 535 points | team: DC
[2026-05-18 00:52:05] DEBUG    - Match found for Axar Patel in Points at row 43
[2026-05-18 00:52:06] INFO     - Points gained for Axar Patel in Points: 79 (Points: 535, Dot Balls: 74, Previous Total: 530)
[2026-05-18 00:52:06] INFO     - Data updated successfully for Axar Patel in Points - 535 points and 74 dot balls!
[2026-05-18 00:52:06] DEBUG    - Sleeping 3s before next update.
[2026-05-18 00:52:09] DEBUG    - ===============================================================
[2026-05-18 00:52:09] INFO     - Processing count= 40
[2026-05-18 00:52:09] INFO     - Processing player of DC : 'Abishek Porel' | 127 points | team: DC
[2026-05-18 00:52:09] DEBUG    - Match found for Abishek Porel in Points at row 44
[2026-05-18 00:52:10] INFO     - Points gained for Abishek Porel in Points: 76 (Points: 127, Dot Balls: 0, Previous Total: 51)
[2026-05-18 00:52:10] INFO     - Data updated successfully for Abishek Porel in Points - 127 points and 0 dot balls!
[2026-05-18 00:52:10] DEBUG    - Sleeping 3s before next update.
[2026-05-18 00:52:13] DEBUG    - ===============================================================
[2026-05-18 00:52:13] INFO     - Processing count= 41
[2026-05-18 00:52:13] INFO     - Processing player of DC : 'KL Rahul' | 812 points | team: DC
[2026-05-18 00:52:13] DEBUG    - Match found for KL Rahul in Points at row 45
[2026-05-18 00:52:14] INFO     - Points gained for KL Rahul in Points: 77 (Points: 812, Dot Balls: 0, Previous Total: 735)
[2026-05-18 00:52:14] INFO     - Data updated successfully for KL Rahul in Points - 812 points and 0 dot balls!
[2026-05-18 00:52:14] DEBUG    - Sleeping 3s before next update.
[2026-05-18 00:52:17] DEBUG    - ===============================================================
[2026-05-18 00:52:17] INFO     - Processing count= 42
[2026-05-18 00:52:17] INFO     - Processing player of GT : 'Rashid Khan' | 589 points | team: GT
[2026-05-18 00:52:17] DEBUG    - Match found for Rashid Khan in Points at row 46
[2026-05-18 00:52:17] INFO     - No update needed for Rashid Khan in Points as points are unchanged.
[2026-05-18 00:52:17] DEBUG    - ===============================================================
[2026-05-18 00:52:17] INFO     - Processing count= 43
[2026-05-18 00:52:17] INFO     - Processing player of KKR : 'Cameron Green' | 635 points | team: KKR
[2026-05-18 00:52:17] DEBUG    - Match found for Cameron Green in Points at row 47
[2026-05-18 00:52:17] INFO     - No update needed for Cameron Green in Points as points are unchanged.
[2026-05-18 00:52:17] DEBUG    - ===============================================================
[2026-05-18 00:52:17] INFO     - Processing count= 44
[2026-05-18 00:52:17] INFO     - Processing player of KKR : 'Varun Chakaravarthy' | 308 points | team: KKR
[2026-05-18 00:52:17] DEBUG    - Match found for Varun Chakaravarthy in Points at row 48
[2026-05-18 00:52:17] INFO     - No update needed for Varun Chakaravarthy in Points as points are unchanged.
[2026-05-18 00:52:17] DEBUG    - ===============================================================
[2026-05-18 00:52:17] INFO     - Processing count= 45
[2026-05-18 00:52:17] INFO     - Processing player of LSG : 'Digvesh Singh' | 187 points | team: LSG
[2026-05-18 00:52:17] DEBUG    - Match found for Digvesh Singh in Points at row 49
[2026-05-18 00:52:17] INFO     - No update needed for Digvesh Singh in Points as points are unchanged.
[2026-05-18 00:52:17] DEBUG    - ===============================================================
[2026-05-18 00:52:17] INFO     - Processing count= 46
[2026-05-18 00:52:17] INFO     - Processing player of LSG : 'Rishabh Pant' | 466 points | team: LSG
[2026-05-18 00:52:17] DEBUG    - Match found for Rishabh Pant in Points at row 50
[2026-05-18 00:52:17] INFO     - No update needed for Rishabh Pant in Points as points are unchanged.
[2026-05-18 00:52:17] DEBUG    - ===============================================================
[2026-05-18 00:52:17] INFO     - Processing count= 47
[2026-05-18 00:52:17] INFO     - Processing player of PBSK : 'Arshdeep Singh' | 429 points | team: PBSK
[2026-05-18 00:52:17] DEBUG    - Match found for Arshdeep Singh in Points at row 51
[2026-05-18 00:52:18] INFO     - Points gained for Arshdeep Singh in Points: 31 (Points: 429, Dot Balls: 104, Previous Total: 502)
[2026-05-18 00:52:18] INFO     - Data updated successfully for Arshdeep Singh in Points - 429 points and 104 dot balls!
[2026-05-18 00:52:18] DEBUG    - Sleeping 3s before next update.
[2026-05-18 00:52:21] DEBUG    - ===============================================================
[2026-05-18 00:52:21] INFO     - Processing count= 48
[2026-05-18 00:52:21] INFO     - Processing player of RCB : 'Krunal Pandya' | 519 points | team: RCB
[2026-05-18 00:52:21] DEBUG    - Match found for Krunal Pandya in Points at row 52
[2026-05-18 00:52:22] INFO     - Points gained for Krunal Pandya in Points: 5 (Points: 519, Dot Balls: 64, Previous Total: 578)
[2026-05-18 00:52:22] INFO     - Data updated successfully for Krunal Pandya in Points - 519 points and 64 dot balls!
[2026-05-18 00:52:22] DEBUG    - Sleeping 3s before next update.
[2026-05-18 00:52:25] DEBUG    - ===============================================================
[2026-05-18 00:52:25] INFO     - Processing count= 49
[2026-05-18 00:52:25] INFO     - Processing player of RCB : 'Rajat Patidar' | 587 points | team: RCB
[2026-05-18 00:52:25] DEBUG    - Match found for Rajat Patidar in Points at row 53
[2026-05-18 00:52:25] INFO     - No update needed for Rajat Patidar in Points as points are unchanged.
[2026-05-18 00:52:25] DEBUG    - ===============================================================
[2026-05-18 00:52:25] INFO     - Processing count= 50
[2026-05-18 00:52:25] INFO     - Processing player of RR : 'Yashasvi Jaiswal' | 530 points | team: RR
[2026-05-18 00:52:25] DEBUG    - Match found for Yashasvi Jaiswal in Points at row 54
[2026-05-18 00:52:26] INFO     - Points gained for Yashasvi Jaiswal in Points: 27 (Points: 530, Dot Balls: 0, Previous Total: 503)
[2026-05-18 00:52:26] INFO     - Data updated successfully for Yashasvi Jaiswal in Points - 530 points and 0 dot balls!
[2026-05-18 00:52:26] DEBUG    - Sleeping 3s before next update.
[2026-05-18 00:52:29] DEBUG    - ===============================================================
[2026-05-18 00:52:29] INFO     - Processing count= 51
[2026-05-18 00:52:29] INFO     - Processing player of SRH : 'Travis Head' | 551 points | team: SRH
[2026-05-18 00:52:29] DEBUG    - Match found for Travis Head in Points at row 55
[2026-05-18 00:52:29] INFO     - No update needed for Travis Head in Points as points are unchanged.
[2026-05-18 00:52:29] DEBUG    - ===============================================================
[2026-05-18 00:52:29] INFO     - Processing count= 52
[2026-05-18 00:52:29] INFO     - Processing player of SRH : 'Nitish Kumar Reddy' | 583 points | team: SRH
[2026-05-18 00:52:29] DEBUG    - Match found for Nitish Kumar Reddy in Points at row 56
[2026-05-18 00:52:29] INFO     - No update needed for Nitish Kumar Reddy in Points as points are unchanged.
[2026-05-18 00:52:29] DEBUG    - ===============================================================
[2026-05-18 00:52:29] INFO     - Processing count= 53
[2026-05-18 00:52:29] INFO     - Processing player of MI : 'Naman Dhir' | 524 points | team: MI
[2026-05-18 00:52:29] DEBUG    - Match found for Naman Dhir in Points at row 57
[2026-05-18 00:52:29] INFO     - No update needed for Naman Dhir in Points as points are unchanged.
[2026-05-18 00:52:29] DEBUG    - ===============================================================
[2026-05-18 00:52:29] INFO     - Processing count= 54
[2026-05-18 00:52:29] INFO     - Processing player of KKR : 'Finn Allen' | 497 points | team: KKR
[2026-05-18 00:52:29] DEBUG    - Match found for Finn Allen in Points at row 58
[2026-05-18 00:52:29] INFO     - No update needed for Finn Allen in Points as points are unchanged.
[2026-05-18 00:52:29] DEBUG    - ===============================================================
[2026-05-18 00:52:29] INFO     - Processing count= 55
[2026-05-18 00:52:29] INFO     - Processing player of GT : 'Rahul Tewatia' | 181 points | team: GT
[2026-05-18 00:52:29] DEBUG    - Match found for Rahul Tewatia in Points at row 59
[2026-05-18 00:52:29] INFO     - No update needed for Rahul Tewatia in Points as points are unchanged.
[2026-05-18 00:52:29] DEBUG    - ===============================================================
[2026-05-18 00:52:29] INFO     - Processing count= 56
[2026-05-18 00:52:29] INFO     - Processing player of GT : 'Jason Holder' | 533 points | team: GT
[2026-05-18 00:52:29] DEBUG    - Match found for Jason Holder in Points at row 60
[2026-05-18 00:52:29] INFO     - No update needed for Jason Holder in Points as points are unchanged.
[2026-05-18 00:52:29] DEBUG    - ===============================================================
[2026-05-18 00:52:29] INFO     - Processing count= 57
[2026-05-18 00:52:29] INFO     - Processing player of CSK : 'Dewald Brevis' | 279 points | team: CSK
[2026-05-18 00:52:29] DEBUG    - Match found for Dewald Brevis in Points at row 61
[2026-05-18 00:52:29] INFO     - No update needed for Dewald Brevis in Points as points are unchanged.
[2026-05-18 00:52:29] DEBUG    - ===============================================================
[2026-05-18 00:52:29] INFO     - Processing count= 58
[2026-05-18 00:52:29] INFO     - Processing player of CSK : 'Noor Ahmad' | 400 points | team: CSK
[2026-05-18 00:52:29] DEBUG    - Match found for Noor Ahmad in Points at row 62
[2026-05-18 00:52:29] INFO     - No update needed for Noor Ahmad in Points as points are unchanged.
[2026-05-18 00:52:29] DEBUG    - ===============================================================
[2026-05-18 00:52:29] INFO     - Processing count= 59
[2026-05-18 00:52:29] INFO     - Processing player of DC : 'Auqib Nabi' | 30 points | team: DC
[2026-05-18 00:52:29] DEBUG    - Match found for Auqib Nabi in Points at row 63
[2026-05-18 00:52:29] INFO     - No update needed for Auqib Nabi in Points as points are unchanged.
[2026-05-18 00:52:29] DEBUG    - ===============================================================
[2026-05-18 00:52:29] INFO     - Processing count= 60
[2026-05-18 00:52:29] INFO     - Processing player of GT : 'Jos Buttler' | 817 points | team: GT
[2026-05-18 00:52:29] DEBUG    - Match found for Jos Buttler in Points at row 64
[2026-05-18 00:52:29] INFO     - No update needed for Jos Buttler in Points as points are unchanged.
[2026-05-18 00:52:29] DEBUG    - ===============================================================
[2026-05-18 00:52:29] INFO     - Processing count= 61
[2026-05-18 00:52:29] INFO     - Processing player of GT : 'Prasidh Krishna' | 388 points | team: GT
[2026-05-18 00:52:29] DEBUG    - Match found for Prasidh Krishna in Points at row 65
[2026-05-18 00:52:29] INFO     - No update needed for Prasidh Krishna in Points as points are unchanged.
[2026-05-18 00:52:29] DEBUG    - ===============================================================
[2026-05-18 00:52:29] INFO     - Processing count= 62
[2026-05-18 00:52:29] INFO     - Processing player of KKR : 'Vaibhav Arora' | 330 points | team: KKR
[2026-05-18 00:52:29] DEBUG    - Match found for Vaibhav Arora in Points at row 66
[2026-05-18 00:52:29] INFO     - No update needed for Vaibhav Arora in Points as points are unchanged.
[2026-05-18 00:52:29] DEBUG    - ===============================================================
[2026-05-18 00:52:29] INFO     - Processing count= 63
[2026-05-18 00:52:29] INFO     - Processing player of LSG : 'Aiden Markram' | 423 points | team: LSG
[2026-05-18 00:52:29] DEBUG    - Match found for Aiden Markram in Points at row 67
[2026-05-18 00:52:29] INFO     - No update needed for Aiden Markram in Points as points are unchanged.
[2026-05-18 00:52:29] DEBUG    - ===============================================================
[2026-05-18 00:52:29] INFO     - Processing count= 64
[2026-05-18 00:52:29] INFO     - Processing player of MI : 'Will Jacks' | 185 points | team: MI
[2026-05-18 00:52:29] DEBUG    - Match found for Will Jacks in Points at row 68
[2026-05-18 00:52:29] INFO     - No update needed for Will Jacks in Points as points are unchanged.
[2026-05-18 00:52:29] DEBUG    - ===============================================================
[2026-05-18 00:52:29] INFO     - Processing count= 65
[2026-05-18 00:52:29] INFO     - Processing player of PBSK : 'Nehal Wadhera' | 127 points | team: PBSK
[2026-05-18 00:52:29] DEBUG    - Match found for Nehal Wadhera in Points at row 69
[2026-05-18 00:52:29] INFO     - No update needed for Nehal Wadhera in Points as points are unchanged.
[2026-05-18 00:52:29] DEBUG    - ===============================================================
[2026-05-18 00:52:29] INFO     - Processing count= 66
[2026-05-18 00:52:29] INFO     - Processing player of PBSK : 'Shreyas Iyer' | 659 points | team: PBSK
[2026-05-18 00:52:29] DEBUG    - Match found for Shreyas Iyer in Points at row 70
[2026-05-18 00:52:30] INFO     - Points gained for Shreyas Iyer in Points: 13 (Points: 659, Dot Balls: 0, Previous Total: 646)
[2026-05-18 00:52:30] INFO     - Data updated successfully for Shreyas Iyer in Points - 659 points and 0 dot balls!
[2026-05-18 00:52:30] DEBUG    - Sleeping 3s before next update.
[2026-05-18 00:52:33] DEBUG    - ===============================================================
[2026-05-18 00:52:33] INFO     - Processing count= 67
[2026-05-18 00:52:33] INFO     - Processing player of RCB : 'Devdutt Padikkal' | 734 points | team: RCB
[2026-05-18 00:52:33] DEBUG    - Match found for Devdutt Padikkal in Points at row 71
[2026-05-18 00:52:33] INFO     - Points gained for Devdutt Padikkal in Points: 77 (Points: 734, Dot Balls: 0, Previous Total: 657)
[2026-05-18 00:52:33] INFO     - Data updated successfully for Devdutt Padikkal in Points - 734 points and 0 dot balls!
[2026-05-18 00:52:33] DEBUG    - Sleeping 3s before next update.
[2026-05-18 00:52:36] DEBUG    - ===============================================================
[2026-05-18 00:52:36] INFO     - Processing count= 68
[2026-05-18 00:52:36] INFO     - Processing player of RCB : 'Virat Kohli' | 857 points | team: RCB
[2026-05-18 00:52:36] DEBUG    - Match found for Virat Kohli in Points at row 72
[2026-05-18 00:52:37] INFO     - Points gained for Virat Kohli in Points: 100 (Points: 857, Dot Balls: 0, Previous Total: 757)
[2026-05-18 00:52:37] INFO     - Data updated successfully for Virat Kohli in Points - 857 points and 0 dot balls!
[2026-05-18 00:52:37] DEBUG    - Sleeping 3s before next update.
[2026-05-18 00:52:40] DEBUG    - ===============================================================
[2026-05-18 00:52:40] INFO     - Processing count= 69
[2026-05-18 00:52:40] INFO     - Processing player of RR : 'Riyan Parag' | 477 points | team: RR
[2026-05-18 00:52:40] DEBUG    - Match found for Riyan Parag in Points at row 73
[2026-05-18 00:52:41] INFO     - Points gained for Riyan Parag in Points: 82 (Points: 477, Dot Balls: 5, Previous Total: 400)
[2026-05-18 00:52:41] INFO     - Data updated successfully for Riyan Parag in Points - 477 points and 5 dot balls!
[2026-05-18 00:52:41] DEBUG    - Sleeping 3s before next update.
[2026-05-18 00:52:44] DEBUG    - ===============================================================
[2026-05-18 00:52:44] INFO     - Processing count= 70
[2026-05-18 00:52:44] INFO     - Processing player of SRH : 'Harshal Patel' | 20 points | team: SRH
[2026-05-18 00:52:44] DEBUG    - Match found for Harshal Patel in Points at row 74
[2026-05-18 00:52:44] INFO     - No update needed for Harshal Patel in Points as points are unchanged.
[2026-05-18 00:52:44] DEBUG    - ===============================================================
[2026-05-18 00:52:44] INFO     - Processing count= 71
[2026-05-18 00:52:44] INFO     - Processing player of SRH : 'Heinrich Klaasen' | 824 points | team: SRH
[2026-05-18 00:52:44] DEBUG    - Match found for Heinrich Klaasen in Points at row 75
[2026-05-18 00:52:44] INFO     - No update needed for Heinrich Klaasen in Points as points are unchanged.
[2026-05-18 00:52:44] DEBUG    - ===============================================================
[2026-05-18 00:52:44] INFO     - Processing count= 72
[2026-05-18 00:52:44] INFO     - Processing player of DC : 'Nitish Rana' | 374 points | team: DC
[2026-05-18 00:52:44] DEBUG    - Match found for Nitish Rana in Points at row 76
[2026-05-18 00:52:44] INFO     - No update needed for Nitish Rana in Points as points are unchanged.
[2026-05-18 00:52:44] DEBUG    - ===============================================================
[2026-05-18 00:52:44] INFO     - Processing count= 73
[2026-05-18 00:52:44] INFO     - Processing player of MI : 'Trent Boult' | 84 points | team: MI
[2026-05-18 00:52:44] DEBUG    - Match found for Trent Boult in Points at row 77
[2026-05-18 00:52:44] INFO     - No update needed for Trent Boult in Points as points are unchanged.
[2026-05-18 00:52:44] DEBUG    - ===============================================================
[2026-05-18 00:52:44] INFO     - Processing count= 74
[2026-05-18 00:52:44] INFO     - Processing player of RCB : 'Venkatesh Iyer' | 172 points | team: RCB
[2026-05-18 00:52:44] DEBUG    - Match found for Venkatesh Iyer in Points at row 78
[2026-05-18 00:52:45] INFO     - Points gained for Venkatesh Iyer in Points: 107 (Points: 172, Dot Balls: 0, Previous Total: 65)
[2026-05-18 00:52:45] INFO     - Data updated successfully for Venkatesh Iyer in Points - 172 points and 0 dot balls!
[2026-05-18 00:52:45] DEBUG    - Sleeping 3s before next update.
[2026-05-18 00:52:48] DEBUG    - ===============================================================
[2026-05-18 00:52:48] INFO     - Processing count= 75
[2026-05-18 00:52:48] INFO     - 
Skipping Yash Dayal as points is zero.
[2026-05-18 00:52:48] DEBUG    - ===============================================================
[2026-05-18 00:52:48] INFO     - Processing count= 76
[2026-05-18 00:52:48] INFO     - Processing player of MI : 'Shardul Thakur' | 297 points | team: MI
[2026-05-18 00:52:48] DEBUG    - Match found for Shardul Thakur in Points at row 80
[2026-05-18 00:52:48] INFO     - No update needed for Shardul Thakur in Points as points are unchanged.
[2026-05-18 00:52:48] DEBUG    - ===============================================================
[2026-05-18 00:52:48] INFO     - Processing count= 77
[2026-05-18 00:52:48] INFO     - Processing player of CSK : 'Rahul Chahar' | 8 points | team: CSK
[2026-05-18 00:52:48] DEBUG    - Match found for Rahul Chahar in Points at row 81
[2026-05-18 00:52:48] INFO     - No update needed for Rahul Chahar in Points as points are unchanged.
[2026-05-18 00:52:48] DEBUG    - ===============================================================
[2026-05-18 00:52:48] INFO     - Processing count= 78
[2026-05-18 00:52:48] INFO     - Processing player of CSK : 'Khaleel Ahmed' | 70 points | team: CSK
[2026-05-18 00:52:48] DEBUG    - Match found for Khaleel Ahmed in Points at row 82
[2026-05-18 00:52:48] INFO     - No update needed for Khaleel Ahmed in Points as points are unchanged.
[2026-05-18 00:52:48] DEBUG    - ===============================================================
[2026-05-18 00:52:48] INFO     - Processing count= 79
[2026-05-18 00:52:48] INFO     - Processing player of DC : 'Tristan Stubbs' | 447 points | team: DC
[2026-05-18 00:52:48] DEBUG    - Match found for Tristan Stubbs in Points at row 83
[2026-05-18 00:52:49] INFO     - Points gained for Tristan Stubbs in Points: 16 (Points: 447, Dot Balls: 0, Previous Total: 431)
[2026-05-18 00:52:49] INFO     - Data updated successfully for Tristan Stubbs in Points - 447 points and 0 dot balls!
[2026-05-18 00:52:49] DEBUG    - Sleeping 3s before next update.
[2026-05-18 00:52:52] DEBUG    - ===============================================================
[2026-05-18 00:52:52] INFO     - Processing count= 80
[2026-05-18 00:52:52] INFO     - Processing player of DC : 'Kuldeep Yadav' | 244 points | team: DC
[2026-05-18 00:52:52] DEBUG    - Match found for Kuldeep Yadav in Points at row 84
[2026-05-18 00:52:52] INFO     - No update needed for Kuldeep Yadav in Points as points are unchanged.
[2026-05-18 00:52:52] DEBUG    - ===============================================================
[2026-05-18 00:52:52] INFO     - Processing count= 81
[2026-05-18 00:52:52] INFO     - Processing player of GT : 'Shubman Gill' | 874 points | team: GT
[2026-05-18 00:52:52] DEBUG    - Match found for Shubman Gill in Points at row 85
[2026-05-18 00:52:52] INFO     - No update needed for Shubman Gill in Points as points are unchanged.
[2026-05-18 00:52:52] DEBUG    - ===============================================================
[2026-05-18 00:52:52] INFO     - Processing count= 82
[2026-05-18 00:52:52] INFO     - Processing player of GT : 'Mohammed Siraj' | 452 points | team: GT
[2026-05-18 00:52:52] DEBUG    - Match found for Mohammed Siraj in Points at row 86
[2026-05-18 00:52:52] INFO     - No update needed for Mohammed Siraj in Points as points are unchanged.
[2026-05-18 00:52:52] DEBUG    - ===============================================================
[2026-05-18 00:52:52] INFO     - Processing count= 83
[2026-05-18 00:52:52] INFO     - Processing player of KKR : 'Angkrish Raghuvanshi' | 664 points | team: KKR
[2026-05-18 00:52:52] DEBUG    - Match found for Angkrish Raghuvanshi in Points at row 87
[2026-05-18 00:52:52] INFO     - No update needed for Angkrish Raghuvanshi in Points as points are unchanged.
[2026-05-18 00:52:52] DEBUG    - ===============================================================
[2026-05-18 00:52:52] INFO     - Processing count= 84
[2026-05-18 00:52:52] INFO     - Processing player of LSG : 'Mitchell Marsh' | 721 points | team: LSG
[2026-05-18 00:52:52] DEBUG    - Match found for Mitchell Marsh in Points at row 88
[2026-05-18 00:52:52] INFO     - No update needed for Mitchell Marsh in Points as points are unchanged.
[2026-05-18 00:52:52] DEBUG    - ===============================================================
[2026-05-18 00:52:52] INFO     - Processing count= 85
[2026-05-18 00:52:52] INFO     - Processing player of LSG : 'Nicholas Pooran' | 393 points | team: LSG
[2026-05-18 00:52:52] DEBUG    - Match found for Nicholas Pooran in Points at row 89
[2026-05-18 00:52:52] INFO     - No update needed for Nicholas Pooran in Points as points are unchanged.
[2026-05-18 00:52:52] DEBUG    - ===============================================================
[2026-05-18 00:52:52] INFO     - Processing count= 86
[2026-05-18 00:52:52] INFO     - Processing player of PBSK : 'Marcus Stoinis' | 401 points | team: PBSK
[2026-05-18 00:52:52] DEBUG    - Match found for Marcus Stoinis in Points at row 90
[2026-05-18 00:52:53] INFO     - Points gained for Marcus Stoinis in Points: 52 (Points: 401, Dot Balls: 10, Previous Total: 359)
[2026-05-18 00:52:53] INFO     - Data updated successfully for Marcus Stoinis in Points - 401 points and 10 dot balls!
[2026-05-18 00:52:53] DEBUG    - Sleeping 3s before next update.
[2026-05-18 00:52:56] DEBUG    - ===============================================================
[2026-05-18 00:52:56] INFO     - Processing count= 87
[2026-05-18 00:52:56] INFO     - Processing player of PBSK : 'Prabhsimran Singh' | 713 points | team: PBSK
[2026-05-18 00:52:56] DEBUG    - Match found for Prabhsimran Singh in Points at row 91
[2026-05-18 00:52:57] INFO     - Points gained for Prabhsimran Singh in Points: 6 (Points: 713, Dot Balls: 0, Previous Total: 707)
[2026-05-18 00:52:57] INFO     - Data updated successfully for Prabhsimran Singh in Points - 713 points and 0 dot balls!
[2026-05-18 00:52:57] DEBUG    - Sleeping 3s before next update.
[2026-05-18 00:53:00] DEBUG    - ===============================================================
[2026-05-18 00:53:00] INFO     - Processing count= 88
[2026-05-18 00:53:00] INFO     - Processing player of PBSK : 'Shashank Singh' | 304 points | team: PBSK
[2026-05-18 00:53:00] DEBUG    - Match found for Shashank Singh in Points at row 92
[2026-05-18 00:53:01] INFO     - Points gained for Shashank Singh in Points: 86 (Points: 304, Dot Balls: 12, Previous Total: 230)
[2026-05-18 00:53:01] INFO     - Data updated successfully for Shashank Singh in Points - 304 points and 12 dot balls!
[2026-05-18 00:53:01] DEBUG    - Sleeping 3s before next update.
[2026-05-18 00:53:04] DEBUG    - ===============================================================
[2026-05-18 00:53:04] INFO     - Processing count= 89
[2026-05-18 00:53:04] INFO     - Processing player of RCB : 'Jitesh Sharma' | 287 points | team: RCB
[2026-05-18 00:53:04] DEBUG    - Match found for Jitesh Sharma in Points at row 93
[2026-05-18 00:53:05] INFO     - Points gained for Jitesh Sharma in Points: 12 (Points: 287, Dot Balls: 0, Previous Total: 275)
[2026-05-18 00:53:05] INFO     - Data updated successfully for Jitesh Sharma in Points - 287 points and 0 dot balls!
[2026-05-18 00:53:05] DEBUG    - Sleeping 3s before next update.
[2026-05-18 00:53:08] DEBUG    - ===============================================================
[2026-05-18 00:53:08] INFO     - Processing count= 90
[2026-05-18 00:53:08] INFO     - Processing player of RR : 'Jofra Archer' | 582 points | team: RR
[2026-05-18 00:53:08] DEBUG    - Match found for Jofra Archer in Points at row 94
[2026-05-18 00:53:08] INFO     - Points gained for Jofra Archer in Points: 66 (Points: 582, Dot Balls: 121, Previous Total: 637)
[2026-05-18 00:53:08] INFO     - Data updated successfully for Jofra Archer in Points - 582 points and 121 dot balls!
[2026-05-18 00:53:08] DEBUG    - Sleeping 3s before next update.
[2026-05-18 00:53:11] DEBUG    - ===============================================================
[2026-05-18 00:53:11] INFO     - Processing count= 91
[2026-05-18 00:53:11] INFO     - Processing player of RR : 'Ravindra Jadeja' | 515 points | team: RR
[2026-05-18 00:53:11] DEBUG    - Match found for Ravindra Jadeja in Points at row 95
[2026-05-18 00:53:11] INFO     - No update needed for Ravindra Jadeja in Points as points are unchanged.
[2026-05-18 00:53:11] DEBUG    - ===============================================================
[2026-05-18 00:53:11] INFO     - Processing count= 92
[2026-05-18 00:53:11] INFO     - Processing player of LSG : 'Mohammad Shami' | 353 points | team: LSG
[2026-05-18 00:53:11] DEBUG    - Match found for Mohammad Shami in Points at row 96
[2026-05-18 00:53:11] INFO     - No update needed for Mohammad Shami in Points as points are unchanged.
[2026-05-18 00:53:11] DEBUG    - ===============================================================
[2026-05-18 00:53:11] INFO     - Processing count= 93
[2026-05-18 00:53:11] INFO     - Processing player of GT : 'Kagiso Rabada' | 683 points | team: GT
[2026-05-18 00:53:11] DEBUG    - Match found for Kagiso Rabada in Points at row 97
[2026-05-18 00:53:11] INFO     - No update needed for Kagiso Rabada in Points as points are unchanged.
[2026-05-18 00:53:11] DEBUG    - ===============================================================
[2026-05-18 00:53:11] INFO     - Processing count= 94
[2026-05-18 00:53:11] INFO     - Processing player of KKR : 'Rinku Singh' | 505 points | team: KKR
[2026-05-18 00:53:11] DEBUG    - Match found for Rinku Singh in Points at row 98
[2026-05-18 00:53:11] INFO     - No update needed for Rinku Singh in Points as points are unchanged.
[2026-05-18 00:53:11] DEBUG    - ===============================================================
[2026-05-18 00:53:11] INFO     - Processing count= 95
[2026-05-18 00:53:11] INFO     - Processing player of CSK : 'Kartik Sharma' | 362 points | team: CSK
[2026-05-18 00:53:11] DEBUG    - Match found for Kartik Sharma in Points at row 99
[2026-05-18 00:53:11] INFO     - No update needed for Kartik Sharma in Points as points are unchanged.
[2026-05-18 00:53:11] DEBUG    - ===============================================================
[2026-05-18 00:53:11] INFO     - Processing count= 96
[2026-05-18 00:53:11] INFO     - Processing player of DC : 'Ashutosh Sharma' | 256 points | team: DC
[2026-05-18 00:53:11] DEBUG    - Match found for Ashutosh Sharma in Points at row 100
[2026-05-18 00:53:12] INFO     - Points gained for Ashutosh Sharma in Points: 27 (Points: 256, Dot Balls: 0, Previous Total: 229)
[2026-05-18 00:53:12] INFO     - Data updated successfully for Ashutosh Sharma in Points - 256 points and 0 dot balls!
[2026-05-18 00:53:12] DEBUG    - Sleeping 3s before next update.
[2026-05-18 00:53:15] DEBUG    - ===============================================================
[2026-05-18 00:53:15] INFO     - Processing count= 97
[2026-05-18 00:53:15] INFO     - Processing player of MI : 'Corbin Bosch' | 262 points | team: MI
[2026-05-18 00:53:15] DEBUG    - Match found for Corbin Bosch in Points at row 101
[2026-05-18 00:53:15] INFO     - No update needed for Corbin Bosch in Points as points are unchanged.
[2026-05-18 00:53:15] DEBUG    - ===============================================================
[2026-05-18 00:53:15] INFO     - Processing count= 98
[2026-05-18 00:53:15] INFO     - Processing player of RCB : 'Tim David' | 436 points | team: RCB
[2026-05-18 00:53:15] DEBUG    - Match found for Tim David in Points at row 102
[2026-05-18 00:53:16] INFO     - Points gained for Tim David in Points: 52 (Points: 436, Dot Balls: 1, Previous Total: 385)
[2026-05-18 00:53:16] INFO     - Data updated successfully for Tim David in Points - 436 points and 1 dot balls!
[2026-05-18 00:53:16] DEBUG    - Sleeping 3s before next update.
[2026-05-18 00:53:19] DEBUG    - ===============================================================
[2026-05-18 00:53:19] INFO     - Processing count= 99
[2026-05-18 00:53:19] INFO     - Processing player of PBSK : 'Cooper Connolly' | 758 points | team: PBSK
[2026-05-18 00:53:19] DEBUG    - Match found for Cooper Connolly in Points at row 103
[2026-05-18 00:53:21] INFO     - Points gained for Cooper Connolly in Points: 58 (Points: 758, Dot Balls: 0, Previous Total: 700)
[2026-05-18 00:53:21] INFO     - Data updated successfully for Cooper Connolly in Points - 758 points and 0 dot balls!
[2026-05-18 00:53:21] DEBUG    - Sleeping 3s before next update.
[2026-05-18 00:53:24] DEBUG    - ===============================================================
[2026-05-18 00:53:24] INFO     - Processing count= 100
[2026-05-18 00:53:24] INFO     - Processing player of SRH : 'Liam Livingstone' | 57 points | team: SRH
[2026-05-18 00:53:24] DEBUG    - Match found for Liam Livingstone in Points at row 104
[2026-05-18 00:53:24] INFO     - No update needed for Liam Livingstone in Points as points are unchanged.
[2026-05-18 00:53:24] DEBUG    - ===============================================================
[2026-05-18 00:53:24] INFO     - Processing count= 101
[2026-05-18 00:53:24] INFO     - Processing player of PBSK : 'Vijaykumar Vyshak' | 263 points | team: PBSK
[2026-05-18 00:53:24] DEBUG    - Match found for Vijaykumar Vyshak in Points at row 105
[2026-05-18 00:53:24] INFO     - No update needed for Vijaykumar Vyshak in Points as points are unchanged.
[2026-05-18 00:53:24] DEBUG    - ===============================================================
[2026-05-18 00:53:24] INFO     - Processing count= 102
[2026-05-18 00:53:24] INFO     - Processing player of RCB : 'Suyash Sharma' | 254 points | team: RCB
[2026-05-18 00:53:24] DEBUG    - Match found for Suyash Sharma in Points at row 106
[2026-05-18 00:53:24] INFO     - Points gained for Suyash Sharma in Points: 26 (Points: 254, Dot Balls: 67, Previous Total: 295)
[2026-05-18 00:53:24] INFO     - Data updated successfully for Suyash Sharma in Points - 254 points and 67 dot balls!
[2026-05-18 00:53:24] DEBUG    - Sleeping 3s before next update.
[2026-05-18 00:53:27] DEBUG    - ===============================================================
[2026-05-18 00:53:27] INFO     - Processing count= 103
[2026-05-18 00:53:27] INFO     - Processing player of DC : 'David Miller' | 328 points | team: DC
[2026-05-18 00:53:27] DEBUG    - Match found for David Miller in Points at row 107
[2026-05-18 00:53:28] INFO     - Points gained for David Miller in Points: 23 (Points: 328, Dot Balls: 0, Previous Total: 305)
[2026-05-18 00:53:28] INFO     - Data updated successfully for David Miller in Points - 328 points and 0 dot balls!
[2026-05-18 00:53:28] DEBUG    - Sleeping 3s before next update.
[2026-05-18 00:53:31] INFO     - Total players processed for team 'CSK': 10
[2026-05-18 00:53:31] INFO     - Total players processed for team 'GT': 10
[2026-05-18 00:53:31] INFO     - Total players processed for team 'LSG': 8
[2026-05-18 00:53:31] INFO     - Total players processed for team 'MI': 11
[2026-05-18 00:53:31] INFO     - Total players processed for team 'PBSK': 12
[2026-05-18 00:53:31] INFO     - Total players processed for team 'RCB': 13
[2026-05-18 00:53:31] INFO     - Total players processed for team 'RR': 8
[2026-05-18 00:53:31] INFO     - Total players processed for team 'SRH': 8
[2026-05-18 00:53:31] INFO     - Total players processed for team 'KKR': 9
[2026-05-18 00:53:31] INFO     - Total players processed for team 'DC': 10
[2026-05-18 00:53:31] DEBUG    - ===============================================================
[2026-05-18 00:53:31] WARNING  - Player not updated: Shivam Dube | Reason: Points unchanged
[2026-05-18 00:53:31] WARNING  - Player not updated: Sanju Samson | Reason: Points unchanged
[2026-05-18 00:53:31] WARNING  - Player not updated: Sai Sudharsan | Reason: Points unchanged
[2026-05-18 00:53:31] WARNING  - Player not updated: Mohsin Khan | Reason: Points unchanged
[2026-05-18 00:53:31] WARNING  - Player not updated: Tilak Varma | Reason: Points unchanged
[2026-05-18 00:53:31] WARNING  - Player not updated: Quinton de Kock | Reason: Points unchanged
[2026-05-18 00:53:31] WARNING  - Player not updated: Jasprit Bumrah | Reason: Points unchanged
[2026-05-18 00:53:31] WARNING  - Player not updated: Ravi Bishnoi | Reason: Points unchanged
[2026-05-18 00:53:31] WARNING  - Player not updated: Abhishek Sharma | Reason: Points unchanged
[2026-05-18 00:53:31] WARNING  - Player not updated: Ishan Kishan | Reason: Points unchanged
[2026-05-18 00:53:31] WARNING  - Player not updated: Pat Cummins | Reason: Points unchanged
[2026-05-18 00:53:31] WARNING  - Player not updated: Matheesha Pathirana | Reason: Points unchanged
[2026-05-18 00:53:31] WARNING  - Player not updated: Nathan Ellis | Reason: Points is zero
[2026-05-18 00:53:31] WARNING  - Player not updated: Yudhvir Singh | Reason: Points is zero
[2026-05-18 00:53:31] WARNING  - Player not updated: Ayush Mhatre | Reason: Points unchanged
[2026-05-18 00:53:31] WARNING  - Player not updated: MS Dhoni | Reason: Points is zero
[2026-05-18 00:53:31] WARNING  - Player not updated: Glenn Phillips | Reason: Points unchanged
[2026-05-18 00:53:31] WARNING  - Player not updated: Sunil Narine | Reason: Points unchanged
[2026-05-18 00:53:31] WARNING  - Player not updated: Ajinkya Rahane | Reason: Points unchanged
[2026-05-18 00:53:31] WARNING  - Player not updated: Ayush Badoni | Reason: Points unchanged
[2026-05-18 00:53:31] WARNING  - Player not updated: Hardik Pandya | Reason: Points unchanged
[2026-05-18 00:53:31] WARNING  - Player not updated: Suryakumar Yadav | Reason: Points unchanged
[2026-05-18 00:53:31] WARNING  - Player not updated: Rohit Sharma | Reason: Points unchanged
[2026-05-18 00:53:31] WARNING  - Player not updated: Phil Salt | Reason: Points unchanged
[2026-05-18 00:53:31] WARNING  - Player not updated: Shimron Hetmyer | Reason: Points unchanged
[2026-05-18 00:53:31] WARNING  - Player not updated: Sandeep Sharma | Reason: Points unchanged
[2026-05-18 00:53:31] WARNING  - Player not updated: Marco Jansen | Reason: Points unchanged
[2026-05-18 00:53:31] WARNING  - Player not updated: Prashant Veer | Reason: Points unchanged
[2026-05-18 00:53:31] WARNING  - Player not updated: Ruturaj Gaikwad | Reason: Points unchanged
[2026-05-18 00:53:31] WARNING  - Player not updated: Rashid Khan | Reason: Points unchanged
[2026-05-18 00:53:31] WARNING  - Player not updated: Cameron Green | Reason: Points unchanged
[2026-05-18 00:53:31] WARNING  - Player not updated: Varun Chakaravarthy | Reason: Points unchanged
[2026-05-18 00:53:31] WARNING  - Player not updated: Digvesh Singh | Reason: Points unchanged
[2026-05-18 00:53:31] WARNING  - Player not updated: Rishabh Pant | Reason: Points unchanged
[2026-05-18 00:53:31] WARNING  - Player not updated: Rajat Patidar | Reason: Points unchanged
[2026-05-18 00:53:31] WARNING  - Player not updated: Travis Head | Reason: Points unchanged
[2026-05-18 00:53:31] WARNING  - Player not updated: Nitish Kumar Reddy | Reason: Points unchanged
[2026-05-18 00:53:31] WARNING  - Player not updated: Naman Dhir | Reason: Points unchanged
[2026-05-18 00:53:31] WARNING  - Player not updated: Finn Allen | Reason: Points unchanged
[2026-05-18 00:53:31] WARNING  - Player not updated: Rahul Tewatia | Reason: Points unchanged
[2026-05-18 00:53:31] WARNING  - Player not updated: Jason Holder | Reason: Points unchanged
[2026-05-18 00:53:31] WARNING  - Player not updated: Dewald Brevis | Reason: Points unchanged
[2026-05-18 00:53:31] WARNING  - Player not updated: Noor Ahmad | Reason: Points unchanged
[2026-05-18 00:53:31] WARNING  - Player not updated: Auqib Nabi | Reason: Points unchanged
[2026-05-18 00:53:31] WARNING  - Player not updated: Jos Buttler | Reason: Points unchanged
[2026-05-18 00:53:31] WARNING  - Player not updated: Prasidh Krishna | Reason: Points unchanged
[2026-05-18 00:53:31] WARNING  - Player not updated: Vaibhav Arora | Reason: Points unchanged
[2026-05-18 00:53:31] WARNING  - Player not updated: Aiden Markram | Reason: Points unchanged
[2026-05-18 00:53:31] WARNING  - Player not updated: Will Jacks | Reason: Points unchanged
[2026-05-18 00:53:31] WARNING  - Player not updated: Nehal Wadhera | Reason: Points unchanged
[2026-05-18 00:53:31] WARNING  - Player not updated: Harshal Patel | Reason: Points unchanged
[2026-05-18 00:53:31] WARNING  - Player not updated: Heinrich Klaasen | Reason: Points unchanged
[2026-05-18 00:53:31] WARNING  - Player not updated: Nitish Rana | Reason: Points unchanged
[2026-05-18 00:53:31] WARNING  - Player not updated: Trent Boult | Reason: Points unchanged
[2026-05-18 00:53:31] WARNING  - Player not updated: Yash Dayal | Reason: Points is zero
[2026-05-18 00:53:31] WARNING  - Player not updated: Shardul Thakur | Reason: Points unchanged
[2026-05-18 00:53:31] WARNING  - Player not updated: Rahul Chahar | Reason: Points unchanged
[2026-05-18 00:53:31] WARNING  - Player not updated: Khaleel Ahmed | Reason: Points unchanged
[2026-05-18 00:53:31] WARNING  - Player not updated: Kuldeep Yadav | Reason: Points unchanged
[2026-05-18 00:53:31] WARNING  - Player not updated: Shubman Gill | Reason: Points unchanged
[2026-05-18 00:53:31] WARNING  - Player not updated: Mohammed Siraj | Reason: Points unchanged
[2026-05-18 00:53:31] WARNING  - Player not updated: Angkrish Raghuvanshi | Reason: Points unchanged
[2026-05-18 00:53:31] WARNING  - Player not updated: Mitchell Marsh | Reason: Points unchanged
[2026-05-18 00:53:31] WARNING  - Player not updated: Nicholas Pooran | Reason: Points unchanged
[2026-05-18 00:53:31] WARNING  - Player not updated: Ravindra Jadeja | Reason: Points unchanged
[2026-05-18 00:53:31] WARNING  - Player not updated: Mohammad Shami | Reason: Points unchanged
[2026-05-18 00:53:31] WARNING  - Player not updated: Kagiso Rabada | Reason: Points unchanged
[2026-05-18 00:53:31] WARNING  - Player not updated: Rinku Singh | Reason: Points unchanged
[2026-05-18 00:53:31] WARNING  - Player not updated: Kartik Sharma | Reason: Points unchanged
[2026-05-18 00:53:31] WARNING  - Player not updated: Corbin Bosch | Reason: Points unchanged
[2026-05-18 00:53:31] WARNING  - Player not updated: Liam Livingstone | Reason: Points unchanged
[2026-05-18 00:53:31] WARNING  - Player not updated: Vijaykumar Vyshak | Reason: Points unchanged
[2026-05-18 00:53:31] DEBUG    - ===============================================================
[2026-05-18 00:53:40] INFO     - TODAYS_DATE_LABEL updated to: 17/05
[2026-05-18 00:53:42] INFO     - Worksheets opened: ['Home', 'Data']
[2026-05-18 00:53:43] INFO     - Points Gained Today fetched: {'HW': 140, 'MC': 256, 'OL': 219, 'AS': 137, 'PA': 272}
[2026-05-18 00:53:43] INFO     - Writing to column 36 (17/05)
[2026-05-18 00:53:43] DEBUG    -   HW → AJ2 = 140
[2026-05-18 00:53:43] DEBUG    -   MC → AJ3 = 256
[2026-05-18 00:53:43] DEBUG    -   OL → AJ4 = 219
[2026-05-18 00:53:43] DEBUG    -   AS → AJ5 = 137
[2026-05-18 00:53:43] DEBUG    -   PA → AJ6 = 272
[2026-05-18 00:53:44] INFO     - Successfully updated 5 team(s) for 17/05.
[2026-05-18 00:53:44] INFO     - TOP 12 points fetched: {'HW': 7311, 'OL': 6875, 'AS': 6566, 'PA': 6617, 'MC': 5344}
[2026-05-18 00:53:45] INFO     - Column mapping: {'HW': 2, 'MC': 3, 'OL': 4, 'AS': 5, 'PA': 6}
[2026-05-18 00:53:45] INFO     - Today '17/05' found at row 59
[2026-05-18 00:53:45] DEBUG    -   HW → B59 = 7311
[2026-05-18 00:53:45] DEBUG    -   OL → D59 = 6875
[2026-05-18 00:53:45] DEBUG    -   AS → E59 = 6566
[2026-05-18 00:53:45] DEBUG    -   PA → F59 = 6617
[2026-05-18 00:53:45] DEBUG    -   MC → C59 = 5344
[2026-05-18 00:53:46] INFO     - Successfully updated 5 team(s) for '17/05' at row 59.
[2026-05-18 00:53:47] INFO     - ═════════════════════ All updates completed ═════════════════════
