[2026-04-18 19:35:42] INFO     - ═════════════════════ Process started ═════════════════════
[2026-04-18 19:35:43] INFO     - Excel loaded: 103 players, 103 bowlers from 'C:\Users\himan\Documents\UiPath\CrickInfo\Data\IPLPointsData.xlsx'
[2026-04-18 19:35:43] INFO     - Google Sheets authentication successful.
[2026-04-18 19:35:47] INFO     - Worksheets opened: ['Points', 'Home', 'Data', 'Bowler']
[2026-04-18 19:35:51] DEBUG    - ===============================================================
[2026-04-18 19:35:51] DEBUG    - ===============================================================
[2026-04-18 19:35:51] INFO     - Processing count= 1
[2026-04-18 19:35:51] INFO     - Processing player of RCB : 'Rajat Patidar' | 394 points | team: RCB
[2026-04-18 19:35:51] DEBUG    - Match found for Rajat Patidar in Points at row 53
[2026-04-18 19:35:52] INFO     - No update needed for Rajat Patidar in Points as points are unchanged.
[2026-04-18 19:35:52] DEBUG    - ===============================================================
[2026-04-18 19:35:52] INFO     - Processing count= 2
[2026-04-18 19:35:52] INFO     - Processing player of RCB : 'Virat Kohli' | 393 points | team: RCB
[2026-04-18 19:35:52] DEBUG    - Match found for Virat Kohli in Points at row 72
[2026-04-18 19:35:52] INFO     - No update needed for Virat Kohli in Points as points are unchanged.
[2026-04-18 19:35:52] DEBUG    - ===============================================================
[2026-04-18 19:35:52] INFO     - Processing count= 3
[2026-04-18 19:35:52] INFO     - Processing player of GT : 'Shubman Gill' | 393 points | team: GT
[2026-04-18 19:35:52] DEBUG    - Match found for Shubman Gill in Points at row 85
[2026-04-18 19:35:53] INFO     - No update needed for Shubman Gill in Points as points are unchanged.
[2026-04-18 19:35:53] DEBUG    - ===============================================================
[2026-04-18 19:35:53] INFO     - Processing count= 4
[2026-04-18 19:35:53] INFO     - Processing player of GT : 'Jos Buttler' | 389 points | team: GT
[2026-04-18 19:35:53] DEBUG    - Match found for Jos Buttler in Points at row 64
[2026-04-18 19:35:53] INFO     - No update needed for Jos Buttler in Points as points are unchanged.
[2026-04-18 19:35:53] DEBUG    - ===============================================================
[2026-04-18 19:35:53] INFO     - Processing count= 5
[2026-04-18 19:35:53] INFO     - Processing player of SRH : 'Ishan Kishan' | 367 points | team: SRH
[2026-04-18 19:35:53] DEBUG    - Match found for Ishan Kishan in Points at row 18
[2026-04-18 19:35:53] INFO     - No update needed for Ishan Kishan in Points as points are unchanged.
[2026-04-18 19:35:53] DEBUG    - ===============================================================
[2026-04-18 19:35:53] INFO     - Processing count= 6
[2026-04-18 19:35:53] INFO     - Processing player of RCB : 'Phil Salt' | 348 points | team: RCB
[2026-04-18 19:35:53] DEBUG    - Match found for Phil Salt in Points at row 35
[2026-04-18 19:35:54] INFO     - No update needed for Phil Salt in Points as points are unchanged.
[2026-04-18 19:35:54] DEBUG    - ===============================================================
[2026-04-18 19:35:54] INFO     - Processing count= 7
[2026-04-18 19:35:54] INFO     - Processing player of PBSK : 'Prabhsimran Singh' | 345 points | team: PBSK
[2026-04-18 19:35:54] DEBUG    - Match found for Prabhsimran Singh in Points at row 91
[2026-04-18 19:35:54] INFO     - No update needed for Prabhsimran Singh in Points as points are unchanged.
[2026-04-18 19:35:54] DEBUG    - ===============================================================
[2026-04-18 19:35:54] INFO     - Processing count= 8
[2026-04-18 19:35:54] INFO     - Processing player of SRH : 'Heinrich Klaasen' | 337 points | team: SRH
[2026-04-18 19:35:54] DEBUG    - Match found for Heinrich Klaasen in Points at row 75
[2026-04-18 19:35:55] INFO     - No update needed for Heinrich Klaasen in Points as points are unchanged.
[2026-04-18 19:35:55] DEBUG    - ===============================================================
[2026-04-18 19:35:55] INFO     - Processing count= 9
[2026-04-18 19:35:55] INFO     - Processing player of RCB : 'Bhuvneshwar Kumar' | 325 points | team: RCB
[2026-04-18 19:35:55] DEBUG    - Match found for Bhuvneshwar Kumar in Points at row 36
[2026-04-18 19:35:55] INFO     - No update needed for Bhuvneshwar Kumar in Points as points are unchanged.
[2026-04-18 19:35:55] DEBUG    - ===============================================================
[2026-04-18 19:35:55] INFO     - Processing count= 10
[2026-04-18 19:35:55] INFO     - Processing player of RR : 'Vaibhav Sooryavanshi' | 320 points | team: RR
[2026-04-18 19:35:55] DEBUG    - Match found for Vaibhav Sooryavanshi in Points at row 15
[2026-04-18 19:35:56] INFO     - No update needed for Vaibhav Sooryavanshi in Points as points are unchanged.
[2026-04-18 19:35:56] DEBUG    - ===============================================================
[2026-04-18 19:35:56] INFO     - Processing count= 11
[2026-04-18 19:35:56] INFO     - Processing player of PBSK : 'Shreyas Iyer' | 319 points | team: PBSK
[2026-04-18 19:35:56] DEBUG    - Match found for Shreyas Iyer in Points at row 70
[2026-04-18 19:35:56] INFO     - No update needed for Shreyas Iyer in Points as points are unchanged.
[2026-04-18 19:35:56] DEBUG    - ===============================================================
[2026-04-18 19:35:56] INFO     - Processing count= 12
[2026-04-18 19:35:56] INFO     - Processing player of GT : 'Prasidh Krishna' | 313 points | team: GT
[2026-04-18 19:35:56] DEBUG    - Match found for Prasidh Krishna in Points at row 65
[2026-04-18 19:35:57] INFO     - No update needed for Prasidh Krishna in Points as points are unchanged.
[2026-04-18 19:35:57] DEBUG    - ===============================================================
[2026-04-18 19:35:57] INFO     - Processing count= 13
[2026-04-18 19:35:57] INFO     - Processing player of KKR : 'Angkrish Raghuvanshi' | 294 points | team: KKR
[2026-04-18 19:35:57] DEBUG    - Match found for Angkrish Raghuvanshi in Points at row 87
[2026-04-18 19:35:57] INFO     - No update needed for Angkrish Raghuvanshi in Points as points are unchanged.
[2026-04-18 19:35:57] DEBUG    - ===============================================================
[2026-04-18 19:35:57] INFO     - Processing count= 14
[2026-04-18 19:35:57] INFO     - Processing player of RCB : 'Devdutt Padikkal' | 290 points | team: RCB
[2026-04-18 19:35:57] DEBUG    - Match found for Devdutt Padikkal in Points at row 71
[2026-04-18 19:35:58] INFO     - No update needed for Devdutt Padikkal in Points as points are unchanged.
[2026-04-18 19:35:58] DEBUG    - ===============================================================
[2026-04-18 19:35:58] INFO     - Processing count= 15
[2026-04-18 19:35:58] INFO     - Processing player of RR : 'Yashasvi Jaiswal' | 289 points | team: RR
[2026-04-18 19:35:58] DEBUG    - Match found for Yashasvi Jaiswal in Points at row 54
[2026-04-18 19:35:58] INFO     - No update needed for Yashasvi Jaiswal in Points as points are unchanged.
[2026-04-18 19:35:58] DEBUG    - ===============================================================
[2026-04-18 19:35:58] INFO     - Processing count= 16
[2026-04-18 19:35:58] INFO     - Processing player of RR : 'Ravi Bishnoi' | 285 points | team: RR
[2026-04-18 19:35:58] DEBUG    - Match found for Ravi Bishnoi in Points at row 16
[2026-04-18 19:35:59] INFO     - No update needed for Ravi Bishnoi in Points as points are unchanged.
[2026-04-18 19:35:59] DEBUG    - ===============================================================
[2026-04-18 19:35:59] INFO     - Processing count= 17
[2026-04-18 19:35:59] INFO     - Processing player of RCB : 'Tim David' | 277 points | team: RCB
[2026-04-18 19:35:59] DEBUG    - Match found for Tim David in Points at row 102
[2026-04-18 19:35:59] INFO     - No update needed for Tim David in Points as points are unchanged.
[2026-04-18 19:35:59] DEBUG    - ===============================================================
[2026-04-18 19:35:59] INFO     - Processing count= 18
[2026-04-18 19:35:59] INFO     - Processing player of SRH : 'Nitish Kumar Reddy' | 277 points | team: SRH
[2026-04-18 19:35:59] DEBUG    - Match found for Nitish Kumar Reddy in Points at row 56
[2026-04-18 19:35:59] INFO     - No update needed for Nitish Kumar Reddy in Points as points are unchanged.
[2026-04-18 19:35:59] DEBUG    - ===============================================================
[2026-04-18 19:35:59] INFO     - Processing count= 19
[2026-04-18 19:35:59] INFO     - Processing player of DC : 'KL Rahul' | 273 points | team: DC
[2026-04-18 19:35:59] DEBUG    - Match found for KL Rahul in Points at row 45
[2026-04-18 19:36:00] INFO     - No update needed for KL Rahul in Points as points are unchanged.
[2026-04-18 19:36:00] DEBUG    - ===============================================================
[2026-04-18 19:36:00] INFO     - Processing count= 20
[2026-04-18 19:36:00] INFO     - Processing player of CSK : 'Sanju Samson' | 272 points | team: CSK
[2026-04-18 19:36:00] DEBUG    - Match found for Sanju Samson in Points at row 6
[2026-04-18 19:36:01] INFO     - No update needed for Sanju Samson in Points as points are unchanged.
[2026-04-18 19:36:01] DEBUG    - ===============================================================
[2026-04-18 19:36:01] INFO     - Processing count= 21
[2026-04-18 19:36:01] INFO     - Processing player of DC : 'Tristan Stubbs' | 266 points | team: DC
[2026-04-18 19:36:01] DEBUG    - Match found for Tristan Stubbs in Points at row 83
[2026-04-18 19:36:01] INFO     - No update needed for Tristan Stubbs in Points as points are unchanged.
[2026-04-18 19:36:01] DEBUG    - ===============================================================
[2026-04-18 19:36:01] INFO     - Processing count= 22
[2026-04-18 19:36:01] INFO     - Processing player of CSK : 'Ayush Mhatre' | 260 points | team: CSK
[2026-04-18 19:36:01] DEBUG    - Match found for Ayush Mhatre in Points at row 24
[2026-04-18 19:36:01] INFO     - No update needed for Ayush Mhatre in Points as points are unchanged.
[2026-04-18 19:36:01] DEBUG    - ===============================================================
[2026-04-18 19:36:01] INFO     - Processing count= 23
[2026-04-18 19:36:01] INFO     - Processing player of RCB : 'Krunal Pandya' | 247 points | team: RCB
[2026-04-18 19:36:01] DEBUG    - Match found for Krunal Pandya in Points at row 52
[2026-04-18 19:36:02] INFO     - No update needed for Krunal Pandya in Points as points are unchanged.
[2026-04-18 19:36:02] DEBUG    - ===============================================================
[2026-04-18 19:36:02] INFO     - Processing count= 24
[2026-04-18 19:36:02] INFO     - Processing player of RR : 'Jofra Archer' | 244 points | team: RR
[2026-04-18 19:36:02] DEBUG    - Match found for Jofra Archer in Points at row 94
[2026-04-18 19:36:02] INFO     - No update needed for Jofra Archer in Points as points are unchanged.
[2026-04-18 19:36:02] DEBUG    - ===============================================================
[2026-04-18 19:36:02] INFO     - Processing count= 25
[2026-04-18 19:36:02] INFO     - Processing player of KKR : 'Cameron Green' | 240 points | team: KKR
[2026-04-18 19:36:02] DEBUG    - Match found for Cameron Green in Points at row 47
[2026-04-18 19:36:03] INFO     - No update needed for Cameron Green in Points as points are unchanged.
[2026-04-18 19:36:03] DEBUG    - ===============================================================
[2026-04-18 19:36:03] INFO     - Processing count= 26
[2026-04-18 19:36:03] INFO     - Processing player of GT : 'Kagiso Rabada' | 231 points | team: GT
[2026-04-18 19:36:03] DEBUG    - Match found for Kagiso Rabada in Points at row 97
[2026-04-18 19:36:03] INFO     - No update needed for Kagiso Rabada in Points as points are unchanged.
[2026-04-18 19:36:03] DEBUG    - ===============================================================
[2026-04-18 19:36:03] INFO     - Processing count= 27
[2026-04-18 19:36:03] INFO     - Processing player of KKR : 'Ajinkya Rahane' | 230 points | team: KKR
[2026-04-18 19:36:03] DEBUG    - Match found for Ajinkya Rahane in Points at row 29
[2026-04-18 19:36:04] INFO     - No update needed for Ajinkya Rahane in Points as points are unchanged.
[2026-04-18 19:36:04] DEBUG    - ===============================================================
[2026-04-18 19:36:04] INFO     - Processing count= 28
[2026-04-18 19:36:04] INFO     - Processing player of GT : 'Rashid Khan' | 221 points | team: GT
[2026-04-18 19:36:04] DEBUG    - Match found for Rashid Khan in Points at row 46
[2026-04-18 19:36:04] INFO     - No update needed for Rashid Khan in Points as points are unchanged.
[2026-04-18 19:36:04] DEBUG    - ===============================================================
[2026-04-18 19:36:04] INFO     - Processing count= 29
[2026-04-18 19:36:04] INFO     - Processing player of PBSK : 'Cooper Connolly' | 221 points | team: PBSK
[2026-04-18 19:36:04] DEBUG    - Match found for Cooper Connolly in Points at row 103
[2026-04-18 19:36:04] INFO     - No update needed for Cooper Connolly in Points as points are unchanged.
[2026-04-18 19:36:04] DEBUG    - ===============================================================
[2026-04-18 19:36:04] INFO     - Processing count= 30
[2026-04-18 19:36:04] INFO     - Processing player of GT : 'Sai Sudharsan' | 216 points | team: GT
[2026-04-18 19:36:04] DEBUG    - Match found for Sai Sudharsan in Points at row 7
[2026-04-18 19:36:05] INFO     - No update needed for Sai Sudharsan in Points as points are unchanged.
[2026-04-18 19:36:05] DEBUG    - ===============================================================
[2026-04-18 19:36:05] INFO     - Processing count= 31
[2026-04-18 19:36:05] INFO     - Processing player of SRH : 'Abhishek Sharma' | 212 points | team: SRH
[2026-04-18 19:36:05] DEBUG    - Match found for Abhishek Sharma in Points at row 17
[2026-04-18 19:36:05] INFO     - No update needed for Abhishek Sharma in Points as points are unchanged.
[2026-04-18 19:36:05] DEBUG    - ===============================================================
[2026-04-18 19:36:05] INFO     - Processing count= 32
[2026-04-18 19:36:05] INFO     - Processing player of LSG : 'Aiden Markram' | 206 points | team: LSG
[2026-04-18 19:36:05] DEBUG    - Match found for Aiden Markram in Points at row 67
[2026-04-18 19:36:06] INFO     - No update needed for Aiden Markram in Points as points are unchanged.
[2026-04-18 19:36:06] DEBUG    - ===============================================================
[2026-04-18 19:36:06] INFO     - Processing count= 33
[2026-04-18 19:36:06] INFO     - Processing player of MI : 'Rohit Sharma' | 204 points | team: MI
[2026-04-18 19:36:06] DEBUG    - Match found for Rohit Sharma in Points at row 33
[2026-04-18 19:36:06] INFO     - No update needed for Rohit Sharma in Points as points are unchanged.
[2026-04-18 19:36:06] DEBUG    - ===============================================================
[2026-04-18 19:36:06] INFO     - Processing count= 34
[2026-04-18 19:36:06] INFO     - Processing player of RR : 'Ravindra Jadeja' | 202 points | team: RR
[2026-04-18 19:36:06] DEBUG    - Match found for Ravindra Jadeja in Points at row 95
[2026-04-18 19:36:07] INFO     - No update needed for Ravindra Jadeja in Points as points are unchanged.
[2026-04-18 19:36:07] DEBUG    - ===============================================================
[2026-04-18 19:36:07] INFO     - Processing count= 35
[2026-04-18 19:36:07] INFO     - Processing player of DC : 'Axar Patel' | 201 points | team: DC
[2026-04-18 19:36:07] DEBUG    - Match found for Axar Patel in Points at row 43
[2026-04-18 19:36:07] INFO     - No update needed for Axar Patel in Points as points are unchanged.
[2026-04-18 19:36:07] DEBUG    - ===============================================================
[2026-04-18 19:36:07] INFO     - Processing count= 36
[2026-04-18 19:36:07] INFO     - Processing player of KKR : 'Vaibhav Arora' | 200 points | team: KKR
[2026-04-18 19:36:07] DEBUG    - Match found for Vaibhav Arora in Points at row 66
[2026-04-18 19:36:08] INFO     - No update needed for Vaibhav Arora in Points as points are unchanged.
[2026-04-18 19:36:08] DEBUG    - ===============================================================
[2026-04-18 19:36:08] INFO     - Processing count= 37
[2026-04-18 19:36:08] INFO     - Processing player of CSK : 'Shivam Dube' | 199 points | team: CSK
[2026-04-18 19:36:08] DEBUG    - Match found for Shivam Dube in Points at row 5
[2026-04-18 19:36:08] INFO     - No update needed for Shivam Dube in Points as points are unchanged.
[2026-04-18 19:36:08] DEBUG    - ===============================================================
[2026-04-18 19:36:08] INFO     - Processing count= 38
[2026-04-18 19:36:08] INFO     - Processing player of LSG : 'Rishabh Pant' | 197 points | team: LSG
[2026-04-18 19:36:08] DEBUG    - Match found for Rishabh Pant in Points at row 50
[2026-04-18 19:36:09] INFO     - No update needed for Rishabh Pant in Points as points are unchanged.
[2026-04-18 19:36:09] DEBUG    - ===============================================================
[2026-04-18 19:36:09] INFO     - Processing count= 39
[2026-04-18 19:36:09] INFO     - Processing player of PBSK : 'Priyansh Arya' | 190 points | team: PBSK
[2026-04-18 19:36:09] DEBUG    - Match found for Priyansh Arya in Points at row 34
[2026-04-18 19:36:09] INFO     - No update needed for Priyansh Arya in Points as points are unchanged.
[2026-04-18 19:36:09] DEBUG    - ===============================================================
[2026-04-18 19:36:09] INFO     - Processing count= 40
[2026-04-18 19:36:09] INFO     - Processing player of SRH : 'Travis Head' | 183 points | team: SRH
[2026-04-18 19:36:09] DEBUG    - Match found for Travis Head in Points at row 55
[2026-04-18 19:36:10] INFO     - No update needed for Travis Head in Points as points are unchanged.
[2026-04-18 19:36:10] DEBUG    - ===============================================================
[2026-04-18 19:36:10] INFO     - Processing count= 41
[2026-04-18 19:36:10] INFO     - Processing player of KKR : 'Sunil Narine' | 182 points | team: KKR
[2026-04-18 19:36:10] DEBUG    - Match found for Sunil Narine in Points at row 28
[2026-04-18 19:36:10] INFO     - No update needed for Sunil Narine in Points as points are unchanged.
[2026-04-18 19:36:10] DEBUG    - ===============================================================
[2026-04-18 19:36:10] INFO     - Processing count= 42
[2026-04-18 19:36:10] INFO     - Processing player of DC : 'David Miller' | 182 points | team: DC
[2026-04-18 19:36:10] DEBUG    - Match found for David Miller in Points at row 107
[2026-04-18 19:36:10] INFO     - No update needed for David Miller in Points as points are unchanged.
[2026-04-18 19:36:10] DEBUG    - ===============================================================
[2026-04-18 19:36:10] INFO     - Processing count= 43
[2026-04-18 19:36:10] INFO     - Processing player of MI : 'Hardik Pandya' | 180 points | team: MI
[2026-04-18 19:36:10] DEBUG    - Match found for Hardik Pandya in Points at row 31
[2026-04-18 19:36:11] INFO     - No update needed for Hardik Pandya in Points as points are unchanged.
[2026-04-18 19:36:11] DEBUG    - ===============================================================
[2026-04-18 19:36:11] INFO     - Processing count= 44
[2026-04-18 19:36:11] INFO     - Processing player of MI : 'Naman Dhir' | 176 points | team: MI
[2026-04-18 19:36:11] DEBUG    - Match found for Naman Dhir in Points at row 57
[2026-04-18 19:36:11] INFO     - No update needed for Naman Dhir in Points as points are unchanged.
[2026-04-18 19:36:11] DEBUG    - ===============================================================
[2026-04-18 19:36:11] INFO     - Processing count= 45
[2026-04-18 19:36:11] INFO     - Processing player of PBSK : 'Arshdeep Singh' | 175 points | team: PBSK
[2026-04-18 19:36:11] DEBUG    - Match found for Arshdeep Singh in Points at row 51
[2026-04-18 19:36:12] INFO     - No update needed for Arshdeep Singh in Points as points are unchanged.
[2026-04-18 19:36:12] DEBUG    - ===============================================================
[2026-04-18 19:36:12] INFO     - Processing count= 46
[2026-04-18 19:36:12] INFO     - Processing player of DC : 'Kuldeep Yadav' | 172 points | team: DC
[2026-04-18 19:36:12] DEBUG    - Match found for Kuldeep Yadav in Points at row 84
[2026-04-18 19:36:12] INFO     - No update needed for Kuldeep Yadav in Points as points are unchanged.
[2026-04-18 19:36:12] DEBUG    - ===============================================================
[2026-04-18 19:36:12] INFO     - Processing count= 47
[2026-04-18 19:36:12] INFO     - Processing player of LSG : 'Ayush Badoni' | 170 points | team: LSG
[2026-04-18 19:36:12] DEBUG    - Match found for Ayush Badoni in Points at row 30
[2026-04-18 19:36:13] INFO     - No update needed for Ayush Badoni in Points as points are unchanged.
[2026-04-18 19:36:13] DEBUG    - ===============================================================
[2026-04-18 19:36:13] INFO     - Processing count= 48
[2026-04-18 19:36:13] INFO     - Processing player of RCB : 'Rasikh Salam' | 169 points | team: RCB
[2026-04-18 19:36:13] DEBUG    - Match found for Rasikh Salam in Points at row 20
[2026-04-18 19:36:14] INFO     - Data updated successfully for Rasikh Salam in Points - 169 points!
[2026-04-18 19:36:14] DEBUG    - Sleeping 4s before next update.
[2026-04-18 19:36:18] DEBUG    - ===============================================================
[2026-04-18 19:36:18] INFO     - Processing count= 49
[2026-04-18 19:36:18] INFO     - Processing player of LSG : 'Mitchell Marsh' | 168 points | team: LSG
[2026-04-18 19:36:18] DEBUG    - Match found for Mitchell Marsh in Points at row 88
[2026-04-18 19:36:18] INFO     - No update needed for Mitchell Marsh in Points as points are unchanged.
[2026-04-18 19:36:18] DEBUG    - ===============================================================
[2026-04-18 19:36:18] INFO     - Processing count= 50
[2026-04-18 19:36:18] INFO     - Processing player of MI : 'Quinton de Kock' | 168 points | team: MI
[2026-04-18 19:36:18] DEBUG    - Match found for Quinton de Kock in Points at row 10
[2026-04-18 19:36:19] INFO     - No update needed for Quinton de Kock in Points as points are unchanged.
[2026-04-18 19:36:19] DEBUG    - ===============================================================
[2026-04-18 19:36:19] INFO     - Processing count= 51
[2026-04-18 19:36:19] INFO     - Processing player of MI : 'Suryakumar Yadav' | 167 points | team: MI
[2026-04-18 19:36:19] DEBUG    - Match found for Suryakumar Yadav in Points at row 32
[2026-04-18 19:36:19] INFO     - No update needed for Suryakumar Yadav in Points as points are unchanged.
[2026-04-18 19:36:19] DEBUG    - ===============================================================
[2026-04-18 19:36:19] INFO     - Processing count= 52
[2026-04-18 19:36:19] INFO     - Processing player of GT : 'Mohammed Siraj' | 167 points | team: GT
[2026-04-18 19:36:19] DEBUG    - Match found for Mohammed Siraj in Points at row 86
[2026-04-18 19:36:20] INFO     - No update needed for Mohammed Siraj in Points as points are unchanged.
[2026-04-18 19:36:20] DEBUG    - ===============================================================
[2026-04-18 19:36:20] INFO     - Processing count= 53
[2026-04-18 19:36:20] INFO     - Processing player of KKR : 'Rinku Singh' | 163 points | team: KKR
[2026-04-18 19:36:20] DEBUG    - Match found for Rinku Singh in Points at row 98
[2026-04-18 19:36:20] INFO     - No update needed for Rinku Singh in Points as points are unchanged.
[2026-04-18 19:36:20] DEBUG    - ===============================================================
[2026-04-18 19:36:20] INFO     - Processing count= 54
[2026-04-18 19:36:20] INFO     - Processing player of RR : 'Sandeep Sharma' | 163 points | team: RR
[2026-04-18 19:36:20] DEBUG    - Match found for Sandeep Sharma in Points at row 39
[2026-04-18 19:36:21] INFO     - No update needed for Sandeep Sharma in Points as points are unchanged.
[2026-04-18 19:36:21] DEBUG    - ===============================================================
[2026-04-18 19:36:21] INFO     - Processing count= 55
[2026-04-18 19:36:21] INFO     - Processing player of MI : 'Shardul Thakur' | 159 points | team: MI
[2026-04-18 19:36:21] DEBUG    - Match found for Shardul Thakur in Points at row 80
[2026-04-18 19:36:21] INFO     - No update needed for Shardul Thakur in Points as points are unchanged.
[2026-04-18 19:36:21] DEBUG    - ===============================================================
[2026-04-18 19:36:21] INFO     - Processing count= 56
[2026-04-18 19:36:21] INFO     - Processing player of RCB : 'Romario Shepherd' | 157 points | team: RCB
[2026-04-18 19:36:21] DEBUG    - Match found for Romario Shepherd in Points at row 14
[2026-04-18 19:36:22] INFO     - Data updated successfully for Romario Shepherd in Points - 157 points!
[2026-04-18 19:36:22] DEBUG    - Sleeping 4s before next update.
[2026-04-18 19:36:26] DEBUG    - ===============================================================
[2026-04-18 19:36:26] INFO     - Processing count= 57
[2026-04-18 19:36:26] INFO     - Processing player of CSK : 'Noor Ahmad' | 153 points | team: CSK
[2026-04-18 19:36:26] DEBUG    - Match found for Noor Ahmad in Points at row 62
[2026-04-18 19:36:26] ERROR    - Fatal error — process aborted: APIError: [429]: Quota exceeded for quota metric 'Write requests' and limit 'Write requests per minute per user' of service 'sheets.googleapis.com' for consumer 'project_number:448225573042'.
Traceback (most recent call last):
  File "C:\Users\himan\Documents\UiPath\CrickInfo\Data\pythonScript2.py", line 750, in main
    process_players_points(df_points, ws["Points"], points_data, logger)
  File "C:\Users\himan\Documents\UiPath\CrickInfo\Data\pythonScript2.py", line 415, in process_players_points
    found = find_and_update_player_points(
            ^^^^^^^^^^^^^^^^^^^^^^^^^^^^^^
  File "C:\Users\himan\Documents\UiPath\CrickInfo\Data\pythonScript2.py", line 283, in find_and_update_player_points
    sheet.update_cell(sheet_row, COL_PREV_PTS_WRITE, prev_pts)
  File "d:\CODE\PYTHON\Learning\GENAI\venv\Lib\site-packages\gspread\worksheet.py", line 760, in update_cell
    data = self.client.values_update(
           ^^^^^^^^^^^^^^^^^^^^^^^^^^
  File "d:\CODE\PYTHON\Learning\GENAI\venv\Lib\site-packages\gspread\http_client.py", line 173, in values_update
    r = self.request("put", url, params=params, json=body)
        ^^^^^^^^^^^^^^^^^^^^^^^^^^^^^^^^^^^^^^^^^^^^^^^^^^
  File "d:\CODE\PYTHON\Learning\GENAI\venv\Lib\site-packages\gspread\http_client.py", line 128, in request
    raise APIError(response)
gspread.exceptions.APIError: APIError: [429]: Quota exceeded for quota metric 'Write requests' and limit 'Write requests per minute per user' of service 'sheets.googleapis.com' for consumer 'project_number:448225573042'.
