[2026-05-21 23:15:44] INFO     - ═════════════════════ Process started ═════════════════════
[2026-05-21 23:15:45] INFO     - Excel loaded: 103 players, 103 bowlers from 'C:\Users\himan\Documents\UiPath\CrickInfo\Data\IPLPointsData.xlsx'
[2026-05-21 23:15:45] INFO     - Google Sheets authentication successful.
[2026-05-21 23:15:49] INFO     - Worksheets opened: ['Points', 'Home', 'Data']
[2026-05-21 23:15:54] INFO     - Updating previous points for all players before processing.
[2026-05-21 23:15:54] DEBUG    - ======================================================
[2026-05-21 23:15:57] DEBUG    - Updated previous points for 'Tilak Varma' at row 9: 582 → 606
[2026-05-21 23:15:57] DEBUG    - Sleeping 3s after updating previous points.
[2026-05-21 23:16:00] DEBUG    - Updated previous points for 'Jasprit Bumrah' at row 11: 251 → 301
[2026-05-21 23:16:00] DEBUG    - Sleeping 3s after updating previous points.
[2026-05-21 23:16:04] DEBUG    - Updated previous points for 'Sunil Narine' at row 28: 592 → 651
[2026-05-21 23:16:04] DEBUG    - Sleeping 3s after updating previous points.
[2026-05-21 23:16:07] DEBUG    - Updated previous points for 'Ajinkya Rahane' at row 29: 422 → 451
[2026-05-21 23:16:07] DEBUG    - Sleeping 3s after updating previous points.
[2026-05-21 23:16:11] DEBUG    - Updated previous points for 'Hardik Pandya' at row 31: 364 → 407
[2026-05-21 23:16:11] DEBUG    - Sleeping 3s after updating previous points.
[2026-05-21 23:16:14] DEBUG    - Updated previous points for 'Suryakumar Yadav' at row 32: 324 → 347
[2026-05-21 23:16:14] DEBUG    - Sleeping 3s after updating previous points.
[2026-05-21 23:16:18] DEBUG    - Updated previous points for 'Rohit Sharma' at row 33: 397 → 420
[2026-05-21 23:16:18] DEBUG    - Sleeping 3s after updating previous points.
[2026-05-21 23:16:21] DEBUG    - Updated previous points for 'Cameron Green' at row 47: 670 → 745
[2026-05-21 23:16:21] DEBUG    - Sleeping 3s after updating previous points.
[2026-05-21 23:16:25] DEBUG    - Updated previous points for 'Varun Chakaravarthy' at row 48: 372 → 390
[2026-05-21 23:16:25] DEBUG    - Sleeping 3s after updating previous points.
[2026-05-21 23:16:28] DEBUG    - Updated previous points for 'Naman Dhir' at row 57: 524 → 526
[2026-05-21 23:16:28] DEBUG    - Sleeping 3s after updating previous points.
[2026-05-21 23:16:31] DEBUG    - Updated previous points for 'Finn Allen' at row 58: 497 → 511
[2026-05-21 23:16:31] DEBUG    - Sleeping 3s after updating previous points.
[2026-05-21 23:16:35] DEBUG    - Updated previous points for 'Will Jacks' at row 68: 195 → 219
[2026-05-21 23:16:35] DEBUG    - Sleeping 3s after updating previous points.
[2026-05-21 23:16:38] DEBUG    - Updated previous points for 'Angkrish Raghuvanshi' at row 87: 664 → 676
[2026-05-21 23:16:38] DEBUG    - Sleeping 3s after updating previous points.
[2026-05-21 23:16:42] DEBUG    - Updated previous points for 'Rinku Singh' at row 98: 505 → 526
[2026-05-21 23:16:42] DEBUG    - Sleeping 3s after updating previous points.
[2026-05-21 23:16:45] DEBUG    - Updated previous points for 'Corbin Bosch' at row 101: 295 → 440
[2026-05-21 23:16:45] DEBUG    - Sleeping 3s after updating previous points.
[2026-05-21 23:16:45] DEBUG    - ======================================================
[2026-05-21 23:17:08] DEBUG    - ===============================================================
[2026-05-21 23:17:08] INFO     - Pausing 5s before before next steps.
[2026-05-21 23:17:08] DEBUG    - ===============================================================
[2026-05-21 23:17:10] DEBUG    - ===============================================================
[2026-05-21 23:17:10] DEBUG    - ===============================================================
[2026-05-21 23:17:10] INFO     - Processing count= 1
[2026-05-21 23:17:10] INFO     - Processing player of CSK : 'Shivam Dube' | 465 points | team: CSK
[2026-05-21 23:17:10] DEBUG    - Match found for Shivam Dube in Points at row 5
[2026-05-21 23:17:11] INFO     - Points gained for Shivam Dube in Points: 82 (Points: 465, Dot Balls: 6, Previous Total: 389)
[2026-05-21 23:17:11] INFO     - Data updated successfully for Shivam Dube in Points - 465 points and 6 dot balls!
[2026-05-21 23:17:11] DEBUG    - Sleeping 3s before next update.
[2026-05-21 23:17:14] DEBUG    - ===============================================================
[2026-05-21 23:17:14] INFO     - Processing count= 2
[2026-05-21 23:17:14] INFO     - Processing player of CSK : 'Sanju Samson' | 770 points | team: CSK
[2026-05-21 23:17:14] DEBUG    - Match found for Sanju Samson in Points at row 6
[2026-05-21 23:17:15] INFO     - Points gained for Sanju Samson in Points: 2 (Points: 770, Dot Balls: 0, Previous Total: 768)
[2026-05-21 23:17:15] INFO     - Data updated successfully for Sanju Samson in Points - 770 points and 0 dot balls!
[2026-05-21 23:17:15] DEBUG    - Sleeping 3s before next update.
[2026-05-21 23:17:18] DEBUG    - ===============================================================
[2026-05-21 23:17:18] INFO     - Processing count= 3
[2026-05-21 23:17:18] INFO     - Processing player of GT : 'Sai Sudharsan' | 956 points | team: GT
[2026-05-21 23:17:18] DEBUG    - Match found for Sai Sudharsan in Points at row 7
[2026-05-21 23:17:19] INFO     - Points gained for Sai Sudharsan in Points: 115 (Points: 956, Dot Balls: 0, Previous Total: 841)
[2026-05-21 23:17:19] INFO     - Data updated successfully for Sai Sudharsan in Points - 956 points and 0 dot balls!
[2026-05-21 23:17:19] DEBUG    - Sleeping 3s before next update.
[2026-05-21 23:17:22] DEBUG    - ===============================================================
[2026-05-21 23:17:22] INFO     - Processing count= 4
[2026-05-21 23:17:22] INFO     - Processing player of LSG : 'Mohsin Khan' | 377 points | team: LSG
[2026-05-21 23:17:22] DEBUG    - Match found for Mohsin Khan in Points at row 8
[2026-05-21 23:17:22] INFO     - No update needed for Mohsin Khan in Points as points are unchanged.
[2026-05-21 23:17:22] DEBUG    - ===============================================================
[2026-05-21 23:17:22] INFO     - Processing count= 5
[2026-05-21 23:17:22] INFO     - Processing player of MI : 'Tilak Varma' | 606 points | team: MI
[2026-05-21 23:17:22] DEBUG    - Match found for Tilak Varma in Points at row 9
[2026-05-21 23:17:22] INFO     - No update needed for Tilak Varma in Points as points are unchanged.
[2026-05-21 23:17:22] DEBUG    - ===============================================================
[2026-05-21 23:17:22] INFO     - Processing count= 6
[2026-05-21 23:17:22] INFO     - Processing player of MI : 'Quinton de Kock' | 221 points | team: MI
[2026-05-21 23:17:22] DEBUG    - Match found for Quinton de Kock in Points at row 10
[2026-05-21 23:17:22] INFO     - No update needed for Quinton de Kock in Points as points are unchanged.
[2026-05-21 23:17:22] DEBUG    - ===============================================================
[2026-05-21 23:17:22] INFO     - Processing count= 7
[2026-05-21 23:17:22] INFO     - Processing player of MI : 'Jasprit Bumrah' | 190 points | team: MI
[2026-05-21 23:17:22] DEBUG    - Match found for Jasprit Bumrah in Points at row 11
[2026-05-21 23:17:22] INFO     - No update needed for Jasprit Bumrah in Points as points are unchanged.
[2026-05-21 23:17:22] DEBUG    - ===============================================================
[2026-05-21 23:17:22] INFO     - Processing count= 8
[2026-05-21 23:17:22] INFO     - Processing player of PBSK : 'Harpreet Brar' | 82 points | team: PBSK
[2026-05-21 23:17:22] DEBUG    - Match found for Harpreet Brar in Points at row 12
[2026-05-21 23:17:22] INFO     - No update needed for Harpreet Brar in Points as points are unchanged.
[2026-05-21 23:17:22] DEBUG    - ===============================================================
[2026-05-21 23:17:22] INFO     - Processing count= 9
[2026-05-21 23:17:22] INFO     - Processing player of PBSK : 'Yuzvendra Chahal' | 320 points | team: PBSK
[2026-05-21 23:17:22] DEBUG    - Match found for Yuzvendra Chahal in Points at row 13
[2026-05-21 23:17:22] INFO     - No update needed for Yuzvendra Chahal in Points as points are unchanged.
[2026-05-21 23:17:22] DEBUG    - ===============================================================
[2026-05-21 23:17:22] INFO     - Processing count= 10
[2026-05-21 23:17:22] INFO     - Processing player of RCB : 'Romario Shepherd' | 348 points | team: RCB
[2026-05-21 23:17:22] DEBUG    - Match found for Romario Shepherd in Points at row 14
[2026-05-21 23:17:22] INFO     - No update needed for Romario Shepherd in Points as points are unchanged.
[2026-05-21 23:17:22] DEBUG    - ===============================================================
[2026-05-21 23:17:22] INFO     - Processing count= 11
[2026-05-21 23:17:22] INFO     - Processing player of RR : 'Vaibhav Sooryavanshi' | 907 points | team: RR
[2026-05-21 23:17:22] DEBUG    - Match found for Vaibhav Sooryavanshi in Points at row 15
[2026-05-21 23:17:22] INFO     - No update needed for Vaibhav Sooryavanshi in Points as points are unchanged.
[2026-05-21 23:17:22] DEBUG    - ===============================================================
[2026-05-21 23:17:22] INFO     - Processing count= 12
[2026-05-21 23:17:22] INFO     - Processing player of RR : 'Ravi Bishnoi' | 359 points | team: RR
[2026-05-21 23:17:22] DEBUG    - Match found for Ravi Bishnoi in Points at row 16
[2026-05-21 23:17:22] INFO     - No update needed for Ravi Bishnoi in Points as points are unchanged.
[2026-05-21 23:17:22] DEBUG    - ===============================================================
[2026-05-21 23:17:22] INFO     - Processing count= 13
[2026-05-21 23:17:22] INFO     - Processing player of SRH : 'Abhishek Sharma' | 815 points | team: SRH
[2026-05-21 23:17:22] DEBUG    - Match found for Abhishek Sharma in Points at row 17
[2026-05-21 23:17:22] INFO     - No update needed for Abhishek Sharma in Points as points are unchanged.
[2026-05-21 23:17:22] DEBUG    - ===============================================================
[2026-05-21 23:17:22] INFO     - Processing count= 14
[2026-05-21 23:17:22] INFO     - Processing player of SRH : 'Ishan Kishan' | 817 points | team: SRH
[2026-05-21 23:17:22] DEBUG    - Match found for Ishan Kishan in Points at row 18
[2026-05-21 23:17:22] INFO     - No update needed for Ishan Kishan in Points as points are unchanged.
[2026-05-21 23:17:22] DEBUG    - ===============================================================
[2026-05-21 23:17:22] INFO     - Processing count= 15
[2026-05-21 23:17:22] INFO     - Processing player of SRH : 'Pat Cummins' | 290 points | team: SRH
[2026-05-21 23:17:22] DEBUG    - Match found for Pat Cummins in Points at row 19
[2026-05-21 23:17:22] INFO     - No update needed for Pat Cummins in Points as points are unchanged.
[2026-05-21 23:17:22] DEBUG    - ===============================================================
[2026-05-21 23:17:22] INFO     - Processing count= 16
[2026-05-21 23:17:22] INFO     - Processing player of RCB : 'Rasikh Salam' | 381 points | team: RCB
[2026-05-21 23:17:22] DEBUG    - Match found for Rasikh Salam in Points at row 20
[2026-05-21 23:17:22] INFO     - No update needed for Rasikh Salam in Points as points are unchanged.
[2026-05-21 23:17:22] DEBUG    - ===============================================================
[2026-05-21 23:17:22] INFO     - Processing count= 17
[2026-05-21 23:17:22] INFO     - Processing player of KKR : 'Matheesha Pathirana' | 4 points | team: KKR
[2026-05-21 23:17:22] DEBUG    - Match found for Matheesha Pathirana in Points at row 21
[2026-05-21 23:17:22] INFO     - No update needed for Matheesha Pathirana in Points as points are unchanged.
[2026-05-21 23:17:22] DEBUG    - ===============================================================
[2026-05-21 23:17:22] INFO     - Processing count= 18
[2026-05-21 23:17:22] INFO     - 
Skipping Nathan Ellis as points is zero.
[2026-05-21 23:17:22] DEBUG    - ===============================================================
[2026-05-21 23:17:22] INFO     - Processing count= 19
[2026-05-21 23:17:22] INFO     - 
Skipping Yudhvir Singh as points is zero.
[2026-05-21 23:17:22] DEBUG    - ===============================================================
[2026-05-21 23:17:22] INFO     - Processing count= 20
[2026-05-21 23:17:22] INFO     - Processing player of CSK : 'Ayush Mhatre' | 311 points | team: CSK
[2026-05-21 23:17:22] DEBUG    - Match found for Ayush Mhatre in Points at row 24
[2026-05-21 23:17:22] INFO     - No update needed for Ayush Mhatre in Points as points are unchanged.
[2026-05-21 23:17:22] DEBUG    - ===============================================================
[2026-05-21 23:17:22] INFO     - Processing count= 21
[2026-05-21 23:17:22] INFO     - 
Skipping MS Dhoni as points is zero.
[2026-05-21 23:17:22] DEBUG    - ===============================================================
[2026-05-21 23:17:22] INFO     - Processing count= 22
[2026-05-21 23:17:22] INFO     - Processing player of DC : 'Mitchell Starc' | 281 points | team: DC
[2026-05-21 23:17:22] DEBUG    - Match found for Mitchell Starc in Points at row 26
[2026-05-21 23:17:22] INFO     - No update needed for Mitchell Starc in Points as points are unchanged.
[2026-05-21 23:17:22] DEBUG    - ===============================================================
[2026-05-21 23:17:22] INFO     - Processing count= 23
[2026-05-21 23:17:22] INFO     - Processing player of GT : 'Glenn Phillips' | 165 points | team: GT
[2026-05-21 23:17:22] DEBUG    - Match found for Glenn Phillips in Points at row 27
[2026-05-21 23:17:22] INFO     - No update needed for Glenn Phillips in Points as points are unchanged.
[2026-05-21 23:17:22] DEBUG    - ===============================================================
[2026-05-21 23:17:22] INFO     - Processing count= 24
[2026-05-21 23:17:22] INFO     - Processing player of KKR : 'Sunil Narine' | 522 points | team: KKR
[2026-05-21 23:17:22] DEBUG    - Match found for Sunil Narine in Points at row 28
[2026-05-21 23:17:22] INFO     - No update needed for Sunil Narine in Points as points are unchanged.
[2026-05-21 23:17:22] DEBUG    - ===============================================================
[2026-05-21 23:17:22] INFO     - Processing count= 25
[2026-05-21 23:17:22] INFO     - Processing player of KKR : 'Ajinkya Rahane' | 451 points | team: KKR
[2026-05-21 23:17:22] DEBUG    - Match found for Ajinkya Rahane in Points at row 29
[2026-05-21 23:17:22] INFO     - No update needed for Ajinkya Rahane in Points as points are unchanged.
[2026-05-21 23:17:22] DEBUG    - ===============================================================
[2026-05-21 23:17:22] INFO     - Processing count= 26
[2026-05-21 23:17:22] INFO     - Processing player of LSG : 'Ayush Badoni' | 280 points | team: LSG
[2026-05-21 23:17:22] DEBUG    - Match found for Ayush Badoni in Points at row 30
[2026-05-21 23:17:22] INFO     - No update needed for Ayush Badoni in Points as points are unchanged.
[2026-05-21 23:17:22] DEBUG    - ===============================================================
[2026-05-21 23:17:22] INFO     - Processing count= 27
[2026-05-21 23:17:22] INFO     - Processing player of MI : 'Hardik Pandya' | 366 points | team: MI
[2026-05-21 23:17:22] DEBUG    - Match found for Hardik Pandya in Points at row 31
[2026-05-21 23:17:22] INFO     - No update needed for Hardik Pandya in Points as points are unchanged.
[2026-05-21 23:17:22] DEBUG    - ===============================================================
[2026-05-21 23:17:22] INFO     - Processing count= 28
[2026-05-21 23:17:22] INFO     - Processing player of MI : 'Suryakumar Yadav' | 347 points | team: MI
[2026-05-21 23:17:22] DEBUG    - Match found for Suryakumar Yadav in Points at row 32
[2026-05-21 23:17:22] INFO     - No update needed for Suryakumar Yadav in Points as points are unchanged.
[2026-05-21 23:17:22] DEBUG    - ===============================================================
[2026-05-21 23:17:22] INFO     - Processing count= 29
[2026-05-21 23:17:22] INFO     - Processing player of MI : 'Rohit Sharma' | 420 points | team: MI
[2026-05-21 23:17:22] DEBUG    - Match found for Rohit Sharma in Points at row 33
[2026-05-21 23:17:22] INFO     - No update needed for Rohit Sharma in Points as points are unchanged.
[2026-05-21 23:17:22] DEBUG    - ===============================================================
[2026-05-21 23:17:22] INFO     - Processing count= 30
[2026-05-21 23:17:22] INFO     - Processing player of PBSK : 'Priyansh Arya' | 583 points | team: PBSK
[2026-05-21 23:17:22] DEBUG    - Match found for Priyansh Arya in Points at row 34
[2026-05-21 23:17:22] INFO     - No update needed for Priyansh Arya in Points as points are unchanged.
[2026-05-21 23:17:22] DEBUG    - ===============================================================
[2026-05-21 23:17:22] INFO     - Processing count= 31
[2026-05-21 23:17:22] INFO     - Processing player of RCB : 'Phil Salt' | 348 points | team: RCB
[2026-05-21 23:17:22] DEBUG    - Match found for Phil Salt in Points at row 35
[2026-05-21 23:17:22] INFO     - No update needed for Phil Salt in Points as points are unchanged.
[2026-05-21 23:17:22] DEBUG    - ===============================================================
[2026-05-21 23:17:22] INFO     - Processing count= 32
[2026-05-21 23:17:22] INFO     - Processing player of RCB : 'Bhuvneshwar Kumar' | 785 points | team: RCB
[2026-05-21 23:17:22] DEBUG    - Match found for Bhuvneshwar Kumar in Points at row 36
[2026-05-21 23:17:22] INFO     - No update needed for Bhuvneshwar Kumar in Points as points are unchanged.
[2026-05-21 23:17:22] DEBUG    - ===============================================================
[2026-05-21 23:17:22] INFO     - Processing count= 33
[2026-05-21 23:17:22] INFO     - Processing player of RCB : 'Josh Hazlewood' | 404 points | team: RCB
[2026-05-21 23:17:22] DEBUG    - Match found for Josh Hazlewood in Points at row 37
[2026-05-21 23:17:22] INFO     - No update needed for Josh Hazlewood in Points as points are unchanged.
[2026-05-21 23:17:22] DEBUG    - ===============================================================
[2026-05-21 23:17:22] INFO     - Processing count= 34
[2026-05-21 23:17:22] INFO     - Processing player of RR : 'Shimron Hetmyer' | 169 points | team: RR
[2026-05-21 23:17:22] DEBUG    - Match found for Shimron Hetmyer in Points at row 38
[2026-05-21 23:17:22] INFO     - No update needed for Shimron Hetmyer in Points as points are unchanged.
[2026-05-21 23:17:22] DEBUG    - ===============================================================
[2026-05-21 23:17:22] INFO     - Processing count= 35
[2026-05-21 23:17:22] INFO     - Processing player of RR : 'Sandeep Sharma' | 161 points | team: RR
[2026-05-21 23:17:22] DEBUG    - Match found for Sandeep Sharma in Points at row 39
[2026-05-21 23:17:22] INFO     - No update needed for Sandeep Sharma in Points as points are unchanged.
[2026-05-21 23:17:22] DEBUG    - ===============================================================
[2026-05-21 23:17:22] INFO     - Processing count= 36
[2026-05-21 23:17:22] INFO     - Processing player of PBSK : 'Marco Jansen' | 317 points | team: PBSK
[2026-05-21 23:17:22] DEBUG    - Match found for Marco Jansen in Points at row 40
[2026-05-21 23:17:22] INFO     - No update needed for Marco Jansen in Points as points are unchanged.
[2026-05-21 23:17:22] DEBUG    - ===============================================================
[2026-05-21 23:17:22] INFO     - Processing count= 37
[2026-05-21 23:17:22] INFO     - Processing player of CSK : 'Prashant Veer' | 134 points | team: CSK
[2026-05-21 23:17:22] DEBUG    - Match found for Prashant Veer in Points at row 41
[2026-05-21 23:17:22] INFO     - No update needed for Prashant Veer in Points as points are unchanged.
[2026-05-21 23:17:22] DEBUG    - ===============================================================
[2026-05-21 23:17:22] INFO     - Processing count= 38
[2026-05-21 23:17:22] INFO     - Processing player of CSK : 'Ruturaj Gaikwad' | 532 points | team: CSK
[2026-05-21 23:17:22] DEBUG    - Match found for Ruturaj Gaikwad in Points at row 42
[2026-05-21 23:17:23] INFO     - Points gained for Ruturaj Gaikwad in Points: 37 (Points: 532, Dot Balls: 0, Previous Total: 495)
[2026-05-21 23:17:23] INFO     - Data updated successfully for Ruturaj Gaikwad in Points - 532 points and 0 dot balls!
[2026-05-21 23:17:23] DEBUG    - Sleeping 3s before next update.
[2026-05-21 23:17:26] DEBUG    - ===============================================================
[2026-05-21 23:17:26] INFO     - Processing count= 39
[2026-05-21 23:17:26] INFO     - Processing player of DC : 'Axar Patel' | 535 points | team: DC
[2026-05-21 23:17:26] DEBUG    - Match found for Axar Patel in Points at row 43
[2026-05-21 23:17:26] INFO     - No update needed for Axar Patel in Points as points are unchanged.
[2026-05-21 23:17:26] DEBUG    - ===============================================================
[2026-05-21 23:17:26] INFO     - Processing count= 40
[2026-05-21 23:17:26] INFO     - Processing player of DC : 'Abishek Porel' | 127 points | team: DC
[2026-05-21 23:17:26] DEBUG    - Match found for Abishek Porel in Points at row 44
[2026-05-21 23:17:26] INFO     - No update needed for Abishek Porel in Points as points are unchanged.
[2026-05-21 23:17:26] DEBUG    - ===============================================================
[2026-05-21 23:17:26] INFO     - Processing count= 41
[2026-05-21 23:17:26] INFO     - Processing player of DC : 'KL Rahul' | 812 points | team: DC
[2026-05-21 23:17:26] DEBUG    - Match found for KL Rahul in Points at row 45
[2026-05-21 23:17:26] INFO     - No update needed for KL Rahul in Points as points are unchanged.
[2026-05-21 23:17:26] DEBUG    - ===============================================================
[2026-05-21 23:17:26] INFO     - Processing count= 42
[2026-05-21 23:17:26] INFO     - Processing player of GT : 'Rashid Khan' | 672 points | team: GT
[2026-05-21 23:17:26] DEBUG    - Match found for Rashid Khan in Points at row 46
[2026-05-21 23:17:26] INFO     - Points gained for Rashid Khan in Points: 89 (Points: 672, Dot Balls: 103, Previous Total: 686)
[2026-05-21 23:17:26] INFO     - Data updated successfully for Rashid Khan in Points - 672 points and 103 dot balls!
[2026-05-21 23:17:26] DEBUG    - Sleeping 3s before next update.
[2026-05-21 23:17:29] DEBUG    - ===============================================================
[2026-05-21 23:17:29] INFO     - Processing count= 43
[2026-05-21 23:17:29] INFO     - Processing player of KKR : 'Cameron Green' | 701 points | team: KKR
[2026-05-21 23:17:29] DEBUG    - Match found for Cameron Green in Points at row 47
[2026-05-21 23:17:29] INFO     - No update needed for Cameron Green in Points as points are unchanged.
[2026-05-21 23:17:29] DEBUG    - ===============================================================
[2026-05-21 23:17:29] INFO     - Processing count= 44
[2026-05-21 23:17:29] INFO     - Processing player of KKR : 'Varun Chakaravarthy' | 318 points | team: KKR
[2026-05-21 23:17:29] DEBUG    - Match found for Varun Chakaravarthy in Points at row 48
[2026-05-21 23:17:29] INFO     - No update needed for Varun Chakaravarthy in Points as points are unchanged.
[2026-05-21 23:17:29] DEBUG    - ===============================================================
[2026-05-21 23:17:29] INFO     - Processing count= 45
[2026-05-21 23:17:29] INFO     - Processing player of LSG : 'Digvesh Singh' | 191 points | team: LSG
[2026-05-21 23:17:29] DEBUG    - Match found for Digvesh Singh in Points at row 49
[2026-05-21 23:17:29] INFO     - No update needed for Digvesh Singh in Points as points are unchanged.
[2026-05-21 23:17:29] DEBUG    - ===============================================================
[2026-05-21 23:17:29] INFO     - Processing count= 46
[2026-05-21 23:17:29] INFO     - Processing player of LSG : 'Rishabh Pant' | 527 points | team: LSG
[2026-05-21 23:17:29] DEBUG    - Match found for Rishabh Pant in Points at row 50
[2026-05-21 23:17:29] INFO     - No update needed for Rishabh Pant in Points as points are unchanged.
[2026-05-21 23:17:29] DEBUG    - ===============================================================
[2026-05-21 23:17:29] INFO     - Processing count= 47
[2026-05-21 23:17:29] INFO     - Processing player of PBSK : 'Arshdeep Singh' | 429 points | team: PBSK
[2026-05-21 23:17:29] DEBUG    - Match found for Arshdeep Singh in Points at row 51
[2026-05-21 23:17:29] INFO     - No update needed for Arshdeep Singh in Points as points are unchanged.
[2026-05-21 23:17:29] DEBUG    - ===============================================================
[2026-05-21 23:17:29] INFO     - Processing count= 48
[2026-05-21 23:17:29] INFO     - Processing player of RCB : 'Krunal Pandya' | 519 points | team: RCB
[2026-05-21 23:17:29] DEBUG    - Match found for Krunal Pandya in Points at row 52
[2026-05-21 23:17:29] INFO     - No update needed for Krunal Pandya in Points as points are unchanged.
[2026-05-21 23:17:29] DEBUG    - ===============================================================
[2026-05-21 23:17:29] INFO     - Processing count= 49
[2026-05-21 23:17:29] INFO     - Processing player of RCB : 'Rajat Patidar' | 587 points | team: RCB
[2026-05-21 23:17:29] DEBUG    - Match found for Rajat Patidar in Points at row 53
[2026-05-21 23:17:29] INFO     - No update needed for Rajat Patidar in Points as points are unchanged.
[2026-05-21 23:17:29] DEBUG    - ===============================================================
[2026-05-21 23:17:29] INFO     - Processing count= 50
[2026-05-21 23:17:29] INFO     - Processing player of RR : 'Yashasvi Jaiswal' | 609 points | team: RR
[2026-05-21 23:17:29] DEBUG    - Match found for Yashasvi Jaiswal in Points at row 54
[2026-05-21 23:17:29] INFO     - No update needed for Yashasvi Jaiswal in Points as points are unchanged.
[2026-05-21 23:17:29] DEBUG    - ===============================================================
[2026-05-21 23:17:29] INFO     - Processing count= 51
[2026-05-21 23:17:29] INFO     - Processing player of SRH : 'Travis Head' | 562 points | team: SRH
[2026-05-21 23:17:29] DEBUG    - Match found for Travis Head in Points at row 55
[2026-05-21 23:17:29] INFO     - No update needed for Travis Head in Points as points are unchanged.
[2026-05-21 23:17:30] DEBUG    - ===============================================================
[2026-05-21 23:17:30] INFO     - Processing count= 52
[2026-05-21 23:17:30] INFO     - Processing player of SRH : 'Nitish Kumar Reddy' | 601 points | team: SRH
[2026-05-21 23:17:30] DEBUG    - Match found for Nitish Kumar Reddy in Points at row 56
[2026-05-21 23:17:30] INFO     - No update needed for Nitish Kumar Reddy in Points as points are unchanged.
[2026-05-21 23:17:30] DEBUG    - ===============================================================
[2026-05-21 23:17:30] INFO     - Processing count= 53
[2026-05-21 23:17:30] INFO     - Processing player of MI : 'Naman Dhir' | 526 points | team: MI
[2026-05-21 23:17:30] DEBUG    - Match found for Naman Dhir in Points at row 57
[2026-05-21 23:17:30] INFO     - No update needed for Naman Dhir in Points as points are unchanged.
[2026-05-21 23:17:30] DEBUG    - ===============================================================
[2026-05-21 23:17:30] INFO     - Processing count= 54
[2026-05-21 23:17:30] INFO     - Processing player of KKR : 'Finn Allen' | 511 points | team: KKR
[2026-05-21 23:17:30] DEBUG    - Match found for Finn Allen in Points at row 58
[2026-05-21 23:17:30] INFO     - No update needed for Finn Allen in Points as points are unchanged.
[2026-05-21 23:17:30] DEBUG    - ===============================================================
[2026-05-21 23:17:30] INFO     - Processing count= 55
[2026-05-21 23:17:30] INFO     - Processing player of GT : 'Rahul Tewatia' | 183 points | team: GT
[2026-05-21 23:17:30] DEBUG    - Match found for Rahul Tewatia in Points at row 59
[2026-05-21 23:17:30] INFO     - Points gained for Rahul Tewatia in Points: 2 (Points: 183, Dot Balls: 0, Previous Total: 181)
[2026-05-21 23:17:30] INFO     - Data updated successfully for Rahul Tewatia in Points - 183 points and 0 dot balls!
[2026-05-21 23:17:30] DEBUG    - Sleeping 3s before next update.
[2026-05-21 23:17:33] DEBUG    - ===============================================================
[2026-05-21 23:17:33] INFO     - Processing count= 56
[2026-05-21 23:17:33] INFO     - Processing player of GT : 'Jason Holder' | 547 points | team: GT
[2026-05-21 23:17:33] DEBUG    - Match found for Jason Holder in Points at row 60
[2026-05-21 23:17:34] INFO     - Points gained for Jason Holder in Points: 16 (Points: 547, Dot Balls: 70, Previous Total: 601)
[2026-05-21 23:17:34] INFO     - Data updated successfully for Jason Holder in Points - 547 points and 70 dot balls!
[2026-05-21 23:17:34] DEBUG    - Sleeping 3s before next update.
[2026-05-21 23:17:37] DEBUG    - ===============================================================
[2026-05-21 23:17:37] INFO     - Processing count= 57
[2026-05-21 23:17:37] INFO     - Processing player of CSK : 'Dewald Brevis' | 357 points | team: CSK
[2026-05-21 23:17:37] DEBUG    - Match found for Dewald Brevis in Points at row 61
[2026-05-21 23:17:38] INFO     - Points gained for Dewald Brevis in Points: 12 (Points: 357, Dot Balls: 0, Previous Total: 345)
[2026-05-21 23:17:38] INFO     - Data updated successfully for Dewald Brevis in Points - 357 points and 0 dot balls!
[2026-05-21 23:17:38] DEBUG    - Sleeping 3s before next update.
[2026-05-21 23:17:41] DEBUG    - ===============================================================
[2026-05-21 23:17:41] INFO     - Processing count= 58
[2026-05-21 23:17:41] INFO     - Processing player of CSK : 'Noor Ahmad' | 426 points | team: CSK
[2026-05-21 23:17:41] DEBUG    - Match found for Noor Ahmad in Points at row 62
[2026-05-21 23:17:42] INFO     - Points gained for Noor Ahmad in Points: 3 (Points: 426, Dot Balls: 94, Previous Total: 517)
[2026-05-21 23:17:42] INFO     - Data updated successfully for Noor Ahmad in Points - 426 points and 94 dot balls!
[2026-05-21 23:17:42] DEBUG    - Sleeping 3s before next update.
[2026-05-21 23:17:45] DEBUG    - ===============================================================
[2026-05-21 23:17:45] INFO     - Processing count= 59
[2026-05-21 23:17:45] INFO     - Processing player of DC : 'Auqib Nabi' | 30 points | team: DC
[2026-05-21 23:17:45] DEBUG    - Match found for Auqib Nabi in Points at row 63
[2026-05-21 23:17:45] INFO     - No update needed for Auqib Nabi in Points as points are unchanged.
[2026-05-21 23:17:45] DEBUG    - ===============================================================
[2026-05-21 23:17:45] INFO     - Processing count= 60
[2026-05-21 23:17:45] INFO     - Processing player of GT : 'Jos Buttler' | 921 points | team: GT
[2026-05-21 23:17:45] DEBUG    - Match found for Jos Buttler in Points at row 64
[2026-05-21 23:17:46] INFO     - Points gained for Jos Buttler in Points: 104 (Points: 921, Dot Balls: 0, Previous Total: 817)
[2026-05-21 23:17:46] INFO     - Data updated successfully for Jos Buttler in Points - 921 points and 0 dot balls!
[2026-05-21 23:17:46] DEBUG    - Sleeping 3s before next update.
[2026-05-21 23:17:49] DEBUG    - ===============================================================
[2026-05-21 23:17:49] INFO     - Processing count= 61
[2026-05-21 23:17:49] INFO     - Processing player of GT : 'Prasidh Krishna' | 408 points | team: GT
[2026-05-21 23:17:49] DEBUG    - Match found for Prasidh Krishna in Points at row 65
[2026-05-21 23:17:49] INFO     - Points gained for Prasidh Krishna in Points: 21 (Points: 408, Dot Balls: 64, Previous Total: 451)
[2026-05-21 23:17:49] INFO     - Data updated successfully for Prasidh Krishna in Points - 408 points and 64 dot balls!
[2026-05-21 23:17:49] DEBUG    - Sleeping 3s before next update.
[2026-05-21 23:17:52] DEBUG    - ===============================================================
[2026-05-21 23:17:52] INFO     - Processing count= 62
[2026-05-21 23:17:52] INFO     - Processing player of KKR : 'Vaibhav Arora' | 330 points | team: KKR
[2026-05-21 23:17:52] DEBUG    - Match found for Vaibhav Arora in Points at row 66
[2026-05-21 23:17:52] INFO     - No update needed for Vaibhav Arora in Points as points are unchanged.
[2026-05-21 23:17:52] DEBUG    - ===============================================================
[2026-05-21 23:17:52] INFO     - Processing count= 63
[2026-05-21 23:17:52] INFO     - Processing player of LSG : 'Aiden Markram' | 423 points | team: LSG
[2026-05-21 23:17:52] DEBUG    - Match found for Aiden Markram in Points at row 67
[2026-05-21 23:17:52] INFO     - No update needed for Aiden Markram in Points as points are unchanged.
[2026-05-21 23:17:52] DEBUG    - ===============================================================
[2026-05-21 23:17:52] INFO     - Processing count= 64
[2026-05-21 23:17:52] INFO     - Processing player of MI : 'Will Jacks' | 206 points | team: MI
[2026-05-21 23:17:52] DEBUG    - Match found for Will Jacks in Points at row 68
[2026-05-21 23:17:52] INFO     - No update needed for Will Jacks in Points as points are unchanged.
[2026-05-21 23:17:52] DEBUG    - ===============================================================
[2026-05-21 23:17:52] INFO     - Processing count= 65
[2026-05-21 23:17:52] INFO     - Processing player of PBSK : 'Nehal Wadhera' | 127 points | team: PBSK
[2026-05-21 23:17:52] DEBUG    - Match found for Nehal Wadhera in Points at row 69
[2026-05-21 23:17:52] INFO     - No update needed for Nehal Wadhera in Points as points are unchanged.
[2026-05-21 23:17:52] DEBUG    - ===============================================================
[2026-05-21 23:17:52] INFO     - Processing count= 66
[2026-05-21 23:17:52] INFO     - Processing player of PBSK : 'Shreyas Iyer' | 659 points | team: PBSK
[2026-05-21 23:17:52] DEBUG    - Match found for Shreyas Iyer in Points at row 70
[2026-05-21 23:17:52] INFO     - No update needed for Shreyas Iyer in Points as points are unchanged.
[2026-05-21 23:17:52] DEBUG    - ===============================================================
[2026-05-21 23:17:52] INFO     - Processing count= 67
[2026-05-21 23:17:52] INFO     - Processing player of RCB : 'Devdutt Padikkal' | 734 points | team: RCB
[2026-05-21 23:17:52] DEBUG    - Match found for Devdutt Padikkal in Points at row 71
[2026-05-21 23:17:52] INFO     - No update needed for Devdutt Padikkal in Points as points are unchanged.
[2026-05-21 23:17:52] DEBUG    - ===============================================================
[2026-05-21 23:17:52] INFO     - Processing count= 68
[2026-05-21 23:17:52] INFO     - Processing player of RCB : 'Virat Kohli' | 857 points | team: RCB
[2026-05-21 23:17:52] DEBUG    - Match found for Virat Kohli in Points at row 72
[2026-05-21 23:17:52] INFO     - No update needed for Virat Kohli in Points as points are unchanged.
[2026-05-21 23:17:52] DEBUG    - ===============================================================
[2026-05-21 23:17:52] INFO     - Processing count= 69
[2026-05-21 23:17:52] INFO     - Processing player of RR : 'Riyan Parag' | 477 points | team: RR
[2026-05-21 23:17:52] DEBUG    - Match found for Riyan Parag in Points at row 73
[2026-05-21 23:17:52] INFO     - No update needed for Riyan Parag in Points as points are unchanged.
[2026-05-21 23:17:52] DEBUG    - ===============================================================
[2026-05-21 23:17:52] INFO     - Processing count= 70
[2026-05-21 23:17:52] INFO     - Processing player of SRH : 'Harshal Patel' | 20 points | team: SRH
[2026-05-21 23:17:52] DEBUG    - Match found for Harshal Patel in Points at row 74
[2026-05-21 23:17:52] INFO     - No update needed for Harshal Patel in Points as points are unchanged.
[2026-05-21 23:17:52] DEBUG    - ===============================================================
[2026-05-21 23:17:52] INFO     - Processing count= 71
[2026-05-21 23:17:52] INFO     - Processing player of SRH : 'Heinrich Klaasen' | 895 points | team: SRH
[2026-05-21 23:17:52] DEBUG    - Match found for Heinrich Klaasen in Points at row 75
[2026-05-21 23:17:52] INFO     - No update needed for Heinrich Klaasen in Points as points are unchanged.
[2026-05-21 23:17:52] DEBUG    - ===============================================================
[2026-05-21 23:17:52] INFO     - Processing count= 72
[2026-05-21 23:17:52] INFO     - Processing player of DC : 'Nitish Rana' | 374 points | team: DC
[2026-05-21 23:17:52] DEBUG    - Match found for Nitish Rana in Points at row 76
[2026-05-21 23:17:52] INFO     - No update needed for Nitish Rana in Points as points are unchanged.
[2026-05-21 23:17:52] DEBUG    - ===============================================================
[2026-05-21 23:17:52] INFO     - Processing count= 73
[2026-05-21 23:17:52] INFO     - Processing player of MI : 'Trent Boult' | 84 points | team: MI
[2026-05-21 23:17:52] DEBUG    - Match found for Trent Boult in Points at row 77
[2026-05-21 23:17:52] INFO     - No update needed for Trent Boult in Points as points are unchanged.
[2026-05-21 23:17:52] DEBUG    - ===============================================================
[2026-05-21 23:17:52] INFO     - Processing count= 74
[2026-05-21 23:17:52] INFO     - Processing player of RCB : 'Venkatesh Iyer' | 172 points | team: RCB
[2026-05-21 23:17:52] DEBUG    - Match found for Venkatesh Iyer in Points at row 78
[2026-05-21 23:17:52] INFO     - No update needed for Venkatesh Iyer in Points as points are unchanged.
[2026-05-21 23:17:52] DEBUG    - ===============================================================
[2026-05-21 23:17:52] INFO     - Processing count= 75
[2026-05-21 23:17:52] INFO     - 
Skipping Yash Dayal as points is zero.
[2026-05-21 23:17:52] DEBUG    - ===============================================================
[2026-05-21 23:17:52] INFO     - Processing count= 76
[2026-05-21 23:17:52] INFO     - Processing player of MI : 'Shardul Thakur' | 297 points | team: MI
[2026-05-21 23:17:52] DEBUG    - Match found for Shardul Thakur in Points at row 80
[2026-05-21 23:17:52] INFO     - No update needed for Shardul Thakur in Points as points are unchanged.
[2026-05-21 23:17:52] DEBUG    - ===============================================================
[2026-05-21 23:17:52] INFO     - Processing count= 77
[2026-05-21 23:17:52] INFO     - Processing player of CSK : 'Rahul Chahar' | 8 points | team: CSK
[2026-05-21 23:17:52] DEBUG    - Match found for Rahul Chahar in Points at row 81
[2026-05-21 23:17:52] INFO     - No update needed for Rahul Chahar in Points as points are unchanged.
[2026-05-21 23:17:52] DEBUG    - ===============================================================
[2026-05-21 23:17:52] INFO     - Processing count= 78
[2026-05-21 23:17:52] INFO     - Processing player of CSK : 'Khaleel Ahmed' | 70 points | team: CSK
[2026-05-21 23:17:52] DEBUG    - Match found for Khaleel Ahmed in Points at row 82
[2026-05-21 23:17:52] INFO     - No update needed for Khaleel Ahmed in Points as points are unchanged.
[2026-05-21 23:17:52] DEBUG    - ===============================================================
[2026-05-21 23:17:52] INFO     - Processing count= 79
[2026-05-21 23:17:52] INFO     - Processing player of DC : 'Tristan Stubbs' | 447 points | team: DC
[2026-05-21 23:17:52] DEBUG    - Match found for Tristan Stubbs in Points at row 83
[2026-05-21 23:17:52] INFO     - No update needed for Tristan Stubbs in Points as points are unchanged.
[2026-05-21 23:17:52] DEBUG    - ===============================================================
[2026-05-21 23:17:52] INFO     - Processing count= 80
[2026-05-21 23:17:52] INFO     - Processing player of DC : 'Kuldeep Yadav' | 244 points | team: DC
[2026-05-21 23:17:52] DEBUG    - Match found for Kuldeep Yadav in Points at row 84
[2026-05-21 23:17:52] INFO     - No update needed for Kuldeep Yadav in Points as points are unchanged.
[2026-05-21 23:17:52] DEBUG    - ===============================================================
[2026-05-21 23:17:52] INFO     - Processing count= 81
[2026-05-21 23:17:52] INFO     - Processing player of GT : 'Shubman Gill' | 989 points | team: GT
[2026-05-21 23:17:52] DEBUG    - Match found for Shubman Gill in Points at row 85
[2026-05-21 23:17:53] INFO     - Points gained for Shubman Gill in Points: 115 (Points: 989, Dot Balls: 0, Previous Total: 874)
[2026-05-21 23:17:53] INFO     - Data updated successfully for Shubman Gill in Points - 989 points and 0 dot balls!
[2026-05-21 23:17:53] DEBUG    - Sleeping 3s before next update.
[2026-05-21 23:17:56] DEBUG    - ===============================================================
[2026-05-21 23:17:56] INFO     - Processing count= 82
[2026-05-21 23:17:56] INFO     - Processing player of GT : 'Mohammed Siraj' | 543 points | team: GT
[2026-05-21 23:17:56] DEBUG    - Match found for Mohammed Siraj in Points at row 86
[2026-05-21 23:17:57] INFO     - Points gained for Mohammed Siraj in Points: 101 (Points: 543, Dot Balls: 148, Previous Total: 590)
[2026-05-21 23:17:57] INFO     - Data updated successfully for Mohammed Siraj in Points - 543 points and 148 dot balls!
[2026-05-21 23:17:57] DEBUG    - Sleeping 3s before next update.
[2026-05-21 23:18:00] DEBUG    - ===============================================================
[2026-05-21 23:18:00] INFO     - Processing count= 83
[2026-05-21 23:18:00] INFO     - Processing player of KKR : 'Angkrish Raghuvanshi' | 676 points | team: KKR
[2026-05-21 23:18:00] DEBUG    - Match found for Angkrish Raghuvanshi in Points at row 87
[2026-05-21 23:18:00] INFO     - No update needed for Angkrish Raghuvanshi in Points as points are unchanged.
[2026-05-21 23:18:00] DEBUG    - ===============================================================
[2026-05-21 23:18:00] INFO     - Processing count= 84
[2026-05-21 23:18:00] INFO     - Processing player of LSG : 'Mitchell Marsh' | 854 points | team: LSG
[2026-05-21 23:18:00] DEBUG    - Match found for Mitchell Marsh in Points at row 88
[2026-05-21 23:18:00] INFO     - No update needed for Mitchell Marsh in Points as points are unchanged.
[2026-05-21 23:18:00] DEBUG    - ===============================================================
[2026-05-21 23:18:00] INFO     - Processing count= 85
[2026-05-21 23:18:00] INFO     - Processing player of LSG : 'Nicholas Pooran' | 419 points | team: LSG
[2026-05-21 23:18:00] DEBUG    - Match found for Nicholas Pooran in Points at row 89
[2026-05-21 23:18:00] INFO     - No update needed for Nicholas Pooran in Points as points are unchanged.
[2026-05-21 23:18:00] DEBUG    - ===============================================================
[2026-05-21 23:18:00] INFO     - Processing count= 86
[2026-05-21 23:18:00] INFO     - Processing player of PBSK : 'Marcus Stoinis' | 401 points | team: PBSK
[2026-05-21 23:18:00] DEBUG    - Match found for Marcus Stoinis in Points at row 90
[2026-05-21 23:18:00] INFO     - No update needed for Marcus Stoinis in Points as points are unchanged.
[2026-05-21 23:18:00] DEBUG    - ===============================================================
[2026-05-21 23:18:00] INFO     - Processing count= 87
[2026-05-21 23:18:00] INFO     - Processing player of PBSK : 'Prabhsimran Singh' | 713 points | team: PBSK
[2026-05-21 23:18:00] DEBUG    - Match found for Prabhsimran Singh in Points at row 91
[2026-05-21 23:18:00] INFO     - No update needed for Prabhsimran Singh in Points as points are unchanged.
[2026-05-21 23:18:00] DEBUG    - ===============================================================
[2026-05-21 23:18:00] INFO     - Processing count= 88
[2026-05-21 23:18:00] INFO     - Processing player of PBSK : 'Shashank Singh' | 304 points | team: PBSK
[2026-05-21 23:18:00] DEBUG    - Match found for Shashank Singh in Points at row 92
[2026-05-21 23:18:00] INFO     - No update needed for Shashank Singh in Points as points are unchanged.
[2026-05-21 23:18:00] DEBUG    - ===============================================================
[2026-05-21 23:18:00] INFO     - Processing count= 89
[2026-05-21 23:18:00] INFO     - Processing player of RCB : 'Jitesh Sharma' | 287 points | team: RCB
[2026-05-21 23:18:00] DEBUG    - Match found for Jitesh Sharma in Points at row 93
[2026-05-21 23:18:00] INFO     - No update needed for Jitesh Sharma in Points as points are unchanged.
[2026-05-21 23:18:00] DEBUG    - ===============================================================
[2026-05-21 23:18:00] INFO     - Processing count= 90
[2026-05-21 23:18:00] INFO     - Processing player of RR : 'Jofra Archer' | 625 points | team: RR
[2026-05-21 23:18:00] DEBUG    - Match found for Jofra Archer in Points at row 94
[2026-05-21 23:18:00] INFO     - No update needed for Jofra Archer in Points as points are unchanged.
[2026-05-21 23:18:00] DEBUG    - ===============================================================
[2026-05-21 23:18:00] INFO     - Processing count= 91
[2026-05-21 23:18:00] INFO     - Processing player of RR : 'Ravindra Jadeja' | 515 points | team: RR
[2026-05-21 23:18:00] DEBUG    - Match found for Ravindra Jadeja in Points at row 95
[2026-05-21 23:18:00] INFO     - No update needed for Ravindra Jadeja in Points as points are unchanged.
[2026-05-21 23:18:00] DEBUG    - ===============================================================
[2026-05-21 23:18:00] INFO     - Processing count= 92
[2026-05-21 23:18:00] INFO     - Processing player of LSG : 'Mohammad Shami' | 353 points | team: LSG
[2026-05-21 23:18:00] DEBUG    - Match found for Mohammad Shami in Points at row 96
[2026-05-21 23:18:00] INFO     - No update needed for Mohammad Shami in Points as points are unchanged.
[2026-05-21 23:18:00] DEBUG    - ===============================================================
[2026-05-21 23:18:00] INFO     - Processing count= 93
[2026-05-21 23:18:00] INFO     - Processing player of GT : 'Kagiso Rabada' | 774 points | team: GT
[2026-05-21 23:18:00] DEBUG    - Match found for Kagiso Rabada in Points at row 97
[2026-05-21 23:18:01] INFO     - Points gained for Kagiso Rabada in Points: 101 (Points: 774, Dot Balls: 147, Previous Total: 820)
[2026-05-21 23:18:01] INFO     - Data updated successfully for Kagiso Rabada in Points - 774 points and 147 dot balls!
[2026-05-21 23:18:01] DEBUG    - Sleeping 3s before next update.
[2026-05-21 23:18:04] DEBUG    - ===============================================================
[2026-05-21 23:18:04] INFO     - Processing count= 94
[2026-05-21 23:18:04] INFO     - Processing player of KKR : 'Rinku Singh' | 526 points | team: KKR
[2026-05-21 23:18:04] DEBUG    - Match found for Rinku Singh in Points at row 98
[2026-05-21 23:18:04] INFO     - No update needed for Rinku Singh in Points as points are unchanged.
[2026-05-21 23:18:04] DEBUG    - ===============================================================
[2026-05-21 23:18:04] INFO     - Processing count= 95
[2026-05-21 23:18:04] INFO     - Processing player of CSK : 'Kartik Sharma' | 439 points | team: CSK
[2026-05-21 23:18:04] DEBUG    - Match found for Kartik Sharma in Points at row 99
[2026-05-21 23:18:05] INFO     - Points gained for Kartik Sharma in Points: 26 (Points: 439, Dot Balls: 0, Previous Total: 413)
[2026-05-21 23:18:05] INFO     - Data updated successfully for Kartik Sharma in Points - 439 points and 0 dot balls!
[2026-05-21 23:18:05] DEBUG    - Sleeping 3s before next update.
[2026-05-21 23:18:08] DEBUG    - ===============================================================
[2026-05-21 23:18:08] INFO     - Processing count= 96
[2026-05-21 23:18:08] INFO     - Processing player of DC : 'Ashutosh Sharma' | 256 points | team: DC
[2026-05-21 23:18:08] DEBUG    - Match found for Ashutosh Sharma in Points at row 100
[2026-05-21 23:18:08] INFO     - No update needed for Ashutosh Sharma in Points as points are unchanged.
[2026-05-21 23:18:08] DEBUG    - ===============================================================
[2026-05-21 23:18:08] INFO     - Processing count= 97
[2026-05-21 23:18:08] INFO     - Processing player of MI : 'Corbin Bosch' | 400 points | team: MI
[2026-05-21 23:18:08] DEBUG    - Match found for Corbin Bosch in Points at row 101
[2026-05-21 23:18:08] INFO     - No update needed for Corbin Bosch in Points as points are unchanged.
[2026-05-21 23:18:08] DEBUG    - ===============================================================
[2026-05-21 23:18:08] INFO     - Processing count= 98
[2026-05-21 23:18:08] INFO     - Processing player of RCB : 'Tim David' | 436 points | team: RCB
[2026-05-21 23:18:08] DEBUG    - Match found for Tim David in Points at row 102
[2026-05-21 23:18:08] INFO     - No update needed for Tim David in Points as points are unchanged.
[2026-05-21 23:18:08] DEBUG    - ===============================================================
[2026-05-21 23:18:08] INFO     - Processing count= 99
[2026-05-21 23:18:08] INFO     - Processing player of PBSK : 'Cooper Connolly' | 758 points | team: PBSK
[2026-05-21 23:18:08] DEBUG    - Match found for Cooper Connolly in Points at row 103
[2026-05-21 23:18:08] INFO     - No update needed for Cooper Connolly in Points as points are unchanged.
[2026-05-21 23:18:08] DEBUG    - ===============================================================
[2026-05-21 23:18:08] INFO     - Processing count= 100
[2026-05-21 23:18:08] INFO     - Processing player of SRH : 'Liam Livingstone' | 57 points | team: SRH
[2026-05-21 23:18:08] DEBUG    - Match found for Liam Livingstone in Points at row 104
[2026-05-21 23:18:08] INFO     - No update needed for Liam Livingstone in Points as points are unchanged.
[2026-05-21 23:18:08] DEBUG    - ===============================================================
[2026-05-21 23:18:08] INFO     - Processing count= 101
[2026-05-21 23:18:08] INFO     - Processing player of PBSK : 'Vijaykumar Vyshak' | 263 points | team: PBSK
[2026-05-21 23:18:08] DEBUG    - Match found for Vijaykumar Vyshak in Points at row 105
[2026-05-21 23:18:08] INFO     - No update needed for Vijaykumar Vyshak in Points as points are unchanged.
[2026-05-21 23:18:08] DEBUG    - ===============================================================
[2026-05-21 23:18:08] INFO     - Processing count= 102
[2026-05-21 23:18:08] INFO     - Processing player of RCB : 'Suyash Sharma' | 254 points | team: RCB
[2026-05-21 23:18:08] DEBUG    - Match found for Suyash Sharma in Points at row 106
[2026-05-21 23:18:08] INFO     - No update needed for Suyash Sharma in Points as points are unchanged.
[2026-05-21 23:18:08] DEBUG    - ===============================================================
[2026-05-21 23:18:08] INFO     - Processing count= 103
[2026-05-21 23:18:08] INFO     - Processing player of DC : 'David Miller' | 328 points | team: DC
[2026-05-21 23:18:08] DEBUG    - Match found for David Miller in Points at row 107
[2026-05-21 23:18:08] INFO     - No update needed for David Miller in Points as points are unchanged.
[2026-05-21 23:18:08] INFO     - Total players processed for team 'CSK': 10
[2026-05-21 23:18:08] INFO     - Total players processed for team 'GT': 10
[2026-05-21 23:18:08] INFO     - Total players processed for team 'LSG': 8
[2026-05-21 23:18:08] INFO     - Total players processed for team 'MI': 11
[2026-05-21 23:18:08] INFO     - Total players processed for team 'PBSK': 12
[2026-05-21 23:18:08] INFO     - Total players processed for team 'RCB': 13
[2026-05-21 23:18:08] INFO     - Total players processed for team 'RR': 8
[2026-05-21 23:18:08] INFO     - Total players processed for team 'SRH': 8
[2026-05-21 23:18:08] INFO     - Total players processed for team 'KKR': 9
[2026-05-21 23:18:08] INFO     - Total players processed for team 'DC': 10
[2026-05-21 23:18:08] DEBUG    - ===============================================================
[2026-05-21 23:18:08] WARNING  - Player not updated: Mohsin Khan | Reason: Points unchanged
[2026-05-21 23:18:08] WARNING  - Player not updated: Tilak Varma | Reason: Points unchanged
[2026-05-21 23:18:08] WARNING  - Player not updated: Quinton de Kock | Reason: Points unchanged
[2026-05-21 23:18:08] WARNING  - Player not updated: Jasprit Bumrah | Reason: Points unchanged
[2026-05-21 23:18:08] WARNING  - Player not updated: Harpreet Brar | Reason: Points unchanged
[2026-05-21 23:18:08] WARNING  - Player not updated: Yuzvendra Chahal | Reason: Points unchanged
[2026-05-21 23:18:08] WARNING  - Player not updated: Romario Shepherd | Reason: Points unchanged
[2026-05-21 23:18:08] WARNING  - Player not updated: Vaibhav Sooryavanshi | Reason: Points unchanged
[2026-05-21 23:18:08] WARNING  - Player not updated: Ravi Bishnoi | Reason: Points unchanged
[2026-05-21 23:18:08] WARNING  - Player not updated: Abhishek Sharma | Reason: Points unchanged
[2026-05-21 23:18:08] WARNING  - Player not updated: Ishan Kishan | Reason: Points unchanged
[2026-05-21 23:18:08] WARNING  - Player not updated: Pat Cummins | Reason: Points unchanged
[2026-05-21 23:18:08] WARNING  - Player not updated: Rasikh Salam | Reason: Points unchanged
[2026-05-21 23:18:08] WARNING  - Player not updated: Matheesha Pathirana | Reason: Points unchanged
[2026-05-21 23:18:08] WARNING  - Player not updated: Nathan Ellis | Reason: Points is zero
[2026-05-21 23:18:08] WARNING  - Player not updated: Yudhvir Singh | Reason: Points is zero
[2026-05-21 23:18:08] WARNING  - Player not updated: Ayush Mhatre | Reason: Points unchanged
[2026-05-21 23:18:08] WARNING  - Player not updated: MS Dhoni | Reason: Points is zero
[2026-05-21 23:18:08] WARNING  - Player not updated: Mitchell Starc | Reason: Points unchanged
[2026-05-21 23:18:08] WARNING  - Player not updated: Glenn Phillips | Reason: Points unchanged
[2026-05-21 23:18:08] WARNING  - Player not updated: Sunil Narine | Reason: Points unchanged
[2026-05-21 23:18:08] WARNING  - Player not updated: Ajinkya Rahane | Reason: Points unchanged
[2026-05-21 23:18:08] WARNING  - Player not updated: Ayush Badoni | Reason: Points unchanged
[2026-05-21 23:18:08] WARNING  - Player not updated: Hardik Pandya | Reason: Points unchanged
[2026-05-21 23:18:08] WARNING  - Player not updated: Suryakumar Yadav | Reason: Points unchanged
[2026-05-21 23:18:08] WARNING  - Player not updated: Rohit Sharma | Reason: Points unchanged
[2026-05-21 23:18:08] WARNING  - Player not updated: Priyansh Arya | Reason: Points unchanged
[2026-05-21 23:18:08] WARNING  - Player not updated: Phil Salt | Reason: Points unchanged
[2026-05-21 23:18:08] WARNING  - Player not updated: Bhuvneshwar Kumar | Reason: Points unchanged
[2026-05-21 23:18:08] WARNING  - Player not updated: Josh Hazlewood | Reason: Points unchanged
[2026-05-21 23:18:08] WARNING  - Player not updated: Shimron Hetmyer | Reason: Points unchanged
[2026-05-21 23:18:08] WARNING  - Player not updated: Sandeep Sharma | Reason: Points unchanged
[2026-05-21 23:18:08] WARNING  - Player not updated: Marco Jansen | Reason: Points unchanged
[2026-05-21 23:18:08] WARNING  - Player not updated: Prashant Veer | Reason: Points unchanged
[2026-05-21 23:18:08] WARNING  - Player not updated: Axar Patel | Reason: Points unchanged
[2026-05-21 23:18:08] WARNING  - Player not updated: Abishek Porel | Reason: Points unchanged
[2026-05-21 23:18:08] WARNING  - Player not updated: KL Rahul | Reason: Points unchanged
[2026-05-21 23:18:08] WARNING  - Player not updated: Cameron Green | Reason: Points unchanged
[2026-05-21 23:18:08] WARNING  - Player not updated: Varun Chakaravarthy | Reason: Points unchanged
[2026-05-21 23:18:08] WARNING  - Player not updated: Digvesh Singh | Reason: Points unchanged
[2026-05-21 23:18:08] WARNING  - Player not updated: Rishabh Pant | Reason: Points unchanged
[2026-05-21 23:18:08] WARNING  - Player not updated: Arshdeep Singh | Reason: Points unchanged
[2026-05-21 23:18:08] WARNING  - Player not updated: Krunal Pandya | Reason: Points unchanged
[2026-05-21 23:18:08] WARNING  - Player not updated: Rajat Patidar | Reason: Points unchanged
[2026-05-21 23:18:08] WARNING  - Player not updated: Yashasvi Jaiswal | Reason: Points unchanged
[2026-05-21 23:18:08] WARNING  - Player not updated: Travis Head | Reason: Points unchanged
[2026-05-21 23:18:08] WARNING  - Player not updated: Nitish Kumar Reddy | Reason: Points unchanged
[2026-05-21 23:18:08] WARNING  - Player not updated: Naman Dhir | Reason: Points unchanged
[2026-05-21 23:18:08] WARNING  - Player not updated: Finn Allen | Reason: Points unchanged
[2026-05-21 23:18:08] WARNING  - Player not updated: Auqib Nabi | Reason: Points unchanged
[2026-05-21 23:18:08] WARNING  - Player not updated: Vaibhav Arora | Reason: Points unchanged
[2026-05-21 23:18:08] WARNING  - Player not updated: Aiden Markram | Reason: Points unchanged
[2026-05-21 23:18:08] WARNING  - Player not updated: Will Jacks | Reason: Points unchanged
[2026-05-21 23:18:08] WARNING  - Player not updated: Nehal Wadhera | Reason: Points unchanged
[2026-05-21 23:18:08] WARNING  - Player not updated: Shreyas Iyer | Reason: Points unchanged
[2026-05-21 23:18:08] WARNING  - Player not updated: Devdutt Padikkal | Reason: Points unchanged
[2026-05-21 23:18:08] WARNING  - Player not updated: Virat Kohli | Reason: Points unchanged
[2026-05-21 23:18:08] WARNING  - Player not updated: Riyan Parag | Reason: Points unchanged
[2026-05-21 23:18:08] WARNING  - Player not updated: Harshal Patel | Reason: Points unchanged
[2026-05-21 23:18:08] WARNING  - Player not updated: Heinrich Klaasen | Reason: Points unchanged
[2026-05-21 23:18:08] WARNING  - Player not updated: Nitish Rana | Reason: Points unchanged
[2026-05-21 23:18:08] WARNING  - Player not updated: Trent Boult | Reason: Points unchanged
[2026-05-21 23:18:08] WARNING  - Player not updated: Venkatesh Iyer | Reason: Points unchanged
[2026-05-21 23:18:08] WARNING  - Player not updated: Yash Dayal | Reason: Points is zero
[2026-05-21 23:18:08] WARNING  - Player not updated: Shardul Thakur | Reason: Points unchanged
[2026-05-21 23:18:08] WARNING  - Player not updated: Rahul Chahar | Reason: Points unchanged
[2026-05-21 23:18:08] WARNING  - Player not updated: Khaleel Ahmed | Reason: Points unchanged
[2026-05-21 23:18:08] WARNING  - Player not updated: Tristan Stubbs | Reason: Points unchanged
[2026-05-21 23:18:08] WARNING  - Player not updated: Kuldeep Yadav | Reason: Points unchanged
[2026-05-21 23:18:08] WARNING  - Player not updated: Angkrish Raghuvanshi | Reason: Points unchanged
[2026-05-21 23:18:08] WARNING  - Player not updated: Mitchell Marsh | Reason: Points unchanged
[2026-05-21 23:18:08] WARNING  - Player not updated: Nicholas Pooran | Reason: Points unchanged
[2026-05-21 23:18:08] WARNING  - Player not updated: Marcus Stoinis | Reason: Points unchanged
[2026-05-21 23:18:08] WARNING  - Player not updated: Prabhsimran Singh | Reason: Points unchanged
[2026-05-21 23:18:08] WARNING  - Player not updated: Shashank Singh | Reason: Points unchanged
[2026-05-21 23:18:08] WARNING  - Player not updated: Jitesh Sharma | Reason: Points unchanged
[2026-05-21 23:18:08] WARNING  - Player not updated: Jofra Archer | Reason: Points unchanged
[2026-05-21 23:18:08] WARNING  - Player not updated: Ravindra Jadeja | Reason: Points unchanged
[2026-05-21 23:18:08] WARNING  - Player not updated: Mohammad Shami | Reason: Points unchanged
[2026-05-21 23:18:08] WARNING  - Player not updated: Rinku Singh | Reason: Points unchanged
[2026-05-21 23:18:08] WARNING  - Player not updated: Ashutosh Sharma | Reason: Points unchanged
[2026-05-21 23:18:08] WARNING  - Player not updated: Corbin Bosch | Reason: Points unchanged
[2026-05-21 23:18:08] WARNING  - Player not updated: Tim David | Reason: Points unchanged
[2026-05-21 23:18:08] WARNING  - Player not updated: Cooper Connolly | Reason: Points unchanged
[2026-05-21 23:18:08] WARNING  - Player not updated: Liam Livingstone | Reason: Points unchanged
[2026-05-21 23:18:08] WARNING  - Player not updated: Vijaykumar Vyshak | Reason: Points unchanged
[2026-05-21 23:18:08] WARNING  - Player not updated: Suyash Sharma | Reason: Points unchanged
[2026-05-21 23:18:08] WARNING  - Player not updated: David Miller | Reason: Points unchanged
[2026-05-21 23:18:08] DEBUG    - ===============================================================
[2026-05-21 23:18:14] INFO     - Worksheets opened: ['Home', 'Data']
[2026-05-21 23:18:14] INFO     - Points Gained Today fetched: {'HW': 317, 'MC': 0, 'OL': 126, 'AS': 199, 'PA': 140}
[2026-05-21 23:18:15] INFO     - Writing to column 40 (21/05)
[2026-05-21 23:18:15] DEBUG    -   HW → AN2 = 317
[2026-05-21 23:18:15] DEBUG    -   MC → AN3 = 0
[2026-05-21 23:18:15] DEBUG    -   OL → AN4 = 126
[2026-05-21 23:18:15] DEBUG    -   AS → AN5 = 199
[2026-05-21 23:18:15] DEBUG    -   PA → AN6 = 140
[2026-05-21 23:18:15] INFO     - Successfully updated 5 team(s) for 21/05.
[2026-05-21 23:18:16] INFO     - TOP 12 points fetched: {'HW': 7852, 'OL': 7264, 'AS': 7295, 'PA': 6952, 'MC': 5536}
[2026-05-21 23:18:16] INFO     - Column mapping: {'HW': 2, 'MC': 3, 'OL': 4, 'AS': 5, 'PA': 6}
[2026-05-21 23:18:17] INFO     - Today '21/05' found at row 63
[2026-05-21 23:18:17] DEBUG    -   HW → B63 = 7852
[2026-05-21 23:18:17] DEBUG    -   OL → D63 = 7264
[2026-05-21 23:18:17] DEBUG    -   AS → E63 = 7295
[2026-05-21 23:18:17] DEBUG    -   PA → F63 = 6952
[2026-05-21 23:18:17] DEBUG    -   MC → C63 = 5536
[2026-05-21 23:18:17] INFO     - Successfully updated 5 team(s) for '21/05' at row 63.
[2026-05-21 23:18:18] INFO     - ═════════════════════ All updates completed ═════════════════════
