[2026-04-26 01:57:58] INFO     - ═════════════════════ Process started ═════════════════════
[2026-04-26 01:57:59] INFO     - Excel loaded: 103 players, 103 bowlers from 'C:\Users\himan\Documents\UiPath\CrickInfo\Data\IPLPointsData.xlsx'
[2026-04-26 01:57:59] INFO     - Google Sheets authentication successful.
[2026-04-26 01:58:03] INFO     - Worksheets opened: ['Points', 'Home', 'Data']
[2026-04-26 01:58:21] INFO     - Updating previous points for all players before processing.
[2026-04-26 01:58:21] DEBUG    - ======================================================
[2026-04-26 01:58:26] DEBUG    - Updated previous points for 'Sai Sudharsan' at row 7: 218 → 365
[2026-04-26 01:58:26] DEBUG    - Sleeping 4s after updating previous points.
[2026-04-26 01:58:30] DEBUG    - Updated previous points for 'Romario Shepherd' at row 14: 165 → 169
[2026-04-26 01:58:30] DEBUG    - Sleeping 4s after updating previous points.
[2026-04-26 01:58:35] DEBUG    - Updated previous points for 'Rasikh Salam' at row 20: 169 → 173
[2026-04-26 01:58:35] DEBUG    - Sleeping 4s after updating previous points.
[2026-04-26 01:58:39] DEBUG    - Updated previous points for 'Bhuvneshwar Kumar' at row 36: 376 → 411
[2026-04-26 01:58:39] DEBUG    - Sleeping 4s after updating previous points.
[2026-04-26 01:58:43] DEBUG    - Updated previous points for 'Josh Hazlewood' at row 37: 132 → 186
[2026-04-26 01:58:43] DEBUG    - Sleeping 4s after updating previous points.
[2026-04-26 01:58:48] DEBUG    - Updated previous points for 'Rashid Khan' at row 46: 277 → 340
[2026-04-26 01:58:48] DEBUG    - Sleeping 4s after updating previous points.
[2026-04-26 01:58:52] DEBUG    - Updated previous points for 'Krunal Pandya' at row 52: 284 → 320
[2026-04-26 01:58:52] DEBUG    - Sleeping 4s after updating previous points.
[2026-04-26 01:58:57] DEBUG    - Updated previous points for 'Rajat Patidar' at row 53: 394 → 408
[2026-04-26 01:58:57] DEBUG    - Sleeping 4s after updating previous points.
[2026-04-26 01:59:01] DEBUG    - Updated previous points for 'Rahul Tewatia' at row 59: 95 → 99
[2026-04-26 01:59:01] DEBUG    - Sleeping 4s after updating previous points.
[2026-04-26 01:59:05] DEBUG    - Updated previous points for 'Jason Holder' at row 60: 0 → 79
[2026-04-26 01:59:05] DEBUG    - Sleeping 4s after updating previous points.
[2026-04-26 01:59:10] DEBUG    - Updated previous points for 'Jos Buttler' at row 64: 399 → 436
[2026-04-26 01:59:10] DEBUG    - Sleeping 4s after updating previous points.
[2026-04-26 01:59:14] DEBUG    - Updated previous points for 'Prasidh Krishna' at row 65: 388 → 387
[2026-04-26 01:59:14] DEBUG    - Sleeping 4s after updating previous points.
[2026-04-26 01:59:19] DEBUG    - Updated previous points for 'Devdutt Padikkal' at row 71: 290 → 385
[2026-04-26 01:59:19] DEBUG    - Sleeping 4s after updating previous points.
[2026-04-26 01:59:23] DEBUG    - Updated previous points for 'Virat Kohli' at row 72: 393 → 508
[2026-04-26 01:59:23] DEBUG    - Sleeping 4s after updating previous points.
[2026-04-26 01:59:27] DEBUG    - Updated previous points for 'Shubman Gill' at row 85: 414 → 460
[2026-04-26 01:59:27] DEBUG    - Sleeping 4s after updating previous points.
[2026-04-26 01:59:32] DEBUG    - Updated previous points for 'Mohammed Siraj' at row 86: 261 → 299
[2026-04-26 01:59:32] DEBUG    - Sleeping 4s after updating previous points.
[2026-04-26 01:59:36] DEBUG    - Updated previous points for 'Jitesh Sharma' at row 93: 140 → 157
[2026-04-26 01:59:36] DEBUG    - Sleeping 4s after updating previous points.
[2026-04-26 01:59:41] DEBUG    - Updated previous points for 'Kagiso Rabada' at row 97: 417 → 424
[2026-04-26 01:59:41] DEBUG    - Sleeping 4s after updating previous points.
[2026-04-26 01:59:45] DEBUG    - Updated previous points for 'Tim David' at row 102: 278 → 294
[2026-04-26 01:59:45] DEBUG    - Sleeping 4s after updating previous points.
[2026-04-26 01:59:49] DEBUG    - Updated previous points for 'Suyash Sharma' at row 106: 149 → 183
[2026-04-26 01:59:49] DEBUG    - Sleeping 4s after updating previous points.
[2026-04-26 01:59:49] DEBUG    - ======================================================
[2026-04-26 02:00:03] DEBUG    - ===============================================================
[2026-04-26 02:00:03] INFO     - Pausing 5s before before next steps.
[2026-04-26 02:00:03] DEBUG    - ===============================================================
[2026-04-26 02:00:05] DEBUG    - ===============================================================
[2026-04-26 02:00:06] DEBUG    - ===============================================================
[2026-04-26 02:00:06] INFO     - Processing count= 1
[2026-04-26 02:00:06] INFO     - Processing player of CSK : 'Shivam Dube' | 238 points | team: CSK
[2026-04-26 02:00:06] DEBUG    - Match found for Shivam Dube in Points at row 5
[2026-04-26 02:00:06] INFO     - No update needed for Shivam Dube in Points as points are unchanged.
[2026-04-26 02:00:06] DEBUG    - ===============================================================
[2026-04-26 02:00:06] INFO     - Processing count= 2
[2026-04-26 02:00:06] INFO     - Processing player of CSK : 'Sanju Samson' | 458 points | team: CSK
[2026-04-26 02:00:06] DEBUG    - Match found for Sanju Samson in Points at row 6
[2026-04-26 02:00:06] INFO     - No update needed for Sanju Samson in Points as points are unchanged.
[2026-04-26 02:00:06] DEBUG    - ===============================================================
[2026-04-26 02:00:06] INFO     - Processing count= 3
[2026-04-26 02:00:06] INFO     - Processing player of GT : 'Sai Sudharsan' | 365 points | team: GT
[2026-04-26 02:00:06] DEBUG    - Match found for Sai Sudharsan in Points at row 7
[2026-04-26 02:00:06] INFO     - No update needed for Sai Sudharsan in Points as points are unchanged.
[2026-04-26 02:00:06] DEBUG    - ===============================================================
[2026-04-26 02:00:06] INFO     - Processing count= 4
[2026-04-26 02:00:06] INFO     - Processing player of LSG : 'Mohsin Khan' | 162 points | team: LSG
[2026-04-26 02:00:06] DEBUG    - Match found for Mohsin Khan in Points at row 8
[2026-04-26 02:00:06] INFO     - No update needed for Mohsin Khan in Points as points are unchanged.
[2026-04-26 02:00:06] DEBUG    - ===============================================================
[2026-04-26 02:00:06] INFO     - Processing count= 5
[2026-04-26 02:00:06] INFO     - Processing player of MI : 'Tilak Varma' | 328 points | team: MI
[2026-04-26 02:00:06] DEBUG    - Match found for Tilak Varma in Points at row 9
[2026-04-26 02:00:06] INFO     - No update needed for Tilak Varma in Points as points are unchanged.
[2026-04-26 02:00:06] DEBUG    - ===============================================================
[2026-04-26 02:00:06] INFO     - Processing count= 6
[2026-04-26 02:00:06] INFO     - Processing player of MI : 'Quinton de Kock' | 221 points | team: MI
[2026-04-26 02:00:06] DEBUG    - Match found for Quinton de Kock in Points at row 10
[2026-04-26 02:00:06] INFO     - No update needed for Quinton de Kock in Points as points are unchanged.
[2026-04-26 02:00:06] DEBUG    - ===============================================================
[2026-04-26 02:00:06] INFO     - Processing count= 7
[2026-04-26 02:00:06] INFO     - Processing player of MI : 'Jasprit Bumrah' | 110 points | team: MI
[2026-04-26 02:00:06] DEBUG    - Match found for Jasprit Bumrah in Points at row 11
[2026-04-26 02:00:06] INFO     - No update needed for Jasprit Bumrah in Points as points are unchanged.
[2026-04-26 02:00:06] DEBUG    - ===============================================================
[2026-04-26 02:00:06] INFO     - Processing count= 8
[2026-04-26 02:00:06] INFO     - 
Skipping Harpreet Brar as points is zero.
[2026-04-26 02:00:06] DEBUG    - ===============================================================
[2026-04-26 02:00:06] INFO     - Processing count= 9
[2026-04-26 02:00:06] INFO     - Processing player of PBSK : 'Yuzvendra Chahal' | 132 points | team: PBSK
[2026-04-26 02:00:06] DEBUG    - Match found for Yuzvendra Chahal in Points at row 13
[2026-04-26 02:00:06] INFO     - Points gained for Yuzvendra Chahal in Points: 5 (Points: 132, Dot Balls: 27, Previous Total: 154)
[2026-04-26 02:00:06] INFO     - Data updated successfully for Yuzvendra Chahal in Points - 132 points and 27 dot balls!
[2026-04-26 02:00:06] DEBUG    - Sleeping 4s before next update.
[2026-04-26 02:00:10] DEBUG    - ===============================================================
[2026-04-26 02:00:10] INFO     - Processing count= 10
[2026-04-26 02:00:10] INFO     - Processing player of RCB : 'Romario Shepherd' | 161 points | team: RCB
[2026-04-26 02:00:10] DEBUG    - Match found for Romario Shepherd in Points at row 14
[2026-04-26 02:00:10] INFO     - No update needed for Romario Shepherd in Points as points are unchanged.
[2026-04-26 02:00:10] DEBUG    - ===============================================================
[2026-04-26 02:00:10] INFO     - Processing count= 11
[2026-04-26 02:00:10] INFO     - Processing player of RR : 'Vaibhav Sooryavanshi' | 560 points | team: RR
[2026-04-26 02:00:10] DEBUG    - Match found for Vaibhav Sooryavanshi in Points at row 15
[2026-04-26 02:00:11] INFO     - Points gained for Vaibhav Sooryavanshi in Points: 158 (Points: 560, Dot Balls: 0, Previous Total: 402)
[2026-04-26 02:00:11] INFO     - Data updated successfully for Vaibhav Sooryavanshi in Points - 560 points and 0 dot balls!
[2026-04-26 02:00:11] DEBUG    - Sleeping 4s before next update.
[2026-04-26 02:00:15] DEBUG    - ===============================================================
[2026-04-26 02:00:15] INFO     - Processing count= 12
[2026-04-26 02:00:15] INFO     - Processing player of RR : 'Ravi Bishnoi' | 361 points | team: RR
[2026-04-26 02:00:15] DEBUG    - Match found for Ravi Bishnoi in Points at row 16
[2026-04-26 02:00:16] INFO     - Points gained for Ravi Bishnoi in Points: 13 (Points: 361, Dot Balls: 40, Previous Total: 388)
[2026-04-26 02:00:16] INFO     - Data updated successfully for Ravi Bishnoi in Points - 361 points and 40 dot balls!
[2026-04-26 02:00:16] DEBUG    - Sleeping 4s before next update.
[2026-04-26 02:00:20] DEBUG    - ===============================================================
[2026-04-26 02:00:20] INFO     - Processing count= 13
[2026-04-26 02:00:20] INFO     - Processing player of SRH : 'Abhishek Sharma' | 598 points | team: SRH
[2026-04-26 02:00:20] DEBUG    - Match found for Abhishek Sharma in Points at row 17
[2026-04-26 02:00:21] INFO     - Points gained for Abhishek Sharma in Points: 88 (Points: 598, Dot Balls: 2, Previous Total: 512)
[2026-04-26 02:00:21] INFO     - Data updated successfully for Abhishek Sharma in Points - 598 points and 2 dot balls!
[2026-04-26 02:00:21] DEBUG    - Sleeping 4s before next update.
[2026-04-26 02:00:25] DEBUG    - ===============================================================
[2026-04-26 02:00:25] INFO     - Processing count= 14
[2026-04-26 02:00:25] INFO     - Processing player of SRH : 'Ishan Kishan' | 517 points | team: SRH
[2026-04-26 02:00:25] DEBUG    - Match found for Ishan Kishan in Points at row 18
[2026-04-26 02:00:25] INFO     - Points gained for Ishan Kishan in Points: 109 (Points: 517, Dot Balls: 0, Previous Total: 408)
[2026-04-26 02:00:25] INFO     - Data updated successfully for Ishan Kishan in Points - 517 points and 0 dot balls!
[2026-04-26 02:00:25] DEBUG    - Sleeping 4s before next update.
[2026-04-26 02:00:29] DEBUG    - ===============================================================
[2026-04-26 02:00:29] INFO     - Processing count= 15
[2026-04-26 02:00:29] INFO     - Processing player of SRH : 'Pat Cummins' | 39 points | team: SRH
[2026-04-26 02:00:29] DEBUG    - Match found for Pat Cummins in Points at row 19
[2026-04-26 02:00:30] INFO     - Points gained for Pat Cummins in Points: 51 (Points: 39, Dot Balls: 12, Previous Total: 0)
[2026-04-26 02:00:30] INFO     - Data updated successfully for Pat Cummins in Points - 39 points and 12 dot balls!
[2026-04-26 02:00:30] DEBUG    - Sleeping 4s before next update.
[2026-04-26 02:00:34] DEBUG    - ===============================================================
[2026-04-26 02:00:34] INFO     - Processing count= 16
[2026-04-26 02:00:34] INFO     - Processing player of RCB : 'Rasikh Salam' | 173 points | team: RCB
[2026-04-26 02:00:34] DEBUG    - Match found for Rasikh Salam in Points at row 20
[2026-04-26 02:00:34] INFO     - No update needed for Rasikh Salam in Points as points are unchanged.
[2026-04-26 02:00:34] DEBUG    - ===============================================================
[2026-04-26 02:00:34] INFO     - Processing count= 17
[2026-04-26 02:00:34] INFO     - 
Skipping Matheesha Pathirana as points is zero.
[2026-04-26 02:00:34] DEBUG    - ===============================================================
[2026-04-26 02:00:34] INFO     - Processing count= 18
[2026-04-26 02:00:34] INFO     - 
Skipping Nathan Ellis as points is zero.
[2026-04-26 02:00:34] DEBUG    - ===============================================================
[2026-04-26 02:00:34] INFO     - Processing count= 19
[2026-04-26 02:00:34] INFO     - 
Skipping Yudhvir Singh as points is zero.
[2026-04-26 02:00:34] DEBUG    - ===============================================================
[2026-04-26 02:00:34] INFO     - Processing count= 20
[2026-04-26 02:00:34] INFO     - Processing player of CSK : 'Ayush Mhatre' | 311 points | team: CSK
[2026-04-26 02:00:34] DEBUG    - Match found for Ayush Mhatre in Points at row 24
[2026-04-26 02:00:34] INFO     - No update needed for Ayush Mhatre in Points as points are unchanged.
[2026-04-26 02:00:34] DEBUG    - ===============================================================
[2026-04-26 02:00:34] INFO     - Processing count= 21
[2026-04-26 02:00:34] INFO     - 
Skipping MS Dhoni as points is zero.
[2026-04-26 02:00:34] DEBUG    - ===============================================================
[2026-04-26 02:00:34] INFO     - Processing count= 22
[2026-04-26 02:00:34] INFO     - 
Skipping Mitchell Starc as points is zero.
[2026-04-26 02:00:34] DEBUG    - ===============================================================
[2026-04-26 02:00:34] INFO     - Processing count= 23
[2026-04-26 02:00:34] INFO     - Processing player of GT : 'Glenn Phillips' | 165 points | team: GT
[2026-04-26 02:00:34] DEBUG    - Match found for Glenn Phillips in Points at row 27
[2026-04-26 02:00:34] INFO     - No update needed for Glenn Phillips in Points as points are unchanged.
[2026-04-26 02:00:34] DEBUG    - ===============================================================
[2026-04-26 02:00:34] INFO     - Processing count= 24
[2026-04-26 02:00:34] INFO     - Processing player of KKR : 'Sunil Narine' | 246 points | team: KKR
[2026-04-26 02:00:34] DEBUG    - Match found for Sunil Narine in Points at row 28
[2026-04-26 02:00:34] INFO     - No update needed for Sunil Narine in Points as points are unchanged.
[2026-04-26 02:00:34] DEBUG    - ===============================================================
[2026-04-26 02:00:34] INFO     - Processing count= 25
[2026-04-26 02:00:34] INFO     - Processing player of KKR : 'Ajinkya Rahane' | 240 points | team: KKR
[2026-04-26 02:00:34] DEBUG    - Match found for Ajinkya Rahane in Points at row 29
[2026-04-26 02:00:34] INFO     - No update needed for Ajinkya Rahane in Points as points are unchanged.
[2026-04-26 02:00:34] DEBUG    - ===============================================================
[2026-04-26 02:00:34] INFO     - Processing count= 26
[2026-04-26 02:00:34] INFO     - Processing player of LSG : 'Ayush Badoni' | 226 points | team: LSG
[2026-04-26 02:00:34] DEBUG    - Match found for Ayush Badoni in Points at row 30
[2026-04-26 02:00:34] INFO     - No update needed for Ayush Badoni in Points as points are unchanged.
[2026-04-26 02:00:34] DEBUG    - ===============================================================
[2026-04-26 02:00:34] INFO     - Processing count= 27
[2026-04-26 02:00:34] INFO     - Processing player of MI : 'Hardik Pandya' | 232 points | team: MI
[2026-04-26 02:00:34] DEBUG    - Match found for Hardik Pandya in Points at row 31
[2026-04-26 02:00:34] INFO     - No update needed for Hardik Pandya in Points as points are unchanged.
[2026-04-26 02:00:34] DEBUG    - ===============================================================
[2026-04-26 02:00:34] INFO     - Processing count= 28
[2026-04-26 02:00:34] INFO     - Processing player of MI : 'Suryakumar Yadav' | 242 points | team: MI
[2026-04-26 02:00:34] DEBUG    - Match found for Suryakumar Yadav in Points at row 32
[2026-04-26 02:00:34] INFO     - No update needed for Suryakumar Yadav in Points as points are unchanged.
[2026-04-26 02:00:34] DEBUG    - ===============================================================
[2026-04-26 02:00:34] INFO     - Processing count= 29
[2026-04-26 02:00:34] INFO     - Processing player of MI : 'Rohit Sharma' | 204 points | team: MI
[2026-04-26 02:00:34] DEBUG    - Match found for Rohit Sharma in Points at row 33
[2026-04-26 02:00:34] INFO     - No update needed for Rohit Sharma in Points as points are unchanged.
[2026-04-26 02:00:34] DEBUG    - ===============================================================
[2026-04-26 02:00:34] INFO     - Processing count= 30
[2026-04-26 02:00:34] INFO     - Processing player of PBSK : 'Priyansh Arya' | 392 points | team: PBSK
[2026-04-26 02:00:34] DEBUG    - Match found for Priyansh Arya in Points at row 34
[2026-04-26 02:00:35] INFO     - Points gained for Priyansh Arya in Points: 69 (Points: 392, Dot Balls: 0, Previous Total: 323)
[2026-04-26 02:00:35] INFO     - Data updated successfully for Priyansh Arya in Points - 392 points and 0 dot balls!
[2026-04-26 02:00:35] DEBUG    - Sleeping 4s before next update.
[2026-04-26 02:00:39] DEBUG    - ===============================================================
[2026-04-26 02:00:39] INFO     - Processing count= 31
[2026-04-26 02:00:39] INFO     - Processing player of RCB : 'Phil Salt' | 348 points | team: RCB
[2026-04-26 02:00:39] DEBUG    - Match found for Phil Salt in Points at row 35
[2026-04-26 02:00:39] INFO     - No update needed for Phil Salt in Points as points are unchanged.
[2026-04-26 02:00:39] DEBUG    - ===============================================================
[2026-04-26 02:00:39] INFO     - Processing count= 32
[2026-04-26 02:00:39] INFO     - Processing player of RCB : 'Bhuvneshwar Kumar' | 354 points | team: RCB
[2026-04-26 02:00:39] DEBUG    - Match found for Bhuvneshwar Kumar in Points at row 36
[2026-04-26 02:00:39] INFO     - No update needed for Bhuvneshwar Kumar in Points as points are unchanged.
[2026-04-26 02:00:39] DEBUG    - ===============================================================
[2026-04-26 02:00:39] INFO     - Processing count= 33
[2026-04-26 02:00:39] INFO     - Processing player of RCB : 'Josh Hazlewood' | 146 points | team: RCB
[2026-04-26 02:00:39] DEBUG    - Match found for Josh Hazlewood in Points at row 37
[2026-04-26 02:00:39] INFO     - No update needed for Josh Hazlewood in Points as points are unchanged.
[2026-04-26 02:00:39] DEBUG    - ===============================================================
[2026-04-26 02:00:39] INFO     - Processing count= 34
[2026-04-26 02:00:39] INFO     - Processing player of RR : 'Shimron Hetmyer' | 158 points | team: RR
[2026-04-26 02:00:39] DEBUG    - Match found for Shimron Hetmyer in Points at row 38
[2026-04-26 02:00:40] INFO     - Points gained for Shimron Hetmyer in Points: 16 (Points: 158, Dot Balls: 0, Previous Total: 142)
[2026-04-26 02:00:40] INFO     - Data updated successfully for Shimron Hetmyer in Points - 158 points and 0 dot balls!
[2026-04-26 02:00:40] DEBUG    - Sleeping 4s before next update.
[2026-04-26 02:00:44] DEBUG    - ===============================================================
[2026-04-26 02:00:44] INFO     - Processing count= 35
[2026-04-26 02:00:44] INFO     - Processing player of RR : 'Sandeep Sharma' | 163 points | team: RR
[2026-04-26 02:00:44] DEBUG    - Match found for Sandeep Sharma in Points at row 39
[2026-04-26 02:00:44] INFO     - No update needed for Sandeep Sharma in Points as points are unchanged.
[2026-04-26 02:00:44] DEBUG    - ===============================================================
[2026-04-26 02:00:44] INFO     - Processing count= 36
[2026-04-26 02:00:44] INFO     - Processing player of PBSK : 'Marco Jansen' | 185 points | team: PBSK
[2026-04-26 02:00:44] DEBUG    - Match found for Marco Jansen in Points at row 40
[2026-04-26 02:00:45] INFO     - Points gained for Marco Jansen in Points: 7 (Points: 185, Dot Balls: 45, Previous Total: 223)
[2026-04-26 02:00:45] INFO     - Data updated successfully for Marco Jansen in Points - 185 points and 45 dot balls!
[2026-04-26 02:00:45] DEBUG    - Sleeping 4s before next update.
[2026-04-26 02:00:49] DEBUG    - ===============================================================
[2026-04-26 02:00:49] INFO     - Processing count= 37
[2026-04-26 02:00:49] INFO     - Processing player of CSK : 'Prashant Veer' | 72 points | team: CSK
[2026-04-26 02:00:49] DEBUG    - Match found for Prashant Veer in Points at row 41
[2026-04-26 02:00:49] INFO     - No update needed for Prashant Veer in Points as points are unchanged.
[2026-04-26 02:00:49] DEBUG    - ===============================================================
[2026-04-26 02:00:49] INFO     - Processing count= 38
[2026-04-26 02:00:49] INFO     - Processing player of CSK : 'Ruturaj Gaikwad' | 179 points | team: CSK
[2026-04-26 02:00:49] DEBUG    - Match found for Ruturaj Gaikwad in Points at row 42
[2026-04-26 02:00:49] INFO     - No update needed for Ruturaj Gaikwad in Points as points are unchanged.
[2026-04-26 02:00:49] DEBUG    - ===============================================================
[2026-04-26 02:00:49] INFO     - Processing count= 39
[2026-04-26 02:00:49] INFO     - Processing player of DC : 'Axar Patel' | 253 points | team: DC
[2026-04-26 02:00:49] DEBUG    - Match found for Axar Patel in Points at row 43
[2026-04-26 02:00:49] INFO     - Points gained for Axar Patel in Points: 30 (Points: 253, Dot Balls: 37, Previous Total: 260)
[2026-04-26 02:00:49] INFO     - Data updated successfully for Axar Patel in Points - 253 points and 37 dot balls!
[2026-04-26 02:00:49] DEBUG    - Sleeping 4s before next update.
[2026-04-26 02:00:53] DEBUG    - ===============================================================
[2026-04-26 02:00:53] INFO     - Processing count= 40
[2026-04-26 02:00:53] INFO     - 
Skipping Abishek Porel as points is zero.
[2026-04-26 02:00:53] DEBUG    - ===============================================================
[2026-04-26 02:00:53] INFO     - Processing count= 41
[2026-04-26 02:00:53] INFO     - Processing player of DC : 'KL Rahul' | 541 points | team: DC
[2026-04-26 02:00:53] DEBUG    - Match found for KL Rahul in Points at row 45
[2026-04-26 02:00:54] INFO     - Points gained for KL Rahul in Points: 212 (Points: 541, Dot Balls: 0, Previous Total: 329)
[2026-04-26 02:00:54] INFO     - Data updated successfully for KL Rahul in Points - 541 points and 0 dot balls!
[2026-04-26 02:00:54] DEBUG    - Sleeping 4s before next update.
[2026-04-26 02:00:58] DEBUG    - ===============================================================
[2026-04-26 02:00:58] INFO     - Processing count= 42
[2026-04-26 02:00:58] INFO     - Processing player of GT : 'Rashid Khan' | 285 points | team: GT
[2026-04-26 02:00:58] DEBUG    - Match found for Rashid Khan in Points at row 46
[2026-04-26 02:00:58] INFO     - No update needed for Rashid Khan in Points as points are unchanged.
[2026-04-26 02:00:58] DEBUG    - ===============================================================
[2026-04-26 02:00:58] INFO     - Processing count= 43
[2026-04-26 02:00:58] INFO     - Processing player of KKR : 'Cameron Green' | 285 points | team: KKR
[2026-04-26 02:00:58] DEBUG    - Match found for Cameron Green in Points at row 47
[2026-04-26 02:00:58] INFO     - No update needed for Cameron Green in Points as points are unchanged.
[2026-04-26 02:00:58] DEBUG    - ===============================================================
[2026-04-26 02:00:58] INFO     - Processing count= 44
[2026-04-26 02:00:58] INFO     - Processing player of KKR : 'Varun Chakaravarthy' | 167 points | team: KKR
[2026-04-26 02:00:58] DEBUG    - Match found for Varun Chakaravarthy in Points at row 48
[2026-04-26 02:00:58] INFO     - No update needed for Varun Chakaravarthy in Points as points are unchanged.
[2026-04-26 02:00:58] DEBUG    - ===============================================================
[2026-04-26 02:00:58] INFO     - Processing count= 45
[2026-04-26 02:00:58] INFO     - Processing player of LSG : 'Digvesh Singh' | 115 points | team: LSG
[2026-04-26 02:00:58] DEBUG    - Match found for Digvesh Singh in Points at row 49
[2026-04-26 02:00:58] INFO     - No update needed for Digvesh Singh in Points as points are unchanged.
[2026-04-26 02:00:58] DEBUG    - ===============================================================
[2026-04-26 02:00:58] INFO     - Processing count= 46
[2026-04-26 02:00:58] INFO     - Processing player of LSG : 'Rishabh Pant' | 281 points | team: LSG
[2026-04-26 02:00:58] DEBUG    - Match found for Rishabh Pant in Points at row 50
[2026-04-26 02:00:58] INFO     - No update needed for Rishabh Pant in Points as points are unchanged.
[2026-04-26 02:00:58] DEBUG    - ===============================================================
[2026-04-26 02:00:58] INFO     - Processing count= 47
[2026-04-26 02:00:58] INFO     - Processing player of PBSK : 'Arshdeep Singh' | 225 points | team: PBSK
[2026-04-26 02:00:58] DEBUG    - Match found for Arshdeep Singh in Points at row 51
[2026-04-26 02:00:59] INFO     - Points gained for Arshdeep Singh in Points: 26 (Points: 225, Dot Balls: 54, Previous Total: 253)
[2026-04-26 02:00:59] INFO     - Data updated successfully for Arshdeep Singh in Points - 225 points and 54 dot balls!
[2026-04-26 02:00:59] DEBUG    - Sleeping 4s before next update.
[2026-04-26 02:01:03] DEBUG    - ===============================================================
[2026-04-26 02:01:03] INFO     - Processing count= 48
[2026-04-26 02:01:03] INFO     - Processing player of RCB : 'Krunal Pandya' | 279 points | team: RCB
[2026-04-26 02:01:03] DEBUG    - Match found for Krunal Pandya in Points at row 52
[2026-04-26 02:01:03] INFO     - No update needed for Krunal Pandya in Points as points are unchanged.
[2026-04-26 02:01:03] DEBUG    - ===============================================================
[2026-04-26 02:01:03] INFO     - Processing count= 49
[2026-04-26 02:01:03] INFO     - Processing player of RCB : 'Rajat Patidar' | 408 points | team: RCB
[2026-04-26 02:01:03] DEBUG    - Match found for Rajat Patidar in Points at row 53
[2026-04-26 02:01:03] INFO     - No update needed for Rajat Patidar in Points as points are unchanged.
[2026-04-26 02:01:03] DEBUG    - ===============================================================
[2026-04-26 02:01:03] INFO     - Processing count= 50
[2026-04-26 02:01:03] INFO     - Processing player of RR : 'Yashasvi Jaiswal' | 398 points | team: RR
[2026-04-26 02:01:03] DEBUG    - Match found for Yashasvi Jaiswal in Points at row 54
[2026-04-26 02:01:04] INFO     - Points gained for Yashasvi Jaiswal in Points: 16 (Points: 398, Dot Balls: 0, Previous Total: 382)
[2026-04-26 02:01:04] INFO     - Data updated successfully for Yashasvi Jaiswal in Points - 398 points and 0 dot balls!
[2026-04-26 02:01:04] DEBUG    - Sleeping 4s before next update.
[2026-04-26 02:01:08] DEBUG    - ===============================================================
[2026-04-26 02:01:08] INFO     - Processing count= 51
[2026-04-26 02:01:08] INFO     - Processing player of SRH : 'Travis Head' | 280 points | team: SRH
[2026-04-26 02:01:08] DEBUG    - Match found for Travis Head in Points at row 55
[2026-04-26 02:01:08] INFO     - Points gained for Travis Head in Points: 12 (Points: 280, Dot Balls: 0, Previous Total: 268)
[2026-04-26 02:01:08] INFO     - Data updated successfully for Travis Head in Points - 280 points and 0 dot balls!
[2026-04-26 02:01:08] DEBUG    - Sleeping 4s before next update.
[2026-04-26 02:01:12] DEBUG    - ===============================================================
[2026-04-26 02:01:12] INFO     - Processing count= 52
[2026-04-26 02:01:12] INFO     - Processing player of SRH : 'Nitish Kumar Reddy' | 448 points | team: SRH
[2026-04-26 02:01:12] DEBUG    - Match found for Nitish Kumar Reddy in Points at row 56
[2026-04-26 02:01:13] INFO     - Points gained for Nitish Kumar Reddy in Points: 93 (Points: 448, Dot Balls: 33, Previous Total: 388)
[2026-04-26 02:01:13] INFO     - Data updated successfully for Nitish Kumar Reddy in Points - 448 points and 33 dot balls!
[2026-04-26 02:01:13] DEBUG    - Sleeping 4s before next update.
[2026-04-26 02:01:17] DEBUG    - ===============================================================
[2026-04-26 02:01:17] INFO     - Processing count= 53
[2026-04-26 02:01:17] INFO     - Processing player of MI : 'Naman Dhir' | 277 points | team: MI
[2026-04-26 02:01:17] DEBUG    - Match found for Naman Dhir in Points at row 57
[2026-04-26 02:01:17] INFO     - No update needed for Naman Dhir in Points as points are unchanged.
[2026-04-26 02:01:17] DEBUG    - ===============================================================
[2026-04-26 02:01:17] INFO     - Processing count= 54
[2026-04-26 02:01:17] INFO     - Processing player of KKR : 'Finn Allen' | 138 points | team: KKR
[2026-04-26 02:01:17] DEBUG    - Match found for Finn Allen in Points at row 58
[2026-04-26 02:01:17] INFO     - No update needed for Finn Allen in Points as points are unchanged.
[2026-04-26 02:01:17] DEBUG    - ===============================================================
[2026-04-26 02:01:17] INFO     - Processing count= 55
[2026-04-26 02:01:17] INFO     - Processing player of GT : 'Rahul Tewatia' | 99 points | team: GT
[2026-04-26 02:01:17] DEBUG    - Match found for Rahul Tewatia in Points at row 59
[2026-04-26 02:01:17] INFO     - No update needed for Rahul Tewatia in Points as points are unchanged.
[2026-04-26 02:01:17] DEBUG    - ===============================================================
[2026-04-26 02:01:17] INFO     - Processing count= 56
[2026-04-26 02:01:17] INFO     - Processing player of GT : 'Jason Holder' | 71 points | team: GT
[2026-04-26 02:01:17] DEBUG    - Match found for Jason Holder in Points at row 60
[2026-04-26 02:01:17] INFO     - No update needed for Jason Holder in Points as points are unchanged.
[2026-04-26 02:01:17] DEBUG    - ===============================================================
[2026-04-26 02:01:17] INFO     - Processing count= 57
[2026-04-26 02:01:17] INFO     - Processing player of CSK : 'Dewald Brevis' | 161 points | team: CSK
[2026-04-26 02:01:17] DEBUG    - Match found for Dewald Brevis in Points at row 61
[2026-04-26 02:01:17] INFO     - No update needed for Dewald Brevis in Points as points are unchanged.
[2026-04-26 02:01:17] DEBUG    - ===============================================================
[2026-04-26 02:01:17] INFO     - Processing count= 58
[2026-04-26 02:01:17] INFO     - Processing player of CSK : 'Noor Ahmad' | 222 points | team: CSK
[2026-04-26 02:01:17] DEBUG    - Match found for Noor Ahmad in Points at row 62
[2026-04-26 02:01:17] INFO     - No update needed for Noor Ahmad in Points as points are unchanged.
[2026-04-26 02:01:17] DEBUG    - ===============================================================
[2026-04-26 02:01:17] INFO     - Processing count= 59
[2026-04-26 02:01:17] INFO     - Processing player of DC : 'Auqib Nabi' | 5 points | team: DC
[2026-04-26 02:01:17] DEBUG    - Match found for Auqib Nabi in Points at row 63
[2026-04-26 02:01:18] INFO     - Points gained for Auqib Nabi in Points: 2 (Points: 5, Dot Balls: 10, Previous Total: 13)
[2026-04-26 02:01:18] INFO     - Data updated successfully for Auqib Nabi in Points - 5 points and 10 dot balls!
[2026-04-26 02:01:18] DEBUG    - Sleeping 4s before next update.
[2026-04-26 02:01:22] DEBUG    - ===============================================================
[2026-04-26 02:01:22] INFO     - Processing count= 60
[2026-04-26 02:01:22] INFO     - Processing player of GT : 'Jos Buttler' | 436 points | team: GT
[2026-04-26 02:01:22] DEBUG    - Match found for Jos Buttler in Points at row 64
[2026-04-26 02:01:22] INFO     - No update needed for Jos Buttler in Points as points are unchanged.
[2026-04-26 02:01:22] DEBUG    - ===============================================================
[2026-04-26 02:01:22] INFO     - Processing count= 61
[2026-04-26 02:01:22] INFO     - Processing player of GT : 'Prasidh Krishna' | 334 points | team: GT
[2026-04-26 02:01:22] DEBUG    - Match found for Prasidh Krishna in Points at row 65
[2026-04-26 02:01:22] INFO     - No update needed for Prasidh Krishna in Points as points are unchanged.
[2026-04-26 02:01:22] DEBUG    - ===============================================================
[2026-04-26 02:01:22] INFO     - Processing count= 62
[2026-04-26 02:01:22] INFO     - Processing player of KKR : 'Vaibhav Arora' | 210 points | team: KKR
[2026-04-26 02:01:22] DEBUG    - Match found for Vaibhav Arora in Points at row 66
[2026-04-26 02:01:22] INFO     - No update needed for Vaibhav Arora in Points as points are unchanged.
[2026-04-26 02:01:22] DEBUG    - ===============================================================
[2026-04-26 02:01:22] INFO     - Processing count= 63
[2026-04-26 02:01:22] INFO     - Processing player of LSG : 'Aiden Markram' | 281 points | team: LSG
[2026-04-26 02:01:22] DEBUG    - Match found for Aiden Markram in Points at row 67
[2026-04-26 02:01:22] INFO     - No update needed for Aiden Markram in Points as points are unchanged.
[2026-04-26 02:01:22] DEBUG    - ===============================================================
[2026-04-26 02:01:22] INFO     - Processing count= 64
[2026-04-26 02:01:22] INFO     - 
Skipping Will Jacks as points is zero.
[2026-04-26 02:01:22] DEBUG    - ===============================================================
[2026-04-26 02:01:22] INFO     - Processing count= 65
[2026-04-26 02:01:22] INFO     - Processing player of PBSK : 'Nehal Wadhera' | 121 points | team: PBSK
[2026-04-26 02:01:22] DEBUG    - Match found for Nehal Wadhera in Points at row 69
[2026-04-26 02:01:23] INFO     - Points gained for Nehal Wadhera in Points: 38 (Points: 121, Dot Balls: 0, Previous Total: 83)
[2026-04-26 02:01:23] INFO     - Data updated successfully for Nehal Wadhera in Points - 121 points and 0 dot balls!
[2026-04-26 02:01:23] DEBUG    - Sleeping 4s before next update.
[2026-04-26 02:01:27] DEBUG    - ===============================================================
[2026-04-26 02:01:27] INFO     - Processing count= 66
[2026-04-26 02:01:27] INFO     - Processing player of PBSK : 'Shreyas Iyer' | 450 points | team: PBSK
[2026-04-26 02:01:27] DEBUG    - Match found for Shreyas Iyer in Points at row 70
[2026-04-26 02:01:28] INFO     - Points gained for Shreyas Iyer in Points: 114 (Points: 450, Dot Balls: 0, Previous Total: 336)
[2026-04-26 02:01:28] INFO     - Data updated successfully for Shreyas Iyer in Points - 450 points and 0 dot balls!
[2026-04-26 02:01:28] DEBUG    - Sleeping 4s before next update.
[2026-04-26 02:01:32] DEBUG    - ===============================================================
[2026-04-26 02:01:32] INFO     - Processing count= 67
[2026-04-26 02:01:32] INFO     - Processing player of RCB : 'Devdutt Padikkal' | 385 points | team: RCB
[2026-04-26 02:01:32] DEBUG    - Match found for Devdutt Padikkal in Points at row 71
[2026-04-26 02:01:32] INFO     - No update needed for Devdutt Padikkal in Points as points are unchanged.
[2026-04-26 02:01:32] DEBUG    - ===============================================================
[2026-04-26 02:01:32] INFO     - Processing count= 68
[2026-04-26 02:01:32] INFO     - Processing player of RCB : 'Virat Kohli' | 508 points | team: RCB
[2026-04-26 02:01:32] DEBUG    - Match found for Virat Kohli in Points at row 72
[2026-04-26 02:01:32] INFO     - No update needed for Virat Kohli in Points as points are unchanged.
[2026-04-26 02:01:32] DEBUG    - ===============================================================
[2026-04-26 02:01:32] INFO     - Processing count= 69
[2026-04-26 02:01:32] INFO     - Processing player of RR : 'Riyan Parag' | 216 points | team: RR
[2026-04-26 02:01:32] DEBUG    - Match found for Riyan Parag in Points at row 73
[2026-04-26 02:01:33] INFO     - Points gained for Riyan Parag in Points: 11 (Points: 216, Dot Balls: 5, Previous Total: 210)
[2026-04-26 02:01:33] INFO     - Data updated successfully for Riyan Parag in Points - 216 points and 5 dot balls!
[2026-04-26 02:01:33] DEBUG    - Sleeping 4s before next update.
[2026-04-26 02:01:37] DEBUG    - ===============================================================
[2026-04-26 02:01:37] INFO     - Processing count= 70
[2026-04-26 02:01:37] INFO     - Processing player of SRH : 'Harshal Patel' | 9 points | team: SRH
[2026-04-26 02:01:37] DEBUG    - Match found for Harshal Patel in Points at row 74
[2026-04-26 02:01:37] INFO     - No update needed for Harshal Patel in Points as points are unchanged.
[2026-04-26 02:01:37] DEBUG    - ===============================================================
[2026-04-26 02:01:37] INFO     - Processing count= 71
[2026-04-26 02:01:37] INFO     - Processing player of SRH : 'Heinrich Klaasen' | 552 points | team: SRH
[2026-04-26 02:01:37] DEBUG    - Match found for Heinrich Klaasen in Points at row 75
[2026-04-26 02:01:37] INFO     - Points gained for Heinrich Klaasen in Points: 54 (Points: 552, Dot Balls: 0, Previous Total: 498)
[2026-04-26 02:01:37] INFO     - Data updated successfully for Heinrich Klaasen in Points - 552 points and 0 dot balls!
[2026-04-26 02:01:37] DEBUG    - Sleeping 4s before next update.
[2026-04-26 02:01:41] DEBUG    - ===============================================================
[2026-04-26 02:01:41] INFO     - Processing count= 72
[2026-04-26 02:01:41] INFO     - Processing player of DC : 'Nitish Rana' | 281 points | team: DC
[2026-04-26 02:01:41] DEBUG    - Match found for Nitish Rana in Points at row 76
[2026-04-26 02:01:42] INFO     - Points gained for Nitish Rana in Points: 128 (Points: 281, Dot Balls: 7, Previous Total: 160)
[2026-04-26 02:01:42] INFO     - Data updated successfully for Nitish Rana in Points - 281 points and 7 dot balls!
[2026-04-26 02:01:42] DEBUG    - Sleeping 4s before next update.
[2026-04-26 02:01:46] DEBUG    - ===============================================================
[2026-04-26 02:01:46] INFO     - Processing count= 73
[2026-04-26 02:01:46] INFO     - Processing player of MI : 'Trent Boult' | 40 points | team: MI
[2026-04-26 02:01:46] DEBUG    - Match found for Trent Boult in Points at row 77
[2026-04-26 02:01:46] INFO     - No update needed for Trent Boult in Points as points are unchanged.
[2026-04-26 02:01:46] DEBUG    - ===============================================================
[2026-04-26 02:01:46] INFO     - Processing count= 74
[2026-04-26 02:01:46] INFO     - Processing player of RCB : 'Venkatesh Iyer' | 44 points | team: RCB
[2026-04-26 02:01:46] DEBUG    - Match found for Venkatesh Iyer in Points at row 78
[2026-04-26 02:01:46] INFO     - No update needed for Venkatesh Iyer in Points as points are unchanged.
[2026-04-26 02:01:46] DEBUG    - ===============================================================
[2026-04-26 02:01:46] INFO     - Processing count= 75
[2026-04-26 02:01:46] INFO     - 
Skipping Yash Dayal as points is zero.
[2026-04-26 02:01:46] DEBUG    - ===============================================================
[2026-04-26 02:01:46] INFO     - Processing count= 76
[2026-04-26 02:01:46] INFO     - Processing player of MI : 'Shardul Thakur' | 165 points | team: MI
[2026-04-26 02:01:46] DEBUG    - Match found for Shardul Thakur in Points at row 80
[2026-04-26 02:01:46] INFO     - No update needed for Shardul Thakur in Points as points are unchanged.
[2026-04-26 02:01:46] DEBUG    - ===============================================================
[2026-04-26 02:01:46] INFO     - Processing count= 77
[2026-04-26 02:01:46] INFO     - Processing player of CSK : 'Rahul Chahar' | 8 points | team: CSK
[2026-04-26 02:01:46] DEBUG    - Match found for Rahul Chahar in Points at row 81
[2026-04-26 02:01:46] INFO     - No update needed for Rahul Chahar in Points as points are unchanged.
[2026-04-26 02:01:46] DEBUG    - ===============================================================
[2026-04-26 02:01:46] INFO     - Processing count= 78
[2026-04-26 02:01:46] INFO     - Processing player of CSK : 'Khaleel Ahmed' | 70 points | team: CSK
[2026-04-26 02:01:46] DEBUG    - Match found for Khaleel Ahmed in Points at row 82
[2026-04-26 02:01:46] INFO     - No update needed for Khaleel Ahmed in Points as points are unchanged.
[2026-04-26 02:01:46] DEBUG    - ===============================================================
[2026-04-26 02:01:46] INFO     - Processing count= 79
[2026-04-26 02:01:46] INFO     - Processing player of DC : 'Tristan Stubbs' | 310 points | team: DC
[2026-04-26 02:01:46] DEBUG    - Match found for Tristan Stubbs in Points at row 83
[2026-04-26 02:01:47] INFO     - Points gained for Tristan Stubbs in Points: 4 (Points: 310, Dot Balls: 0, Previous Total: 306)
[2026-04-26 02:01:47] INFO     - Data updated successfully for Tristan Stubbs in Points - 310 points and 0 dot balls!
[2026-04-26 02:01:47] DEBUG    - Sleeping 4s before next update.
[2026-04-26 02:01:51] DEBUG    - ===============================================================
[2026-04-26 02:01:51] INFO     - Processing count= 80
[2026-04-26 02:01:51] INFO     - Processing player of DC : 'Kuldeep Yadav' | 237 points | team: DC
[2026-04-26 02:01:51] DEBUG    - Match found for Kuldeep Yadav in Points at row 84
[2026-04-26 02:01:52] INFO     - Points gained for Kuldeep Yadav in Points: 74 (Points: 237, Dot Balls: 35, Previous Total: 198)
[2026-04-26 02:01:52] INFO     - Data updated successfully for Kuldeep Yadav in Points - 237 points and 35 dot balls!
[2026-04-26 02:01:52] DEBUG    - Sleeping 4s before next update.
[2026-04-26 02:01:56] DEBUG    - ===============================================================
[2026-04-26 02:01:56] INFO     - Processing count= 81
[2026-04-26 02:01:56] INFO     - Processing player of GT : 'Shubman Gill' | 460 points | team: GT
[2026-04-26 02:01:56] DEBUG    - Match found for Shubman Gill in Points at row 85
[2026-04-26 02:01:56] INFO     - No update needed for Shubman Gill in Points as points are unchanged.
[2026-04-26 02:01:56] DEBUG    - ===============================================================
[2026-04-26 02:01:56] INFO     - Processing count= 82
[2026-04-26 02:01:56] INFO     - Processing player of GT : 'Mohammed Siraj' | 227 points | team: GT
[2026-04-26 02:01:56] DEBUG    - Match found for Mohammed Siraj in Points at row 86
[2026-04-26 02:01:56] INFO     - No update needed for Mohammed Siraj in Points as points are unchanged.
[2026-04-26 02:01:56] DEBUG    - ===============================================================
[2026-04-26 02:01:56] INFO     - Processing count= 83
[2026-04-26 02:01:56] INFO     - Processing player of KKR : 'Angkrish Raghuvanshi' | 313 points | team: KKR
[2026-04-26 02:01:56] DEBUG    - Match found for Angkrish Raghuvanshi in Points at row 87
[2026-04-26 02:01:56] INFO     - No update needed for Angkrish Raghuvanshi in Points as points are unchanged.
[2026-04-26 02:01:56] DEBUG    - ===============================================================
[2026-04-26 02:01:56] INFO     - Processing count= 84
[2026-04-26 02:01:56] INFO     - Processing player of LSG : 'Mitchell Marsh' | 320 points | team: LSG
[2026-04-26 02:01:56] DEBUG    - Match found for Mitchell Marsh in Points at row 88
[2026-04-26 02:01:56] INFO     - No update needed for Mitchell Marsh in Points as points are unchanged.
[2026-04-26 02:01:56] DEBUG    - ===============================================================
[2026-04-26 02:01:56] INFO     - Processing count= 85
[2026-04-26 02:01:56] INFO     - Processing player of LSG : 'Nicholas Pooran' | 148 points | team: LSG
[2026-04-26 02:01:56] DEBUG    - Match found for Nicholas Pooran in Points at row 89
[2026-04-26 02:01:56] INFO     - No update needed for Nicholas Pooran in Points as points are unchanged.
[2026-04-26 02:01:56] DEBUG    - ===============================================================
[2026-04-26 02:01:56] INFO     - Processing count= 86
[2026-04-26 02:01:56] INFO     - Processing player of PBSK : 'Marcus Stoinis' | 104 points | team: PBSK
[2026-04-26 02:01:56] DEBUG    - Match found for Marcus Stoinis in Points at row 90
[2026-04-26 02:01:56] INFO     - Points gained for Marcus Stoinis in Points: 6 (Points: 104, Dot Balls: 3, Previous Total: 101)
[2026-04-26 02:01:56] INFO     - Data updated successfully for Marcus Stoinis in Points - 104 points and 3 dot balls!
[2026-04-26 02:01:56] DEBUG    - Sleeping 4s before next update.
[2026-04-26 02:02:00] DEBUG    - ===============================================================
[2026-04-26 02:02:00] INFO     - Processing count= 87
[2026-04-26 02:02:00] INFO     - Processing player of PBSK : 'Prabhsimran Singh' | 476 points | team: PBSK
[2026-04-26 02:02:00] DEBUG    - Match found for Prabhsimran Singh in Points at row 91
[2026-04-26 02:02:01] INFO     - Points gained for Prabhsimran Singh in Points: 121 (Points: 476, Dot Balls: 0, Previous Total: 355)
[2026-04-26 02:02:01] INFO     - Data updated successfully for Prabhsimran Singh in Points - 476 points and 0 dot balls!
[2026-04-26 02:02:01] DEBUG    - Sleeping 4s before next update.
[2026-04-26 02:02:05] DEBUG    - ===============================================================
[2026-04-26 02:02:05] INFO     - Processing count= 88
[2026-04-26 02:02:05] INFO     - Processing player of PBSK : 'Shashank Singh' | 203 points | team: PBSK
[2026-04-26 02:02:05] DEBUG    - Match found for Shashank Singh in Points at row 92
[2026-04-26 02:02:06] INFO     - Points gained for Shashank Singh in Points: 33 (Points: 203, Dot Balls: 10, Previous Total: 180)
[2026-04-26 02:02:06] INFO     - Data updated successfully for Shashank Singh in Points - 203 points and 10 dot balls!
[2026-04-26 02:02:06] DEBUG    - Sleeping 4s before next update.
[2026-04-26 02:02:10] DEBUG    - ===============================================================
[2026-04-26 02:02:10] INFO     - Processing count= 89
[2026-04-26 02:02:10] INFO     - Processing player of RCB : 'Jitesh Sharma' | 157 points | team: RCB
[2026-04-26 02:02:10] DEBUG    - Match found for Jitesh Sharma in Points at row 93
[2026-04-26 02:02:10] INFO     - No update needed for Jitesh Sharma in Points as points are unchanged.
[2026-04-26 02:02:10] DEBUG    - ===============================================================
[2026-04-26 02:02:10] INFO     - Processing count= 90
[2026-04-26 02:02:10] INFO     - Processing player of RR : 'Jofra Archer' | 461 points | team: RR
[2026-04-26 02:02:10] DEBUG    - Match found for Jofra Archer in Points at row 94
[2026-04-26 02:02:11] INFO     - Points gained for Jofra Archer in Points: 77 (Points: 461, Dot Balls: 88, Previous Total: 472)
[2026-04-26 02:02:11] INFO     - Data updated successfully for Jofra Archer in Points - 461 points and 88 dot balls!
[2026-04-26 02:02:11] DEBUG    - Sleeping 4s before next update.
[2026-04-26 02:02:15] DEBUG    - ===============================================================
[2026-04-26 02:02:15] INFO     - Processing count= 91
[2026-04-26 02:02:15] INFO     - Processing player of RR : 'Ravindra Jadeja' | 371 points | team: RR
[2026-04-26 02:02:15] DEBUG    - Match found for Ravindra Jadeja in Points at row 95
[2026-04-26 02:02:16] INFO     - Points gained for Ravindra Jadeja in Points: 11 (Points: 371, Dot Balls: 35, Previous Total: 395)
[2026-04-26 02:02:16] INFO     - Data updated successfully for Ravindra Jadeja in Points - 371 points and 35 dot balls!
[2026-04-26 02:02:16] DEBUG    - Sleeping 4s before next update.
[2026-04-26 02:02:20] DEBUG    - ===============================================================
[2026-04-26 02:02:20] INFO     - Processing count= 92
[2026-04-26 02:02:20] INFO     - Processing player of LSG : 'Mohammad Shami' | 244 points | team: LSG
[2026-04-26 02:02:20] DEBUG    - Match found for Mohammad Shami in Points at row 96
[2026-04-26 02:02:20] INFO     - No update needed for Mohammad Shami in Points as points are unchanged.
[2026-04-26 02:02:20] DEBUG    - ===============================================================
[2026-04-26 02:02:20] INFO     - Processing count= 93
[2026-04-26 02:02:20] INFO     - Processing player of GT : 'Kagiso Rabada' | 360 points | team: GT
[2026-04-26 02:02:20] DEBUG    - Match found for Kagiso Rabada in Points at row 97
[2026-04-26 02:02:20] INFO     - No update needed for Kagiso Rabada in Points as points are unchanged.
[2026-04-26 02:02:20] DEBUG    - ===============================================================
[2026-04-26 02:02:20] INFO     - Processing count= 94
[2026-04-26 02:02:20] INFO     - Processing player of KKR : 'Rinku Singh' | 241 points | team: KKR
[2026-04-26 02:02:20] DEBUG    - Match found for Rinku Singh in Points at row 98
[2026-04-26 02:02:20] INFO     - No update needed for Rinku Singh in Points as points are unchanged.
[2026-04-26 02:02:20] DEBUG    - ===============================================================
[2026-04-26 02:02:20] INFO     - Processing count= 95
[2026-04-26 02:02:20] INFO     - Processing player of CSK : 'Kartik Sharma' | 67 points | team: CSK
[2026-04-26 02:02:20] DEBUG    - Match found for Kartik Sharma in Points at row 99
[2026-04-26 02:02:20] INFO     - No update needed for Kartik Sharma in Points as points are unchanged.
[2026-04-26 02:02:20] DEBUG    - ===============================================================
[2026-04-26 02:02:20] INFO     - Processing count= 96
[2026-04-26 02:02:20] INFO     - Processing player of DC : 'Ashutosh Sharma' | 56 points | team: DC
[2026-04-26 02:02:20] DEBUG    - Match found for Ashutosh Sharma in Points at row 100
[2026-04-26 02:02:20] INFO     - No update needed for Ashutosh Sharma in Points as points are unchanged.
[2026-04-26 02:02:20] DEBUG    - ===============================================================
[2026-04-26 02:02:20] INFO     - Processing count= 97
[2026-04-26 02:02:20] INFO     - Processing player of MI : 'Corbin Bosch' | 36 points | team: MI
[2026-04-26 02:02:20] DEBUG    - Match found for Corbin Bosch in Points at row 101
[2026-04-26 02:02:20] INFO     - No update needed for Corbin Bosch in Points as points are unchanged.
[2026-04-26 02:02:20] DEBUG    - ===============================================================
[2026-04-26 02:02:20] INFO     - Processing count= 98
[2026-04-26 02:02:20] INFO     - Processing player of RCB : 'Tim David' | 293 points | team: RCB
[2026-04-26 02:02:20] DEBUG    - Match found for Tim David in Points at row 102
[2026-04-26 02:02:20] INFO     - No update needed for Tim David in Points as points are unchanged.
[2026-04-26 02:02:20] DEBUG    - ===============================================================
[2026-04-26 02:02:20] INFO     - Processing count= 99
[2026-04-26 02:02:20] INFO     - Processing player of PBSK : 'Cooper Connolly' | 378 points | team: PBSK
[2026-04-26 02:02:20] DEBUG    - Match found for Cooper Connolly in Points at row 103
[2026-04-26 02:02:20] INFO     - Points gained for Cooper Connolly in Points: 30 (Points: 378, Dot Balls: 0, Previous Total: 348)
[2026-04-26 02:02:20] INFO     - Data updated successfully for Cooper Connolly in Points - 378 points and 0 dot balls!
[2026-04-26 02:02:20] DEBUG    - Sleeping 4s before next update.
[2026-04-26 02:02:24] DEBUG    - ===============================================================
[2026-04-26 02:02:24] INFO     - Processing count= 100
[2026-04-26 02:02:24] INFO     - Processing player of SRH : 'Liam Livingstone' | 57 points | team: SRH
[2026-04-26 02:02:24] DEBUG    - Match found for Liam Livingstone in Points at row 104
[2026-04-26 02:02:24] INFO     - No update needed for Liam Livingstone in Points as points are unchanged.
[2026-04-26 02:02:24] DEBUG    - ===============================================================
[2026-04-26 02:02:24] INFO     - Processing count= 101
[2026-04-26 02:02:24] INFO     - Processing player of PBSK : 'Vijaykumar Vyshak' | 176 points | team: PBSK
[2026-04-26 02:02:24] DEBUG    - Match found for Vijaykumar Vyshak in Points at row 105
[2026-04-26 02:02:25] INFO     - Points gained for Vijaykumar Vyshak in Points: -2 (Points: 176, Dot Balls: 0, Previous Total: 178)
[2026-04-26 02:02:25] INFO     - Data updated successfully for Vijaykumar Vyshak in Points - 176 points and 0 dot balls!
[2026-04-26 02:02:25] DEBUG    - Sleeping 4s before next update.
[2026-04-26 02:02:29] DEBUG    - ===============================================================
[2026-04-26 02:02:29] INFO     - Processing count= 102
[2026-04-26 02:02:29] INFO     - Processing player of RCB : 'Suyash Sharma' | 147 points | team: RCB
[2026-04-26 02:02:29] DEBUG    - Match found for Suyash Sharma in Points at row 106
[2026-04-26 02:02:29] INFO     - No update needed for Suyash Sharma in Points as points are unchanged.
[2026-04-26 02:02:29] DEBUG    - ===============================================================
[2026-04-26 02:02:29] INFO     - Processing count= 103
[2026-04-26 02:02:29] INFO     - Processing player of DC : 'David Miller' | 191 points | team: DC
[2026-04-26 02:02:29] DEBUG    - Match found for David Miller in Points at row 107
[2026-04-26 02:02:30] INFO     - Points gained for David Miller in Points: 7 (Points: 191, Dot Balls: 0, Previous Total: 184)
[2026-04-26 02:02:30] INFO     - Data updated successfully for David Miller in Points - 191 points and 0 dot balls!
[2026-04-26 02:02:30] DEBUG    - Sleeping 4s before next update.
[2026-04-26 02:02:34] INFO     - Total players processed for team 'CSK': 10
[2026-04-26 02:02:34] INFO     - Total players processed for team 'GT': 10
[2026-04-26 02:02:34] INFO     - Total players processed for team 'LSG': 8
[2026-04-26 02:02:34] INFO     - Total players processed for team 'MI': 10
[2026-04-26 02:02:34] INFO     - Total players processed for team 'PBSK': 11
[2026-04-26 02:02:34] INFO     - Total players processed for team 'RCB': 13
[2026-04-26 02:02:34] INFO     - Total players processed for team 'RR': 8
[2026-04-26 02:02:34] INFO     - Total players processed for team 'SRH': 8
[2026-04-26 02:02:34] INFO     - Total players processed for team 'KKR': 8
[2026-04-26 02:02:34] INFO     - Total players processed for team 'DC': 8
[2026-04-26 02:02:34] DEBUG    - ===============================================================
[2026-04-26 02:02:34] WARNING  - Player not updated: Shivam Dube | Reason: Points unchanged
[2026-04-26 02:02:34] WARNING  - Player not updated: Sanju Samson | Reason: Points unchanged
[2026-04-26 02:02:34] WARNING  - Player not updated: Sai Sudharsan | Reason: Points unchanged
[2026-04-26 02:02:34] WARNING  - Player not updated: Mohsin Khan | Reason: Points unchanged
[2026-04-26 02:02:34] WARNING  - Player not updated: Tilak Varma | Reason: Points unchanged
[2026-04-26 02:02:34] WARNING  - Player not updated: Quinton de Kock | Reason: Points unchanged
[2026-04-26 02:02:34] WARNING  - Player not updated: Jasprit Bumrah | Reason: Points unchanged
[2026-04-26 02:02:34] WARNING  - Player not updated: Harpreet Brar | Reason: Points is zero
[2026-04-26 02:02:34] WARNING  - Player not updated: Romario Shepherd | Reason: Points unchanged
[2026-04-26 02:02:34] WARNING  - Player not updated: Rasikh Salam | Reason: Points unchanged
[2026-04-26 02:02:34] WARNING  - Player not updated: Matheesha Pathirana | Reason: Points is zero
[2026-04-26 02:02:34] WARNING  - Player not updated: Nathan Ellis | Reason: Points is zero
[2026-04-26 02:02:34] WARNING  - Player not updated: Yudhvir Singh | Reason: Points is zero
[2026-04-26 02:02:34] WARNING  - Player not updated: Ayush Mhatre | Reason: Points unchanged
[2026-04-26 02:02:34] WARNING  - Player not updated: MS Dhoni | Reason: Points is zero
[2026-04-26 02:02:34] WARNING  - Player not updated: Mitchell Starc | Reason: Points is zero
[2026-04-26 02:02:34] WARNING  - Player not updated: Glenn Phillips | Reason: Points unchanged
[2026-04-26 02:02:34] WARNING  - Player not updated: Sunil Narine | Reason: Points unchanged
[2026-04-26 02:02:34] WARNING  - Player not updated: Ajinkya Rahane | Reason: Points unchanged
[2026-04-26 02:02:34] WARNING  - Player not updated: Ayush Badoni | Reason: Points unchanged
[2026-04-26 02:02:34] WARNING  - Player not updated: Hardik Pandya | Reason: Points unchanged
[2026-04-26 02:02:34] WARNING  - Player not updated: Suryakumar Yadav | Reason: Points unchanged
[2026-04-26 02:02:34] WARNING  - Player not updated: Rohit Sharma | Reason: Points unchanged
[2026-04-26 02:02:34] WARNING  - Player not updated: Phil Salt | Reason: Points unchanged
[2026-04-26 02:02:34] WARNING  - Player not updated: Bhuvneshwar Kumar | Reason: Points unchanged
[2026-04-26 02:02:34] WARNING  - Player not updated: Josh Hazlewood | Reason: Points unchanged
[2026-04-26 02:02:34] WARNING  - Player not updated: Sandeep Sharma | Reason: Points unchanged
[2026-04-26 02:02:34] WARNING  - Player not updated: Prashant Veer | Reason: Points unchanged
[2026-04-26 02:02:34] WARNING  - Player not updated: Ruturaj Gaikwad | Reason: Points unchanged
[2026-04-26 02:02:34] WARNING  - Player not updated: Abishek Porel | Reason: Points is zero
[2026-04-26 02:02:34] WARNING  - Player not updated: Rashid Khan | Reason: Points unchanged
[2026-04-26 02:02:34] WARNING  - Player not updated: Cameron Green | Reason: Points unchanged
[2026-04-26 02:02:34] WARNING  - Player not updated: Varun Chakaravarthy | Reason: Points unchanged
[2026-04-26 02:02:34] WARNING  - Player not updated: Digvesh Singh | Reason: Points unchanged
[2026-04-26 02:02:34] WARNING  - Player not updated: Rishabh Pant | Reason: Points unchanged
[2026-04-26 02:02:34] WARNING  - Player not updated: Krunal Pandya | Reason: Points unchanged
[2026-04-26 02:02:34] WARNING  - Player not updated: Rajat Patidar | Reason: Points unchanged
[2026-04-26 02:02:34] WARNING  - Player not updated: Naman Dhir | Reason: Points unchanged
[2026-04-26 02:02:34] WARNING  - Player not updated: Finn Allen | Reason: Points unchanged
[2026-04-26 02:02:34] WARNING  - Player not updated: Rahul Tewatia | Reason: Points unchanged
[2026-04-26 02:02:34] WARNING  - Player not updated: Jason Holder | Reason: Points unchanged
[2026-04-26 02:02:34] WARNING  - Player not updated: Dewald Brevis | Reason: Points unchanged
[2026-04-26 02:02:34] WARNING  - Player not updated: Noor Ahmad | Reason: Points unchanged
[2026-04-26 02:02:34] WARNING  - Player not updated: Jos Buttler | Reason: Points unchanged
[2026-04-26 02:02:34] WARNING  - Player not updated: Prasidh Krishna | Reason: Points unchanged
[2026-04-26 02:02:34] WARNING  - Player not updated: Vaibhav Arora | Reason: Points unchanged
[2026-04-26 02:02:34] WARNING  - Player not updated: Aiden Markram | Reason: Points unchanged
[2026-04-26 02:02:34] WARNING  - Player not updated: Will Jacks | Reason: Points is zero
[2026-04-26 02:02:34] WARNING  - Player not updated: Devdutt Padikkal | Reason: Points unchanged
[2026-04-26 02:02:34] WARNING  - Player not updated: Virat Kohli | Reason: Points unchanged
[2026-04-26 02:02:34] WARNING  - Player not updated: Harshal Patel | Reason: Points unchanged
[2026-04-26 02:02:34] WARNING  - Player not updated: Trent Boult | Reason: Points unchanged
[2026-04-26 02:02:34] WARNING  - Player not updated: Venkatesh Iyer | Reason: Points unchanged
[2026-04-26 02:02:34] WARNING  - Player not updated: Yash Dayal | Reason: Points is zero
[2026-04-26 02:02:34] WARNING  - Player not updated: Shardul Thakur | Reason: Points unchanged
[2026-04-26 02:02:34] WARNING  - Player not updated: Rahul Chahar | Reason: Points unchanged
[2026-04-26 02:02:34] WARNING  - Player not updated: Khaleel Ahmed | Reason: Points unchanged
[2026-04-26 02:02:34] WARNING  - Player not updated: Shubman Gill | Reason: Points unchanged
[2026-04-26 02:02:34] WARNING  - Player not updated: Mohammed Siraj | Reason: Points unchanged
[2026-04-26 02:02:34] WARNING  - Player not updated: Angkrish Raghuvanshi | Reason: Points unchanged
[2026-04-26 02:02:34] WARNING  - Player not updated: Mitchell Marsh | Reason: Points unchanged
[2026-04-26 02:02:34] WARNING  - Player not updated: Nicholas Pooran | Reason: Points unchanged
[2026-04-26 02:02:34] WARNING  - Player not updated: Jitesh Sharma | Reason: Points unchanged
[2026-04-26 02:02:34] WARNING  - Player not updated: Mohammad Shami | Reason: Points unchanged
[2026-04-26 02:02:34] WARNING  - Player not updated: Kagiso Rabada | Reason: Points unchanged
[2026-04-26 02:02:34] WARNING  - Player not updated: Rinku Singh | Reason: Points unchanged
[2026-04-26 02:02:34] WARNING  - Player not updated: Kartik Sharma | Reason: Points unchanged
[2026-04-26 02:02:34] WARNING  - Player not updated: Ashutosh Sharma | Reason: Points unchanged
[2026-04-26 02:02:34] WARNING  - Player not updated: Corbin Bosch | Reason: Points unchanged
[2026-04-26 02:02:34] WARNING  - Player not updated: Tim David | Reason: Points unchanged
[2026-04-26 02:02:34] WARNING  - Player not updated: Liam Livingstone | Reason: Points unchanged
[2026-04-26 02:02:34] WARNING  - Player not updated: Suyash Sharma | Reason: Points unchanged
[2026-04-26 02:02:34] DEBUG    - ===============================================================
[2026-04-26 02:02:58] INFO     - Worksheets opened: ['Home', 'Data']
[2026-04-26 02:02:58] INFO     - Points Gained Today fetched: {'HW': 320, 'MC': 69, 'OL': 296, 'AS': 368, 'PA': 217}
[2026-04-26 02:02:59] INFO     - Writing to column 14 (25/04)
[2026-04-26 02:02:59] DEBUG    -   HW → N2 = 320
[2026-04-26 02:02:59] DEBUG    -   MC → N3 = 69
[2026-04-26 02:02:59] DEBUG    -   OL → N4 = 296
[2026-04-26 02:02:59] DEBUG    -   AS → N5 = 368
[2026-04-26 02:02:59] DEBUG    -   PA → N6 = 217
[2026-04-26 02:02:59] INFO     - Successfully updated 5 team(s) for 25/04.
[2026-04-26 02:03:00] INFO     - TOP 12 points fetched: {'HW': 4306, 'AS': 4225, 'PA': 4031, 'OL': 3810, 'MC': 3290}
[2026-04-26 02:03:00] INFO     - Column mapping: {'HW': 2, 'MC': 3, 'OL': 4, 'AS': 5, 'PA': 6}
[2026-04-26 02:03:00] INFO     - Today '25/04' found at row 37
[2026-04-26 02:03:00] DEBUG    -   HW → B37 = 4306
[2026-04-26 02:03:00] DEBUG    -   AS → E37 = 4225
[2026-04-26 02:03:00] DEBUG    -   PA → F37 = 4031
[2026-04-26 02:03:00] DEBUG    -   OL → D37 = 3810
[2026-04-26 02:03:00] DEBUG    -   MC → C37 = 3290
[2026-04-26 02:03:01] INFO     - Successfully updated 5 team(s) for '25/04' at row 37.
[2026-04-26 02:03:02] INFO     - ═════════════════════ All updates completed ═════════════════════
