[2026-04-27 22:30:44] INFO     - ═════════════════════ Process started ═════════════════════
[2026-04-27 22:30:45] INFO     - Excel loaded: 103 players, 103 bowlers from 'C:\Users\himan\Documents\UiPath\CrickInfo\Data\IPLPointsData.xlsx'
[2026-04-27 22:30:45] INFO     - Google Sheets authentication successful.
[2026-04-27 22:30:49] INFO     - Worksheets opened: ['Points', 'Home', 'Data']
[2026-04-27 22:30:53] INFO     - Updating previous points for all players before processing.
[2026-04-27 22:30:53] DEBUG    - ======================================================
[2026-04-27 22:30:57] DEBUG    - Updated previous points for 'Shivam Dube' at row 5: 240 → 271
[2026-04-27 22:30:57] DEBUG    - Sleeping 4s after updating previous points.
[2026-04-27 22:31:02] DEBUG    - Updated previous points for 'Sanju Samson' at row 6: 458 → 487
[2026-04-27 22:31:02] DEBUG    - Sleeping 4s after updating previous points.
[2026-04-27 22:31:07] DEBUG    - Updated previous points for 'Sai Sudharsan' at row 7: 365 → 488
[2026-04-27 22:31:07] DEBUG    - Sleeping 4s after updating previous points.
[2026-04-27 22:31:11] DEBUG    - Updated previous points for 'Mohsin Khan' at row 8: 197 → 372
[2026-04-27 22:31:11] DEBUG    - Sleeping 4s after updating previous points.
[2026-04-27 22:31:16] DEBUG    - Updated previous points for 'Sunil Narine' at row 28: 307 → 359
[2026-04-27 22:31:16] DEBUG    - Sleeping 4s after updating previous points.
[2026-04-27 22:31:20] DEBUG    - Updated previous points for 'Ajinkya Rahane' at row 29: 240 → 254
[2026-04-27 22:31:20] DEBUG    - Sleeping 4s after updating previous points.
[2026-04-27 22:31:25] DEBUG    - Updated previous points for 'Ayush Badoni' at row 30: 226 → 266
[2026-04-27 22:31:25] DEBUG    - Sleeping 4s after updating previous points.
[2026-04-27 22:31:29] DEBUG    - Updated previous points for 'Ruturaj Gaikwad' at row 42: 179 → 279
[2026-04-27 22:31:29] DEBUG    - Sleeping 4s after updating previous points.
[2026-04-27 22:31:34] DEBUG    - Updated previous points for 'Rashid Khan' at row 46: 340 → 345
[2026-04-27 22:31:34] DEBUG    - Sleeping 4s after updating previous points.
[2026-04-27 22:31:38] DEBUG    - Updated previous points for 'Cameron Green' at row 47: 297 → 376
[2026-04-27 22:31:38] DEBUG    - Sleeping 4s after updating previous points.
[2026-04-27 22:31:43] DEBUG    - Updated previous points for 'Varun Chakaravarthy' at row 48: 197 → 251
[2026-04-27 22:31:43] DEBUG    - Sleeping 4s after updating previous points.
[2026-04-27 22:31:47] DEBUG    - Updated previous points for 'Rishabh Pant' at row 50: 281 → 353
[2026-04-27 22:31:47] DEBUG    - Sleeping 4s after updating previous points.
[2026-04-27 22:31:51] DEBUG    - Updated previous points for 'Jason Holder' at row 60: 79 → 103
[2026-04-27 22:31:51] DEBUG    - Sleeping 4s after updating previous points.
[2026-04-27 22:31:56] DEBUG    - Updated previous points for 'Dewald Brevis' at row 61: 161 → 175
[2026-04-27 22:31:56] DEBUG    - Sleeping 4s after updating previous points.
[2026-04-27 22:32:00] DEBUG    - Updated previous points for 'Noor Ahmad' at row 62: 266 → 301
[2026-04-27 22:32:00] DEBUG    - Sleeping 4s after updating previous points.
[2026-04-27 22:32:05] DEBUG    - Updated previous points for 'Jos Buttler' at row 64: 436 → 507
[2026-04-27 22:32:05] DEBUG    - Sleeping 4s after updating previous points.
[2026-04-27 22:32:09] DEBUG    - Updated previous points for 'Vaibhav Arora' at row 66: 259 → 326
[2026-04-27 22:32:09] DEBUG    - Sleeping 4s after updating previous points.
[2026-04-27 22:32:14] DEBUG    - Updated previous points for 'Aiden Markram' at row 67: 285 → 342
[2026-04-27 22:32:14] DEBUG    - Sleeping 4s after updating previous points.
[2026-04-27 22:32:18] DEBUG    - Updated previous points for 'Shubman Gill' at row 85: 460 → 518
[2026-04-27 22:32:18] DEBUG    - Sleeping 4s after updating previous points.
[2026-04-27 22:32:23] DEBUG    - Updated previous points for 'Mohammed Siraj' at row 86: 299 → 346
[2026-04-27 22:32:23] DEBUG    - Sleeping 4s after updating previous points.
[2026-04-27 22:32:27] DEBUG    - Updated previous points for 'Angkrish Raghuvanshi' at row 87: 313 → 327
[2026-04-27 22:32:27] DEBUG    - Sleeping 4s after updating previous points.
[2026-04-27 22:32:31] DEBUG    - Updated previous points for 'Mitchell Marsh' at row 88: 320 → 334
[2026-04-27 22:32:31] DEBUG    - Sleeping 4s after updating previous points.
[2026-04-27 22:32:36] DEBUG    - Updated previous points for 'Nicholas Pooran' at row 89: 148 → 163
[2026-04-27 22:32:36] DEBUG    - Sleeping 4s after updating previous points.
[2026-04-27 22:32:40] DEBUG    - Updated previous points for 'Mohammad Shami' at row 96: 325 → 351
[2026-04-27 22:32:40] DEBUG    - Sleeping 4s after updating previous points.
[2026-04-27 22:32:45] DEBUG    - Updated previous points for 'Kagiso Rabada' at row 97: 424 → 524
[2026-04-27 22:32:45] DEBUG    - Sleeping 4s after updating previous points.
[2026-04-27 22:32:49] DEBUG    - Updated previous points for 'Rinku Singh' at row 98: 241 → 393
[2026-04-27 22:32:49] DEBUG    - Sleeping 4s after updating previous points.
[2026-04-27 22:32:54] DEBUG    - Updated previous points for 'Kartik Sharma' at row 99: 67 → 89
[2026-04-27 22:32:54] DEBUG    - Sleeping 4s after updating previous points.
[2026-04-27 22:32:54] DEBUG    - ======================================================
[2026-04-27 22:33:57] DEBUG    - ===============================================================
[2026-04-27 22:33:57] INFO     - Pausing 5s before before next steps.
[2026-04-27 22:33:57] DEBUG    - ===============================================================
[2026-04-27 22:34:05] DEBUG    - ===============================================================
[2026-04-27 22:34:05] DEBUG    - ===============================================================
[2026-04-27 22:34:05] INFO     - Processing count= 1
[2026-04-27 22:34:05] INFO     - Processing player of CSK : 'Shivam Dube' | 269 points | team: CSK
[2026-04-27 22:34:05] DEBUG    - Match found for Shivam Dube in Points at row 5
[2026-04-27 22:34:05] INFO     - No update needed for Shivam Dube in Points as points are unchanged.
[2026-04-27 22:34:05] DEBUG    - ===============================================================
[2026-04-27 22:34:05] INFO     - Processing count= 2
[2026-04-27 22:34:05] INFO     - Processing player of CSK : 'Sanju Samson' | 487 points | team: CSK
[2026-04-27 22:34:05] DEBUG    - Match found for Sanju Samson in Points at row 6
[2026-04-27 22:34:05] INFO     - No update needed for Sanju Samson in Points as points are unchanged.
[2026-04-27 22:34:05] DEBUG    - ===============================================================
[2026-04-27 22:34:05] INFO     - Processing count= 3
[2026-04-27 22:34:05] INFO     - Processing player of GT : 'Sai Sudharsan' | 488 points | team: GT
[2026-04-27 22:34:05] DEBUG    - Match found for Sai Sudharsan in Points at row 7
[2026-04-27 22:34:05] INFO     - No update needed for Sai Sudharsan in Points as points are unchanged.
[2026-04-27 22:34:05] DEBUG    - ===============================================================
[2026-04-27 22:34:05] INFO     - Processing count= 4
[2026-04-27 22:34:05] INFO     - Processing player of LSG : 'Mohsin Khan' | 323 points | team: LSG
[2026-04-27 22:34:05] DEBUG    - Match found for Mohsin Khan in Points at row 8
[2026-04-27 22:34:05] INFO     - No update needed for Mohsin Khan in Points as points are unchanged.
[2026-04-27 22:34:05] DEBUG    - ===============================================================
[2026-04-27 22:34:05] INFO     - Processing count= 5
[2026-04-27 22:34:05] INFO     - Processing player of MI : 'Tilak Varma' | 328 points | team: MI
[2026-04-27 22:34:05] DEBUG    - Match found for Tilak Varma in Points at row 9
[2026-04-27 22:34:05] INFO     - No update needed for Tilak Varma in Points as points are unchanged.
[2026-04-27 22:34:05] DEBUG    - ===============================================================
[2026-04-27 22:34:05] INFO     - Processing count= 6
[2026-04-27 22:34:05] INFO     - Processing player of MI : 'Quinton de Kock' | 221 points | team: MI
[2026-04-27 22:34:05] DEBUG    - Match found for Quinton de Kock in Points at row 10
[2026-04-27 22:34:05] INFO     - No update needed for Quinton de Kock in Points as points are unchanged.
[2026-04-27 22:34:05] DEBUG    - ===============================================================
[2026-04-27 22:34:05] INFO     - Processing count= 7
[2026-04-27 22:34:05] INFO     - Processing player of MI : 'Jasprit Bumrah' | 110 points | team: MI
[2026-04-27 22:34:05] DEBUG    - Match found for Jasprit Bumrah in Points at row 11
[2026-04-27 22:34:05] INFO     - No update needed for Jasprit Bumrah in Points as points are unchanged.
[2026-04-27 22:34:05] DEBUG    - ===============================================================
[2026-04-27 22:34:05] INFO     - Processing count= 8
[2026-04-27 22:34:05] INFO     - 
Skipping Harpreet Brar as points is zero.
[2026-04-27 22:34:05] DEBUG    - ===============================================================
[2026-04-27 22:34:05] INFO     - Processing count= 9
[2026-04-27 22:34:05] INFO     - Processing player of PBSK : 'Yuzvendra Chahal' | 132 points | team: PBSK
[2026-04-27 22:34:05] DEBUG    - Match found for Yuzvendra Chahal in Points at row 13
[2026-04-27 22:34:05] INFO     - No update needed for Yuzvendra Chahal in Points as points are unchanged.
[2026-04-27 22:34:05] DEBUG    - ===============================================================
[2026-04-27 22:34:05] INFO     - Processing count= 10
[2026-04-27 22:34:05] INFO     - Processing player of RCB : 'Romario Shepherd' | 163 points | team: RCB
[2026-04-27 22:34:05] DEBUG    - Match found for Romario Shepherd in Points at row 14
[2026-04-27 22:34:06] INFO     - Points gained for Romario Shepherd in Points: 2 (Points: 163, Dot Balls: 8, Previous Total: 169)
[2026-04-27 22:34:06] INFO     - Data updated successfully for Romario Shepherd in Points - 163 points and 8 dot balls!
[2026-04-27 22:34:06] DEBUG    - Sleeping 4s before next update.
[2026-04-27 22:34:10] DEBUG    - ===============================================================
[2026-04-27 22:34:10] INFO     - Processing count= 11
[2026-04-27 22:34:10] INFO     - Processing player of RR : 'Vaibhav Sooryavanshi' | 560 points | team: RR
[2026-04-27 22:34:10] DEBUG    - Match found for Vaibhav Sooryavanshi in Points at row 15
[2026-04-27 22:34:10] INFO     - No update needed for Vaibhav Sooryavanshi in Points as points are unchanged.
[2026-04-27 22:34:10] DEBUG    - ===============================================================
[2026-04-27 22:34:10] INFO     - Processing count= 12
[2026-04-27 22:34:10] INFO     - Processing player of RR : 'Ravi Bishnoi' | 361 points | team: RR
[2026-04-27 22:34:10] DEBUG    - Match found for Ravi Bishnoi in Points at row 16
[2026-04-27 22:34:10] INFO     - No update needed for Ravi Bishnoi in Points as points are unchanged.
[2026-04-27 22:34:10] DEBUG    - ===============================================================
[2026-04-27 22:34:10] INFO     - Processing count= 13
[2026-04-27 22:34:10] INFO     - Processing player of SRH : 'Abhishek Sharma' | 598 points | team: SRH
[2026-04-27 22:34:10] DEBUG    - Match found for Abhishek Sharma in Points at row 17
[2026-04-27 22:34:10] INFO     - No update needed for Abhishek Sharma in Points as points are unchanged.
[2026-04-27 22:34:10] DEBUG    - ===============================================================
[2026-04-27 22:34:10] INFO     - Processing count= 14
[2026-04-27 22:34:10] INFO     - Processing player of SRH : 'Ishan Kishan' | 517 points | team: SRH
[2026-04-27 22:34:10] DEBUG    - Match found for Ishan Kishan in Points at row 18
[2026-04-27 22:34:10] INFO     - No update needed for Ishan Kishan in Points as points are unchanged.
[2026-04-27 22:34:10] DEBUG    - ===============================================================
[2026-04-27 22:34:10] INFO     - Processing count= 15
[2026-04-27 22:34:10] INFO     - Processing player of SRH : 'Pat Cummins' | 39 points | team: SRH
[2026-04-27 22:34:10] DEBUG    - Match found for Pat Cummins in Points at row 19
[2026-04-27 22:34:10] INFO     - No update needed for Pat Cummins in Points as points are unchanged.
[2026-04-27 22:34:10] DEBUG    - ===============================================================
[2026-04-27 22:34:10] INFO     - Processing count= 16
[2026-04-27 22:34:10] INFO     - Processing player of RCB : 'Rasikh Salam' | 200 points | team: RCB
[2026-04-27 22:34:10] DEBUG    - Match found for Rasikh Salam in Points at row 20
[2026-04-27 22:34:11] INFO     - Points gained for Rasikh Salam in Points: 27 (Points: 200, Dot Balls: 0, Previous Total: 173)
[2026-04-27 22:34:11] INFO     - Data updated successfully for Rasikh Salam in Points - 200 points and 0 dot balls!
[2026-04-27 22:34:11] DEBUG    - Sleeping 4s before next update.
[2026-04-27 22:34:15] DEBUG    - ===============================================================
[2026-04-27 22:34:15] INFO     - Processing count= 17
[2026-04-27 22:34:15] INFO     - 
Skipping Matheesha Pathirana as points is zero.
[2026-04-27 22:34:15] DEBUG    - ===============================================================
[2026-04-27 22:34:15] INFO     - Processing count= 18
[2026-04-27 22:34:15] INFO     - 
Skipping Nathan Ellis as points is zero.
[2026-04-27 22:34:15] DEBUG    - ===============================================================
[2026-04-27 22:34:15] INFO     - Processing count= 19
[2026-04-27 22:34:15] INFO     - 
Skipping Yudhvir Singh as points is zero.
[2026-04-27 22:34:15] DEBUG    - ===============================================================
[2026-04-27 22:34:15] INFO     - Processing count= 20
[2026-04-27 22:34:15] INFO     - Processing player of CSK : 'Ayush Mhatre' | 311 points | team: CSK
[2026-04-27 22:34:15] DEBUG    - Match found for Ayush Mhatre in Points at row 24
[2026-04-27 22:34:15] INFO     - No update needed for Ayush Mhatre in Points as points are unchanged.
[2026-04-27 22:34:15] DEBUG    - ===============================================================
[2026-04-27 22:34:15] INFO     - Processing count= 21
[2026-04-27 22:34:15] INFO     - 
Skipping MS Dhoni as points is zero.
[2026-04-27 22:34:15] DEBUG    - ===============================================================
[2026-04-27 22:34:15] INFO     - Processing count= 22
[2026-04-27 22:34:15] INFO     - 
Skipping Mitchell Starc as points is zero.
[2026-04-27 22:34:15] DEBUG    - ===============================================================
[2026-04-27 22:34:15] INFO     - Processing count= 23
[2026-04-27 22:34:15] INFO     - Processing player of GT : 'Glenn Phillips' | 165 points | team: GT
[2026-04-27 22:34:15] DEBUG    - Match found for Glenn Phillips in Points at row 27
[2026-04-27 22:34:15] INFO     - No update needed for Glenn Phillips in Points as points are unchanged.
[2026-04-27 22:34:15] DEBUG    - ===============================================================
[2026-04-27 22:34:15] INFO     - Processing count= 24
[2026-04-27 22:34:15] INFO     - Processing player of KKR : 'Sunil Narine' | 291 points | team: KKR
[2026-04-27 22:34:15] DEBUG    - Match found for Sunil Narine in Points at row 28
[2026-04-27 22:34:15] INFO     - No update needed for Sunil Narine in Points as points are unchanged.
[2026-04-27 22:34:15] DEBUG    - ===============================================================
[2026-04-27 22:34:15] INFO     - Processing count= 25
[2026-04-27 22:34:15] INFO     - Processing player of KKR : 'Ajinkya Rahane' | 254 points | team: KKR
[2026-04-27 22:34:15] DEBUG    - Match found for Ajinkya Rahane in Points at row 29
[2026-04-27 22:34:15] INFO     - No update needed for Ajinkya Rahane in Points as points are unchanged.
[2026-04-27 22:34:15] DEBUG    - ===============================================================
[2026-04-27 22:34:15] INFO     - Processing count= 26
[2026-04-27 22:34:15] INFO     - Processing player of LSG : 'Ayush Badoni' | 266 points | team: LSG
[2026-04-27 22:34:15] DEBUG    - Match found for Ayush Badoni in Points at row 30
[2026-04-27 22:34:15] INFO     - No update needed for Ayush Badoni in Points as points are unchanged.
[2026-04-27 22:34:15] DEBUG    - ===============================================================
[2026-04-27 22:34:15] INFO     - Processing count= 27
[2026-04-27 22:34:15] INFO     - Processing player of MI : 'Hardik Pandya' | 232 points | team: MI
[2026-04-27 22:34:15] DEBUG    - Match found for Hardik Pandya in Points at row 31
[2026-04-27 22:34:15] INFO     - No update needed for Hardik Pandya in Points as points are unchanged.
[2026-04-27 22:34:15] DEBUG    - ===============================================================
[2026-04-27 22:34:15] INFO     - Processing count= 28
[2026-04-27 22:34:15] INFO     - Processing player of MI : 'Suryakumar Yadav' | 242 points | team: MI
[2026-04-27 22:34:15] DEBUG    - Match found for Suryakumar Yadav in Points at row 32
[2026-04-27 22:34:15] INFO     - No update needed for Suryakumar Yadav in Points as points are unchanged.
[2026-04-27 22:34:15] DEBUG    - ===============================================================
[2026-04-27 22:34:15] INFO     - Processing count= 29
[2026-04-27 22:34:15] INFO     - Processing player of MI : 'Rohit Sharma' | 204 points | team: MI
[2026-04-27 22:34:15] DEBUG    - Match found for Rohit Sharma in Points at row 33
[2026-04-27 22:34:15] INFO     - No update needed for Rohit Sharma in Points as points are unchanged.
[2026-04-27 22:34:15] DEBUG    - ===============================================================
[2026-04-27 22:34:15] INFO     - Processing count= 30
[2026-04-27 22:34:15] INFO     - Processing player of PBSK : 'Priyansh Arya' | 392 points | team: PBSK
[2026-04-27 22:34:15] DEBUG    - Match found for Priyansh Arya in Points at row 34
[2026-04-27 22:34:15] INFO     - No update needed for Priyansh Arya in Points as points are unchanged.
[2026-04-27 22:34:15] DEBUG    - ===============================================================
[2026-04-27 22:34:15] INFO     - Processing count= 31
[2026-04-27 22:34:15] INFO     - Processing player of RCB : 'Phil Salt' | 348 points | team: RCB
[2026-04-27 22:34:15] DEBUG    - Match found for Phil Salt in Points at row 35
[2026-04-27 22:34:15] INFO     - No update needed for Phil Salt in Points as points are unchanged.
[2026-04-27 22:34:15] DEBUG    - ===============================================================
[2026-04-27 22:34:15] INFO     - Processing count= 32
[2026-04-27 22:34:15] INFO     - Processing player of RCB : 'Bhuvneshwar Kumar' | 451 points | team: RCB
[2026-04-27 22:34:15] DEBUG    - Match found for Bhuvneshwar Kumar in Points at row 36
[2026-04-27 22:34:16] INFO     - Points gained for Bhuvneshwar Kumar in Points: 112 (Points: 451, Dot Balls: 72, Previous Total: 411)
[2026-04-27 22:34:16] INFO     - Data updated successfully for Bhuvneshwar Kumar in Points - 451 points and 72 dot balls!
[2026-04-27 22:34:16] DEBUG    - Sleeping 4s before next update.
[2026-04-27 22:34:20] DEBUG    - ===============================================================
[2026-04-27 22:34:20] INFO     - Processing count= 33
[2026-04-27 22:34:20] INFO     - Processing player of RCB : 'Josh Hazlewood' | 272 points | team: RCB
[2026-04-27 22:34:20] DEBUG    - Match found for Josh Hazlewood in Points at row 37
[2026-04-27 22:34:21] INFO     - Points gained for Josh Hazlewood in Points: 141 (Points: 272, Dot Balls: 55, Previous Total: 186)
[2026-04-27 22:34:21] INFO     - Data updated successfully for Josh Hazlewood in Points - 272 points and 55 dot balls!
[2026-04-27 22:34:21] DEBUG    - Sleeping 4s before next update.
[2026-04-27 22:34:25] DEBUG    - ===============================================================
[2026-04-27 22:34:25] INFO     - Processing count= 34
[2026-04-27 22:34:25] INFO     - Processing player of RR : 'Shimron Hetmyer' | 158 points | team: RR
[2026-04-27 22:34:25] DEBUG    - Match found for Shimron Hetmyer in Points at row 38
[2026-04-27 22:34:25] INFO     - No update needed for Shimron Hetmyer in Points as points are unchanged.
[2026-04-27 22:34:25] DEBUG    - ===============================================================
[2026-04-27 22:34:25] INFO     - Processing count= 35
[2026-04-27 22:34:25] INFO     - Processing player of RR : 'Sandeep Sharma' | 163 points | team: RR
[2026-04-27 22:34:25] DEBUG    - Match found for Sandeep Sharma in Points at row 39
[2026-04-27 22:34:25] INFO     - No update needed for Sandeep Sharma in Points as points are unchanged.
[2026-04-27 22:34:25] DEBUG    - ===============================================================
[2026-04-27 22:34:25] INFO     - Processing count= 36
[2026-04-27 22:34:25] INFO     - Processing player of PBSK : 'Marco Jansen' | 185 points | team: PBSK
[2026-04-27 22:34:25] DEBUG    - Match found for Marco Jansen in Points at row 40
[2026-04-27 22:34:25] INFO     - No update needed for Marco Jansen in Points as points are unchanged.
[2026-04-27 22:34:25] DEBUG    - ===============================================================
[2026-04-27 22:34:25] INFO     - Processing count= 37
[2026-04-27 22:34:25] INFO     - Processing player of CSK : 'Prashant Veer' | 72 points | team: CSK
[2026-04-27 22:34:25] DEBUG    - Match found for Prashant Veer in Points at row 41
[2026-04-27 22:34:25] INFO     - No update needed for Prashant Veer in Points as points are unchanged.
[2026-04-27 22:34:25] DEBUG    - ===============================================================
[2026-04-27 22:34:25] INFO     - Processing count= 38
[2026-04-27 22:34:25] INFO     - Processing player of CSK : 'Ruturaj Gaikwad' | 279 points | team: CSK
[2026-04-27 22:34:25] DEBUG    - Match found for Ruturaj Gaikwad in Points at row 42
[2026-04-27 22:34:25] INFO     - No update needed for Ruturaj Gaikwad in Points as points are unchanged.
[2026-04-27 22:34:25] DEBUG    - ===============================================================
[2026-04-27 22:34:25] INFO     - Processing count= 39
[2026-04-27 22:34:25] INFO     - Processing player of DC : 'Axar Patel' | 255 points | team: DC
[2026-04-27 22:34:25] DEBUG    - Match found for Axar Patel in Points at row 43
[2026-04-27 22:34:26] INFO     - Points gained for Axar Patel in Points: 2 (Points: 255, Dot Balls: 37, Previous Total: 290)
[2026-04-27 22:34:26] INFO     - Data updated successfully for Axar Patel in Points - 255 points and 37 dot balls!
[2026-04-27 22:34:26] DEBUG    - Sleeping 4s before next update.
[2026-04-27 22:34:30] DEBUG    - ===============================================================
[2026-04-27 22:34:30] INFO     - Processing count= 40
[2026-04-27 22:34:30] INFO     - Processing player of DC : 'Abishek Porel' | 41 points | team: DC
[2026-04-27 22:34:30] DEBUG    - Match found for Abishek Porel in Points at row 44
[2026-04-27 22:34:30] INFO     - Points gained for Abishek Porel in Points: 41 (Points: 41, Dot Balls: 0, Previous Total: 0)
[2026-04-27 22:34:30] INFO     - Data updated successfully for Abishek Porel in Points - 41 points and 0 dot balls!
[2026-04-27 22:34:31] DEBUG    - Sleeping 4s before next update.
[2026-04-27 22:34:35] DEBUG    - ===============================================================
[2026-04-27 22:34:35] INFO     - Processing count= 41
[2026-04-27 22:34:35] INFO     - Processing player of DC : 'KL Rahul' | 546 points | team: DC
[2026-04-27 22:34:35] DEBUG    - Match found for KL Rahul in Points at row 45
[2026-04-27 22:34:35] INFO     - Points gained for KL Rahul in Points: 5 (Points: 546, Dot Balls: 0, Previous Total: 541)
[2026-04-27 22:34:35] INFO     - Data updated successfully for KL Rahul in Points - 546 points and 0 dot balls!
[2026-04-27 22:34:35] DEBUG    - Sleeping 4s before next update.
[2026-04-27 22:34:39] DEBUG    - ===============================================================
[2026-04-27 22:34:39] INFO     - Processing count= 42
[2026-04-27 22:34:39] INFO     - Processing player of GT : 'Rashid Khan' | 289 points | team: GT
[2026-04-27 22:34:39] DEBUG    - Match found for Rashid Khan in Points at row 46
[2026-04-27 22:34:39] INFO     - No update needed for Rashid Khan in Points as points are unchanged.
[2026-04-27 22:34:39] DEBUG    - ===============================================================
[2026-04-27 22:34:39] INFO     - Processing count= 43
[2026-04-27 22:34:39] INFO     - Processing player of KKR : 'Cameron Green' | 364 points | team: KKR
[2026-04-27 22:34:39] DEBUG    - Match found for Cameron Green in Points at row 47
[2026-04-27 22:34:39] INFO     - No update needed for Cameron Green in Points as points are unchanged.
[2026-04-27 22:34:39] DEBUG    - ===============================================================
[2026-04-27 22:34:39] INFO     - Processing count= 44
[2026-04-27 22:34:39] INFO     - Processing player of KKR : 'Varun Chakaravarthy' | 221 points | team: KKR
[2026-04-27 22:34:39] DEBUG    - Match found for Varun Chakaravarthy in Points at row 48
[2026-04-27 22:34:39] INFO     - No update needed for Varun Chakaravarthy in Points as points are unchanged.
[2026-04-27 22:34:39] DEBUG    - ===============================================================
[2026-04-27 22:34:39] INFO     - Processing count= 45
[2026-04-27 22:34:39] INFO     - Processing player of LSG : 'Digvesh Singh' | 115 points | team: LSG
[2026-04-27 22:34:39] DEBUG    - Match found for Digvesh Singh in Points at row 49
[2026-04-27 22:34:39] INFO     - No update needed for Digvesh Singh in Points as points are unchanged.
[2026-04-27 22:34:39] DEBUG    - ===============================================================
[2026-04-27 22:34:39] INFO     - Processing count= 46
[2026-04-27 22:34:39] INFO     - Processing player of LSG : 'Rishabh Pant' | 353 points | team: LSG
[2026-04-27 22:34:39] DEBUG    - Match found for Rishabh Pant in Points at row 50
[2026-04-27 22:34:39] INFO     - No update needed for Rishabh Pant in Points as points are unchanged.
[2026-04-27 22:34:39] DEBUG    - ===============================================================
[2026-04-27 22:34:39] INFO     - Processing count= 47
[2026-04-27 22:34:39] INFO     - Processing player of PBSK : 'Arshdeep Singh' | 225 points | team: PBSK
[2026-04-27 22:34:39] DEBUG    - Match found for Arshdeep Singh in Points at row 51
[2026-04-27 22:34:39] INFO     - No update needed for Arshdeep Singh in Points as points are unchanged.
[2026-04-27 22:34:39] DEBUG    - ===============================================================
[2026-04-27 22:34:39] INFO     - Processing count= 48
[2026-04-27 22:34:39] INFO     - Processing player of RCB : 'Krunal Pandya' | 322 points | team: RCB
[2026-04-27 22:34:39] DEBUG    - Match found for Krunal Pandya in Points at row 52
[2026-04-27 22:34:40] INFO     - Points gained for Krunal Pandya in Points: 43 (Points: 322, Dot Balls: 41, Previous Total: 320)
[2026-04-27 22:34:40] INFO     - Data updated successfully for Krunal Pandya in Points - 322 points and 41 dot balls!
[2026-04-27 22:34:40] DEBUG    - Sleeping 4s before next update.
[2026-04-27 22:34:44] DEBUG    - ===============================================================
[2026-04-27 22:34:44] INFO     - Processing count= 49
[2026-04-27 22:34:44] INFO     - Processing player of RCB : 'Rajat Patidar' | 412 points | team: RCB
[2026-04-27 22:34:44] DEBUG    - Match found for Rajat Patidar in Points at row 53
[2026-04-27 22:34:45] INFO     - Points gained for Rajat Patidar in Points: 4 (Points: 412, Dot Balls: 0, Previous Total: 408)
[2026-04-27 22:34:45] INFO     - Data updated successfully for Rajat Patidar in Points - 412 points and 0 dot balls!
[2026-04-27 22:34:45] DEBUG    - Sleeping 4s before next update.
[2026-04-27 22:34:49] DEBUG    - ===============================================================
[2026-04-27 22:34:49] INFO     - Processing count= 50
[2026-04-27 22:34:49] INFO     - Processing player of RR : 'Yashasvi Jaiswal' | 398 points | team: RR
[2026-04-27 22:34:49] DEBUG    - Match found for Yashasvi Jaiswal in Points at row 54
[2026-04-27 22:34:49] INFO     - No update needed for Yashasvi Jaiswal in Points as points are unchanged.
[2026-04-27 22:34:49] DEBUG    - ===============================================================
[2026-04-27 22:34:49] INFO     - Processing count= 51
[2026-04-27 22:34:49] INFO     - Processing player of SRH : 'Travis Head' | 280 points | team: SRH
[2026-04-27 22:34:49] DEBUG    - Match found for Travis Head in Points at row 55
[2026-04-27 22:34:49] INFO     - No update needed for Travis Head in Points as points are unchanged.
[2026-04-27 22:34:49] DEBUG    - ===============================================================
[2026-04-27 22:34:49] INFO     - Processing count= 52
[2026-04-27 22:34:49] INFO     - Processing player of SRH : 'Nitish Kumar Reddy' | 448 points | team: SRH
[2026-04-27 22:34:49] DEBUG    - Match found for Nitish Kumar Reddy in Points at row 56
[2026-04-27 22:34:49] INFO     - No update needed for Nitish Kumar Reddy in Points as points are unchanged.
[2026-04-27 22:34:49] DEBUG    - ===============================================================
[2026-04-27 22:34:49] INFO     - Processing count= 53
[2026-04-27 22:34:49] INFO     - Processing player of MI : 'Naman Dhir' | 277 points | team: MI
[2026-04-27 22:34:49] DEBUG    - Match found for Naman Dhir in Points at row 57
[2026-04-27 22:34:49] INFO     - No update needed for Naman Dhir in Points as points are unchanged.
[2026-04-27 22:34:49] DEBUG    - ===============================================================
[2026-04-27 22:34:49] INFO     - Processing count= 54
[2026-04-27 22:34:49] INFO     - Processing player of KKR : 'Finn Allen' | 138 points | team: KKR
[2026-04-27 22:34:49] DEBUG    - Match found for Finn Allen in Points at row 58
[2026-04-27 22:34:49] INFO     - No update needed for Finn Allen in Points as points are unchanged.
[2026-04-27 22:34:49] DEBUG    - ===============================================================
[2026-04-27 22:34:49] INFO     - Processing count= 55
[2026-04-27 22:34:49] INFO     - Processing player of GT : 'Rahul Tewatia' | 99 points | team: GT
[2026-04-27 22:34:49] DEBUG    - Match found for Rahul Tewatia in Points at row 59
[2026-04-27 22:34:49] INFO     - No update needed for Rahul Tewatia in Points as points are unchanged.
[2026-04-27 22:34:49] DEBUG    - ===============================================================
[2026-04-27 22:34:49] INFO     - Processing count= 56
[2026-04-27 22:34:49] INFO     - Processing player of GT : 'Jason Holder' | 95 points | team: GT
[2026-04-27 22:34:49] DEBUG    - Match found for Jason Holder in Points at row 60
[2026-04-27 22:34:49] INFO     - No update needed for Jason Holder in Points as points are unchanged.
[2026-04-27 22:34:49] DEBUG    - ===============================================================
[2026-04-27 22:34:49] INFO     - Processing count= 57
[2026-04-27 22:34:49] INFO     - Processing player of CSK : 'Dewald Brevis' | 175 points | team: CSK
[2026-04-27 22:34:49] DEBUG    - Match found for Dewald Brevis in Points at row 61
[2026-04-27 22:34:49] INFO     - No update needed for Dewald Brevis in Points as points are unchanged.
[2026-04-27 22:34:49] DEBUG    - ===============================================================
[2026-04-27 22:34:49] INFO     - Processing count= 58
[2026-04-27 22:34:49] INFO     - Processing player of CSK : 'Noor Ahmad' | 251 points | team: CSK
[2026-04-27 22:34:49] DEBUG    - Match found for Noor Ahmad in Points at row 62
[2026-04-27 22:34:49] INFO     - No update needed for Noor Ahmad in Points as points are unchanged.
[2026-04-27 22:34:49] DEBUG    - ===============================================================
[2026-04-27 22:34:49] INFO     - Processing count= 59
[2026-04-27 22:34:49] INFO     - Processing player of DC : 'Auqib Nabi' | 5 points | team: DC
[2026-04-27 22:34:49] DEBUG    - Match found for Auqib Nabi in Points at row 63
[2026-04-27 22:34:49] INFO     - No update needed for Auqib Nabi in Points as points are unchanged.
[2026-04-27 22:34:49] DEBUG    - ===============================================================
[2026-04-27 22:34:49] INFO     - Processing count= 60
[2026-04-27 22:34:49] INFO     - Processing player of GT : 'Jos Buttler' | 507 points | team: GT
[2026-04-27 22:34:49] DEBUG    - Match found for Jos Buttler in Points at row 64
[2026-04-27 22:34:49] INFO     - No update needed for Jos Buttler in Points as points are unchanged.
[2026-04-27 22:34:49] DEBUG    - ===============================================================
[2026-04-27 22:34:49] INFO     - Processing count= 61
[2026-04-27 22:34:49] INFO     - Processing player of GT : 'Prasidh Krishna' | 334 points | team: GT
[2026-04-27 22:34:49] DEBUG    - Match found for Prasidh Krishna in Points at row 65
[2026-04-27 22:34:49] INFO     - No update needed for Prasidh Krishna in Points as points are unchanged.
[2026-04-27 22:34:49] DEBUG    - ===============================================================
[2026-04-27 22:34:49] INFO     - Processing count= 62
[2026-04-27 22:34:49] INFO     - Processing player of KKR : 'Vaibhav Arora' | 266 points | team: KKR
[2026-04-27 22:34:49] DEBUG    - Match found for Vaibhav Arora in Points at row 66
[2026-04-27 22:34:49] INFO     - No update needed for Vaibhav Arora in Points as points are unchanged.
[2026-04-27 22:34:49] DEBUG    - ===============================================================
[2026-04-27 22:34:49] INFO     - Processing count= 63
[2026-04-27 22:34:49] INFO     - Processing player of LSG : 'Aiden Markram' | 338 points | team: LSG
[2026-04-27 22:34:49] DEBUG    - Match found for Aiden Markram in Points at row 67
[2026-04-27 22:34:49] INFO     - No update needed for Aiden Markram in Points as points are unchanged.
[2026-04-27 22:34:49] DEBUG    - ===============================================================
[2026-04-27 22:34:49] INFO     - Processing count= 64
[2026-04-27 22:34:49] INFO     - 
Skipping Will Jacks as points is zero.
[2026-04-27 22:34:49] DEBUG    - ===============================================================
[2026-04-27 22:34:49] INFO     - Processing count= 65
[2026-04-27 22:34:49] INFO     - Processing player of PBSK : 'Nehal Wadhera' | 121 points | team: PBSK
[2026-04-27 22:34:49] DEBUG    - Match found for Nehal Wadhera in Points at row 69
[2026-04-27 22:34:49] INFO     - No update needed for Nehal Wadhera in Points as points are unchanged.
[2026-04-27 22:34:49] DEBUG    - ===============================================================
[2026-04-27 22:34:49] INFO     - Processing count= 66
[2026-04-27 22:34:49] INFO     - Processing player of PBSK : 'Shreyas Iyer' | 450 points | team: PBSK
[2026-04-27 22:34:49] DEBUG    - Match found for Shreyas Iyer in Points at row 70
[2026-04-27 22:34:49] INFO     - No update needed for Shreyas Iyer in Points as points are unchanged.
[2026-04-27 22:34:49] DEBUG    - ===============================================================
[2026-04-27 22:34:49] INFO     - Processing count= 67
[2026-04-27 22:34:49] INFO     - Processing player of RCB : 'Devdutt Padikkal' | 458 points | team: RCB
[2026-04-27 22:34:49] DEBUG    - Match found for Devdutt Padikkal in Points at row 71
[2026-04-27 22:34:50] INFO     - Points gained for Devdutt Padikkal in Points: 73 (Points: 458, Dot Balls: 0, Previous Total: 385)
[2026-04-27 22:34:50] INFO     - Data updated successfully for Devdutt Padikkal in Points - 458 points and 0 dot balls!
[2026-04-27 22:34:50] DEBUG    - Sleeping 4s before next update.
[2026-04-27 22:34:54] DEBUG    - ===============================================================
[2026-04-27 22:34:54] INFO     - Processing count= 68
[2026-04-27 22:34:54] INFO     - Processing player of RCB : 'Virat Kohli' | 544 points | team: RCB
[2026-04-27 22:34:54] DEBUG    - Match found for Virat Kohli in Points at row 72
[2026-04-27 22:34:55] INFO     - Points gained for Virat Kohli in Points: 36 (Points: 544, Dot Balls: 0, Previous Total: 508)
[2026-04-27 22:34:55] INFO     - Data updated successfully for Virat Kohli in Points - 544 points and 0 dot balls!
[2026-04-27 22:34:55] DEBUG    - Sleeping 4s before next update.
[2026-04-27 22:34:59] DEBUG    - ===============================================================
[2026-04-27 22:34:59] INFO     - Processing count= 69
[2026-04-27 22:34:59] INFO     - Processing player of RR : 'Riyan Parag' | 216 points | team: RR
[2026-04-27 22:34:59] DEBUG    - Match found for Riyan Parag in Points at row 73
[2026-04-27 22:34:59] INFO     - No update needed for Riyan Parag in Points as points are unchanged.
[2026-04-27 22:34:59] DEBUG    - ===============================================================
[2026-04-27 22:34:59] INFO     - Processing count= 70
[2026-04-27 22:34:59] INFO     - Processing player of SRH : 'Harshal Patel' | 9 points | team: SRH
[2026-04-27 22:34:59] DEBUG    - Match found for Harshal Patel in Points at row 74
[2026-04-27 22:34:59] INFO     - No update needed for Harshal Patel in Points as points are unchanged.
[2026-04-27 22:34:59] DEBUG    - ===============================================================
[2026-04-27 22:34:59] INFO     - Processing count= 71
[2026-04-27 22:34:59] INFO     - Processing player of SRH : 'Heinrich Klaasen' | 552 points | team: SRH
[2026-04-27 22:34:59] DEBUG    - Match found for Heinrich Klaasen in Points at row 75
[2026-04-27 22:34:59] INFO     - No update needed for Heinrich Klaasen in Points as points are unchanged.
[2026-04-27 22:34:59] DEBUG    - ===============================================================
[2026-04-27 22:34:59] INFO     - Processing count= 72
[2026-04-27 22:34:59] INFO     - Processing player of DC : 'Nitish Rana' | 286 points | team: DC
[2026-04-27 22:34:59] DEBUG    - Match found for Nitish Rana in Points at row 76
[2026-04-27 22:35:00] INFO     - Points gained for Nitish Rana in Points: 5 (Points: 286, Dot Balls: 7, Previous Total: 288)
[2026-04-27 22:35:00] INFO     - Data updated successfully for Nitish Rana in Points - 286 points and 7 dot balls!
[2026-04-27 22:35:00] DEBUG    - Sleeping 4s before next update.
[2026-04-27 22:35:04] DEBUG    - ===============================================================
[2026-04-27 22:35:04] INFO     - Processing count= 73
[2026-04-27 22:35:04] INFO     - Processing player of MI : 'Trent Boult' | 40 points | team: MI
[2026-04-27 22:35:04] DEBUG    - Match found for Trent Boult in Points at row 77
[2026-04-27 22:35:04] INFO     - No update needed for Trent Boult in Points as points are unchanged.
[2026-04-27 22:35:04] DEBUG    - ===============================================================
[2026-04-27 22:35:04] INFO     - Processing count= 74
[2026-04-27 22:35:04] INFO     - Processing player of RCB : 'Venkatesh Iyer' | 44 points | team: RCB
[2026-04-27 22:35:04] DEBUG    - Match found for Venkatesh Iyer in Points at row 78
[2026-04-27 22:35:04] INFO     - No update needed for Venkatesh Iyer in Points as points are unchanged.
[2026-04-27 22:35:04] DEBUG    - ===============================================================
[2026-04-27 22:35:04] INFO     - Processing count= 75
[2026-04-27 22:35:04] INFO     - 
Skipping Yash Dayal as points is zero.
[2026-04-27 22:35:04] DEBUG    - ===============================================================
[2026-04-27 22:35:04] INFO     - Processing count= 76
[2026-04-27 22:35:04] INFO     - Processing player of MI : 'Shardul Thakur' | 165 points | team: MI
[2026-04-27 22:35:04] DEBUG    - Match found for Shardul Thakur in Points at row 80
[2026-04-27 22:35:04] INFO     - No update needed for Shardul Thakur in Points as points are unchanged.
[2026-04-27 22:35:04] DEBUG    - ===============================================================
[2026-04-27 22:35:04] INFO     - Processing count= 77
[2026-04-27 22:35:04] INFO     - Processing player of CSK : 'Rahul Chahar' | 8 points | team: CSK
[2026-04-27 22:35:04] DEBUG    - Match found for Rahul Chahar in Points at row 81
[2026-04-27 22:35:04] INFO     - No update needed for Rahul Chahar in Points as points are unchanged.
[2026-04-27 22:35:04] DEBUG    - ===============================================================
[2026-04-27 22:35:04] INFO     - Processing count= 78
[2026-04-27 22:35:04] INFO     - Processing player of CSK : 'Khaleel Ahmed' | 70 points | team: CSK
[2026-04-27 22:35:04] DEBUG    - Match found for Khaleel Ahmed in Points at row 82
[2026-04-27 22:35:04] INFO     - No update needed for Khaleel Ahmed in Points as points are unchanged.
[2026-04-27 22:35:04] DEBUG    - ===============================================================
[2026-04-27 22:35:04] INFO     - Processing count= 79
[2026-04-27 22:35:04] INFO     - Processing player of DC : 'Tristan Stubbs' | 320 points | team: DC
[2026-04-27 22:35:04] DEBUG    - Match found for Tristan Stubbs in Points at row 83
[2026-04-27 22:35:05] INFO     - Points gained for Tristan Stubbs in Points: 10 (Points: 320, Dot Balls: 0, Previous Total: 310)
[2026-04-27 22:35:05] INFO     - Data updated successfully for Tristan Stubbs in Points - 320 points and 0 dot balls!
[2026-04-27 22:35:05] DEBUG    - Sleeping 4s before next update.
[2026-04-27 22:35:09] DEBUG    - ===============================================================
[2026-04-27 22:35:09] INFO     - Processing count= 80
[2026-04-27 22:35:09] INFO     - Processing player of DC : 'Kuldeep Yadav' | 244 points | team: DC
[2026-04-27 22:35:09] DEBUG    - Match found for Kuldeep Yadav in Points at row 84
[2026-04-27 22:35:10] INFO     - Points gained for Kuldeep Yadav in Points: 7 (Points: 244, Dot Balls: 35, Previous Total: 272)
[2026-04-27 22:35:10] INFO     - Data updated successfully for Kuldeep Yadav in Points - 244 points and 35 dot balls!
[2026-04-27 22:35:10] DEBUG    - Sleeping 4s before next update.
[2026-04-27 22:35:14] DEBUG    - ===============================================================
[2026-04-27 22:35:14] INFO     - Processing count= 81
[2026-04-27 22:35:14] INFO     - Processing player of GT : 'Shubman Gill' | 518 points | team: GT
[2026-04-27 22:35:14] DEBUG    - Match found for Shubman Gill in Points at row 85
[2026-04-27 22:35:14] INFO     - No update needed for Shubman Gill in Points as points are unchanged.
[2026-04-27 22:35:14] DEBUG    - ===============================================================
[2026-04-27 22:35:14] INFO     - Processing count= 82
[2026-04-27 22:35:14] INFO     - Processing player of GT : 'Mohammed Siraj' | 260 points | team: GT
[2026-04-27 22:35:14] DEBUG    - Match found for Mohammed Siraj in Points at row 86
[2026-04-27 22:35:14] INFO     - No update needed for Mohammed Siraj in Points as points are unchanged.
[2026-04-27 22:35:14] DEBUG    - ===============================================================
[2026-04-27 22:35:14] INFO     - Processing count= 83
[2026-04-27 22:35:14] INFO     - Processing player of KKR : 'Angkrish Raghuvanshi' | 327 points | team: KKR
[2026-04-27 22:35:14] DEBUG    - Match found for Angkrish Raghuvanshi in Points at row 87
[2026-04-27 22:35:14] INFO     - No update needed for Angkrish Raghuvanshi in Points as points are unchanged.
[2026-04-27 22:35:14] DEBUG    - ===============================================================
[2026-04-27 22:35:14] INFO     - Processing count= 84
[2026-04-27 22:35:14] INFO     - Processing player of LSG : 'Mitchell Marsh' | 334 points | team: LSG
[2026-04-27 22:35:14] DEBUG    - Match found for Mitchell Marsh in Points at row 88
[2026-04-27 22:35:14] INFO     - No update needed for Mitchell Marsh in Points as points are unchanged.
[2026-04-27 22:35:14] DEBUG    - ===============================================================
[2026-04-27 22:35:14] INFO     - Processing count= 85
[2026-04-27 22:35:14] INFO     - Processing player of LSG : 'Nicholas Pooran' | 163 points | team: LSG
[2026-04-27 22:35:14] DEBUG    - Match found for Nicholas Pooran in Points at row 89
[2026-04-27 22:35:14] INFO     - No update needed for Nicholas Pooran in Points as points are unchanged.
[2026-04-27 22:35:14] DEBUG    - ===============================================================
[2026-04-27 22:35:14] INFO     - Processing count= 86
[2026-04-27 22:35:14] INFO     - Processing player of PBSK : 'Marcus Stoinis' | 104 points | team: PBSK
[2026-04-27 22:35:14] DEBUG    - Match found for Marcus Stoinis in Points at row 90
[2026-04-27 22:35:14] INFO     - No update needed for Marcus Stoinis in Points as points are unchanged.
[2026-04-27 22:35:14] DEBUG    - ===============================================================
[2026-04-27 22:35:14] INFO     - Processing count= 87
[2026-04-27 22:35:14] INFO     - Processing player of PBSK : 'Prabhsimran Singh' | 476 points | team: PBSK
[2026-04-27 22:35:14] DEBUG    - Match found for Prabhsimran Singh in Points at row 91
[2026-04-27 22:35:14] INFO     - No update needed for Prabhsimran Singh in Points as points are unchanged.
[2026-04-27 22:35:14] DEBUG    - ===============================================================
[2026-04-27 22:35:14] INFO     - Processing count= 88
[2026-04-27 22:35:14] INFO     - Processing player of PBSK : 'Shashank Singh' | 203 points | team: PBSK
[2026-04-27 22:35:14] DEBUG    - Match found for Shashank Singh in Points at row 92
[2026-04-27 22:35:14] INFO     - No update needed for Shashank Singh in Points as points are unchanged.
[2026-04-27 22:35:14] DEBUG    - ===============================================================
[2026-04-27 22:35:14] INFO     - Processing count= 89
[2026-04-27 22:35:14] INFO     - Processing player of RCB : 'Jitesh Sharma' | 197 points | team: RCB
[2026-04-27 22:35:14] DEBUG    - Match found for Jitesh Sharma in Points at row 93
[2026-04-27 22:35:14] INFO     - Points gained for Jitesh Sharma in Points: 40 (Points: 197, Dot Balls: 0, Previous Total: 157)
[2026-04-27 22:35:14] INFO     - Data updated successfully for Jitesh Sharma in Points - 197 points and 0 dot balls!
[2026-04-27 22:35:14] DEBUG    - Sleeping 4s before next update.
[2026-04-27 22:35:18] DEBUG    - ===============================================================
[2026-04-27 22:35:18] INFO     - Processing count= 90
[2026-04-27 22:35:18] INFO     - Processing player of RR : 'Jofra Archer' | 461 points | team: RR
[2026-04-27 22:35:18] DEBUG    - Match found for Jofra Archer in Points at row 94
[2026-04-27 22:35:18] INFO     - No update needed for Jofra Archer in Points as points are unchanged.
[2026-04-27 22:35:18] DEBUG    - ===============================================================
[2026-04-27 22:35:18] INFO     - Processing count= 91
[2026-04-27 22:35:18] INFO     - Processing player of RR : 'Ravindra Jadeja' | 371 points | team: RR
[2026-04-27 22:35:18] DEBUG    - Match found for Ravindra Jadeja in Points at row 95
[2026-04-27 22:35:18] INFO     - No update needed for Ravindra Jadeja in Points as points are unchanged.
[2026-04-27 22:35:18] DEBUG    - ===============================================================
[2026-04-27 22:35:18] INFO     - Processing count= 92
[2026-04-27 22:35:18] INFO     - Processing player of LSG : 'Mohammad Shami' | 262 points | team: LSG
[2026-04-27 22:35:18] DEBUG    - Match found for Mohammad Shami in Points at row 96
[2026-04-27 22:35:18] INFO     - No update needed for Mohammad Shami in Points as points are unchanged.
[2026-04-27 22:35:18] DEBUG    - ===============================================================
[2026-04-27 22:35:18] INFO     - Processing count= 93
[2026-04-27 22:35:18] INFO     - Processing player of GT : 'Kagiso Rabada' | 445 points | team: GT
[2026-04-27 22:35:18] DEBUG    - Match found for Kagiso Rabada in Points at row 97
[2026-04-27 22:35:18] INFO     - No update needed for Kagiso Rabada in Points as points are unchanged.
[2026-04-27 22:35:18] DEBUG    - ===============================================================
[2026-04-27 22:35:18] INFO     - Processing count= 94
[2026-04-27 22:35:18] INFO     - Processing player of KKR : 'Rinku Singh' | 393 points | team: KKR
[2026-04-27 22:35:18] DEBUG    - Match found for Rinku Singh in Points at row 98
[2026-04-27 22:35:18] INFO     - No update needed for Rinku Singh in Points as points are unchanged.
[2026-04-27 22:35:18] DEBUG    - ===============================================================
[2026-04-27 22:35:18] INFO     - Processing count= 95
[2026-04-27 22:35:18] INFO     - Processing player of CSK : 'Kartik Sharma' | 89 points | team: CSK
[2026-04-27 22:35:18] DEBUG    - Match found for Kartik Sharma in Points at row 99
[2026-04-27 22:35:18] INFO     - No update needed for Kartik Sharma in Points as points are unchanged.
[2026-04-27 22:35:18] DEBUG    - ===============================================================
[2026-04-27 22:35:18] INFO     - Processing count= 96
[2026-04-27 22:35:18] INFO     - Processing player of DC : 'Ashutosh Sharma' | 56 points | team: DC
[2026-04-27 22:35:18] DEBUG    - Match found for Ashutosh Sharma in Points at row 100
[2026-04-27 22:35:18] INFO     - No update needed for Ashutosh Sharma in Points as points are unchanged.
[2026-04-27 22:35:18] DEBUG    - ===============================================================
[2026-04-27 22:35:18] INFO     - Processing count= 97
[2026-04-27 22:35:18] INFO     - Processing player of MI : 'Corbin Bosch' | 36 points | team: MI
[2026-04-27 22:35:18] DEBUG    - Match found for Corbin Bosch in Points at row 101
[2026-04-27 22:35:18] INFO     - No update needed for Corbin Bosch in Points as points are unchanged.
[2026-04-27 22:35:18] DEBUG    - ===============================================================
[2026-04-27 22:35:18] INFO     - Processing count= 98
[2026-04-27 22:35:18] INFO     - Processing player of RCB : 'Tim David' | 297 points | team: RCB
[2026-04-27 22:35:18] DEBUG    - Match found for Tim David in Points at row 102
[2026-04-27 22:35:19] INFO     - Points gained for Tim David in Points: 4 (Points: 297, Dot Balls: 1, Previous Total: 294)
[2026-04-27 22:35:19] INFO     - Data updated successfully for Tim David in Points - 297 points and 1 dot balls!
[2026-04-27 22:35:19] DEBUG    - Sleeping 4s before next update.
[2026-04-27 22:35:23] DEBUG    - ===============================================================
[2026-04-27 22:35:23] INFO     - Processing count= 99
[2026-04-27 22:35:23] INFO     - Processing player of PBSK : 'Cooper Connolly' | 378 points | team: PBSK
[2026-04-27 22:35:23] DEBUG    - Match found for Cooper Connolly in Points at row 103
[2026-04-27 22:35:23] INFO     - No update needed for Cooper Connolly in Points as points are unchanged.
[2026-04-27 22:35:23] DEBUG    - ===============================================================
[2026-04-27 22:35:23] INFO     - Processing count= 100
[2026-04-27 22:35:23] INFO     - Processing player of SRH : 'Liam Livingstone' | 57 points | team: SRH
[2026-04-27 22:35:23] DEBUG    - Match found for Liam Livingstone in Points at row 104
[2026-04-27 22:35:23] INFO     - No update needed for Liam Livingstone in Points as points are unchanged.
[2026-04-27 22:35:23] DEBUG    - ===============================================================
[2026-04-27 22:35:23] INFO     - Processing count= 101
[2026-04-27 22:35:23] INFO     - Processing player of PBSK : 'Vijaykumar Vyshak' | 176 points | team: PBSK
[2026-04-27 22:35:23] DEBUG    - Match found for Vijaykumar Vyshak in Points at row 105
[2026-04-27 22:35:23] INFO     - No update needed for Vijaykumar Vyshak in Points as points are unchanged.
[2026-04-27 22:35:23] DEBUG    - ===============================================================
[2026-04-27 22:35:23] INFO     - Processing count= 102
[2026-04-27 22:35:23] INFO     - Processing player of RCB : 'Suyash Sharma' | 202 points | team: RCB
[2026-04-27 22:35:23] DEBUG    - Match found for Suyash Sharma in Points at row 106
[2026-04-27 22:35:24] INFO     - Points gained for Suyash Sharma in Points: 75 (Points: 202, Dot Balls: 56, Previous Total: 183)
[2026-04-27 22:35:24] INFO     - Data updated successfully for Suyash Sharma in Points - 202 points and 56 dot balls!
[2026-04-27 22:35:24] DEBUG    - Sleeping 4s before next update.
[2026-04-27 22:35:28] DEBUG    - ===============================================================
[2026-04-27 22:35:28] INFO     - Processing count= 103
[2026-04-27 22:35:28] INFO     - Processing player of DC : 'David Miller' | 217 points | team: DC
[2026-04-27 22:35:28] DEBUG    - Match found for David Miller in Points at row 107
[2026-04-27 22:35:29] INFO     - Points gained for David Miller in Points: 26 (Points: 217, Dot Balls: 0, Previous Total: 191)
[2026-04-27 22:35:29] INFO     - Data updated successfully for David Miller in Points - 217 points and 0 dot balls!
[2026-04-27 22:35:29] DEBUG    - Sleeping 4s before next update.
[2026-04-27 22:35:33] INFO     - Total players processed for team 'CSK': 10
[2026-04-27 22:35:33] INFO     - Total players processed for team 'GT': 10
[2026-04-27 22:35:33] INFO     - Total players processed for team 'LSG': 8
[2026-04-27 22:35:33] INFO     - Total players processed for team 'MI': 10
[2026-04-27 22:35:33] INFO     - Total players processed for team 'PBSK': 11
[2026-04-27 22:35:33] INFO     - Total players processed for team 'RCB': 13
[2026-04-27 22:35:33] INFO     - Total players processed for team 'RR': 8
[2026-04-27 22:35:33] INFO     - Total players processed for team 'SRH': 8
[2026-04-27 22:35:33] INFO     - Total players processed for team 'KKR': 8
[2026-04-27 22:35:33] INFO     - Total players processed for team 'DC': 9
[2026-04-27 22:35:33] DEBUG    - ===============================================================
[2026-04-27 22:35:33] WARNING  - Player not updated: Shivam Dube | Reason: Points unchanged
[2026-04-27 22:35:33] WARNING  - Player not updated: Sanju Samson | Reason: Points unchanged
[2026-04-27 22:35:33] WARNING  - Player not updated: Sai Sudharsan | Reason: Points unchanged
[2026-04-27 22:35:33] WARNING  - Player not updated: Mohsin Khan | Reason: Points unchanged
[2026-04-27 22:35:33] WARNING  - Player not updated: Tilak Varma | Reason: Points unchanged
[2026-04-27 22:35:33] WARNING  - Player not updated: Quinton de Kock | Reason: Points unchanged
[2026-04-27 22:35:33] WARNING  - Player not updated: Jasprit Bumrah | Reason: Points unchanged
[2026-04-27 22:35:33] WARNING  - Player not updated: Harpreet Brar | Reason: Points is zero
[2026-04-27 22:35:33] WARNING  - Player not updated: Yuzvendra Chahal | Reason: Points unchanged
[2026-04-27 22:35:33] WARNING  - Player not updated: Vaibhav Sooryavanshi | Reason: Points unchanged
[2026-04-27 22:35:33] WARNING  - Player not updated: Ravi Bishnoi | Reason: Points unchanged
[2026-04-27 22:35:33] WARNING  - Player not updated: Abhishek Sharma | Reason: Points unchanged
[2026-04-27 22:35:33] WARNING  - Player not updated: Ishan Kishan | Reason: Points unchanged
[2026-04-27 22:35:33] WARNING  - Player not updated: Pat Cummins | Reason: Points unchanged
[2026-04-27 22:35:33] WARNING  - Player not updated: Matheesha Pathirana | Reason: Points is zero
[2026-04-27 22:35:33] WARNING  - Player not updated: Nathan Ellis | Reason: Points is zero
[2026-04-27 22:35:33] WARNING  - Player not updated: Yudhvir Singh | Reason: Points is zero
[2026-04-27 22:35:33] WARNING  - Player not updated: Ayush Mhatre | Reason: Points unchanged
[2026-04-27 22:35:33] WARNING  - Player not updated: MS Dhoni | Reason: Points is zero
[2026-04-27 22:35:33] WARNING  - Player not updated: Mitchell Starc | Reason: Points is zero
[2026-04-27 22:35:33] WARNING  - Player not updated: Glenn Phillips | Reason: Points unchanged
[2026-04-27 22:35:33] WARNING  - Player not updated: Sunil Narine | Reason: Points unchanged
[2026-04-27 22:35:33] WARNING  - Player not updated: Ajinkya Rahane | Reason: Points unchanged
[2026-04-27 22:35:33] WARNING  - Player not updated: Ayush Badoni | Reason: Points unchanged
[2026-04-27 22:35:33] WARNING  - Player not updated: Hardik Pandya | Reason: Points unchanged
[2026-04-27 22:35:33] WARNING  - Player not updated: Suryakumar Yadav | Reason: Points unchanged
[2026-04-27 22:35:33] WARNING  - Player not updated: Rohit Sharma | Reason: Points unchanged
[2026-04-27 22:35:33] WARNING  - Player not updated: Priyansh Arya | Reason: Points unchanged
[2026-04-27 22:35:33] WARNING  - Player not updated: Phil Salt | Reason: Points unchanged
[2026-04-27 22:35:33] WARNING  - Player not updated: Shimron Hetmyer | Reason: Points unchanged
[2026-04-27 22:35:33] WARNING  - Player not updated: Sandeep Sharma | Reason: Points unchanged
[2026-04-27 22:35:33] WARNING  - Player not updated: Marco Jansen | Reason: Points unchanged
[2026-04-27 22:35:33] WARNING  - Player not updated: Prashant Veer | Reason: Points unchanged
[2026-04-27 22:35:33] WARNING  - Player not updated: Ruturaj Gaikwad | Reason: Points unchanged
[2026-04-27 22:35:33] WARNING  - Player not updated: Rashid Khan | Reason: Points unchanged
[2026-04-27 22:35:33] WARNING  - Player not updated: Cameron Green | Reason: Points unchanged
[2026-04-27 22:35:33] WARNING  - Player not updated: Varun Chakaravarthy | Reason: Points unchanged
[2026-04-27 22:35:33] WARNING  - Player not updated: Digvesh Singh | Reason: Points unchanged
[2026-04-27 22:35:33] WARNING  - Player not updated: Rishabh Pant | Reason: Points unchanged
[2026-04-27 22:35:33] WARNING  - Player not updated: Arshdeep Singh | Reason: Points unchanged
[2026-04-27 22:35:33] WARNING  - Player not updated: Yashasvi Jaiswal | Reason: Points unchanged
[2026-04-27 22:35:33] WARNING  - Player not updated: Travis Head | Reason: Points unchanged
[2026-04-27 22:35:33] WARNING  - Player not updated: Nitish Kumar Reddy | Reason: Points unchanged
[2026-04-27 22:35:33] WARNING  - Player not updated: Naman Dhir | Reason: Points unchanged
[2026-04-27 22:35:33] WARNING  - Player not updated: Finn Allen | Reason: Points unchanged
[2026-04-27 22:35:33] WARNING  - Player not updated: Rahul Tewatia | Reason: Points unchanged
[2026-04-27 22:35:33] WARNING  - Player not updated: Jason Holder | Reason: Points unchanged
[2026-04-27 22:35:33] WARNING  - Player not updated: Dewald Brevis | Reason: Points unchanged
[2026-04-27 22:35:33] WARNING  - Player not updated: Noor Ahmad | Reason: Points unchanged
[2026-04-27 22:35:33] WARNING  - Player not updated: Auqib Nabi | Reason: Points unchanged
[2026-04-27 22:35:33] WARNING  - Player not updated: Jos Buttler | Reason: Points unchanged
[2026-04-27 22:35:33] WARNING  - Player not updated: Prasidh Krishna | Reason: Points unchanged
[2026-04-27 22:35:33] WARNING  - Player not updated: Vaibhav Arora | Reason: Points unchanged
[2026-04-27 22:35:33] WARNING  - Player not updated: Aiden Markram | Reason: Points unchanged
[2026-04-27 22:35:33] WARNING  - Player not updated: Will Jacks | Reason: Points is zero
[2026-04-27 22:35:33] WARNING  - Player not updated: Nehal Wadhera | Reason: Points unchanged
[2026-04-27 22:35:33] WARNING  - Player not updated: Shreyas Iyer | Reason: Points unchanged
[2026-04-27 22:35:33] WARNING  - Player not updated: Riyan Parag | Reason: Points unchanged
[2026-04-27 22:35:33] WARNING  - Player not updated: Harshal Patel | Reason: Points unchanged
[2026-04-27 22:35:33] WARNING  - Player not updated: Heinrich Klaasen | Reason: Points unchanged
[2026-04-27 22:35:33] WARNING  - Player not updated: Trent Boult | Reason: Points unchanged
[2026-04-27 22:35:33] WARNING  - Player not updated: Venkatesh Iyer | Reason: Points unchanged
[2026-04-27 22:35:33] WARNING  - Player not updated: Yash Dayal | Reason: Points is zero
[2026-04-27 22:35:33] WARNING  - Player not updated: Shardul Thakur | Reason: Points unchanged
[2026-04-27 22:35:33] WARNING  - Player not updated: Rahul Chahar | Reason: Points unchanged
[2026-04-27 22:35:33] WARNING  - Player not updated: Khaleel Ahmed | Reason: Points unchanged
[2026-04-27 22:35:33] WARNING  - Player not updated: Shubman Gill | Reason: Points unchanged
[2026-04-27 22:35:33] WARNING  - Player not updated: Mohammed Siraj | Reason: Points unchanged
[2026-04-27 22:35:33] WARNING  - Player not updated: Angkrish Raghuvanshi | Reason: Points unchanged
[2026-04-27 22:35:33] WARNING  - Player not updated: Mitchell Marsh | Reason: Points unchanged
[2026-04-27 22:35:33] WARNING  - Player not updated: Nicholas Pooran | Reason: Points unchanged
[2026-04-27 22:35:33] WARNING  - Player not updated: Marcus Stoinis | Reason: Points unchanged
[2026-04-27 22:35:33] WARNING  - Player not updated: Prabhsimran Singh | Reason: Points unchanged
[2026-04-27 22:35:33] WARNING  - Player not updated: Shashank Singh | Reason: Points unchanged
[2026-04-27 22:35:33] WARNING  - Player not updated: Jofra Archer | Reason: Points unchanged
[2026-04-27 22:35:33] WARNING  - Player not updated: Ravindra Jadeja | Reason: Points unchanged
[2026-04-27 22:35:33] WARNING  - Player not updated: Mohammad Shami | Reason: Points unchanged
[2026-04-27 22:35:33] WARNING  - Player not updated: Kagiso Rabada | Reason: Points unchanged
[2026-04-27 22:35:33] WARNING  - Player not updated: Rinku Singh | Reason: Points unchanged
[2026-04-27 22:35:33] WARNING  - Player not updated: Kartik Sharma | Reason: Points unchanged
[2026-04-27 22:35:33] WARNING  - Player not updated: Ashutosh Sharma | Reason: Points unchanged
[2026-04-27 22:35:33] WARNING  - Player not updated: Corbin Bosch | Reason: Points unchanged
[2026-04-27 22:35:33] WARNING  - Player not updated: Cooper Connolly | Reason: Points unchanged
[2026-04-27 22:35:33] WARNING  - Player not updated: Liam Livingstone | Reason: Points unchanged
[2026-04-27 22:35:33] WARNING  - Player not updated: Vijaykumar Vyshak | Reason: Points unchanged
[2026-04-27 22:35:33] DEBUG    - ===============================================================
[2026-04-27 22:35:51] INFO     - Worksheets opened: ['Home', 'Data']
[2026-04-27 22:35:51] INFO     - Points Gained Today fetched: {'HW': 17, 'MC': 253, 'OL': 54, 'AS': 2, 'PA': 109}
[2026-04-27 22:35:52] INFO     - Writing to column 16 (27/04)
[2026-04-27 22:35:52] DEBUG    -   HW → P2 = 17
[2026-04-27 22:35:52] DEBUG    -   MC → P3 = 253
[2026-04-27 22:35:52] DEBUG    -   OL → P4 = 54
[2026-04-27 22:35:52] DEBUG    -   AS → P5 = 2
[2026-04-27 22:35:52] DEBUG    -   PA → P6 = 109
[2026-04-27 22:35:53] INFO     - Successfully updated 5 team(s) for 27/04.
[2026-04-27 22:35:53] INFO     - TOP 12 points fetched: {'AS': 4585, 'HW': 4582, 'PA': 4384, 'OL': 4174, 'MC': 3649}
[2026-04-27 22:35:54] INFO     - Column mapping: {'HW': 2, 'MC': 3, 'OL': 4, 'AS': 5, 'PA': 6}
[2026-04-27 22:35:54] INFO     - Today '27/04' found at row 39
[2026-04-27 22:35:54] DEBUG    -   AS → E39 = 4585
[2026-04-27 22:35:54] DEBUG    -   HW → B39 = 4582
[2026-04-27 22:35:54] DEBUG    -   PA → F39 = 4384
[2026-04-27 22:35:54] DEBUG    -   OL → D39 = 4174
[2026-04-27 22:35:54] DEBUG    -   MC → C39 = 3649
[2026-04-27 22:35:55] INFO     - Successfully updated 5 team(s) for '27/04' at row 39.
[2026-04-27 22:35:55] INFO     - ═════════════════════ All updates completed ═════════════════════
