[2026-04-30 23:24:54] INFO     - ═════════════════════ Process started ═════════════════════
[2026-04-30 23:24:55] INFO     - Excel loaded: 103 players, 103 bowlers from 'C:\Users\himan\Documents\UiPath\CrickInfo\Data\IPLPointsData.xlsx'
[2026-04-30 23:24:55] INFO     - Google Sheets authentication successful.
[2026-04-30 23:24:59] INFO     - Worksheets opened: ['Points', 'Home', 'Data']
[2026-04-30 23:25:02] INFO     - Updating previous points for all players before processing.
[2026-04-30 23:25:02] DEBUG    - ======================================================
[2026-04-30 23:25:05] DEBUG    - Updated previous points for 'Tilak Varma' at row 9: 328 → 341
[2026-04-30 23:25:05] DEBUG    - Sleeping 3s after updating previous points.
[2026-04-30 23:25:08] DEBUG    - Updated previous points for 'Jasprit Bumrah' at row 11: 169 → 173
[2026-04-30 23:25:08] DEBUG    - Sleeping 3s after updating previous points.
[2026-04-30 23:25:12] DEBUG    - Updated previous points for 'Abhishek Sharma' at row 17: 600 → 677
[2026-04-30 23:25:12] DEBUG    - Sleeping 3s after updating previous points.
[2026-04-30 23:25:15] DEBUG    - Updated previous points for 'Ishan Kishan' at row 18: 517 → 527
[2026-04-30 23:25:15] DEBUG    - Sleeping 3s after updating previous points.
[2026-04-30 23:25:19] DEBUG    - Updated previous points for 'Pat Cummins' at row 19: 51 → 60
[2026-04-30 23:25:19] DEBUG    - Sleeping 3s after updating previous points.
[2026-04-30 23:25:22] DEBUG    - Updated previous points for 'Hardik Pandya' at row 31: 258 → 339
[2026-04-30 23:25:22] DEBUG    - Sleeping 3s after updating previous points.
[2026-04-30 23:25:26] DEBUG    - Updated previous points for 'Suryakumar Yadav' at row 32: 242 → 260
[2026-04-30 23:25:26] DEBUG    - Sleeping 3s after updating previous points.
[2026-04-30 23:25:29] DEBUG    - Updated previous points for 'Marco Jansen' at row 40: 242 → 240
[2026-04-30 23:25:29] DEBUG    - Sleeping 3s after updating previous points.
[2026-04-30 23:25:33] DEBUG    - Updated previous points for 'Travis Head' at row 55: 280 → 394
[2026-04-30 23:25:33] DEBUG    - Sleeping 3s after updating previous points.
[2026-04-30 23:25:36] DEBUG    - Updated previous points for 'Nitish Kumar Reddy' at row 56: 481 → 530
[2026-04-30 23:25:36] DEBUG    - Sleeping 3s after updating previous points.
[2026-04-30 23:25:39] DEBUG    - Updated previous points for 'Naman Dhir' at row 57: 277 → 306
[2026-04-30 23:25:39] DEBUG    - Sleeping 3s after updating previous points.
[2026-04-30 23:25:43] DEBUG    - Updated previous points for 'Will Jacks' at row 68: 0 → 80
[2026-04-30 23:25:43] DEBUG    - Sleeping 3s after updating previous points.
[2026-04-30 23:25:46] DEBUG    - Updated previous points for 'Heinrich Klaasen' at row 75: 552 → 666
[2026-04-30 23:25:46] DEBUG    - Sleeping 3s after updating previous points.
[2026-04-30 23:25:50] DEBUG    - Updated previous points for 'Trent Boult' at row 77: 52 → 95
[2026-04-30 23:25:50] DEBUG    - Sleeping 3s after updating previous points.
[2026-04-30 23:25:53] DEBUG    - Updated previous points for 'Shardul Thakur' at row 80: 182 → 186
[2026-04-30 23:25:53] DEBUG    - Sleeping 3s after updating previous points.
[2026-04-30 23:25:53] DEBUG    - ======================================================
[2026-04-30 23:26:04] DEBUG    - ===============================================================
[2026-04-30 23:26:04] INFO     - Pausing 5s before before next steps.
[2026-04-30 23:26:04] DEBUG    - ===============================================================
[2026-04-30 23:26:12] DEBUG    - ===============================================================
[2026-04-30 23:26:12] DEBUG    - ===============================================================
[2026-04-30 23:26:12] INFO     - Processing count= 1
[2026-04-30 23:26:12] INFO     - Processing player of CSK : 'Shivam Dube' | 269 points | team: CSK
[2026-04-30 23:26:12] DEBUG    - Match found for Shivam Dube in Points at row 5
[2026-04-30 23:26:12] INFO     - No update needed for Shivam Dube in Points as points are unchanged.
[2026-04-30 23:26:12] DEBUG    - ===============================================================
[2026-04-30 23:26:12] INFO     - Processing count= 2
[2026-04-30 23:26:12] INFO     - Processing player of CSK : 'Sanju Samson' | 487 points | team: CSK
[2026-04-30 23:26:12] DEBUG    - Match found for Sanju Samson in Points at row 6
[2026-04-30 23:26:12] INFO     - No update needed for Sanju Samson in Points as points are unchanged.
[2026-04-30 23:26:12] DEBUG    - ===============================================================
[2026-04-30 23:26:12] INFO     - Processing count= 3
[2026-04-30 23:26:12] INFO     - Processing player of GT : 'Sai Sudharsan' | 515 points | team: GT
[2026-04-30 23:26:12] DEBUG    - Match found for Sai Sudharsan in Points at row 7
[2026-04-30 23:26:13] INFO     - Points gained for Sai Sudharsan in Points: 27 (Points: 515, Dot Balls: 0, Previous Total: 488)
[2026-04-30 23:26:13] INFO     - Data updated successfully for Sai Sudharsan in Points - 515 points and 0 dot balls!
[2026-04-30 23:26:13] DEBUG    - Sleeping 3s before next update.
[2026-04-30 23:26:16] DEBUG    - ===============================================================
[2026-04-30 23:26:16] INFO     - Processing count= 4
[2026-04-30 23:26:16] INFO     - Processing player of LSG : 'Mohsin Khan' | 323 points | team: LSG
[2026-04-30 23:26:16] DEBUG    - Match found for Mohsin Khan in Points at row 8
[2026-04-30 23:26:16] INFO     - No update needed for Mohsin Khan in Points as points are unchanged.
[2026-04-30 23:26:16] DEBUG    - ===============================================================
[2026-04-30 23:26:16] INFO     - Processing count= 5
[2026-04-30 23:26:16] INFO     - Processing player of MI : 'Tilak Varma' | 341 points | team: MI
[2026-04-30 23:26:16] DEBUG    - Match found for Tilak Varma in Points at row 9
[2026-04-30 23:26:16] INFO     - No update needed for Tilak Varma in Points as points are unchanged.
[2026-04-30 23:26:16] DEBUG    - ===============================================================
[2026-04-30 23:26:16] INFO     - Processing count= 6
[2026-04-30 23:26:16] INFO     - Processing player of MI : 'Quinton de Kock' | 221 points | team: MI
[2026-04-30 23:26:16] DEBUG    - Match found for Quinton de Kock in Points at row 10
[2026-04-30 23:26:16] INFO     - No update needed for Quinton de Kock in Points as points are unchanged.
[2026-04-30 23:26:16] DEBUG    - ===============================================================
[2026-04-30 23:26:16] INFO     - Processing count= 7
[2026-04-30 23:26:16] INFO     - Processing player of MI : 'Jasprit Bumrah' | 108 points | team: MI
[2026-04-30 23:26:16] DEBUG    - Match found for Jasprit Bumrah in Points at row 11
[2026-04-30 23:26:16] INFO     - No update needed for Jasprit Bumrah in Points as points are unchanged.
[2026-04-30 23:26:16] DEBUG    - ===============================================================
[2026-04-30 23:26:16] INFO     - Processing count= 8
[2026-04-30 23:26:16] INFO     - Processing player of PBSK : 'Harpreet Brar' | 6 points | team: PBSK
[2026-04-30 23:26:16] DEBUG    - Match found for Harpreet Brar in Points at row 12
[2026-04-30 23:26:16] INFO     - No update needed for Harpreet Brar in Points as points are unchanged.
[2026-04-30 23:26:16] DEBUG    - ===============================================================
[2026-04-30 23:26:16] INFO     - Processing count= 9
[2026-04-30 23:26:16] INFO     - Processing player of PBSK : 'Yuzvendra Chahal' | 215 points | team: PBSK
[2026-04-30 23:26:16] DEBUG    - Match found for Yuzvendra Chahal in Points at row 13
[2026-04-30 23:26:16] INFO     - No update needed for Yuzvendra Chahal in Points as points are unchanged.
[2026-04-30 23:26:16] DEBUG    - ===============================================================
[2026-04-30 23:26:16] INFO     - Processing count= 10
[2026-04-30 23:26:16] INFO     - Processing player of RCB : 'Romario Shepherd' | 246 points | team: RCB
[2026-04-30 23:26:16] DEBUG    - Match found for Romario Shepherd in Points at row 14
[2026-04-30 23:26:17] INFO     - Points gained for Romario Shepherd in Points: 93 (Points: 246, Dot Balls: 21, Previous Total: 174)
[2026-04-30 23:26:17] INFO     - Data updated successfully for Romario Shepherd in Points - 246 points and 21 dot balls!
[2026-04-30 23:26:17] DEBUG    - Sleeping 3s before next update.
[2026-04-30 23:26:20] DEBUG    - ===============================================================
[2026-04-30 23:26:20] INFO     - Processing count= 11
[2026-04-30 23:26:20] INFO     - Processing player of RR : 'Vaibhav Sooryavanshi' | 630 points | team: RR
[2026-04-30 23:26:20] DEBUG    - Match found for Vaibhav Sooryavanshi in Points at row 15
[2026-04-30 23:26:20] INFO     - No update needed for Vaibhav Sooryavanshi in Points as points are unchanged.
[2026-04-30 23:26:20] DEBUG    - ===============================================================
[2026-04-30 23:26:20] INFO     - Processing count= 12
[2026-04-30 23:26:20] INFO     - Processing player of RR : 'Ravi Bishnoi' | 361 points | team: RR
[2026-04-30 23:26:20] DEBUG    - Match found for Ravi Bishnoi in Points at row 16
[2026-04-30 23:26:20] INFO     - No update needed for Ravi Bishnoi in Points as points are unchanged.
[2026-04-30 23:26:20] DEBUG    - ===============================================================
[2026-04-30 23:26:20] INFO     - Processing count= 13
[2026-04-30 23:26:20] INFO     - Processing player of SRH : 'Abhishek Sharma' | 675 points | team: SRH
[2026-04-30 23:26:20] DEBUG    - Match found for Abhishek Sharma in Points at row 17
[2026-04-30 23:26:20] INFO     - No update needed for Abhishek Sharma in Points as points are unchanged.
[2026-04-30 23:26:20] DEBUG    - ===============================================================
[2026-04-30 23:26:20] INFO     - Processing count= 14
[2026-04-30 23:26:20] INFO     - Processing player of SRH : 'Ishan Kishan' | 527 points | team: SRH
[2026-04-30 23:26:20] DEBUG    - Match found for Ishan Kishan in Points at row 18
[2026-04-30 23:26:20] INFO     - No update needed for Ishan Kishan in Points as points are unchanged.
[2026-04-30 23:26:20] DEBUG    - ===============================================================
[2026-04-30 23:26:20] INFO     - Processing count= 15
[2026-04-30 23:26:20] INFO     - Processing player of SRH : 'Pat Cummins' | 43 points | team: SRH
[2026-04-30 23:26:20] DEBUG    - Match found for Pat Cummins in Points at row 19
[2026-04-30 23:26:20] INFO     - No update needed for Pat Cummins in Points as points are unchanged.
[2026-04-30 23:26:20] DEBUG    - ===============================================================
[2026-04-30 23:26:20] INFO     - Processing count= 16
[2026-04-30 23:26:20] INFO     - Processing player of RCB : 'Rasikh Salam' | 200 points | team: RCB
[2026-04-30 23:26:20] DEBUG    - Match found for Rasikh Salam in Points at row 20
[2026-04-30 23:26:20] INFO     - No update needed for Rasikh Salam in Points as points are unchanged.
[2026-04-30 23:26:20] DEBUG    - ===============================================================
[2026-04-30 23:26:20] INFO     - Processing count= 17
[2026-04-30 23:26:20] INFO     - 
Skipping Matheesha Pathirana as points is zero.
[2026-04-30 23:26:20] DEBUG    - ===============================================================
[2026-04-30 23:26:20] INFO     - Processing count= 18
[2026-04-30 23:26:20] INFO     - 
Skipping Nathan Ellis as points is zero.
[2026-04-30 23:26:20] DEBUG    - ===============================================================
[2026-04-30 23:26:20] INFO     - Processing count= 19
[2026-04-30 23:26:20] INFO     - 
Skipping Yudhvir Singh as points is zero.
[2026-04-30 23:26:20] DEBUG    - ===============================================================
[2026-04-30 23:26:20] INFO     - Processing count= 20
[2026-04-30 23:26:20] INFO     - Processing player of CSK : 'Ayush Mhatre' | 311 points | team: CSK
[2026-04-30 23:26:20] DEBUG    - Match found for Ayush Mhatre in Points at row 24
[2026-04-30 23:26:20] INFO     - No update needed for Ayush Mhatre in Points as points are unchanged.
[2026-04-30 23:26:20] DEBUG    - ===============================================================
[2026-04-30 23:26:20] INFO     - Processing count= 21
[2026-04-30 23:26:20] INFO     - 
Skipping MS Dhoni as points is zero.
[2026-04-30 23:26:20] DEBUG    - ===============================================================
[2026-04-30 23:26:20] INFO     - Processing count= 22
[2026-04-30 23:26:20] INFO     - 
Skipping Mitchell Starc as points is zero.
[2026-04-30 23:26:20] DEBUG    - ===============================================================
[2026-04-30 23:26:20] INFO     - Processing count= 23
[2026-04-30 23:26:20] INFO     - Processing player of GT : 'Glenn Phillips' | 165 points | team: GT
[2026-04-30 23:26:20] DEBUG    - Match found for Glenn Phillips in Points at row 27
[2026-04-30 23:26:20] INFO     - No update needed for Glenn Phillips in Points as points are unchanged.
[2026-04-30 23:26:20] DEBUG    - ===============================================================
[2026-04-30 23:26:20] INFO     - Processing count= 24
[2026-04-30 23:26:20] INFO     - Processing player of KKR : 'Sunil Narine' | 291 points | team: KKR
[2026-04-30 23:26:20] DEBUG    - Match found for Sunil Narine in Points at row 28
[2026-04-30 23:26:20] INFO     - No update needed for Sunil Narine in Points as points are unchanged.
[2026-04-30 23:26:20] DEBUG    - ===============================================================
[2026-04-30 23:26:20] INFO     - Processing count= 25
[2026-04-30 23:26:20] INFO     - Processing player of KKR : 'Ajinkya Rahane' | 254 points | team: KKR
[2026-04-30 23:26:20] DEBUG    - Match found for Ajinkya Rahane in Points at row 29
[2026-04-30 23:26:20] INFO     - No update needed for Ajinkya Rahane in Points as points are unchanged.
[2026-04-30 23:26:20] DEBUG    - ===============================================================
[2026-04-30 23:26:20] INFO     - Processing count= 26
[2026-04-30 23:26:20] INFO     - Processing player of LSG : 'Ayush Badoni' | 266 points | team: LSG
[2026-04-30 23:26:20] DEBUG    - Match found for Ayush Badoni in Points at row 30
[2026-04-30 23:26:20] INFO     - No update needed for Ayush Badoni in Points as points are unchanged.
[2026-04-30 23:26:20] DEBUG    - ===============================================================
[2026-04-30 23:26:20] INFO     - Processing count= 27
[2026-04-30 23:26:20] INFO     - Processing player of MI : 'Hardik Pandya' | 306 points | team: MI
[2026-04-30 23:26:20] DEBUG    - Match found for Hardik Pandya in Points at row 31
[2026-04-30 23:26:20] INFO     - No update needed for Hardik Pandya in Points as points are unchanged.
[2026-04-30 23:26:20] DEBUG    - ===============================================================
[2026-04-30 23:26:20] INFO     - Processing count= 28
[2026-04-30 23:26:20] INFO     - Processing player of MI : 'Suryakumar Yadav' | 260 points | team: MI
[2026-04-30 23:26:20] DEBUG    - Match found for Suryakumar Yadav in Points at row 32
[2026-04-30 23:26:20] INFO     - No update needed for Suryakumar Yadav in Points as points are unchanged.
[2026-04-30 23:26:20] DEBUG    - ===============================================================
[2026-04-30 23:26:20] INFO     - Processing count= 29
[2026-04-30 23:26:20] INFO     - Processing player of MI : 'Rohit Sharma' | 204 points | team: MI
[2026-04-30 23:26:20] DEBUG    - Match found for Rohit Sharma in Points at row 33
[2026-04-30 23:26:20] INFO     - No update needed for Rohit Sharma in Points as points are unchanged.
[2026-04-30 23:26:20] DEBUG    - ===============================================================
[2026-04-30 23:26:20] INFO     - Processing count= 30
[2026-04-30 23:26:20] INFO     - Processing player of PBSK : 'Priyansh Arya' | 438 points | team: PBSK
[2026-04-30 23:26:20] DEBUG    - Match found for Priyansh Arya in Points at row 34
[2026-04-30 23:26:20] INFO     - No update needed for Priyansh Arya in Points as points are unchanged.
[2026-04-30 23:26:20] DEBUG    - ===============================================================
[2026-04-30 23:26:20] INFO     - Processing count= 31
[2026-04-30 23:26:20] INFO     - Processing player of RCB : 'Phil Salt' | 348 points | team: RCB
[2026-04-30 23:26:20] DEBUG    - Match found for Phil Salt in Points at row 35
[2026-04-30 23:26:20] INFO     - No update needed for Phil Salt in Points as points are unchanged.
[2026-04-30 23:26:20] DEBUG    - ===============================================================
[2026-04-30 23:26:20] INFO     - Processing count= 32
[2026-04-30 23:26:20] INFO     - Processing player of RCB : 'Bhuvneshwar Kumar' | 559 points | team: RCB
[2026-04-30 23:26:20] DEBUG    - Match found for Bhuvneshwar Kumar in Points at row 36
[2026-04-30 23:26:21] INFO     - Points gained for Bhuvneshwar Kumar in Points: 119 (Points: 559, Dot Balls: 83, Previous Total: 523)
[2026-04-30 23:26:21] INFO     - Data updated successfully for Bhuvneshwar Kumar in Points - 559 points and 83 dot balls!
[2026-04-30 23:26:21] DEBUG    - Sleeping 3s before next update.
[2026-04-30 23:26:24] DEBUG    - ===============================================================
[2026-04-30 23:26:24] INFO     - Processing count= 33
[2026-04-30 23:26:24] INFO     - Processing player of RCB : 'Josh Hazlewood' | 278 points | team: RCB
[2026-04-30 23:26:24] DEBUG    - Match found for Josh Hazlewood in Points at row 37
[2026-04-30 23:26:24] INFO     - Points gained for Josh Hazlewood in Points: 13 (Points: 278, Dot Balls: 62, Previous Total: 327)
[2026-04-30 23:26:24] INFO     - Data updated successfully for Josh Hazlewood in Points - 278 points and 62 dot balls!
[2026-04-30 23:26:24] DEBUG    - Sleeping 3s before next update.
[2026-04-30 23:26:27] DEBUG    - ===============================================================
[2026-04-30 23:26:27] INFO     - Processing count= 34
[2026-04-30 23:26:27] INFO     - Processing player of RR : 'Shimron Hetmyer' | 158 points | team: RR
[2026-04-30 23:26:27] DEBUG    - Match found for Shimron Hetmyer in Points at row 38
[2026-04-30 23:26:27] INFO     - No update needed for Shimron Hetmyer in Points as points are unchanged.
[2026-04-30 23:26:27] DEBUG    - ===============================================================
[2026-04-30 23:26:27] INFO     - Processing count= 35
[2026-04-30 23:26:27] INFO     - Processing player of RR : 'Sandeep Sharma' | 163 points | team: RR
[2026-04-30 23:26:27] DEBUG    - Match found for Sandeep Sharma in Points at row 39
[2026-04-30 23:26:27] INFO     - No update needed for Sandeep Sharma in Points as points are unchanged.
[2026-04-30 23:26:27] DEBUG    - ===============================================================
[2026-04-30 23:26:27] INFO     - Processing count= 36
[2026-04-30 23:26:27] INFO     - Processing player of PBSK : 'Marco Jansen' | 191 points | team: PBSK
[2026-04-30 23:26:27] DEBUG    - Match found for Marco Jansen in Points at row 40
[2026-04-30 23:26:27] INFO     - No update needed for Marco Jansen in Points as points are unchanged.
[2026-04-30 23:26:27] DEBUG    - ===============================================================
[2026-04-30 23:26:27] INFO     - Processing count= 37
[2026-04-30 23:26:27] INFO     - Processing player of CSK : 'Prashant Veer' | 72 points | team: CSK
[2026-04-30 23:26:27] DEBUG    - Match found for Prashant Veer in Points at row 41
[2026-04-30 23:26:27] INFO     - No update needed for Prashant Veer in Points as points are unchanged.
[2026-04-30 23:26:27] DEBUG    - ===============================================================
[2026-04-30 23:26:27] INFO     - Processing count= 38
[2026-04-30 23:26:27] INFO     - Processing player of CSK : 'Ruturaj Gaikwad' | 279 points | team: CSK
[2026-04-30 23:26:27] DEBUG    - Match found for Ruturaj Gaikwad in Points at row 42
[2026-04-30 23:26:27] INFO     - No update needed for Ruturaj Gaikwad in Points as points are unchanged.
[2026-04-30 23:26:27] DEBUG    - ===============================================================
[2026-04-30 23:26:27] INFO     - Processing count= 39
[2026-04-30 23:26:27] INFO     - Processing player of DC : 'Axar Patel' | 255 points | team: DC
[2026-04-30 23:26:27] DEBUG    - Match found for Axar Patel in Points at row 43
[2026-04-30 23:26:27] INFO     - No update needed for Axar Patel in Points as points are unchanged.
[2026-04-30 23:26:27] DEBUG    - ===============================================================
[2026-04-30 23:26:27] INFO     - Processing count= 40
[2026-04-30 23:26:27] INFO     - Processing player of DC : 'Abishek Porel' | 41 points | team: DC
[2026-04-30 23:26:27] DEBUG    - Match found for Abishek Porel in Points at row 44
[2026-04-30 23:26:27] INFO     - No update needed for Abishek Porel in Points as points are unchanged.
[2026-04-30 23:26:27] DEBUG    - ===============================================================
[2026-04-30 23:26:27] INFO     - Processing count= 41
[2026-04-30 23:26:27] INFO     - Processing player of DC : 'KL Rahul' | 546 points | team: DC
[2026-04-30 23:26:27] DEBUG    - Match found for KL Rahul in Points at row 45
[2026-04-30 23:26:27] INFO     - No update needed for KL Rahul in Points as points are unchanged.
[2026-04-30 23:26:27] DEBUG    - ===============================================================
[2026-04-30 23:26:27] INFO     - Processing count= 42
[2026-04-30 23:26:27] INFO     - Processing player of GT : 'Rashid Khan' | 381 points | team: GT
[2026-04-30 23:26:27] DEBUG    - Match found for Rashid Khan in Points at row 46
[2026-04-30 23:26:28] INFO     - Points gained for Rashid Khan in Points: 107 (Points: 381, Dot Balls: 71, Previous Total: 345)
[2026-04-30 23:26:28] INFO     - Data updated successfully for Rashid Khan in Points - 381 points and 71 dot balls!
[2026-04-30 23:26:28] DEBUG    - Sleeping 3s before next update.
[2026-04-30 23:26:31] DEBUG    - ===============================================================
[2026-04-30 23:26:31] INFO     - Processing count= 43
[2026-04-30 23:26:31] INFO     - Processing player of KKR : 'Cameron Green' | 364 points | team: KKR
[2026-04-30 23:26:31] DEBUG    - Match found for Cameron Green in Points at row 47
[2026-04-30 23:26:31] INFO     - No update needed for Cameron Green in Points as points are unchanged.
[2026-04-30 23:26:31] DEBUG    - ===============================================================
[2026-04-30 23:26:31] INFO     - Processing count= 44
[2026-04-30 23:26:31] INFO     - Processing player of KKR : 'Varun Chakaravarthy' | 221 points | team: KKR
[2026-04-30 23:26:31] DEBUG    - Match found for Varun Chakaravarthy in Points at row 48
[2026-04-30 23:26:31] INFO     - No update needed for Varun Chakaravarthy in Points as points are unchanged.
[2026-04-30 23:26:31] DEBUG    - ===============================================================
[2026-04-30 23:26:31] INFO     - Processing count= 45
[2026-04-30 23:26:31] INFO     - Processing player of LSG : 'Digvesh Singh' | 115 points | team: LSG
[2026-04-30 23:26:31] DEBUG    - Match found for Digvesh Singh in Points at row 49
[2026-04-30 23:26:31] INFO     - No update needed for Digvesh Singh in Points as points are unchanged.
[2026-04-30 23:26:31] DEBUG    - ===============================================================
[2026-04-30 23:26:31] INFO     - Processing count= 46
[2026-04-30 23:26:31] INFO     - Processing player of LSG : 'Rishabh Pant' | 353 points | team: LSG
[2026-04-30 23:26:31] DEBUG    - Match found for Rishabh Pant in Points at row 50
[2026-04-30 23:26:31] INFO     - No update needed for Rishabh Pant in Points as points are unchanged.
[2026-04-30 23:26:31] DEBUG    - ===============================================================
[2026-04-30 23:26:31] INFO     - Processing count= 47
[2026-04-30 23:26:31] INFO     - Processing player of PBSK : 'Arshdeep Singh' | 248 points | team: PBSK
[2026-04-30 23:26:31] DEBUG    - Match found for Arshdeep Singh in Points at row 51
[2026-04-30 23:26:31] INFO     - No update needed for Arshdeep Singh in Points as points are unchanged.
[2026-04-30 23:26:31] DEBUG    - ===============================================================
[2026-04-30 23:26:31] INFO     - Processing count= 48
[2026-04-30 23:26:31] INFO     - Processing player of RCB : 'Krunal Pandya' | 331 points | team: RCB
[2026-04-30 23:26:31] DEBUG    - Match found for Krunal Pandya in Points at row 52
[2026-04-30 23:26:32] INFO     - Points gained for Krunal Pandya in Points: 9 (Points: 331, Dot Balls: 45, Previous Total: 367)
[2026-04-30 23:26:32] INFO     - Data updated successfully for Krunal Pandya in Points - 331 points and 45 dot balls!
[2026-04-30 23:26:32] DEBUG    - Sleeping 3s before next update.
[2026-04-30 23:26:35] DEBUG    - ===============================================================
[2026-04-30 23:26:35] INFO     - Processing count= 49
[2026-04-30 23:26:35] INFO     - Processing player of RCB : 'Rajat Patidar' | 439 points | team: RCB
[2026-04-30 23:26:35] DEBUG    - Match found for Rajat Patidar in Points at row 53
[2026-04-30 23:26:36] INFO     - Points gained for Rajat Patidar in Points: 27 (Points: 439, Dot Balls: 0, Previous Total: 412)
[2026-04-30 23:26:36] INFO     - Data updated successfully for Rajat Patidar in Points - 439 points and 0 dot balls!
[2026-04-30 23:26:36] DEBUG    - Sleeping 3s before next update.
[2026-04-30 23:26:39] DEBUG    - ===============================================================
[2026-04-30 23:26:39] INFO     - Processing count= 50
[2026-04-30 23:26:39] INFO     - Processing player of RR : 'Yashasvi Jaiswal' | 476 points | team: RR
[2026-04-30 23:26:39] DEBUG    - Match found for Yashasvi Jaiswal in Points at row 54
[2026-04-30 23:26:39] INFO     - No update needed for Yashasvi Jaiswal in Points as points are unchanged.
[2026-04-30 23:26:39] DEBUG    - ===============================================================
[2026-04-30 23:26:39] INFO     - Processing count= 51
[2026-04-30 23:26:39] INFO     - Processing player of SRH : 'Travis Head' | 394 points | team: SRH
[2026-04-30 23:26:39] DEBUG    - Match found for Travis Head in Points at row 55
[2026-04-30 23:26:39] INFO     - No update needed for Travis Head in Points as points are unchanged.
[2026-04-30 23:26:39] DEBUG    - ===============================================================
[2026-04-30 23:26:39] INFO     - Processing count= 52
[2026-04-30 23:26:39] INFO     - Processing player of SRH : 'Nitish Kumar Reddy' | 495 points | team: SRH
[2026-04-30 23:26:39] DEBUG    - Match found for Nitish Kumar Reddy in Points at row 56
[2026-04-30 23:26:39] INFO     - No update needed for Nitish Kumar Reddy in Points as points are unchanged.
[2026-04-30 23:26:39] DEBUG    - ===============================================================
[2026-04-30 23:26:39] INFO     - Processing count= 53
[2026-04-30 23:26:39] INFO     - Processing player of MI : 'Naman Dhir' | 306 points | team: MI
[2026-04-30 23:26:39] DEBUG    - Match found for Naman Dhir in Points at row 57
[2026-04-30 23:26:39] INFO     - No update needed for Naman Dhir in Points as points are unchanged.
[2026-04-30 23:26:39] DEBUG    - ===============================================================
[2026-04-30 23:26:39] INFO     - Processing count= 54
[2026-04-30 23:26:39] INFO     - Processing player of KKR : 'Finn Allen' | 138 points | team: KKR
[2026-04-30 23:26:39] DEBUG    - Match found for Finn Allen in Points at row 58
[2026-04-30 23:26:39] INFO     - No update needed for Finn Allen in Points as points are unchanged.
[2026-04-30 23:26:39] DEBUG    - ===============================================================
[2026-04-30 23:26:39] INFO     - Processing count= 55
[2026-04-30 23:26:39] INFO     - Processing player of GT : 'Rahul Tewatia' | 138 points | team: GT
[2026-04-30 23:26:39] DEBUG    - Match found for Rahul Tewatia in Points at row 59
[2026-04-30 23:26:40] INFO     - Points gained for Rahul Tewatia in Points: 39 (Points: 138, Dot Balls: 0, Previous Total: 99)
[2026-04-30 23:26:40] INFO     - Data updated successfully for Rahul Tewatia in Points - 138 points and 0 dot balls!
[2026-04-30 23:26:40] DEBUG    - Sleeping 3s before next update.
[2026-04-30 23:26:43] DEBUG    - ===============================================================
[2026-04-30 23:26:43] INFO     - Processing count= 56
[2026-04-30 23:26:43] INFO     - Processing player of GT : 'Jason Holder' | 191 points | team: GT
[2026-04-30 23:26:43] DEBUG    - Match found for Jason Holder in Points at row 60
[2026-04-30 23:26:44] INFO     - Points gained for Jason Holder in Points: 104 (Points: 191, Dot Balls: 30, Previous Total: 117)
[2026-04-30 23:26:44] INFO     - Data updated successfully for Jason Holder in Points - 191 points and 30 dot balls!
[2026-04-30 23:26:44] DEBUG    - Sleeping 3s before next update.
[2026-04-30 23:26:47] DEBUG    - ===============================================================
[2026-04-30 23:26:47] INFO     - Processing count= 57
[2026-04-30 23:26:47] INFO     - Processing player of CSK : 'Dewald Brevis' | 175 points | team: CSK
[2026-04-30 23:26:47] DEBUG    - Match found for Dewald Brevis in Points at row 61
[2026-04-30 23:26:47] INFO     - No update needed for Dewald Brevis in Points as points are unchanged.
[2026-04-30 23:26:47] DEBUG    - ===============================================================
[2026-04-30 23:26:47] INFO     - Processing count= 58
[2026-04-30 23:26:47] INFO     - Processing player of CSK : 'Noor Ahmad' | 251 points | team: CSK
[2026-04-30 23:26:47] DEBUG    - Match found for Noor Ahmad in Points at row 62
[2026-04-30 23:26:47] INFO     - No update needed for Noor Ahmad in Points as points are unchanged.
[2026-04-30 23:26:47] DEBUG    - ===============================================================
[2026-04-30 23:26:47] INFO     - Processing count= 59
[2026-04-30 23:26:47] INFO     - Processing player of DC : 'Auqib Nabi' | 5 points | team: DC
[2026-04-30 23:26:47] DEBUG    - Match found for Auqib Nabi in Points at row 63
[2026-04-30 23:26:47] INFO     - No update needed for Auqib Nabi in Points as points are unchanged.
[2026-04-30 23:26:47] DEBUG    - ===============================================================
[2026-04-30 23:26:47] INFO     - Processing count= 60
[2026-04-30 23:26:47] INFO     - Processing player of GT : 'Jos Buttler' | 584 points | team: GT
[2026-04-30 23:26:47] DEBUG    - Match found for Jos Buttler in Points at row 64
[2026-04-30 23:26:48] INFO     - Points gained for Jos Buttler in Points: 77 (Points: 584, Dot Balls: 0, Previous Total: 507)
[2026-04-30 23:26:48] INFO     - Data updated successfully for Jos Buttler in Points - 584 points and 0 dot balls!
[2026-04-30 23:26:48] DEBUG    - Sleeping 3s before next update.
[2026-04-30 23:26:51] DEBUG    - ===============================================================
[2026-04-30 23:26:51] INFO     - Processing count= 61
[2026-04-30 23:26:51] INFO     - Processing player of GT : 'Prasidh Krishna' | 334 points | team: GT
[2026-04-30 23:26:51] DEBUG    - Match found for Prasidh Krishna in Points at row 65
[2026-04-30 23:26:51] INFO     - No update needed for Prasidh Krishna in Points as points are unchanged.
[2026-04-30 23:26:51] DEBUG    - ===============================================================
[2026-04-30 23:26:51] INFO     - Processing count= 62
[2026-04-30 23:26:51] INFO     - Processing player of KKR : 'Vaibhav Arora' | 266 points | team: KKR
[2026-04-30 23:26:51] DEBUG    - Match found for Vaibhav Arora in Points at row 66
[2026-04-30 23:26:51] INFO     - No update needed for Vaibhav Arora in Points as points are unchanged.
[2026-04-30 23:26:51] DEBUG    - ===============================================================
[2026-04-30 23:26:51] INFO     - Processing count= 63
[2026-04-30 23:26:51] INFO     - Processing player of LSG : 'Aiden Markram' | 338 points | team: LSG
[2026-04-30 23:26:51] DEBUG    - Match found for Aiden Markram in Points at row 67
[2026-04-30 23:26:51] INFO     - No update needed for Aiden Markram in Points as points are unchanged.
[2026-04-30 23:26:51] DEBUG    - ===============================================================
[2026-04-30 23:26:51] INFO     - Processing count= 64
[2026-04-30 23:26:51] INFO     - Processing player of MI : 'Will Jacks' | 79 points | team: MI
[2026-04-30 23:26:51] DEBUG    - Match found for Will Jacks in Points at row 68
[2026-04-30 23:26:51] INFO     - No update needed for Will Jacks in Points as points are unchanged.
[2026-04-30 23:26:51] DEBUG    - ===============================================================
[2026-04-30 23:26:51] INFO     - Processing count= 65
[2026-04-30 23:26:51] INFO     - Processing player of PBSK : 'Nehal Wadhera' | 125 points | team: PBSK
[2026-04-30 23:26:51] DEBUG    - Match found for Nehal Wadhera in Points at row 69
[2026-04-30 23:26:51] INFO     - No update needed for Nehal Wadhera in Points as points are unchanged.
[2026-04-30 23:26:51] DEBUG    - ===============================================================
[2026-04-30 23:26:51] INFO     - Processing count= 66
[2026-04-30 23:26:51] INFO     - Processing player of PBSK : 'Shreyas Iyer' | 499 points | team: PBSK
[2026-04-30 23:26:51] DEBUG    - Match found for Shreyas Iyer in Points at row 70
[2026-04-30 23:26:51] INFO     - No update needed for Shreyas Iyer in Points as points are unchanged.
[2026-04-30 23:26:51] DEBUG    - ===============================================================
[2026-04-30 23:26:51] INFO     - Processing count= 67
[2026-04-30 23:26:51] INFO     - Processing player of RCB : 'Devdutt Padikkal' | 527 points | team: RCB
[2026-04-30 23:26:51] DEBUG    - Match found for Devdutt Padikkal in Points at row 71
[2026-04-30 23:26:51] INFO     - Points gained for Devdutt Padikkal in Points: 69 (Points: 527, Dot Balls: 0, Previous Total: 458)
[2026-04-30 23:26:51] INFO     - Data updated successfully for Devdutt Padikkal in Points - 527 points and 0 dot balls!
[2026-04-30 23:26:51] DEBUG    - Sleeping 3s before next update.
[2026-04-30 23:26:54] DEBUG    - ===============================================================
[2026-04-30 23:26:54] INFO     - Processing count= 68
[2026-04-30 23:26:54] INFO     - Processing player of RCB : 'Virat Kohli' | 597 points | team: RCB
[2026-04-30 23:26:54] DEBUG    - Match found for Virat Kohli in Points at row 72
[2026-04-30 23:26:55] INFO     - Points gained for Virat Kohli in Points: 53 (Points: 597, Dot Balls: 0, Previous Total: 544)
[2026-04-30 23:26:55] INFO     - Data updated successfully for Virat Kohli in Points - 597 points and 0 dot balls!
[2026-04-30 23:26:55] DEBUG    - Sleeping 3s before next update.
[2026-04-30 23:26:58] DEBUG    - ===============================================================
[2026-04-30 23:26:58] INFO     - Processing count= 69
[2026-04-30 23:26:58] INFO     - Processing player of RR : 'Riyan Parag' | 269 points | team: RR
[2026-04-30 23:26:58] DEBUG    - Match found for Riyan Parag in Points at row 73
[2026-04-30 23:26:58] INFO     - No update needed for Riyan Parag in Points as points are unchanged.
[2026-04-30 23:26:58] DEBUG    - ===============================================================
[2026-04-30 23:26:58] INFO     - Processing count= 70
[2026-04-30 23:26:58] INFO     - Processing player of SRH : 'Harshal Patel' | 9 points | team: SRH
[2026-04-30 23:26:58] DEBUG    - Match found for Harshal Patel in Points at row 74
[2026-04-30 23:26:58] INFO     - No update needed for Harshal Patel in Points as points are unchanged.
[2026-04-30 23:26:58] DEBUG    - ===============================================================
[2026-04-30 23:26:58] INFO     - Processing count= 71
[2026-04-30 23:26:58] INFO     - Processing player of SRH : 'Heinrich Klaasen' | 666 points | team: SRH
[2026-04-30 23:26:58] DEBUG    - Match found for Heinrich Klaasen in Points at row 75
[2026-04-30 23:26:58] INFO     - No update needed for Heinrich Klaasen in Points as points are unchanged.
[2026-04-30 23:26:58] DEBUG    - ===============================================================
[2026-04-30 23:26:58] INFO     - Processing count= 72
[2026-04-30 23:26:58] INFO     - Processing player of DC : 'Nitish Rana' | 286 points | team: DC
[2026-04-30 23:26:58] DEBUG    - Match found for Nitish Rana in Points at row 76
[2026-04-30 23:26:58] INFO     - No update needed for Nitish Rana in Points as points are unchanged.
[2026-04-30 23:26:58] DEBUG    - ===============================================================
[2026-04-30 23:26:58] INFO     - Processing count= 73
[2026-04-30 23:26:58] INFO     - Processing player of MI : 'Trent Boult' | 75 points | team: MI
[2026-04-30 23:26:58] DEBUG    - Match found for Trent Boult in Points at row 77
[2026-04-30 23:26:58] INFO     - No update needed for Trent Boult in Points as points are unchanged.
[2026-04-30 23:26:58] DEBUG    - ===============================================================
[2026-04-30 23:26:58] INFO     - Processing count= 74
[2026-04-30 23:26:58] INFO     - Processing player of RCB : 'Venkatesh Iyer' | 61 points | team: RCB
[2026-04-30 23:26:58] DEBUG    - Match found for Venkatesh Iyer in Points at row 78
[2026-04-30 23:26:59] INFO     - Points gained for Venkatesh Iyer in Points: 17 (Points: 61, Dot Balls: 0, Previous Total: 44)
[2026-04-30 23:26:59] INFO     - Data updated successfully for Venkatesh Iyer in Points - 61 points and 0 dot balls!
[2026-04-30 23:26:59] DEBUG    - Sleeping 3s before next update.
[2026-04-30 23:27:02] DEBUG    - ===============================================================
[2026-04-30 23:27:02] INFO     - Processing count= 75
[2026-04-30 23:27:02] INFO     - 
Skipping Yash Dayal as points is zero.
[2026-04-30 23:27:02] DEBUG    - ===============================================================
[2026-04-30 23:27:02] INFO     - Processing count= 76
[2026-04-30 23:27:02] INFO     - Processing player of MI : 'Shardul Thakur' | 169 points | team: MI
[2026-04-30 23:27:02] DEBUG    - Match found for Shardul Thakur in Points at row 80
[2026-04-30 23:27:02] INFO     - No update needed for Shardul Thakur in Points as points are unchanged.
[2026-04-30 23:27:02] DEBUG    - ===============================================================
[2026-04-30 23:27:02] INFO     - Processing count= 77
[2026-04-30 23:27:02] INFO     - Processing player of CSK : 'Rahul Chahar' | 8 points | team: CSK
[2026-04-30 23:27:02] DEBUG    - Match found for Rahul Chahar in Points at row 81
[2026-04-30 23:27:02] INFO     - No update needed for Rahul Chahar in Points as points are unchanged.
[2026-04-30 23:27:02] DEBUG    - ===============================================================
[2026-04-30 23:27:02] INFO     - Processing count= 78
[2026-04-30 23:27:02] INFO     - Processing player of CSK : 'Khaleel Ahmed' | 70 points | team: CSK
[2026-04-30 23:27:02] DEBUG    - Match found for Khaleel Ahmed in Points at row 82
[2026-04-30 23:27:02] INFO     - No update needed for Khaleel Ahmed in Points as points are unchanged.
[2026-04-30 23:27:02] DEBUG    - ===============================================================
[2026-04-30 23:27:02] INFO     - Processing count= 79
[2026-04-30 23:27:02] INFO     - Processing player of DC : 'Tristan Stubbs' | 320 points | team: DC
[2026-04-30 23:27:02] DEBUG    - Match found for Tristan Stubbs in Points at row 83
[2026-04-30 23:27:02] INFO     - No update needed for Tristan Stubbs in Points as points are unchanged.
[2026-04-30 23:27:02] DEBUG    - ===============================================================
[2026-04-30 23:27:02] INFO     - Processing count= 80
[2026-04-30 23:27:02] INFO     - Processing player of DC : 'Kuldeep Yadav' | 244 points | team: DC
[2026-04-30 23:27:02] DEBUG    - Match found for Kuldeep Yadav in Points at row 84
[2026-04-30 23:27:02] INFO     - No update needed for Kuldeep Yadav in Points as points are unchanged.
[2026-04-30 23:27:02] DEBUG    - ===============================================================
[2026-04-30 23:27:02] INFO     - Processing count= 81
[2026-04-30 23:27:02] INFO     - Processing player of GT : 'Shubman Gill' | 591 points | team: GT
[2026-04-30 23:27:02] DEBUG    - Match found for Shubman Gill in Points at row 85
[2026-04-30 23:27:03] INFO     - Points gained for Shubman Gill in Points: 73 (Points: 591, Dot Balls: 0, Previous Total: 518)
[2026-04-30 23:27:03] INFO     - Data updated successfully for Shubman Gill in Points - 591 points and 0 dot balls!
[2026-04-30 23:27:03] DEBUG    - Sleeping 3s before next update.
[2026-04-30 23:27:06] DEBUG    - ===============================================================
[2026-04-30 23:27:06] INFO     - Processing count= 82
[2026-04-30 23:27:06] INFO     - Processing player of GT : 'Mohammed Siraj' | 289 points | team: GT
[2026-04-30 23:27:06] DEBUG    - Match found for Mohammed Siraj in Points at row 86
[2026-04-30 23:27:07] INFO     - Points gained for Mohammed Siraj in Points: 41 (Points: 289, Dot Balls: 98, Previous Total: 346)
[2026-04-30 23:27:07] INFO     - Data updated successfully for Mohammed Siraj in Points - 289 points and 98 dot balls!
[2026-04-30 23:27:07] DEBUG    - Sleeping 3s before next update.
[2026-04-30 23:27:10] DEBUG    - ===============================================================
[2026-04-30 23:27:10] INFO     - Processing count= 83
[2026-04-30 23:27:10] INFO     - Processing player of KKR : 'Angkrish Raghuvanshi' | 327 points | team: KKR
[2026-04-30 23:27:10] DEBUG    - Match found for Angkrish Raghuvanshi in Points at row 87
[2026-04-30 23:27:10] INFO     - No update needed for Angkrish Raghuvanshi in Points as points are unchanged.
[2026-04-30 23:27:10] DEBUG    - ===============================================================
[2026-04-30 23:27:10] INFO     - Processing count= 84
[2026-04-30 23:27:10] INFO     - Processing player of LSG : 'Mitchell Marsh' | 334 points | team: LSG
[2026-04-30 23:27:10] DEBUG    - Match found for Mitchell Marsh in Points at row 88
[2026-04-30 23:27:10] INFO     - No update needed for Mitchell Marsh in Points as points are unchanged.
[2026-04-30 23:27:10] DEBUG    - ===============================================================
[2026-04-30 23:27:10] INFO     - Processing count= 85
[2026-04-30 23:27:10] INFO     - Processing player of LSG : 'Nicholas Pooran' | 163 points | team: LSG
[2026-04-30 23:27:10] DEBUG    - Match found for Nicholas Pooran in Points at row 89
[2026-04-30 23:27:10] INFO     - No update needed for Nicholas Pooran in Points as points are unchanged.
[2026-04-30 23:27:10] DEBUG    - ===============================================================
[2026-04-30 23:27:10] INFO     - Processing count= 86
[2026-04-30 23:27:10] INFO     - Processing player of PBSK : 'Marcus Stoinis' | 200 points | team: PBSK
[2026-04-30 23:27:10] DEBUG    - Match found for Marcus Stoinis in Points at row 90
[2026-04-30 23:27:10] INFO     - No update needed for Marcus Stoinis in Points as points are unchanged.
[2026-04-30 23:27:10] DEBUG    - ===============================================================
[2026-04-30 23:27:10] INFO     - Processing count= 87
[2026-04-30 23:27:10] INFO     - Processing player of PBSK : 'Prabhsimran Singh' | 557 points | team: PBSK
[2026-04-30 23:27:10] DEBUG    - Match found for Prabhsimran Singh in Points at row 91
[2026-04-30 23:27:10] INFO     - No update needed for Prabhsimran Singh in Points as points are unchanged.
[2026-04-30 23:27:10] DEBUG    - ===============================================================
[2026-04-30 23:27:10] INFO     - Processing count= 88
[2026-04-30 23:27:10] INFO     - Processing player of PBSK : 'Shashank Singh' | 203 points | team: PBSK
[2026-04-30 23:27:10] DEBUG    - Match found for Shashank Singh in Points at row 92
[2026-04-30 23:27:10] INFO     - No update needed for Shashank Singh in Points as points are unchanged.
[2026-04-30 23:27:10] DEBUG    - ===============================================================
[2026-04-30 23:27:10] INFO     - Processing count= 89
[2026-04-30 23:27:10] INFO     - Processing player of RCB : 'Jitesh Sharma' | 210 points | team: RCB
[2026-04-30 23:27:10] DEBUG    - Match found for Jitesh Sharma in Points at row 93
[2026-04-30 23:27:11] INFO     - Points gained for Jitesh Sharma in Points: 13 (Points: 210, Dot Balls: 0, Previous Total: 197)
[2026-04-30 23:27:11] INFO     - Data updated successfully for Jitesh Sharma in Points - 210 points and 0 dot balls!
[2026-04-30 23:27:11] DEBUG    - Sleeping 3s before next update.
[2026-04-30 23:27:14] DEBUG    - ===============================================================
[2026-04-30 23:27:14] INFO     - Processing count= 90
[2026-04-30 23:27:14] INFO     - Processing player of RR : 'Jofra Archer' | 488 points | team: RR
[2026-04-30 23:27:14] DEBUG    - Match found for Jofra Archer in Points at row 94
[2026-04-30 23:27:14] INFO     - No update needed for Jofra Archer in Points as points are unchanged.
[2026-04-30 23:27:14] DEBUG    - ===============================================================
[2026-04-30 23:27:14] INFO     - Processing count= 91
[2026-04-30 23:27:14] INFO     - Processing player of RR : 'Ravindra Jadeja' | 375 points | team: RR
[2026-04-30 23:27:14] DEBUG    - Match found for Ravindra Jadeja in Points at row 95
[2026-04-30 23:27:14] INFO     - No update needed for Ravindra Jadeja in Points as points are unchanged.
[2026-04-30 23:27:14] DEBUG    - ===============================================================
[2026-04-30 23:27:14] INFO     - Processing count= 92
[2026-04-30 23:27:14] INFO     - Processing player of LSG : 'Mohammad Shami' | 262 points | team: LSG
[2026-04-30 23:27:14] DEBUG    - Match found for Mohammad Shami in Points at row 96
[2026-04-30 23:27:14] INFO     - No update needed for Mohammad Shami in Points as points are unchanged.
[2026-04-30 23:27:14] DEBUG    - ===============================================================
[2026-04-30 23:27:14] INFO     - Processing count= 93
[2026-04-30 23:27:14] INFO     - Processing player of GT : 'Kagiso Rabada' | 470 points | team: GT
[2026-04-30 23:27:14] DEBUG    - Match found for Kagiso Rabada in Points at row 97
[2026-04-30 23:27:15] INFO     - Points gained for Kagiso Rabada in Points: 35 (Points: 470, Dot Balls: 89, Previous Total: 524)
[2026-04-30 23:27:15] INFO     - Data updated successfully for Kagiso Rabada in Points - 470 points and 89 dot balls!
[2026-04-30 23:27:15] DEBUG    - Sleeping 3s before next update.
[2026-04-30 23:27:18] DEBUG    - ===============================================================
[2026-04-30 23:27:18] INFO     - Processing count= 94
[2026-04-30 23:27:18] INFO     - Processing player of KKR : 'Rinku Singh' | 393 points | team: KKR
[2026-04-30 23:27:18] DEBUG    - Match found for Rinku Singh in Points at row 98
[2026-04-30 23:27:18] INFO     - No update needed for Rinku Singh in Points as points are unchanged.
[2026-04-30 23:27:18] DEBUG    - ===============================================================
[2026-04-30 23:27:18] INFO     - Processing count= 95
[2026-04-30 23:27:18] INFO     - Processing player of CSK : 'Kartik Sharma' | 89 points | team: CSK
[2026-04-30 23:27:18] DEBUG    - Match found for Kartik Sharma in Points at row 99
[2026-04-30 23:27:18] INFO     - No update needed for Kartik Sharma in Points as points are unchanged.
[2026-04-30 23:27:18] DEBUG    - ===============================================================
[2026-04-30 23:27:18] INFO     - Processing count= 96
[2026-04-30 23:27:18] INFO     - Processing player of DC : 'Ashutosh Sharma' | 56 points | team: DC
[2026-04-30 23:27:18] DEBUG    - Match found for Ashutosh Sharma in Points at row 100
[2026-04-30 23:27:18] INFO     - No update needed for Ashutosh Sharma in Points as points are unchanged.
[2026-04-30 23:27:18] DEBUG    - ===============================================================
[2026-04-30 23:27:18] INFO     - Processing count= 97
[2026-04-30 23:27:18] INFO     - Processing player of MI : 'Corbin Bosch' | 36 points | team: MI
[2026-04-30 23:27:18] DEBUG    - Match found for Corbin Bosch in Points at row 101
[2026-04-30 23:27:18] INFO     - No update needed for Corbin Bosch in Points as points are unchanged.
[2026-04-30 23:27:18] DEBUG    - ===============================================================
[2026-04-30 23:27:18] INFO     - Processing count= 98
[2026-04-30 23:27:18] INFO     - Processing player of RCB : 'Tim David' | 312 points | team: RCB
[2026-04-30 23:27:18] DEBUG    - Match found for Tim David in Points at row 102
[2026-04-30 23:27:19] INFO     - Points gained for Tim David in Points: 15 (Points: 312, Dot Balls: 1, Previous Total: 298)
[2026-04-30 23:27:19] INFO     - Data updated successfully for Tim David in Points - 312 points and 1 dot balls!
[2026-04-30 23:27:19] DEBUG    - Sleeping 3s before next update.
[2026-04-30 23:27:22] DEBUG    - ===============================================================
[2026-04-30 23:27:22] INFO     - Processing count= 99
[2026-04-30 23:27:22] INFO     - Processing player of PBSK : 'Cooper Connolly' | 430 points | team: PBSK
[2026-04-30 23:27:22] DEBUG    - Match found for Cooper Connolly in Points at row 103
[2026-04-30 23:27:22] INFO     - No update needed for Cooper Connolly in Points as points are unchanged.
[2026-04-30 23:27:22] DEBUG    - ===============================================================
[2026-04-30 23:27:22] INFO     - Processing count= 100
[2026-04-30 23:27:22] INFO     - Processing player of SRH : 'Liam Livingstone' | 57 points | team: SRH
[2026-04-30 23:27:22] DEBUG    - Match found for Liam Livingstone in Points at row 104
[2026-04-30 23:27:22] INFO     - No update needed for Liam Livingstone in Points as points are unchanged.
[2026-04-30 23:27:22] DEBUG    - ===============================================================
[2026-04-30 23:27:22] INFO     - Processing count= 101
[2026-04-30 23:27:22] INFO     - Processing player of PBSK : 'Vijaykumar Vyshak' | 176 points | team: PBSK
[2026-04-30 23:27:22] DEBUG    - Match found for Vijaykumar Vyshak in Points at row 105
[2026-04-30 23:27:22] INFO     - No update needed for Vijaykumar Vyshak in Points as points are unchanged.
[2026-04-30 23:27:22] DEBUG    - ===============================================================
[2026-04-30 23:27:22] INFO     - Processing count= 102
[2026-04-30 23:27:22] INFO     - Processing player of RCB : 'Suyash Sharma' | 227 points | team: RCB
[2026-04-30 23:27:22] DEBUG    - Match found for Suyash Sharma in Points at row 106
[2026-04-30 23:27:23] INFO     - Points gained for Suyash Sharma in Points: 30 (Points: 227, Dot Balls: 61, Previous Total: 258)
[2026-04-30 23:27:23] INFO     - Data updated successfully for Suyash Sharma in Points - 227 points and 61 dot balls!
[2026-04-30 23:27:23] DEBUG    - Sleeping 3s before next update.
[2026-04-30 23:27:26] DEBUG    - ===============================================================
[2026-04-30 23:27:26] INFO     - Processing count= 103
[2026-04-30 23:27:26] INFO     - Processing player of DC : 'David Miller' | 217 points | team: DC
[2026-04-30 23:27:26] DEBUG    - Match found for David Miller in Points at row 107
[2026-04-30 23:27:26] INFO     - No update needed for David Miller in Points as points are unchanged.
[2026-04-30 23:27:26] INFO     - Total players processed for team 'CSK': 10
[2026-04-30 23:27:26] INFO     - Total players processed for team 'GT': 10
[2026-04-30 23:27:26] INFO     - Total players processed for team 'LSG': 8
[2026-04-30 23:27:26] INFO     - Total players processed for team 'MI': 11
[2026-04-30 23:27:26] INFO     - Total players processed for team 'PBSK': 12
[2026-04-30 23:27:26] INFO     - Total players processed for team 'RCB': 13
[2026-04-30 23:27:26] INFO     - Total players processed for team 'RR': 8
[2026-04-30 23:27:26] INFO     - Total players processed for team 'SRH': 8
[2026-04-30 23:27:26] INFO     - Total players processed for team 'KKR': 8
[2026-04-30 23:27:26] INFO     - Total players processed for team 'DC': 9
[2026-04-30 23:27:26] DEBUG    - ===============================================================
[2026-04-30 23:27:26] WARNING  - Player not updated: Shivam Dube | Reason: Points unchanged
[2026-04-30 23:27:26] WARNING  - Player not updated: Sanju Samson | Reason: Points unchanged
[2026-04-30 23:27:26] WARNING  - Player not updated: Mohsin Khan | Reason: Points unchanged
[2026-04-30 23:27:26] WARNING  - Player not updated: Tilak Varma | Reason: Points unchanged
[2026-04-30 23:27:26] WARNING  - Player not updated: Quinton de Kock | Reason: Points unchanged
[2026-04-30 23:27:26] WARNING  - Player not updated: Jasprit Bumrah | Reason: Points unchanged
[2026-04-30 23:27:26] WARNING  - Player not updated: Harpreet Brar | Reason: Points unchanged
[2026-04-30 23:27:26] WARNING  - Player not updated: Yuzvendra Chahal | Reason: Points unchanged
[2026-04-30 23:27:26] WARNING  - Player not updated: Vaibhav Sooryavanshi | Reason: Points unchanged
[2026-04-30 23:27:26] WARNING  - Player not updated: Ravi Bishnoi | Reason: Points unchanged
[2026-04-30 23:27:26] WARNING  - Player not updated: Abhishek Sharma | Reason: Points unchanged
[2026-04-30 23:27:26] WARNING  - Player not updated: Ishan Kishan | Reason: Points unchanged
[2026-04-30 23:27:26] WARNING  - Player not updated: Pat Cummins | Reason: Points unchanged
[2026-04-30 23:27:26] WARNING  - Player not updated: Rasikh Salam | Reason: Points unchanged
[2026-04-30 23:27:26] WARNING  - Player not updated: Matheesha Pathirana | Reason: Points is zero
[2026-04-30 23:27:26] WARNING  - Player not updated: Nathan Ellis | Reason: Points is zero
[2026-04-30 23:27:26] WARNING  - Player not updated: Yudhvir Singh | Reason: Points is zero
[2026-04-30 23:27:26] WARNING  - Player not updated: Ayush Mhatre | Reason: Points unchanged
[2026-04-30 23:27:26] WARNING  - Player not updated: MS Dhoni | Reason: Points is zero
[2026-04-30 23:27:26] WARNING  - Player not updated: Mitchell Starc | Reason: Points is zero
[2026-04-30 23:27:26] WARNING  - Player not updated: Glenn Phillips | Reason: Points unchanged
[2026-04-30 23:27:26] WARNING  - Player not updated: Sunil Narine | Reason: Points unchanged
[2026-04-30 23:27:26] WARNING  - Player not updated: Ajinkya Rahane | Reason: Points unchanged
[2026-04-30 23:27:26] WARNING  - Player not updated: Ayush Badoni | Reason: Points unchanged
[2026-04-30 23:27:26] WARNING  - Player not updated: Hardik Pandya | Reason: Points unchanged
[2026-04-30 23:27:26] WARNING  - Player not updated: Suryakumar Yadav | Reason: Points unchanged
[2026-04-30 23:27:26] WARNING  - Player not updated: Rohit Sharma | Reason: Points unchanged
[2026-04-30 23:27:26] WARNING  - Player not updated: Priyansh Arya | Reason: Points unchanged
[2026-04-30 23:27:26] WARNING  - Player not updated: Phil Salt | Reason: Points unchanged
[2026-04-30 23:27:26] WARNING  - Player not updated: Shimron Hetmyer | Reason: Points unchanged
[2026-04-30 23:27:26] WARNING  - Player not updated: Sandeep Sharma | Reason: Points unchanged
[2026-04-30 23:27:26] WARNING  - Player not updated: Marco Jansen | Reason: Points unchanged
[2026-04-30 23:27:26] WARNING  - Player not updated: Prashant Veer | Reason: Points unchanged
[2026-04-30 23:27:26] WARNING  - Player not updated: Ruturaj Gaikwad | Reason: Points unchanged
[2026-04-30 23:27:26] WARNING  - Player not updated: Axar Patel | Reason: Points unchanged
[2026-04-30 23:27:26] WARNING  - Player not updated: Abishek Porel | Reason: Points unchanged
[2026-04-30 23:27:26] WARNING  - Player not updated: KL Rahul | Reason: Points unchanged
[2026-04-30 23:27:26] WARNING  - Player not updated: Cameron Green | Reason: Points unchanged
[2026-04-30 23:27:26] WARNING  - Player not updated: Varun Chakaravarthy | Reason: Points unchanged
[2026-04-30 23:27:26] WARNING  - Player not updated: Digvesh Singh | Reason: Points unchanged
[2026-04-30 23:27:26] WARNING  - Player not updated: Rishabh Pant | Reason: Points unchanged
[2026-04-30 23:27:26] WARNING  - Player not updated: Arshdeep Singh | Reason: Points unchanged
[2026-04-30 23:27:26] WARNING  - Player not updated: Yashasvi Jaiswal | Reason: Points unchanged
[2026-04-30 23:27:26] WARNING  - Player not updated: Travis Head | Reason: Points unchanged
[2026-04-30 23:27:26] WARNING  - Player not updated: Nitish Kumar Reddy | Reason: Points unchanged
[2026-04-30 23:27:26] WARNING  - Player not updated: Naman Dhir | Reason: Points unchanged
[2026-04-30 23:27:26] WARNING  - Player not updated: Finn Allen | Reason: Points unchanged
[2026-04-30 23:27:26] WARNING  - Player not updated: Dewald Brevis | Reason: Points unchanged
[2026-04-30 23:27:26] WARNING  - Player not updated: Noor Ahmad | Reason: Points unchanged
[2026-04-30 23:27:26] WARNING  - Player not updated: Auqib Nabi | Reason: Points unchanged
[2026-04-30 23:27:26] WARNING  - Player not updated: Prasidh Krishna | Reason: Points unchanged
[2026-04-30 23:27:26] WARNING  - Player not updated: Vaibhav Arora | Reason: Points unchanged
[2026-04-30 23:27:26] WARNING  - Player not updated: Aiden Markram | Reason: Points unchanged
[2026-04-30 23:27:26] WARNING  - Player not updated: Will Jacks | Reason: Points unchanged
[2026-04-30 23:27:26] WARNING  - Player not updated: Nehal Wadhera | Reason: Points unchanged
[2026-04-30 23:27:26] WARNING  - Player not updated: Shreyas Iyer | Reason: Points unchanged
[2026-04-30 23:27:26] WARNING  - Player not updated: Riyan Parag | Reason: Points unchanged
[2026-04-30 23:27:26] WARNING  - Player not updated: Harshal Patel | Reason: Points unchanged
[2026-04-30 23:27:26] WARNING  - Player not updated: Heinrich Klaasen | Reason: Points unchanged
[2026-04-30 23:27:26] WARNING  - Player not updated: Nitish Rana | Reason: Points unchanged
[2026-04-30 23:27:26] WARNING  - Player not updated: Trent Boult | Reason: Points unchanged
[2026-04-30 23:27:26] WARNING  - Player not updated: Yash Dayal | Reason: Points is zero
[2026-04-30 23:27:26] WARNING  - Player not updated: Shardul Thakur | Reason: Points unchanged
[2026-04-30 23:27:26] WARNING  - Player not updated: Rahul Chahar | Reason: Points unchanged
[2026-04-30 23:27:26] WARNING  - Player not updated: Khaleel Ahmed | Reason: Points unchanged
[2026-04-30 23:27:26] WARNING  - Player not updated: Tristan Stubbs | Reason: Points unchanged
[2026-04-30 23:27:26] WARNING  - Player not updated: Kuldeep Yadav | Reason: Points unchanged
[2026-04-30 23:27:26] WARNING  - Player not updated: Angkrish Raghuvanshi | Reason: Points unchanged
[2026-04-30 23:27:26] WARNING  - Player not updated: Mitchell Marsh | Reason: Points unchanged
[2026-04-30 23:27:26] WARNING  - Player not updated: Nicholas Pooran | Reason: Points unchanged
[2026-04-30 23:27:26] WARNING  - Player not updated: Marcus Stoinis | Reason: Points unchanged
[2026-04-30 23:27:26] WARNING  - Player not updated: Prabhsimran Singh | Reason: Points unchanged
[2026-04-30 23:27:26] WARNING  - Player not updated: Shashank Singh | Reason: Points unchanged
[2026-04-30 23:27:26] WARNING  - Player not updated: Jofra Archer | Reason: Points unchanged
[2026-04-30 23:27:26] WARNING  - Player not updated: Ravindra Jadeja | Reason: Points unchanged
[2026-04-30 23:27:26] WARNING  - Player not updated: Mohammad Shami | Reason: Points unchanged
[2026-04-30 23:27:26] WARNING  - Player not updated: Rinku Singh | Reason: Points unchanged
[2026-04-30 23:27:26] WARNING  - Player not updated: Kartik Sharma | Reason: Points unchanged
[2026-04-30 23:27:26] WARNING  - Player not updated: Ashutosh Sharma | Reason: Points unchanged
[2026-04-30 23:27:26] WARNING  - Player not updated: Corbin Bosch | Reason: Points unchanged
[2026-04-30 23:27:26] WARNING  - Player not updated: Cooper Connolly | Reason: Points unchanged
[2026-04-30 23:27:26] WARNING  - Player not updated: Liam Livingstone | Reason: Points unchanged
[2026-04-30 23:27:26] WARNING  - Player not updated: Vijaykumar Vyshak | Reason: Points unchanged
[2026-04-30 23:27:26] WARNING  - Player not updated: David Miller | Reason: Points unchanged
[2026-04-30 23:27:26] DEBUG    - ===============================================================
[2026-04-30 23:27:41] INFO     - Worksheets opened: ['Home', 'Data']
[2026-04-30 23:27:41] INFO     - Points Gained Today fetched: {'HW': 149, 'MC': 132, 'OL': 143, 'AS': 120, 'PA': 199}
[2026-04-30 23:27:41] INFO     - Writing to column 19 (30/04)
[2026-04-30 23:27:42] DEBUG    -   HW → S2 = 149
[2026-04-30 23:27:42] DEBUG    -   MC → S3 = 132
[2026-04-30 23:27:42] DEBUG    -   OL → S4 = 143
[2026-04-30 23:27:42] DEBUG    -   AS → S5 = 120
[2026-04-30 23:27:42] DEBUG    -   PA → S6 = 199
[2026-04-30 23:27:42] INFO     - Successfully updated 5 team(s) for 30/04.
[2026-04-30 23:27:43] INFO     - TOP 12 points fetched: {'AS': 4960, 'HW': 4856, 'PA': 4807, 'OL': 4559, 'MC': 3926}
[2026-04-30 23:27:43] INFO     - Column mapping: {'HW': 2, 'MC': 3, 'OL': 4, 'AS': 5, 'PA': 6}
[2026-04-30 23:27:44] INFO     - Today '30/04' found at row 42
[2026-04-30 23:27:44] DEBUG    -   AS → E42 = 4960
[2026-04-30 23:27:44] DEBUG    -   HW → B42 = 4856
[2026-04-30 23:27:44] DEBUG    -   PA → F42 = 4807
[2026-04-30 23:27:44] DEBUG    -   OL → D42 = 4559
[2026-04-30 23:27:44] DEBUG    -   MC → C42 = 3926
[2026-04-30 23:27:44] INFO     - Successfully updated 5 team(s) for '30/04' at row 42.
[2026-04-30 23:27:45] INFO     - ═════════════════════ All updates completed ═════════════════════
