[2026-04-20 00:47:52] INFO     - ═════════════════════ Process started ═════════════════════
[2026-04-20 00:47:53] INFO     - Excel loaded: 103 players, 103 bowlers from 'C:\Users\himan\Documents\UiPath\CrickInfo\Data\IPLPointsData.xlsx'
[2026-04-20 00:47:53] INFO     - Google Sheets authentication successful.
[2026-04-20 00:47:59] INFO     - Worksheets opened: ['Points', 'Home', 'Data']
[2026-04-20 00:48:27] DEBUG    - ===============================================================
[2026-04-20 00:48:27] INFO     - Pausing 5s before before next steps.
[2026-04-20 00:48:27] DEBUG    - ===============================================================
[2026-04-20 00:48:42] DEBUG    - ===============================================================
[2026-04-20 00:48:42] DEBUG    - ===============================================================
[2026-04-20 00:48:42] INFO     - Processing count= 1
[2026-04-20 00:48:42] INFO     - Processing player of CSK : 'Shivam Dube' | 229 points | team: CSK
[2026-04-20 00:48:42] DEBUG    - Match found for Shivam Dube in Points at row 5
[2026-04-20 00:48:42] INFO     - No update needed for Shivam Dube in Points as points are unchanged.
[2026-04-20 00:48:42] DEBUG    - ===============================================================
[2026-04-20 00:48:42] INFO     - Processing count= 2
[2026-04-20 00:48:42] INFO     - Processing player of CSK : 'Sanju Samson' | 293 points | team: CSK
[2026-04-20 00:48:42] DEBUG    - Match found for Sanju Samson in Points at row 6
[2026-04-20 00:48:42] INFO     - No update needed for Sanju Samson in Points as points are unchanged.
[2026-04-20 00:48:42] DEBUG    - ===============================================================
[2026-04-20 00:48:42] INFO     - Processing count= 3
[2026-04-20 00:48:42] INFO     - Processing player of GT : 'Sai Sudharsan' | 216 points | team: GT
[2026-04-20 00:48:42] DEBUG    - Match found for Sai Sudharsan in Points at row 7
[2026-04-20 00:48:42] INFO     - No update needed for Sai Sudharsan in Points as points are unchanged.
[2026-04-20 00:48:42] DEBUG    - ===============================================================
[2026-04-20 00:48:42] INFO     - Processing count= 4
[2026-04-20 00:48:42] INFO     - Processing player of LSG : 'Mohsin Khan' | 82 points | team: LSG
[2026-04-20 00:48:42] DEBUG    - Match found for Mohsin Khan in Points at row 8
[2026-04-20 00:48:43] INFO     - Points gained for Mohsin Khan in Points: 36 (Points: 82, Dot Balls: 24, Previous Total: 70)
[2026-04-20 00:48:43] INFO     - Data updated successfully for Mohsin Khan in Points - 82 points and 24 dot balls!
[2026-04-20 00:48:43] DEBUG    - Sleeping 4s before next update.
[2026-04-20 00:48:47] DEBUG    - ===============================================================
[2026-04-20 00:48:47] INFO     - Processing count= 5
[2026-04-20 00:48:47] INFO     - Processing player of MI : 'Tilak Varma' | 121 points | team: MI
[2026-04-20 00:48:47] DEBUG    - Match found for Tilak Varma in Points at row 9
[2026-04-20 00:48:47] INFO     - No update needed for Tilak Varma in Points as points are unchanged.
[2026-04-20 00:48:47] DEBUG    - ===============================================================
[2026-04-20 00:48:47] INFO     - Processing count= 6
[2026-04-20 00:48:47] INFO     - Processing player of MI : 'Quinton de Kock' | 168 points | team: MI
[2026-04-20 00:48:47] DEBUG    - Match found for Quinton de Kock in Points at row 10
[2026-04-20 00:48:47] INFO     - No update needed for Quinton de Kock in Points as points are unchanged.
[2026-04-20 00:48:47] DEBUG    - ===============================================================
[2026-04-20 00:48:47] INFO     - Processing count= 7
[2026-04-20 00:48:47] INFO     - Processing player of MI : 'Jasprit Bumrah' | 38 points | team: MI
[2026-04-20 00:48:47] DEBUG    - Match found for Jasprit Bumrah in Points at row 11
[2026-04-20 00:48:47] INFO     - No update needed for Jasprit Bumrah in Points as points are unchanged.
[2026-04-20 00:48:47] DEBUG    - ===============================================================
[2026-04-20 00:48:47] INFO     - Processing count= 8
[2026-04-20 00:48:47] INFO     - 
Skipping Harpreet Brar as points is zero.
[2026-04-20 00:48:47] DEBUG    - ===============================================================
[2026-04-20 00:48:47] INFO     - Processing count= 9
[2026-04-20 00:48:47] INFO     - Processing player of PBSK : 'Yuzvendra Chahal' | 130 points | team: PBSK
[2026-04-20 00:48:47] DEBUG    - Match found for Yuzvendra Chahal in Points at row 13
[2026-04-20 00:48:48] INFO     - Points gained for Yuzvendra Chahal in Points: 34 (Points: 130, Dot Balls: 24, Previous Total: 120)
[2026-04-20 00:48:48] INFO     - Data updated successfully for Yuzvendra Chahal in Points - 130 points and 24 dot balls!
[2026-04-20 00:48:48] DEBUG    - Sleeping 4s before next update.
[2026-04-20 00:48:52] DEBUG    - ===============================================================
[2026-04-20 00:48:52] INFO     - Processing count= 10
[2026-04-20 00:48:52] INFO     - Processing player of RCB : 'Romario Shepherd' | 157 points | team: RCB
[2026-04-20 00:48:52] DEBUG    - Match found for Romario Shepherd in Points at row 14
[2026-04-20 00:48:52] INFO     - No update needed for Romario Shepherd in Points as points are unchanged.
[2026-04-20 00:48:52] DEBUG    - ===============================================================
[2026-04-20 00:48:52] INFO     - Processing count= 11
[2026-04-20 00:48:52] INFO     - Processing player of RR : 'Vaibhav Sooryavanshi' | 388 points | team: RR
[2026-04-20 00:48:52] DEBUG    - Match found for Vaibhav Sooryavanshi in Points at row 15
[2026-04-20 00:48:53] INFO     - Points gained for Vaibhav Sooryavanshi in Points: 68 (Points: 388, Dot Balls: 0, Previous Total: 320)
[2026-04-20 00:48:53] INFO     - Data updated successfully for Vaibhav Sooryavanshi in Points - 388 points and 0 dot balls!
[2026-04-20 00:48:53] DEBUG    - Sleeping 4s before next update.
[2026-04-20 00:48:57] DEBUG    - ===============================================================
[2026-04-20 00:48:57] INFO     - Processing count= 12
[2026-04-20 00:48:57] INFO     - Processing player of RR : 'Ravi Bishnoi' | 312 points | team: RR
[2026-04-20 00:48:57] DEBUG    - Match found for Ravi Bishnoi in Points at row 16
[2026-04-20 00:48:58] INFO     - Points gained for Ravi Bishnoi in Points: 32 (Points: 312, Dot Balls: 33, Previous Total: 313)
[2026-04-20 00:48:58] INFO     - Data updated successfully for Ravi Bishnoi in Points - 312 points and 33 dot balls!
[2026-04-20 00:48:58] DEBUG    - Sleeping 4s before next update.
[2026-04-20 00:49:02] DEBUG    - ===============================================================
[2026-04-20 00:49:02] INFO     - Processing count= 13
[2026-04-20 00:49:02] INFO     - Processing player of SRH : 'Abhishek Sharma' | 303 points | team: SRH
[2026-04-20 00:49:02] DEBUG    - Match found for Abhishek Sharma in Points at row 17
[2026-04-20 00:49:02] INFO     - No update needed for Abhishek Sharma in Points as points are unchanged.
[2026-04-20 00:49:02] DEBUG    - ===============================================================
[2026-04-20 00:49:02] INFO     - Processing count= 14
[2026-04-20 00:49:02] INFO     - Processing player of SRH : 'Ishan Kishan' | 369 points | team: SRH
[2026-04-20 00:49:02] DEBUG    - Match found for Ishan Kishan in Points at row 18
[2026-04-20 00:49:02] INFO     - No update needed for Ishan Kishan in Points as points are unchanged.
[2026-04-20 00:49:02] DEBUG    - ===============================================================
[2026-04-20 00:49:02] INFO     - Processing count= 15
[2026-04-20 00:49:02] INFO     - 
Skipping Pat Cummins as points is zero.
[2026-04-20 00:49:02] DEBUG    - ===============================================================
[2026-04-20 00:49:02] INFO     - Processing count= 16
[2026-04-20 00:49:02] INFO     - Processing player of RCB : 'Rasikh Salam' | 169 points | team: RCB
[2026-04-20 00:49:02] DEBUG    - Match found for Rasikh Salam in Points at row 20
[2026-04-20 00:49:02] INFO     - No update needed for Rasikh Salam in Points as points are unchanged.
[2026-04-20 00:49:02] DEBUG    - ===============================================================
[2026-04-20 00:49:02] INFO     - Processing count= 17
[2026-04-20 00:49:02] INFO     - 
Skipping Matheesha Pathirana as points is zero.
[2026-04-20 00:49:02] DEBUG    - ===============================================================
[2026-04-20 00:49:02] INFO     - Processing count= 18
[2026-04-20 00:49:02] INFO     - 
Skipping Nathan Ellis as points is zero.
[2026-04-20 00:49:02] DEBUG    - ===============================================================
[2026-04-20 00:49:02] INFO     - Processing count= 19
[2026-04-20 00:49:02] INFO     - 
Skipping Yudhvir Singh as points is zero.
[2026-04-20 00:49:02] DEBUG    - ===============================================================
[2026-04-20 00:49:02] INFO     - Processing count= 20
[2026-04-20 00:49:02] INFO     - Processing player of CSK : 'Ayush Mhatre' | 311 points | team: CSK
[2026-04-20 00:49:02] DEBUG    - Match found for Ayush Mhatre in Points at row 24
[2026-04-20 00:49:02] INFO     - No update needed for Ayush Mhatre in Points as points are unchanged.
[2026-04-20 00:49:02] DEBUG    - ===============================================================
[2026-04-20 00:49:02] INFO     - Processing count= 21
[2026-04-20 00:49:02] INFO     - 
Skipping MS Dhoni as points is zero.
[2026-04-20 00:49:02] DEBUG    - ===============================================================
[2026-04-20 00:49:02] INFO     - Processing count= 22
[2026-04-20 00:49:02] INFO     - 
Skipping Mitchell Starc as points is zero.
[2026-04-20 00:49:02] DEBUG    - ===============================================================
[2026-04-20 00:49:02] INFO     - Processing count= 23
[2026-04-20 00:49:02] INFO     - Processing player of GT : 'Glenn Phillips' | 147 points | team: GT
[2026-04-20 00:49:02] DEBUG    - Match found for Glenn Phillips in Points at row 27
[2026-04-20 00:49:02] INFO     - No update needed for Glenn Phillips in Points as points are unchanged.
[2026-04-20 00:49:02] DEBUG    - ===============================================================
[2026-04-20 00:49:02] INFO     - Processing count= 24
[2026-04-20 00:49:02] INFO     - Processing player of KKR : 'Sunil Narine' | 246 points | team: KKR
[2026-04-20 00:49:02] DEBUG    - Match found for Sunil Narine in Points at row 28
[2026-04-20 00:49:03] INFO     - Points gained for Sunil Narine in Points: 77 (Points: 246, Dot Balls: 61, Previous Total: 230)
[2026-04-20 00:49:03] INFO     - Data updated successfully for Sunil Narine in Points - 246 points and 61 dot balls!
[2026-04-20 00:49:03] DEBUG    - Sleeping 4s before next update.
[2026-04-20 00:49:07] DEBUG    - ===============================================================
[2026-04-20 00:49:07] INFO     - Processing count= 25
[2026-04-20 00:49:07] INFO     - Processing player of KKR : 'Ajinkya Rahane' | 240 points | team: KKR
[2026-04-20 00:49:07] DEBUG    - Match found for Ajinkya Rahane in Points at row 29
[2026-04-20 00:49:08] INFO     - Points gained for Ajinkya Rahane in Points: 10 (Points: 240, Dot Balls: 0, Previous Total: 230)
[2026-04-20 00:49:08] INFO     - Data updated successfully for Ajinkya Rahane in Points - 240 points and 0 dot balls!
[2026-04-20 00:49:08] DEBUG    - Sleeping 4s before next update.
[2026-04-20 00:49:12] DEBUG    - ===============================================================
[2026-04-20 00:49:12] INFO     - Processing count= 26
[2026-04-20 00:49:12] INFO     - Processing player of LSG : 'Ayush Badoni' | 224 points | team: LSG
[2026-04-20 00:49:12] DEBUG    - Match found for Ayush Badoni in Points at row 30
[2026-04-20 00:49:13] INFO     - Points gained for Ayush Badoni in Points: 54 (Points: 224, Dot Balls: 0, Previous Total: 170)
[2026-04-20 00:49:13] INFO     - Data updated successfully for Ayush Badoni in Points - 224 points and 0 dot balls!
[2026-04-20 00:49:13] DEBUG    - Sleeping 4s before next update.
[2026-04-20 00:49:17] DEBUG    - ===============================================================
[2026-04-20 00:49:17] INFO     - Processing count= 27
[2026-04-20 00:49:17] INFO     - Processing player of MI : 'Hardik Pandya' | 180 points | team: MI
[2026-04-20 00:49:17] DEBUG    - Match found for Hardik Pandya in Points at row 31
[2026-04-20 00:49:17] INFO     - No update needed for Hardik Pandya in Points as points are unchanged.
[2026-04-20 00:49:17] DEBUG    - ===============================================================
[2026-04-20 00:49:17] INFO     - Processing count= 28
[2026-04-20 00:49:17] INFO     - Processing player of MI : 'Suryakumar Yadav' | 167 points | team: MI
[2026-04-20 00:49:17] DEBUG    - Match found for Suryakumar Yadav in Points at row 32
[2026-04-20 00:49:17] INFO     - No update needed for Suryakumar Yadav in Points as points are unchanged.
[2026-04-20 00:49:17] DEBUG    - ===============================================================
[2026-04-20 00:49:17] INFO     - Processing count= 29
[2026-04-20 00:49:17] INFO     - Processing player of MI : 'Rohit Sharma' | 204 points | team: MI
[2026-04-20 00:49:17] DEBUG    - Match found for Rohit Sharma in Points at row 33
[2026-04-20 00:49:17] INFO     - No update needed for Rohit Sharma in Points as points are unchanged.
[2026-04-20 00:49:17] DEBUG    - ===============================================================
[2026-04-20 00:49:17] INFO     - Processing count= 30
[2026-04-20 00:49:17] INFO     - Processing player of PBSK : 'Priyansh Arya' | 323 points | team: PBSK
[2026-04-20 00:49:17] DEBUG    - Match found for Priyansh Arya in Points at row 34
[2026-04-20 00:49:17] INFO     - Points gained for Priyansh Arya in Points: 133 (Points: 323, Dot Balls: 0, Previous Total: 190)
[2026-04-20 00:49:17] INFO     - Data updated successfully for Priyansh Arya in Points - 323 points and 0 dot balls!
[2026-04-20 00:49:17] DEBUG    - Sleeping 4s before next update.
[2026-04-20 00:49:21] DEBUG    - ===============================================================
[2026-04-20 00:49:21] INFO     - Processing count= 31
[2026-04-20 00:49:21] INFO     - Processing player of RCB : 'Phil Salt' | 348 points | team: RCB
[2026-04-20 00:49:21] DEBUG    - Match found for Phil Salt in Points at row 35
[2026-04-20 00:49:21] INFO     - No update needed for Phil Salt in Points as points are unchanged.
[2026-04-20 00:49:21] DEBUG    - ===============================================================
[2026-04-20 00:49:21] INFO     - Processing count= 32
[2026-04-20 00:49:21] INFO     - Processing player of RCB : 'Bhuvneshwar Kumar' | 325 points | team: RCB
[2026-04-20 00:49:21] DEBUG    - Match found for Bhuvneshwar Kumar in Points at row 36
[2026-04-20 00:49:21] INFO     - No update needed for Bhuvneshwar Kumar in Points as points are unchanged.
[2026-04-20 00:49:21] DEBUG    - ===============================================================
[2026-04-20 00:49:21] INFO     - Processing count= 33
[2026-04-20 00:49:21] INFO     - Processing player of RCB : 'Josh Hazlewood' | 103 points | team: RCB
[2026-04-20 00:49:21] DEBUG    - Match found for Josh Hazlewood in Points at row 37
[2026-04-20 00:49:21] INFO     - No update needed for Josh Hazlewood in Points as points are unchanged.
[2026-04-20 00:49:21] DEBUG    - ===============================================================
[2026-04-20 00:49:21] INFO     - Processing count= 34
[2026-04-20 00:49:21] INFO     - Processing player of RR : 'Shimron Hetmyer' | 112 points | team: RR
[2026-04-20 00:49:21] DEBUG    - Match found for Shimron Hetmyer in Points at row 38
[2026-04-20 00:49:22] INFO     - Points gained for Shimron Hetmyer in Points: 19 (Points: 112, Dot Balls: 0, Previous Total: 93)
[2026-04-20 00:49:22] INFO     - Data updated successfully for Shimron Hetmyer in Points - 112 points and 0 dot balls!
[2026-04-20 00:49:22] DEBUG    - Sleeping 4s before next update.
[2026-04-20 00:49:26] DEBUG    - ===============================================================
[2026-04-20 00:49:26] INFO     - Processing count= 35
[2026-04-20 00:49:26] INFO     - Processing player of RR : 'Sandeep Sharma' | 163 points | team: RR
[2026-04-20 00:49:26] DEBUG    - Match found for Sandeep Sharma in Points at row 39
[2026-04-20 00:49:26] INFO     - No update needed for Sandeep Sharma in Points as points are unchanged.
[2026-04-20 00:49:26] DEBUG    - ===============================================================
[2026-04-20 00:49:26] INFO     - Processing count= 36
[2026-04-20 00:49:26] INFO     - Processing player of PBSK : 'Marco Jansen' | 185 points | team: PBSK
[2026-04-20 00:49:26] DEBUG    - Match found for Marco Jansen in Points at row 40
[2026-04-20 00:49:27] INFO     - Points gained for Marco Jansen in Points: 61 (Points: 185, Dot Balls: 38, Previous Total: 162)
[2026-04-20 00:49:27] INFO     - Data updated successfully for Marco Jansen in Points - 185 points and 38 dot balls!
[2026-04-20 00:49:27] DEBUG    - Sleeping 4s before next update.
[2026-04-20 00:49:31] DEBUG    - ===============================================================
[2026-04-20 00:49:31] INFO     - Processing count= 37
[2026-04-20 00:49:31] INFO     - Processing player of CSK : 'Prashant Veer' | 72 points | team: CSK
[2026-04-20 00:49:31] DEBUG    - Match found for Prashant Veer in Points at row 41
[2026-04-20 00:49:31] INFO     - No update needed for Prashant Veer in Points as points are unchanged.
[2026-04-20 00:49:31] DEBUG    - ===============================================================
[2026-04-20 00:49:31] INFO     - Processing count= 38
[2026-04-20 00:49:31] INFO     - Processing player of CSK : 'Ruturaj Gaikwad' | 144 points | team: CSK
[2026-04-20 00:49:31] DEBUG    - Match found for Ruturaj Gaikwad in Points at row 42
[2026-04-20 00:49:31] INFO     - No update needed for Ruturaj Gaikwad in Points as points are unchanged.
[2026-04-20 00:49:31] DEBUG    - ===============================================================
[2026-04-20 00:49:31] INFO     - Processing count= 39
[2026-04-20 00:49:31] INFO     - Processing player of DC : 'Axar Patel' | 201 points | team: DC
[2026-04-20 00:49:31] DEBUG    - Match found for Axar Patel in Points at row 43
[2026-04-20 00:49:31] INFO     - No update needed for Axar Patel in Points as points are unchanged.
[2026-04-20 00:49:31] DEBUG    - ===============================================================
[2026-04-20 00:49:31] INFO     - Processing count= 40
[2026-04-20 00:49:31] INFO     - 
Skipping Abishek Porel as points is zero.
[2026-04-20 00:49:31] DEBUG    - ===============================================================
[2026-04-20 00:49:31] INFO     - Processing count= 41
[2026-04-20 00:49:31] INFO     - Processing player of DC : 'KL Rahul' | 273 points | team: DC
[2026-04-20 00:49:31] DEBUG    - Match found for KL Rahul in Points at row 45
[2026-04-20 00:49:31] INFO     - No update needed for KL Rahul in Points as points are unchanged.
[2026-04-20 00:49:31] DEBUG    - ===============================================================
[2026-04-20 00:49:31] INFO     - Processing count= 42
[2026-04-20 00:49:31] INFO     - Processing player of GT : 'Rashid Khan' | 221 points | team: GT
[2026-04-20 00:49:31] DEBUG    - Match found for Rashid Khan in Points at row 46
[2026-04-20 00:49:31] INFO     - No update needed for Rashid Khan in Points as points are unchanged.
[2026-04-20 00:49:31] DEBUG    - ===============================================================
[2026-04-20 00:49:31] INFO     - Processing count= 43
[2026-04-20 00:49:31] INFO     - Processing player of KKR : 'Cameron Green' | 285 points | team: KKR
[2026-04-20 00:49:31] DEBUG    - Match found for Cameron Green in Points at row 47
[2026-04-20 00:49:32] INFO     - Points gained for Cameron Green in Points: 50 (Points: 285, Dot Balls: 12, Previous Total: 247)
[2026-04-20 00:49:32] INFO     - Data updated successfully for Cameron Green in Points - 285 points and 12 dot balls!
[2026-04-20 00:49:32] DEBUG    - Sleeping 4s before next update.
[2026-04-20 00:49:36] DEBUG    - ===============================================================
[2026-04-20 00:49:36] INFO     - Processing count= 44
[2026-04-20 00:49:36] INFO     - Processing player of KKR : 'Varun Chakaravarthy' | 167 points | team: KKR
[2026-04-20 00:49:36] DEBUG    - Match found for Varun Chakaravarthy in Points at row 48
[2026-04-20 00:49:37] INFO     - Points gained for Varun Chakaravarthy in Points: 110 (Points: 167, Dot Balls: 30, Previous Total: 87)
[2026-04-20 00:49:37] INFO     - Data updated successfully for Varun Chakaravarthy in Points - 167 points and 30 dot balls!
[2026-04-20 00:49:37] DEBUG    - Sleeping 4s before next update.
[2026-04-20 00:49:41] DEBUG    - ===============================================================
[2026-04-20 00:49:41] INFO     - Processing count= 45
[2026-04-20 00:49:41] INFO     - Processing player of LSG : 'Digvesh Singh' | 99 points | team: LSG
[2026-04-20 00:49:41] DEBUG    - Match found for Digvesh Singh in Points at row 49
[2026-04-20 00:49:41] INFO     - No update needed for Digvesh Singh in Points as points are unchanged.
[2026-04-20 00:49:41] DEBUG    - ===============================================================
[2026-04-20 00:49:41] INFO     - Processing count= 46
[2026-04-20 00:49:41] INFO     - Processing player of LSG : 'Rishabh Pant' | 263 points | team: LSG
[2026-04-20 00:49:41] DEBUG    - Match found for Rishabh Pant in Points at row 50
[2026-04-20 00:49:42] INFO     - Points gained for Rishabh Pant in Points: 66 (Points: 263, Dot Balls: 0, Previous Total: 197)
[2026-04-20 00:49:42] INFO     - Data updated successfully for Rishabh Pant in Points - 263 points and 0 dot balls!
[2026-04-20 00:49:42] DEBUG    - Sleeping 4s before next update.
[2026-04-20 00:49:46] DEBUG    - ===============================================================
[2026-04-20 00:49:46] INFO     - Processing count= 47
[2026-04-20 00:49:46] INFO     - Processing player of PBSK : 'Arshdeep Singh' | 202 points | team: PBSK
[2026-04-20 00:49:46] DEBUG    - Match found for Arshdeep Singh in Points at row 51
[2026-04-20 00:49:47] INFO     - Points gained for Arshdeep Singh in Points: 35 (Points: 202, Dot Balls: 51, Previous Total: 218)
[2026-04-20 00:49:47] INFO     - Data updated successfully for Arshdeep Singh in Points - 202 points and 51 dot balls!
[2026-04-20 00:49:47] DEBUG    - Sleeping 4s before next update.
[2026-04-20 00:49:51] DEBUG    - ===============================================================
[2026-04-20 00:49:51] INFO     - Processing count= 48
[2026-04-20 00:49:51] INFO     - Processing player of RCB : 'Krunal Pandya' | 247 points | team: RCB
[2026-04-20 00:49:51] DEBUG    - Match found for Krunal Pandya in Points at row 52
[2026-04-20 00:49:51] INFO     - No update needed for Krunal Pandya in Points as points are unchanged.
[2026-04-20 00:49:51] DEBUG    - ===============================================================
[2026-04-20 00:49:51] INFO     - Processing count= 49
[2026-04-20 00:49:51] INFO     - Processing player of RCB : 'Rajat Patidar' | 394 points | team: RCB
[2026-04-20 00:49:51] DEBUG    - Match found for Rajat Patidar in Points at row 53
[2026-04-20 00:49:51] INFO     - No update needed for Rajat Patidar in Points as points are unchanged.
[2026-04-20 00:49:51] DEBUG    - ===============================================================
[2026-04-20 00:49:51] INFO     - Processing count= 50
[2026-04-20 00:49:51] INFO     - Processing player of RR : 'Yashasvi Jaiswal' | 346 points | team: RR
[2026-04-20 00:49:51] DEBUG    - Match found for Yashasvi Jaiswal in Points at row 54
[2026-04-20 00:49:51] INFO     - Points gained for Yashasvi Jaiswal in Points: 57 (Points: 346, Dot Balls: 0, Previous Total: 289)
[2026-04-20 00:49:51] INFO     - Data updated successfully for Yashasvi Jaiswal in Points - 346 points and 0 dot balls!
[2026-04-20 00:49:51] DEBUG    - Sleeping 4s before next update.
[2026-04-20 00:49:55] DEBUG    - ===============================================================
[2026-04-20 00:49:55] INFO     - Processing count= 51
[2026-04-20 00:49:55] INFO     - Processing player of SRH : 'Travis Head' | 215 points | team: SRH
[2026-04-20 00:49:55] DEBUG    - Match found for Travis Head in Points at row 55
[2026-04-20 00:49:55] INFO     - No update needed for Travis Head in Points as points are unchanged.
[2026-04-20 00:49:55] DEBUG    - ===============================================================
[2026-04-20 00:49:55] INFO     - Processing count= 52
[2026-04-20 00:49:55] INFO     - Processing player of SRH : 'Nitish Kumar Reddy' | 353 points | team: SRH
[2026-04-20 00:49:55] DEBUG    - Match found for Nitish Kumar Reddy in Points at row 56
[2026-04-20 00:49:55] INFO     - No update needed for Nitish Kumar Reddy in Points as points are unchanged.
[2026-04-20 00:49:55] DEBUG    - ===============================================================
[2026-04-20 00:49:55] INFO     - Processing count= 53
[2026-04-20 00:49:55] INFO     - Processing player of MI : 'Naman Dhir' | 176 points | team: MI
[2026-04-20 00:49:55] DEBUG    - Match found for Naman Dhir in Points at row 57
[2026-04-20 00:49:55] INFO     - No update needed for Naman Dhir in Points as points are unchanged.
[2026-04-20 00:49:55] DEBUG    - ===============================================================
[2026-04-20 00:49:55] INFO     - Processing count= 54
[2026-04-20 00:49:55] INFO     - Processing player of KKR : 'Finn Allen' | 138 points | team: KKR
[2026-04-20 00:49:55] DEBUG    - Match found for Finn Allen in Points at row 58
[2026-04-20 00:49:55] INFO     - No update needed for Finn Allen in Points as points are unchanged.
[2026-04-20 00:49:55] DEBUG    - ===============================================================
[2026-04-20 00:49:55] INFO     - Processing count= 55
[2026-04-20 00:49:55] INFO     - Processing player of GT : 'Rahul Tewatia' | 82 points | team: GT
[2026-04-20 00:49:55] DEBUG    - Match found for Rahul Tewatia in Points at row 59
[2026-04-20 00:49:55] INFO     - No update needed for Rahul Tewatia in Points as points are unchanged.
[2026-04-20 00:49:55] DEBUG    - ===============================================================
[2026-04-20 00:49:55] INFO     - Processing count= 56
[2026-04-20 00:49:55] INFO     - 
Skipping Jason Holder as points is zero.
[2026-04-20 00:49:55] DEBUG    - ===============================================================
[2026-04-20 00:49:55] INFO     - Processing count= 57
[2026-04-20 00:49:55] INFO     - Processing player of CSK : 'Dewald Brevis' | 117 points | team: CSK
[2026-04-20 00:49:55] DEBUG    - Match found for Dewald Brevis in Points at row 61
[2026-04-20 00:49:55] INFO     - No update needed for Dewald Brevis in Points as points are unchanged.
[2026-04-20 00:49:55] DEBUG    - ===============================================================
[2026-04-20 00:49:55] INFO     - Processing count= 58
[2026-04-20 00:49:55] INFO     - Processing player of CSK : 'Noor Ahmad' | 166 points | team: CSK
[2026-04-20 00:49:55] DEBUG    - Match found for Noor Ahmad in Points at row 62
[2026-04-20 00:49:55] INFO     - No update needed for Noor Ahmad in Points as points are unchanged.
[2026-04-20 00:49:55] DEBUG    - ===============================================================
[2026-04-20 00:49:55] INFO     - Processing count= 59
[2026-04-20 00:49:55] INFO     - Processing player of DC : 'Auqib Nabi' | 7 points | team: DC
[2026-04-20 00:49:55] DEBUG    - Match found for Auqib Nabi in Points at row 63
[2026-04-20 00:49:55] INFO     - No update needed for Auqib Nabi in Points as points are unchanged.
[2026-04-20 00:49:55] DEBUG    - ===============================================================
[2026-04-20 00:49:55] INFO     - Processing count= 60
[2026-04-20 00:49:55] INFO     - Processing player of GT : 'Jos Buttler' | 389 points | team: GT
[2026-04-20 00:49:55] DEBUG    - Match found for Jos Buttler in Points at row 64
[2026-04-20 00:49:55] INFO     - No update needed for Jos Buttler in Points as points are unchanged.
[2026-04-20 00:49:55] DEBUG    - ===============================================================
[2026-04-20 00:49:55] INFO     - Processing count= 61
[2026-04-20 00:49:55] INFO     - Processing player of GT : 'Prasidh Krishna' | 313 points | team: GT
[2026-04-20 00:49:55] DEBUG    - Match found for Prasidh Krishna in Points at row 65
[2026-04-20 00:49:55] INFO     - No update needed for Prasidh Krishna in Points as points are unchanged.
[2026-04-20 00:49:55] DEBUG    - ===============================================================
[2026-04-20 00:49:55] INFO     - Processing count= 62
[2026-04-20 00:49:55] INFO     - Processing player of KKR : 'Vaibhav Arora' | 210 points | team: KKR
[2026-04-20 00:49:55] DEBUG    - Match found for Vaibhav Arora in Points at row 66
[2026-04-20 00:49:56] INFO     - Points gained for Vaibhav Arora in Points: 16 (Points: 210, Dot Balls: 49, Previous Total: 243)
[2026-04-20 00:49:56] INFO     - Data updated successfully for Vaibhav Arora in Points - 210 points and 49 dot balls!
[2026-04-20 00:49:56] DEBUG    - Sleeping 4s before next update.
[2026-04-20 00:50:00] DEBUG    - ===============================================================
[2026-04-20 00:50:00] INFO     - Processing count= 63
[2026-04-20 00:50:00] INFO     - Processing player of LSG : 'Aiden Markram' | 279 points | team: LSG
[2026-04-20 00:50:00] DEBUG    - Match found for Aiden Markram in Points at row 67
[2026-04-20 00:50:01] INFO     - Points gained for Aiden Markram in Points: 73 (Points: 279, Dot Balls: 4, Previous Total: 210)
[2026-04-20 00:50:01] INFO     - Data updated successfully for Aiden Markram in Points - 279 points and 4 dot balls!
[2026-04-20 00:50:01] DEBUG    - Sleeping 4s before next update.
[2026-04-20 00:50:05] DEBUG    - ===============================================================
[2026-04-20 00:50:05] INFO     - Processing count= 64
[2026-04-20 00:50:05] INFO     - 
Skipping Will Jacks as points is zero.
[2026-04-20 00:50:05] DEBUG    - ===============================================================
[2026-04-20 00:50:05] INFO     - Processing count= 65
[2026-04-20 00:50:05] INFO     - Processing player of PBSK : 'Nehal Wadhera' | 83 points | team: PBSK
[2026-04-20 00:50:05] DEBUG    - Match found for Nehal Wadhera in Points at row 69
[2026-04-20 00:50:06] INFO     - Points gained for Nehal Wadhera in Points: 20 (Points: 83, Dot Balls: 0, Previous Total: 63)
[2026-04-20 00:50:06] INFO     - Data updated successfully for Nehal Wadhera in Points - 83 points and 0 dot balls!
[2026-04-20 00:50:06] DEBUG    - Sleeping 4s before next update.
[2026-04-20 00:50:10] DEBUG    - ===============================================================
[2026-04-20 00:50:10] INFO     - Processing count= 66
[2026-04-20 00:50:10] INFO     - Processing player of PBSK : 'Shreyas Iyer' | 336 points | team: PBSK
[2026-04-20 00:50:10] DEBUG    - Match found for Shreyas Iyer in Points at row 70
[2026-04-20 00:50:11] INFO     - Points gained for Shreyas Iyer in Points: 17 (Points: 336, Dot Balls: 0, Previous Total: 319)
[2026-04-20 00:50:11] INFO     - Data updated successfully for Shreyas Iyer in Points - 336 points and 0 dot balls!
[2026-04-20 00:50:11] DEBUG    - Sleeping 4s before next update.
[2026-04-20 00:50:15] DEBUG    - ===============================================================
[2026-04-20 00:50:15] INFO     - Processing count= 67
[2026-04-20 00:50:15] INFO     - Processing player of RCB : 'Devdutt Padikkal' | 290 points | team: RCB
[2026-04-20 00:50:15] DEBUG    - Match found for Devdutt Padikkal in Points at row 71
[2026-04-20 00:50:15] INFO     - No update needed for Devdutt Padikkal in Points as points are unchanged.
[2026-04-20 00:50:15] DEBUG    - ===============================================================
[2026-04-20 00:50:15] INFO     - Processing count= 68
[2026-04-20 00:50:15] INFO     - Processing player of RCB : 'Virat Kohli' | 393 points | team: RCB
[2026-04-20 00:50:15] DEBUG    - Match found for Virat Kohli in Points at row 72
[2026-04-20 00:50:15] INFO     - No update needed for Virat Kohli in Points as points are unchanged.
[2026-04-20 00:50:15] DEBUG    - ===============================================================
[2026-04-20 00:50:15] INFO     - Processing count= 69
[2026-04-20 00:50:15] INFO     - Processing player of RR : 'Riyan Parag' | 161 points | team: RR
[2026-04-20 00:50:15] DEBUG    - Match found for Riyan Parag in Points at row 73
[2026-04-20 00:50:16] INFO     - Points gained for Riyan Parag in Points: 18 (Points: 161, Dot Balls: 5, Previous Total: 148)
[2026-04-20 00:50:16] INFO     - Data updated successfully for Riyan Parag in Points - 161 points and 5 dot balls!
[2026-04-20 00:50:16] DEBUG    - Sleeping 4s before next update.
[2026-04-20 00:50:20] DEBUG    - ===============================================================
[2026-04-20 00:50:20] INFO     - Processing count= 70
[2026-04-20 00:50:20] INFO     - Processing player of SRH : 'Harshal Patel' | 9 points | team: SRH
[2026-04-20 00:50:20] DEBUG    - Match found for Harshal Patel in Points at row 74
[2026-04-20 00:50:20] INFO     - No update needed for Harshal Patel in Points as points are unchanged.
[2026-04-20 00:50:20] DEBUG    - ===============================================================
[2026-04-20 00:50:20] INFO     - Processing count= 71
[2026-04-20 00:50:20] INFO     - Processing player of SRH : 'Heinrich Klaasen' | 438 points | team: SRH
[2026-04-20 00:50:20] DEBUG    - Match found for Heinrich Klaasen in Points at row 75
[2026-04-20 00:50:20] INFO     - No update needed for Heinrich Klaasen in Points as points are unchanged.
[2026-04-20 00:50:20] DEBUG    - ===============================================================
[2026-04-20 00:50:20] INFO     - Processing count= 72
[2026-04-20 00:50:20] INFO     - Processing player of DC : 'Nitish Rana' | 59 points | team: DC
[2026-04-20 00:50:20] DEBUG    - Match found for Nitish Rana in Points at row 76
[2026-04-20 00:50:20] INFO     - No update needed for Nitish Rana in Points as points are unchanged.
[2026-04-20 00:50:20] DEBUG    - ===============================================================
[2026-04-20 00:50:20] INFO     - Processing count= 73
[2026-04-20 00:50:20] INFO     - Processing player of MI : 'Trent Boult' | 40 points | team: MI
[2026-04-20 00:50:20] DEBUG    - Match found for Trent Boult in Points at row 77
[2026-04-20 00:50:20] INFO     - No update needed for Trent Boult in Points as points are unchanged.
[2026-04-20 00:50:20] DEBUG    - ===============================================================
[2026-04-20 00:50:20] INFO     - Processing count= 74
[2026-04-20 00:50:20] INFO     - Processing player of RCB : 'Venkatesh Iyer' | 44 points | team: RCB
[2026-04-20 00:50:20] DEBUG    - Match found for Venkatesh Iyer in Points at row 78
[2026-04-20 00:50:20] INFO     - No update needed for Venkatesh Iyer in Points as points are unchanged.
[2026-04-20 00:50:20] DEBUG    - ===============================================================
[2026-04-20 00:50:20] INFO     - Processing count= 75
[2026-04-20 00:50:20] INFO     - 
Skipping Yash Dayal as points is zero.
[2026-04-20 00:50:20] DEBUG    - ===============================================================
[2026-04-20 00:50:20] INFO     - Processing count= 76
[2026-04-20 00:50:20] INFO     - Processing player of MI : 'Shardul Thakur' | 159 points | team: MI
[2026-04-20 00:50:20] DEBUG    - Match found for Shardul Thakur in Points at row 80
[2026-04-20 00:50:20] INFO     - No update needed for Shardul Thakur in Points as points are unchanged.
[2026-04-20 00:50:20] DEBUG    - ===============================================================
[2026-04-20 00:50:20] INFO     - Processing count= 77
[2026-04-20 00:50:20] INFO     - Processing player of CSK : 'Rahul Chahar' | 8 points | team: CSK
[2026-04-20 00:50:20] DEBUG    - Match found for Rahul Chahar in Points at row 81
[2026-04-20 00:50:20] INFO     - No update needed for Rahul Chahar in Points as points are unchanged.
[2026-04-20 00:50:20] DEBUG    - ===============================================================
[2026-04-20 00:50:20] INFO     - Processing count= 78
[2026-04-20 00:50:20] INFO     - Processing player of CSK : 'Khaleel Ahmed' | 70 points | team: CSK
[2026-04-20 00:50:20] DEBUG    - Match found for Khaleel Ahmed in Points at row 82
[2026-04-20 00:50:20] INFO     - No update needed for Khaleel Ahmed in Points as points are unchanged.
[2026-04-20 00:50:20] DEBUG    - ===============================================================
[2026-04-20 00:50:20] INFO     - Processing count= 79
[2026-04-20 00:50:20] INFO     - Processing player of DC : 'Tristan Stubbs' | 266 points | team: DC
[2026-04-20 00:50:20] DEBUG    - Match found for Tristan Stubbs in Points at row 83
[2026-04-20 00:50:20] INFO     - No update needed for Tristan Stubbs in Points as points are unchanged.
[2026-04-20 00:50:20] DEBUG    - ===============================================================
[2026-04-20 00:50:20] INFO     - Processing count= 80
[2026-04-20 00:50:20] INFO     - Processing player of DC : 'Kuldeep Yadav' | 172 points | team: DC
[2026-04-20 00:50:20] DEBUG    - Match found for Kuldeep Yadav in Points at row 84
[2026-04-20 00:50:20] INFO     - No update needed for Kuldeep Yadav in Points as points are unchanged.
[2026-04-20 00:50:20] DEBUG    - ===============================================================
[2026-04-20 00:50:20] INFO     - Processing count= 81
[2026-04-20 00:50:20] INFO     - Processing player of GT : 'Shubman Gill' | 393 points | team: GT
[2026-04-20 00:50:20] DEBUG    - Match found for Shubman Gill in Points at row 85
[2026-04-20 00:50:20] INFO     - No update needed for Shubman Gill in Points as points are unchanged.
[2026-04-20 00:50:20] DEBUG    - ===============================================================
[2026-04-20 00:50:20] INFO     - Processing count= 82
[2026-04-20 00:50:20] INFO     - Processing player of GT : 'Mohammed Siraj' | 167 points | team: GT
[2026-04-20 00:50:20] DEBUG    - Match found for Mohammed Siraj in Points at row 86
[2026-04-20 00:50:20] INFO     - No update needed for Mohammed Siraj in Points as points are unchanged.
[2026-04-20 00:50:20] DEBUG    - ===============================================================
[2026-04-20 00:50:20] INFO     - Processing count= 83
[2026-04-20 00:50:20] INFO     - Processing player of KKR : 'Angkrish Raghuvanshi' | 313 points | team: KKR
[2026-04-20 00:50:20] DEBUG    - Match found for Angkrish Raghuvanshi in Points at row 87
[2026-04-20 00:50:21] INFO     - Points gained for Angkrish Raghuvanshi in Points: 19 (Points: 313, Dot Balls: 0, Previous Total: 294)
[2026-04-20 00:50:21] INFO     - Data updated successfully for Angkrish Raghuvanshi in Points - 313 points and 0 dot balls!
[2026-04-20 00:50:21] DEBUG    - Sleeping 4s before next update.
[2026-04-20 00:50:25] DEBUG    - ===============================================================
[2026-04-20 00:50:25] INFO     - Processing count= 84
[2026-04-20 00:50:25] INFO     - Processing player of LSG : 'Mitchell Marsh' | 241 points | team: LSG
[2026-04-20 00:50:25] DEBUG    - Match found for Mitchell Marsh in Points at row 88
[2026-04-20 00:50:26] INFO     - Points gained for Mitchell Marsh in Points: 73 (Points: 241, Dot Balls: 0, Previous Total: 168)
[2026-04-20 00:50:26] INFO     - Data updated successfully for Mitchell Marsh in Points - 241 points and 0 dot balls!
[2026-04-20 00:50:26] DEBUG    - Sleeping 4s before next update.
[2026-04-20 00:50:30] DEBUG    - ===============================================================
[2026-04-20 00:50:30] INFO     - Processing count= 85
[2026-04-20 00:50:30] INFO     - Processing player of LSG : 'Nicholas Pooran' | 111 points | team: LSG
[2026-04-20 00:50:30] DEBUG    - Match found for Nicholas Pooran in Points at row 89
[2026-04-20 00:50:30] INFO     - Points gained for Nicholas Pooran in Points: 34 (Points: 111, Dot Balls: 0, Previous Total: 77)
[2026-04-20 00:50:30] INFO     - Data updated successfully for Nicholas Pooran in Points - 111 points and 0 dot balls!
[2026-04-20 00:50:30] DEBUG    - Sleeping 4s before next update.
[2026-04-20 00:50:34] DEBUG    - ===============================================================
[2026-04-20 00:50:34] INFO     - Processing count= 86
[2026-04-20 00:50:34] INFO     - Processing player of PBSK : 'Marcus Stoinis' | 100 points | team: PBSK
[2026-04-20 00:50:34] DEBUG    - Match found for Marcus Stoinis in Points at row 90
[2026-04-20 00:50:35] INFO     - Points gained for Marcus Stoinis in Points: 53 (Points: 100, Dot Balls: 1, Previous Total: 48)
[2026-04-20 00:50:35] INFO     - Data updated successfully for Marcus Stoinis in Points - 100 points and 1 dot balls!
[2026-04-20 00:50:35] DEBUG    - Sleeping 4s before next update.
[2026-04-20 00:50:39] DEBUG    - ===============================================================
[2026-04-20 00:50:39] INFO     - Processing count= 87
[2026-04-20 00:50:39] INFO     - Processing player of PBSK : 'Prabhsimran Singh' | 355 points | team: PBSK
[2026-04-20 00:50:39] DEBUG    - Match found for Prabhsimran Singh in Points at row 91
[2026-04-20 00:50:40] INFO     - Points gained for Prabhsimran Singh in Points: 10 (Points: 355, Dot Balls: 0, Previous Total: 345)
[2026-04-20 00:50:40] INFO     - Data updated successfully for Prabhsimran Singh in Points - 355 points and 0 dot balls!
[2026-04-20 00:50:40] DEBUG    - Sleeping 4s before next update.
[2026-04-20 00:50:44] DEBUG    - ===============================================================
[2026-04-20 00:50:44] INFO     - Processing count= 88
[2026-04-20 00:50:44] INFO     - Processing player of PBSK : 'Shashank Singh' | 170 points | team: PBSK
[2026-04-20 00:50:44] DEBUG    - Match found for Shashank Singh in Points at row 92
[2026-04-20 00:50:45] INFO     - Points gained for Shashank Singh in Points: 26 (Points: 170, Dot Balls: 10, Previous Total: 154)
[2026-04-20 00:50:45] INFO     - Data updated successfully for Shashank Singh in Points - 170 points and 10 dot balls!
[2026-04-20 00:50:45] DEBUG    - Sleeping 4s before next update.
[2026-04-20 00:50:49] DEBUG    - ===============================================================
[2026-04-20 00:50:49] INFO     - Processing count= 89
[2026-04-20 00:50:49] INFO     - Processing player of RCB : 'Jitesh Sharma' | 140 points | team: RCB
[2026-04-20 00:50:49] DEBUG    - Match found for Jitesh Sharma in Points at row 93
[2026-04-20 00:50:49] INFO     - No update needed for Jitesh Sharma in Points as points are unchanged.
[2026-04-20 00:50:49] DEBUG    - ===============================================================
[2026-04-20 00:50:49] INFO     - Processing count= 90
[2026-04-20 00:50:49] INFO     - Processing player of RR : 'Jofra Archer' | 290 points | team: RR
[2026-04-20 00:50:49] DEBUG    - Match found for Jofra Archer in Points at row 94
[2026-04-20 00:50:50] INFO     - Points gained for Jofra Archer in Points: 55 (Points: 290, Dot Balls: 58, Previous Total: 293)
[2026-04-20 00:50:50] INFO     - Data updated successfully for Jofra Archer in Points - 290 points and 58 dot balls!
[2026-04-20 00:50:50] DEBUG    - Sleeping 4s before next update.
[2026-04-20 00:50:54] DEBUG    - ===============================================================
[2026-04-20 00:50:54] INFO     - Processing count= 91
[2026-04-20 00:50:54] INFO     - Processing player of RR : 'Ravindra Jadeja' | 280 points | team: RR
[2026-04-20 00:50:54] DEBUG    - Match found for Ravindra Jadeja in Points at row 95
[2026-04-20 00:50:55] INFO     - Points gained for Ravindra Jadeja in Points: 88 (Points: 280, Dot Balls: 24, Previous Total: 216)
[2026-04-20 00:50:55] INFO     - Data updated successfully for Ravindra Jadeja in Points - 280 points and 24 dot balls!
[2026-04-20 00:50:55] DEBUG    - Sleeping 4s before next update.
[2026-04-20 00:50:59] DEBUG    - ===============================================================
[2026-04-20 00:50:59] INFO     - Processing count= 92
[2026-04-20 00:50:59] INFO     - Processing player of LSG : 'Mohammad Shami' | 182 points | team: LSG
[2026-04-20 00:50:59] DEBUG    - Match found for Mohammad Shami in Points at row 96
[2026-04-20 00:51:00] INFO     - Points gained for Mohammad Shami in Points: 39 (Points: 182, Dot Balls: 66, Previous Total: 209)
[2026-04-20 00:51:00] INFO     - Data updated successfully for Mohammad Shami in Points - 182 points and 66 dot balls!
[2026-04-20 00:51:00] DEBUG    - Sleeping 4s before next update.
[2026-04-20 00:51:04] DEBUG    - ===============================================================
[2026-04-20 00:51:04] INFO     - Processing count= 93
[2026-04-20 00:51:04] INFO     - Processing player of GT : 'Kagiso Rabada' | 231 points | team: GT
[2026-04-20 00:51:04] DEBUG    - Match found for Kagiso Rabada in Points at row 97
[2026-04-20 00:51:04] INFO     - No update needed for Kagiso Rabada in Points as points are unchanged.
[2026-04-20 00:51:04] DEBUG    - ===============================================================
[2026-04-20 00:51:04] INFO     - Processing count= 94
[2026-04-20 00:51:04] INFO     - Processing player of KKR : 'Rinku Singh' | 241 points | team: KKR
[2026-04-20 00:51:04] DEBUG    - Match found for Rinku Singh in Points at row 98
[2026-04-20 00:51:04] INFO     - Points gained for Rinku Singh in Points: 78 (Points: 241, Dot Balls: 0, Previous Total: 163)
[2026-04-20 00:51:04] INFO     - Data updated successfully for Rinku Singh in Points - 241 points and 0 dot balls!
[2026-04-20 00:51:04] DEBUG    - Sleeping 4s before next update.
[2026-04-20 00:51:08] DEBUG    - ===============================================================
[2026-04-20 00:51:08] INFO     - Processing count= 95
[2026-04-20 00:51:08] INFO     - Processing player of CSK : 'Kartik Sharma' | 41 points | team: CSK
[2026-04-20 00:51:08] DEBUG    - Match found for Kartik Sharma in Points at row 99
[2026-04-20 00:51:08] INFO     - No update needed for Kartik Sharma in Points as points are unchanged.
[2026-04-20 00:51:08] DEBUG    - ===============================================================
[2026-04-20 00:51:08] INFO     - Processing count= 96
[2026-04-20 00:51:08] INFO     - Processing player of DC : 'Ashutosh Sharma' | 34 points | team: DC
[2026-04-20 00:51:08] DEBUG    - Match found for Ashutosh Sharma in Points at row 100
[2026-04-20 00:51:08] INFO     - No update needed for Ashutosh Sharma in Points as points are unchanged.
[2026-04-20 00:51:08] DEBUG    - ===============================================================
[2026-04-20 00:51:08] INFO     - Processing count= 97
[2026-04-20 00:51:08] INFO     - Processing player of MI : 'Corbin Bosch' | 36 points | team: MI
[2026-04-20 00:51:08] DEBUG    - Match found for Corbin Bosch in Points at row 101
[2026-04-20 00:51:08] INFO     - No update needed for Corbin Bosch in Points as points are unchanged.
[2026-04-20 00:51:08] DEBUG    - ===============================================================
[2026-04-20 00:51:08] INFO     - Processing count= 98
[2026-04-20 00:51:08] INFO     - Processing player of RCB : 'Tim David' | 277 points | team: RCB
[2026-04-20 00:51:08] DEBUG    - Match found for Tim David in Points at row 102
[2026-04-20 00:51:08] INFO     - No update needed for Tim David in Points as points are unchanged.
[2026-04-20 00:51:08] DEBUG    - ===============================================================
[2026-04-20 00:51:08] INFO     - Processing count= 99
[2026-04-20 00:51:08] INFO     - Processing player of PBSK : 'Cooper Connolly' | 348 points | team: PBSK
[2026-04-20 00:51:08] DEBUG    - Match found for Cooper Connolly in Points at row 103
[2026-04-20 00:51:09] INFO     - Points gained for Cooper Connolly in Points: 127 (Points: 348, Dot Balls: 0, Previous Total: 221)
[2026-04-20 00:51:09] INFO     - Data updated successfully for Cooper Connolly in Points - 348 points and 0 dot balls!
[2026-04-20 00:51:09] DEBUG    - Sleeping 4s before next update.
[2026-04-20 00:51:13] DEBUG    - ===============================================================
[2026-04-20 00:51:13] INFO     - Processing count= 100
[2026-04-20 00:51:13] INFO     - Processing player of SRH : 'Liam Livingstone' | 57 points | team: SRH
[2026-04-20 00:51:13] DEBUG    - Match found for Liam Livingstone in Points at row 104
[2026-04-20 00:51:13] INFO     - No update needed for Liam Livingstone in Points as points are unchanged.
[2026-04-20 00:51:13] DEBUG    - ===============================================================
[2026-04-20 00:51:13] INFO     - Processing count= 101
[2026-04-20 00:51:13] INFO     - Processing player of PBSK : 'Vijaykumar Vyshak' | 178 points | team: PBSK
[2026-04-20 00:51:13] DEBUG    - Match found for Vijaykumar Vyshak in Points at row 105
[2026-04-20 00:51:14] INFO     - Points gained for Vijaykumar Vyshak in Points: 29 (Points: 178, Dot Balls: 0, Previous Total: 149)
[2026-04-20 00:51:14] INFO     - Data updated successfully for Vijaykumar Vyshak in Points - 178 points and 0 dot balls!
[2026-04-20 00:51:14] DEBUG    - Sleeping 4s before next update.
[2026-04-20 00:51:18] DEBUG    - ===============================================================
[2026-04-20 00:51:18] INFO     - Processing count= 102
[2026-04-20 00:51:18] INFO     - Processing player of RCB : 'Suyash Sharma' | 118 points | team: RCB
[2026-04-20 00:51:18] DEBUG    - Match found for Suyash Sharma in Points at row 106
[2026-04-20 00:51:18] INFO     - No update needed for Suyash Sharma in Points as points are unchanged.
[2026-04-20 00:51:18] DEBUG    - ===============================================================
[2026-04-20 00:51:18] INFO     - Processing count= 103
[2026-04-20 00:51:18] INFO     - Processing player of DC : 'David Miller' | 182 points | team: DC
[2026-04-20 00:51:18] DEBUG    - Match found for David Miller in Points at row 107
[2026-04-20 00:51:18] INFO     - No update needed for David Miller in Points as points are unchanged.
[2026-04-20 00:51:18] INFO     - Total players processed for team 'CSK': 10
[2026-04-20 00:51:18] INFO     - Total players processed for team 'GT': 9
[2026-04-20 00:51:18] INFO     - Total players processed for team 'LSG': 8
[2026-04-20 00:51:18] INFO     - Total players processed for team 'MI': 10
[2026-04-20 00:51:18] INFO     - Total players processed for team 'PBSK': 11
[2026-04-20 00:51:18] INFO     - Total players processed for team 'RCB': 13
[2026-04-20 00:51:18] INFO     - Total players processed for team 'RR': 8
[2026-04-20 00:51:18] INFO     - Total players processed for team 'SRH': 7
[2026-04-20 00:51:18] INFO     - Total players processed for team 'KKR': 8
[2026-04-20 00:51:18] INFO     - Total players processed for team 'DC': 8
[2026-04-20 00:51:18] DEBUG    - ===============================================================
[2026-04-20 00:51:18] WARNING  - Player not updated: Shivam Dube | Reason: Points unchanged
[2026-04-20 00:51:18] WARNING  - Player not updated: Sanju Samson | Reason: Points unchanged
[2026-04-20 00:51:18] WARNING  - Player not updated: Sai Sudharsan | Reason: Points unchanged
[2026-04-20 00:51:18] WARNING  - Player not updated: Tilak Varma | Reason: Points unchanged
[2026-04-20 00:51:18] WARNING  - Player not updated: Quinton de Kock | Reason: Points unchanged
[2026-04-20 00:51:18] WARNING  - Player not updated: Jasprit Bumrah | Reason: Points unchanged
[2026-04-20 00:51:18] WARNING  - Player not updated: Harpreet Brar | Reason: Points is zero
[2026-04-20 00:51:18] WARNING  - Player not updated: Romario Shepherd | Reason: Points unchanged
[2026-04-20 00:51:18] WARNING  - Player not updated: Abhishek Sharma | Reason: Points unchanged
[2026-04-20 00:51:18] WARNING  - Player not updated: Ishan Kishan | Reason: Points unchanged
[2026-04-20 00:51:18] WARNING  - Player not updated: Pat Cummins | Reason: Points is zero
[2026-04-20 00:51:18] WARNING  - Player not updated: Rasikh Salam | Reason: Points unchanged
[2026-04-20 00:51:18] WARNING  - Player not updated: Matheesha Pathirana | Reason: Points is zero
[2026-04-20 00:51:18] WARNING  - Player not updated: Nathan Ellis | Reason: Points is zero
[2026-04-20 00:51:18] WARNING  - Player not updated: Yudhvir Singh | Reason: Points is zero
[2026-04-20 00:51:18] WARNING  - Player not updated: Ayush Mhatre | Reason: Points unchanged
[2026-04-20 00:51:18] WARNING  - Player not updated: MS Dhoni | Reason: Points is zero
[2026-04-20 00:51:18] WARNING  - Player not updated: Mitchell Starc | Reason: Points is zero
[2026-04-20 00:51:18] WARNING  - Player not updated: Glenn Phillips | Reason: Points unchanged
[2026-04-20 00:51:18] WARNING  - Player not updated: Hardik Pandya | Reason: Points unchanged
[2026-04-20 00:51:18] WARNING  - Player not updated: Suryakumar Yadav | Reason: Points unchanged
[2026-04-20 00:51:18] WARNING  - Player not updated: Rohit Sharma | Reason: Points unchanged
[2026-04-20 00:51:18] WARNING  - Player not updated: Phil Salt | Reason: Points unchanged
[2026-04-20 00:51:18] WARNING  - Player not updated: Bhuvneshwar Kumar | Reason: Points unchanged
[2026-04-20 00:51:18] WARNING  - Player not updated: Josh Hazlewood | Reason: Points unchanged
[2026-04-20 00:51:18] WARNING  - Player not updated: Sandeep Sharma | Reason: Points unchanged
[2026-04-20 00:51:18] WARNING  - Player not updated: Prashant Veer | Reason: Points unchanged
[2026-04-20 00:51:18] WARNING  - Player not updated: Ruturaj Gaikwad | Reason: Points unchanged
[2026-04-20 00:51:18] WARNING  - Player not updated: Axar Patel | Reason: Points unchanged
[2026-04-20 00:51:18] WARNING  - Player not updated: Abishek Porel | Reason: Points is zero
[2026-04-20 00:51:18] WARNING  - Player not updated: KL Rahul | Reason: Points unchanged
[2026-04-20 00:51:18] WARNING  - Player not updated: Rashid Khan | Reason: Points unchanged
[2026-04-20 00:51:18] WARNING  - Player not updated: Digvesh Singh | Reason: Points unchanged
[2026-04-20 00:51:18] WARNING  - Player not updated: Krunal Pandya | Reason: Points unchanged
[2026-04-20 00:51:18] WARNING  - Player not updated: Rajat Patidar | Reason: Points unchanged
[2026-04-20 00:51:18] WARNING  - Player not updated: Travis Head | Reason: Points unchanged
[2026-04-20 00:51:18] WARNING  - Player not updated: Nitish Kumar Reddy | Reason: Points unchanged
[2026-04-20 00:51:18] WARNING  - Player not updated: Naman Dhir | Reason: Points unchanged
[2026-04-20 00:51:18] WARNING  - Player not updated: Finn Allen | Reason: Points unchanged
[2026-04-20 00:51:18] WARNING  - Player not updated: Rahul Tewatia | Reason: Points unchanged
[2026-04-20 00:51:18] WARNING  - Player not updated: Jason Holder | Reason: Points is zero
[2026-04-20 00:51:18] WARNING  - Player not updated: Dewald Brevis | Reason: Points unchanged
[2026-04-20 00:51:18] WARNING  - Player not updated: Noor Ahmad | Reason: Points unchanged
[2026-04-20 00:51:18] WARNING  - Player not updated: Auqib Nabi | Reason: Points unchanged
[2026-04-20 00:51:18] WARNING  - Player not updated: Jos Buttler | Reason: Points unchanged
[2026-04-20 00:51:18] WARNING  - Player not updated: Prasidh Krishna | Reason: Points unchanged
[2026-04-20 00:51:18] WARNING  - Player not updated: Will Jacks | Reason: Points is zero
[2026-04-20 00:51:18] WARNING  - Player not updated: Devdutt Padikkal | Reason: Points unchanged
[2026-04-20 00:51:18] WARNING  - Player not updated: Virat Kohli | Reason: Points unchanged
[2026-04-20 00:51:18] WARNING  - Player not updated: Harshal Patel | Reason: Points unchanged
[2026-04-20 00:51:18] WARNING  - Player not updated: Heinrich Klaasen | Reason: Points unchanged
[2026-04-20 00:51:18] WARNING  - Player not updated: Nitish Rana | Reason: Points unchanged
[2026-04-20 00:51:18] WARNING  - Player not updated: Trent Boult | Reason: Points unchanged
[2026-04-20 00:51:18] WARNING  - Player not updated: Venkatesh Iyer | Reason: Points unchanged
[2026-04-20 00:51:18] WARNING  - Player not updated: Yash Dayal | Reason: Points is zero
[2026-04-20 00:51:18] WARNING  - Player not updated: Shardul Thakur | Reason: Points unchanged
[2026-04-20 00:51:18] WARNING  - Player not updated: Rahul Chahar | Reason: Points unchanged
[2026-04-20 00:51:18] WARNING  - Player not updated: Khaleel Ahmed | Reason: Points unchanged
[2026-04-20 00:51:18] WARNING  - Player not updated: Tristan Stubbs | Reason: Points unchanged
[2026-04-20 00:51:18] WARNING  - Player not updated: Kuldeep Yadav | Reason: Points unchanged
[2026-04-20 00:51:18] WARNING  - Player not updated: Shubman Gill | Reason: Points unchanged
[2026-04-20 00:51:18] WARNING  - Player not updated: Mohammed Siraj | Reason: Points unchanged
[2026-04-20 00:51:18] WARNING  - Player not updated: Jitesh Sharma | Reason: Points unchanged
[2026-04-20 00:51:18] WARNING  - Player not updated: Kagiso Rabada | Reason: Points unchanged
[2026-04-20 00:51:18] WARNING  - Player not updated: Kartik Sharma | Reason: Points unchanged
[2026-04-20 00:51:18] WARNING  - Player not updated: Ashutosh Sharma | Reason: Points unchanged
[2026-04-20 00:51:18] WARNING  - Player not updated: Corbin Bosch | Reason: Points unchanged
[2026-04-20 00:51:18] WARNING  - Player not updated: Tim David | Reason: Points unchanged
[2026-04-20 00:51:18] WARNING  - Player not updated: Liam Livingstone | Reason: Points unchanged
[2026-04-20 00:51:18] WARNING  - Player not updated: Suyash Sharma | Reason: Points unchanged
[2026-04-20 00:51:18] WARNING  - Player not updated: David Miller | Reason: Points unchanged
[2026-04-20 00:51:18] DEBUG    - ===============================================================
[2026-04-20 00:51:42] INFO     - Worksheets opened: ['Home', 'Data']
[2026-04-20 00:51:42] INFO     - Points Gained Today fetched: {'HW': 310, 'MC': 274, 'OL': 282, 'AS': 164, 'PA': 144}
[2026-04-20 00:51:42] INFO     - Writing to column 8 (19/04)
[2026-04-20 00:51:43] DEBUG    -   HW → H2 = 310
[2026-04-20 00:51:43] DEBUG    -   MC → H3 = 274
[2026-04-20 00:51:43] DEBUG    -   OL → H4 = 282
[2026-04-20 00:51:43] DEBUG    -   AS → H5 = 164
[2026-04-20 00:51:43] DEBUG    -   PA → H6 = 144
[2026-04-20 00:51:43] INFO     - Successfully updated 5 team(s) for 19/04.
[2026-04-20 00:51:44] INFO     - TOP 12 points fetched: {'PA': 3316, 'HW': 3302, 'OL': 3162, 'MC': 2979, 'AS': 2861}
[2026-04-20 00:51:44] INFO     - Column mapping: {'HW': 2, 'MC': 3, 'OL': 4, 'AS': 5, 'PA': 6}
[2026-04-20 00:51:45] INFO     - Today '19/04' found at row 31
[2026-04-20 00:51:45] DEBUG    -   PA → F31 = 3316
[2026-04-20 00:51:45] DEBUG    -   HW → B31 = 3302
[2026-04-20 00:51:45] DEBUG    -   OL → D31 = 3162
[2026-04-20 00:51:45] DEBUG    -   MC → C31 = 2979
[2026-04-20 00:51:45] DEBUG    -   AS → E31 = 2861
[2026-04-20 00:51:45] INFO     - Successfully updated 5 team(s) for '19/04' at row 31.
[2026-04-20 00:51:46] INFO     - ═════════════════════ All updates completed ═════════════════════
