[2026-05-15 23:44:11] INFO     - ═════════════════════ Process started ═════════════════════
[2026-05-15 23:44:12] INFO     - Excel loaded: 103 players, 103 bowlers from 'C:\Users\himan\Documents\UiPath\CrickInfo\Data\IPLPointsData.xlsx'
[2026-05-15 23:44:12] INFO     - Google Sheets authentication successful.
[2026-05-15 23:44:16] INFO     - Worksheets opened: ['Points', 'Home', 'Data']
[2026-05-15 23:44:25] INFO     - Updating previous points for all players before processing.
[2026-05-15 23:44:25] DEBUG    - ======================================================
[2026-05-15 23:44:29] DEBUG    - Updated previous points for 'Tilak Varma' at row 9: 471 → 582
[2026-05-15 23:44:29] DEBUG    - Sleeping 3s after updating previous points.
[2026-05-15 23:44:32] DEBUG    - Updated previous points for 'Jasprit Bumrah' at row 11: 238 → 251
[2026-05-15 23:44:32] DEBUG    - Sleeping 3s after updating previous points.
[2026-05-15 23:44:36] DEBUG    - Updated previous points for 'Yuzvendra Chahal' at row 13: 299 → 343
[2026-05-15 23:44:36] DEBUG    - Sleeping 3s after updating previous points.
[2026-05-15 23:44:39] DEBUG    - Updated previous points for 'Rohit Sharma' at row 33: 364 → 397
[2026-05-15 23:44:39] DEBUG    - Sleeping 3s after updating previous points.
[2026-05-15 23:44:43] DEBUG    - Updated previous points for 'Priyansh Arya' at row 34: 535 → 573
[2026-05-15 23:44:43] DEBUG    - Sleeping 3s after updating previous points.
[2026-05-15 23:44:46] DEBUG    - Updated previous points for 'Marco Jansen' at row 40: 363 → 392
[2026-05-15 23:44:46] DEBUG    - Sleeping 3s after updating previous points.
[2026-05-15 23:44:49] DEBUG    - Updated previous points for 'Arshdeep Singh' at row 51: 480 → 502
[2026-05-15 23:44:49] DEBUG    - Sleeping 3s after updating previous points.
[2026-05-15 23:44:53] DEBUG    - Updated previous points for 'Naman Dhir' at row 57: 509 → 524
[2026-05-15 23:44:53] DEBUG    - Sleeping 3s after updating previous points.
[2026-05-15 23:44:56] DEBUG    - Updated previous points for 'Will Jacks' at row 68: 142 → 195
[2026-05-15 23:44:56] DEBUG    - Sleeping 3s after updating previous points.
[2026-05-15 23:45:00] DEBUG    - Updated previous points for 'Shreyas Iyer' at row 70: 637 → 646
[2026-05-15 23:45:00] DEBUG    - Sleeping 3s after updating previous points.
[2026-05-15 23:45:03] DEBUG    - Updated previous points for 'Shardul Thakur' at row 80: 186 → 326
[2026-05-15 23:45:03] DEBUG    - Sleeping 3s after updating previous points.
[2026-05-15 23:45:06] DEBUG    - Updated previous points for 'Prabhsimran Singh' at row 91: 618 → 707
[2026-05-15 23:45:06] DEBUG    - Sleeping 3s after updating previous points.
[2026-05-15 23:45:10] DEBUG    - Updated previous points for 'Shashank Singh' at row 92: 224 → 230
[2026-05-15 23:45:10] DEBUG    - Sleeping 3s after updating previous points.
[2026-05-15 23:45:13] DEBUG    - Updated previous points for 'Corbin Bosch' at row 101: 244 → 295
[2026-05-15 23:45:13] DEBUG    - Sleeping 3s after updating previous points.
[2026-05-15 23:45:17] DEBUG    - Updated previous points for 'Cooper Connolly' at row 103: 671 → 700
[2026-05-15 23:45:17] DEBUG    - Sleeping 3s after updating previous points.
[2026-05-15 23:45:17] DEBUG    - ======================================================
[2026-05-15 23:45:39] DEBUG    - ===============================================================
[2026-05-15 23:45:39] INFO     - Pausing 5s before before next steps.
[2026-05-15 23:45:39] DEBUG    - ===============================================================
[2026-05-15 23:45:42] DEBUG    - ===============================================================
[2026-05-15 23:45:42] DEBUG    - ===============================================================
[2026-05-15 23:45:42] INFO     - Processing count= 1
[2026-05-15 23:45:42] INFO     - Processing player of CSK : 'Shivam Dube' | 349 points | team: CSK
[2026-05-15 23:45:42] DEBUG    - Match found for Shivam Dube in Points at row 5
[2026-05-15 23:45:42] INFO     - Points gained for Shivam Dube in Points: 53 (Points: 349, Dot Balls: 4, Previous Total: 300)
[2026-05-15 23:45:42] INFO     - Data updated successfully for Shivam Dube in Points - 349 points and 4 dot balls!
[2026-05-15 23:45:42] DEBUG    - Sleeping 3s before next update.
[2026-05-15 23:45:45] DEBUG    - ===============================================================
[2026-05-15 23:45:45] INFO     - Processing count= 2
[2026-05-15 23:45:45] INFO     - Processing player of CSK : 'Sanju Samson' | 712 points | team: CSK
[2026-05-15 23:45:45] DEBUG    - Match found for Sanju Samson in Points at row 6
[2026-05-15 23:45:46] INFO     - Points gained for Sanju Samson in Points: 27 (Points: 712, Dot Balls: 0, Previous Total: 685)
[2026-05-15 23:45:46] INFO     - Data updated successfully for Sanju Samson in Points - 712 points and 0 dot balls!
[2026-05-15 23:45:46] DEBUG    - Sleeping 3s before next update.
[2026-05-15 23:45:49] DEBUG    - ===============================================================
[2026-05-15 23:45:49] INFO     - Processing count= 3
[2026-05-15 23:45:49] INFO     - Processing player of GT : 'Sai Sudharsan' | 758 points | team: GT
[2026-05-15 23:45:49] DEBUG    - Match found for Sai Sudharsan in Points at row 7
[2026-05-15 23:45:49] INFO     - No update needed for Sai Sudharsan in Points as points are unchanged.
[2026-05-15 23:45:49] DEBUG    - ===============================================================
[2026-05-15 23:45:49] INFO     - Processing count= 4
[2026-05-15 23:45:49] INFO     - Processing player of LSG : 'Mohsin Khan' | 348 points | team: LSG
[2026-05-15 23:45:49] DEBUG    - Match found for Mohsin Khan in Points at row 8
[2026-05-15 23:45:49] INFO     - No update needed for Mohsin Khan in Points as points are unchanged.
[2026-05-15 23:45:49] DEBUG    - ===============================================================
[2026-05-15 23:45:49] INFO     - Processing count= 5
[2026-05-15 23:45:49] INFO     - Processing player of MI : 'Tilak Varma' | 582 points | team: MI
[2026-05-15 23:45:49] DEBUG    - Match found for Tilak Varma in Points at row 9
[2026-05-15 23:45:49] INFO     - No update needed for Tilak Varma in Points as points are unchanged.
[2026-05-15 23:45:49] DEBUG    - ===============================================================
[2026-05-15 23:45:49] INFO     - Processing count= 6
[2026-05-15 23:45:49] INFO     - Processing player of MI : 'Quinton de Kock' | 221 points | team: MI
[2026-05-15 23:45:49] DEBUG    - Match found for Quinton de Kock in Points at row 10
[2026-05-15 23:45:49] INFO     - No update needed for Quinton de Kock in Points as points are unchanged.
[2026-05-15 23:45:49] DEBUG    - ===============================================================
[2026-05-15 23:45:49] INFO     - Processing count= 7
[2026-05-15 23:45:49] INFO     - Processing player of MI : 'Jasprit Bumrah' | 151 points | team: MI
[2026-05-15 23:45:49] DEBUG    - Match found for Jasprit Bumrah in Points at row 11
[2026-05-15 23:45:49] INFO     - No update needed for Jasprit Bumrah in Points as points are unchanged.
[2026-05-15 23:45:49] DEBUG    - ===============================================================
[2026-05-15 23:45:49] INFO     - Processing count= 8
[2026-05-15 23:45:49] INFO     - Processing player of PBSK : 'Harpreet Brar' | 6 points | team: PBSK
[2026-05-15 23:45:49] DEBUG    - Match found for Harpreet Brar in Points at row 12
[2026-05-15 23:45:49] INFO     - No update needed for Harpreet Brar in Points as points are unchanged.
[2026-05-15 23:45:49] DEBUG    - ===============================================================
[2026-05-15 23:45:49] INFO     - Processing count= 9
[2026-05-15 23:45:49] INFO     - Processing player of PBSK : 'Yuzvendra Chahal' | 297 points | team: PBSK
[2026-05-15 23:45:49] DEBUG    - Match found for Yuzvendra Chahal in Points at row 13
[2026-05-15 23:45:49] INFO     - No update needed for Yuzvendra Chahal in Points as points are unchanged.
[2026-05-15 23:45:49] DEBUG    - ===============================================================
[2026-05-15 23:45:49] INFO     - Processing count= 10
[2026-05-15 23:45:49] INFO     - Processing player of RCB : 'Romario Shepherd' | 311 points | team: RCB
[2026-05-15 23:45:49] DEBUG    - Match found for Romario Shepherd in Points at row 14
[2026-05-15 23:45:49] INFO     - No update needed for Romario Shepherd in Points as points are unchanged.
[2026-05-15 23:45:49] DEBUG    - ===============================================================
[2026-05-15 23:45:49] INFO     - Processing count= 11
[2026-05-15 23:45:49] INFO     - Processing player of RR : 'Vaibhav Sooryavanshi' | 698 points | team: RR
[2026-05-15 23:45:49] DEBUG    - Match found for Vaibhav Sooryavanshi in Points at row 15
[2026-05-15 23:45:49] INFO     - No update needed for Vaibhav Sooryavanshi in Points as points are unchanged.
[2026-05-15 23:45:49] DEBUG    - ===============================================================
[2026-05-15 23:45:49] INFO     - Processing count= 12
[2026-05-15 23:45:49] INFO     - Processing player of RR : 'Ravi Bishnoi' | 359 points | team: RR
[2026-05-15 23:45:49] DEBUG    - Match found for Ravi Bishnoi in Points at row 16
[2026-05-15 23:45:49] INFO     - No update needed for Ravi Bishnoi in Points as points are unchanged.
[2026-05-15 23:45:49] DEBUG    - ===============================================================
[2026-05-15 23:45:49] INFO     - Processing count= 13
[2026-05-15 23:45:49] INFO     - Processing player of SRH : 'Abhishek Sharma' | 780 points | team: SRH
[2026-05-15 23:45:49] DEBUG    - Match found for Abhishek Sharma in Points at row 17
[2026-05-15 23:45:49] INFO     - No update needed for Abhishek Sharma in Points as points are unchanged.
[2026-05-15 23:45:49] DEBUG    - ===============================================================
[2026-05-15 23:45:49] INFO     - Processing count= 14
[2026-05-15 23:45:49] INFO     - Processing player of SRH : 'Ishan Kishan' | 712 points | team: SRH
[2026-05-15 23:45:49] DEBUG    - Match found for Ishan Kishan in Points at row 18
[2026-05-15 23:45:49] INFO     - No update needed for Ishan Kishan in Points as points are unchanged.
[2026-05-15 23:45:49] DEBUG    - ===============================================================
[2026-05-15 23:45:49] INFO     - Processing count= 15
[2026-05-15 23:45:49] INFO     - Processing player of SRH : 'Pat Cummins' | 207 points | team: SRH
[2026-05-15 23:45:49] DEBUG    - Match found for Pat Cummins in Points at row 19
[2026-05-15 23:45:49] INFO     - No update needed for Pat Cummins in Points as points are unchanged.
[2026-05-15 23:45:49] DEBUG    - ===============================================================
[2026-05-15 23:45:49] INFO     - Processing count= 16
[2026-05-15 23:45:49] INFO     - Processing player of RCB : 'Rasikh Salam' | 298 points | team: RCB
[2026-05-15 23:45:49] DEBUG    - Match found for Rasikh Salam in Points at row 20
[2026-05-15 23:45:49] INFO     - No update needed for Rasikh Salam in Points as points are unchanged.
[2026-05-15 23:45:49] DEBUG    - ===============================================================
[2026-05-15 23:45:49] INFO     - Processing count= 17
[2026-05-15 23:45:49] INFO     - 
Skipping Matheesha Pathirana as points is zero.
[2026-05-15 23:45:49] DEBUG    - ===============================================================
[2026-05-15 23:45:49] INFO     - Processing count= 18
[2026-05-15 23:45:49] INFO     - 
Skipping Nathan Ellis as points is zero.
[2026-05-15 23:45:49] DEBUG    - ===============================================================
[2026-05-15 23:45:49] INFO     - Processing count= 19
[2026-05-15 23:45:49] INFO     - 
Skipping Yudhvir Singh as points is zero.
[2026-05-15 23:45:49] DEBUG    - ===============================================================
[2026-05-15 23:45:49] INFO     - Processing count= 20
[2026-05-15 23:45:49] INFO     - Processing player of CSK : 'Ayush Mhatre' | 311 points | team: CSK
[2026-05-15 23:45:49] DEBUG    - Match found for Ayush Mhatre in Points at row 24
[2026-05-15 23:45:49] INFO     - No update needed for Ayush Mhatre in Points as points are unchanged.
[2026-05-15 23:45:49] DEBUG    - ===============================================================
[2026-05-15 23:45:49] INFO     - Processing count= 21
[2026-05-15 23:45:49] INFO     - 
Skipping MS Dhoni as points is zero.
[2026-05-15 23:45:49] DEBUG    - ===============================================================
[2026-05-15 23:45:49] INFO     - Processing count= 22
[2026-05-15 23:45:49] INFO     - Processing player of DC : 'Mitchell Starc' | 155 points | team: DC
[2026-05-15 23:45:49] DEBUG    - Match found for Mitchell Starc in Points at row 26
[2026-05-15 23:45:49] INFO     - No update needed for Mitchell Starc in Points as points are unchanged.
[2026-05-15 23:45:49] DEBUG    - ===============================================================
[2026-05-15 23:45:49] INFO     - Processing count= 23
[2026-05-15 23:45:49] INFO     - Processing player of GT : 'Glenn Phillips' | 165 points | team: GT
[2026-05-15 23:45:49] DEBUG    - Match found for Glenn Phillips in Points at row 27
[2026-05-15 23:45:49] INFO     - No update needed for Glenn Phillips in Points as points are unchanged.
[2026-05-15 23:45:49] DEBUG    - ===============================================================
[2026-05-15 23:45:49] INFO     - Processing count= 24
[2026-05-15 23:45:49] INFO     - Processing player of KKR : 'Sunil Narine' | 425 points | team: KKR
[2026-05-15 23:45:49] DEBUG    - Match found for Sunil Narine in Points at row 28
[2026-05-15 23:45:49] INFO     - No update needed for Sunil Narine in Points as points are unchanged.
[2026-05-15 23:45:49] DEBUG    - ===============================================================
[2026-05-15 23:45:49] INFO     - Processing count= 25
[2026-05-15 23:45:49] INFO     - Processing player of KKR : 'Ajinkya Rahane' | 401 points | team: KKR
[2026-05-15 23:45:49] DEBUG    - Match found for Ajinkya Rahane in Points at row 29
[2026-05-15 23:45:49] INFO     - No update needed for Ajinkya Rahane in Points as points are unchanged.
[2026-05-15 23:45:49] DEBUG    - ===============================================================
[2026-05-15 23:45:49] INFO     - Processing count= 26
[2026-05-15 23:45:49] INFO     - Processing player of LSG : 'Ayush Badoni' | 266 points | team: LSG
[2026-05-15 23:45:49] DEBUG    - Match found for Ayush Badoni in Points at row 30
[2026-05-15 23:45:49] INFO     - No update needed for Ayush Badoni in Points as points are unchanged.
[2026-05-15 23:45:49] DEBUG    - ===============================================================
[2026-05-15 23:45:49] INFO     - Processing count= 27
[2026-05-15 23:45:49] INFO     - Processing player of MI : 'Hardik Pandya' | 330 points | team: MI
[2026-05-15 23:45:49] DEBUG    - Match found for Hardik Pandya in Points at row 31
[2026-05-15 23:45:49] INFO     - No update needed for Hardik Pandya in Points as points are unchanged.
[2026-05-15 23:45:49] DEBUG    - ===============================================================
[2026-05-15 23:45:49] INFO     - Processing count= 28
[2026-05-15 23:45:49] INFO     - Processing player of MI : 'Suryakumar Yadav' | 324 points | team: MI
[2026-05-15 23:45:49] DEBUG    - Match found for Suryakumar Yadav in Points at row 32
[2026-05-15 23:45:49] INFO     - No update needed for Suryakumar Yadav in Points as points are unchanged.
[2026-05-15 23:45:49] DEBUG    - ===============================================================
[2026-05-15 23:45:49] INFO     - Processing count= 29
[2026-05-15 23:45:49] INFO     - Processing player of MI : 'Rohit Sharma' | 397 points | team: MI
[2026-05-15 23:45:49] DEBUG    - Match found for Rohit Sharma in Points at row 33
[2026-05-15 23:45:49] INFO     - No update needed for Rohit Sharma in Points as points are unchanged.
[2026-05-15 23:45:49] DEBUG    - ===============================================================
[2026-05-15 23:45:49] INFO     - Processing count= 30
[2026-05-15 23:45:49] INFO     - Processing player of PBSK : 'Priyansh Arya' | 573 points | team: PBSK
[2026-05-15 23:45:49] DEBUG    - Match found for Priyansh Arya in Points at row 34
[2026-05-15 23:45:49] INFO     - No update needed for Priyansh Arya in Points as points are unchanged.
[2026-05-15 23:45:49] DEBUG    - ===============================================================
[2026-05-15 23:45:49] INFO     - Processing count= 31
[2026-05-15 23:45:49] INFO     - Processing player of RCB : 'Phil Salt' | 348 points | team: RCB
[2026-05-15 23:45:49] DEBUG    - Match found for Phil Salt in Points at row 35
[2026-05-15 23:45:49] INFO     - No update needed for Phil Salt in Points as points are unchanged.
[2026-05-15 23:45:49] DEBUG    - ===============================================================
[2026-05-15 23:45:49] INFO     - Processing count= 32
[2026-05-15 23:45:49] INFO     - Processing player of RCB : 'Bhuvneshwar Kumar' | 731 points | team: RCB
[2026-05-15 23:45:49] DEBUG    - Match found for Bhuvneshwar Kumar in Points at row 36
[2026-05-15 23:45:49] INFO     - No update needed for Bhuvneshwar Kumar in Points as points are unchanged.
[2026-05-15 23:45:49] DEBUG    - ===============================================================
[2026-05-15 23:45:49] INFO     - Processing count= 33
[2026-05-15 23:45:49] INFO     - Processing player of RCB : 'Josh Hazlewood' | 367 points | team: RCB
[2026-05-15 23:45:49] DEBUG    - Match found for Josh Hazlewood in Points at row 37
[2026-05-15 23:45:49] INFO     - No update needed for Josh Hazlewood in Points as points are unchanged.
[2026-05-15 23:45:49] DEBUG    - ===============================================================
[2026-05-15 23:45:49] INFO     - Processing count= 34
[2026-05-15 23:45:49] INFO     - Processing player of RR : 'Shimron Hetmyer' | 169 points | team: RR
[2026-05-15 23:45:49] DEBUG    - Match found for Shimron Hetmyer in Points at row 38
[2026-05-15 23:45:49] INFO     - No update needed for Shimron Hetmyer in Points as points are unchanged.
[2026-05-15 23:45:49] DEBUG    - ===============================================================
[2026-05-15 23:45:49] INFO     - Processing count= 35
[2026-05-15 23:45:49] INFO     - Processing player of RR : 'Sandeep Sharma' | 163 points | team: RR
[2026-05-15 23:45:49] DEBUG    - Match found for Sandeep Sharma in Points at row 39
[2026-05-15 23:45:49] INFO     - No update needed for Sandeep Sharma in Points as points are unchanged.
[2026-05-15 23:45:49] DEBUG    - ===============================================================
[2026-05-15 23:45:49] INFO     - Processing count= 36
[2026-05-15 23:45:49] INFO     - Processing player of PBSK : 'Marco Jansen' | 317 points | team: PBSK
[2026-05-15 23:45:49] DEBUG    - Match found for Marco Jansen in Points at row 40
[2026-05-15 23:45:49] INFO     - No update needed for Marco Jansen in Points as points are unchanged.
[2026-05-15 23:45:49] DEBUG    - ===============================================================
[2026-05-15 23:45:49] INFO     - Processing count= 37
[2026-05-15 23:45:49] INFO     - Processing player of CSK : 'Prashant Veer' | 117 points | team: CSK
[2026-05-15 23:45:49] DEBUG    - Match found for Prashant Veer in Points at row 41
[2026-05-15 23:45:50] INFO     - Points gained for Prashant Veer in Points: 20 (Points: 117, Dot Balls: 5, Previous Total: 102)
[2026-05-15 23:45:50] INFO     - Data updated successfully for Prashant Veer in Points - 117 points and 5 dot balls!
[2026-05-15 23:45:50] DEBUG    - Sleeping 3s before next update.
[2026-05-15 23:45:53] DEBUG    - ===============================================================
[2026-05-15 23:45:53] INFO     - Processing count= 38
[2026-05-15 23:45:53] INFO     - Processing player of CSK : 'Ruturaj Gaikwad' | 476 points | team: CSK
[2026-05-15 23:45:53] DEBUG    - Match found for Ruturaj Gaikwad in Points at row 42
[2026-05-15 23:45:54] INFO     - Points gained for Ruturaj Gaikwad in Points: 19 (Points: 476, Dot Balls: 0, Previous Total: 457)
[2026-05-15 23:45:54] INFO     - Data updated successfully for Ruturaj Gaikwad in Points - 476 points and 0 dot balls!
[2026-05-15 23:45:54] DEBUG    - Sleeping 3s before next update.
[2026-05-15 23:45:57] DEBUG    - ===============================================================
[2026-05-15 23:45:57] INFO     - Processing count= 39
[2026-05-15 23:45:57] INFO     - Processing player of DC : 'Axar Patel' | 465 points | team: DC
[2026-05-15 23:45:57] DEBUG    - Match found for Axar Patel in Points at row 43
[2026-05-15 23:45:57] INFO     - No update needed for Axar Patel in Points as points are unchanged.
[2026-05-15 23:45:57] DEBUG    - ===============================================================
[2026-05-15 23:45:57] INFO     - Processing count= 40
[2026-05-15 23:45:57] INFO     - Processing player of DC : 'Abishek Porel' | 51 points | team: DC
[2026-05-15 23:45:57] DEBUG    - Match found for Abishek Porel in Points at row 44
[2026-05-15 23:45:57] INFO     - No update needed for Abishek Porel in Points as points are unchanged.
[2026-05-15 23:45:57] DEBUG    - ===============================================================
[2026-05-15 23:45:57] INFO     - Processing count= 41
[2026-05-15 23:45:57] INFO     - Processing player of DC : 'KL Rahul' | 735 points | team: DC
[2026-05-15 23:45:57] DEBUG    - Match found for KL Rahul in Points at row 45
[2026-05-15 23:45:57] INFO     - No update needed for KL Rahul in Points as points are unchanged.
[2026-05-15 23:45:57] DEBUG    - ===============================================================
[2026-05-15 23:45:57] INFO     - Processing count= 42
[2026-05-15 23:45:57] INFO     - Processing player of GT : 'Rashid Khan' | 583 points | team: GT
[2026-05-15 23:45:57] DEBUG    - Match found for Rashid Khan in Points at row 46
[2026-05-15 23:45:57] INFO     - No update needed for Rashid Khan in Points as points are unchanged.
[2026-05-15 23:45:57] DEBUG    - ===============================================================
[2026-05-15 23:45:57] INFO     - Processing count= 43
[2026-05-15 23:45:57] INFO     - Processing player of KKR : 'Cameron Green' | 529 points | team: KKR
[2026-05-15 23:45:57] DEBUG    - Match found for Cameron Green in Points at row 47
[2026-05-15 23:45:57] INFO     - No update needed for Cameron Green in Points as points are unchanged.
[2026-05-15 23:45:57] DEBUG    - ===============================================================
[2026-05-15 23:45:57] INFO     - Processing count= 44
[2026-05-15 23:45:57] INFO     - Processing player of KKR : 'Varun Chakaravarthy' | 308 points | team: KKR
[2026-05-15 23:45:57] DEBUG    - Match found for Varun Chakaravarthy in Points at row 48
[2026-05-15 23:45:57] INFO     - No update needed for Varun Chakaravarthy in Points as points are unchanged.
[2026-05-15 23:45:57] DEBUG    - ===============================================================
[2026-05-15 23:45:57] INFO     - Processing count= 45
[2026-05-15 23:45:57] INFO     - Processing player of LSG : 'Digvesh Singh' | 187 points | team: LSG
[2026-05-15 23:45:57] DEBUG    - Match found for Digvesh Singh in Points at row 49
[2026-05-15 23:45:57] INFO     - No update needed for Digvesh Singh in Points as points are unchanged.
[2026-05-15 23:45:57] DEBUG    - ===============================================================
[2026-05-15 23:45:57] INFO     - Processing count= 46
[2026-05-15 23:45:57] INFO     - Processing player of LSG : 'Rishabh Pant' | 466 points | team: LSG
[2026-05-15 23:45:57] DEBUG    - Match found for Rishabh Pant in Points at row 50
[2026-05-15 23:45:58] INFO     - Points gained for Rishabh Pant in Points: 4 (Points: 466, Dot Balls: 0, Previous Total: 462)
[2026-05-15 23:45:58] INFO     - Data updated successfully for Rishabh Pant in Points - 466 points and 0 dot balls!
[2026-05-15 23:45:58] DEBUG    - Sleeping 3s before next update.
[2026-05-15 23:46:01] DEBUG    - ===============================================================
[2026-05-15 23:46:01] INFO     - Processing count= 47
[2026-05-15 23:46:01] INFO     - Processing player of PBSK : 'Arshdeep Singh' | 402 points | team: PBSK
[2026-05-15 23:46:01] DEBUG    - Match found for Arshdeep Singh in Points at row 51
[2026-05-15 23:46:01] INFO     - No update needed for Arshdeep Singh in Points as points are unchanged.
[2026-05-15 23:46:01] DEBUG    - ===============================================================
[2026-05-15 23:46:01] INFO     - Processing count= 48
[2026-05-15 23:46:01] INFO     - Processing player of RCB : 'Krunal Pandya' | 515 points | team: RCB
[2026-05-15 23:46:01] DEBUG    - Match found for Krunal Pandya in Points at row 52
[2026-05-15 23:46:01] INFO     - No update needed for Krunal Pandya in Points as points are unchanged.
[2026-05-15 23:46:01] DEBUG    - ===============================================================
[2026-05-15 23:46:01] INFO     - Processing count= 49
[2026-05-15 23:46:01] INFO     - Processing player of RCB : 'Rajat Patidar' | 587 points | team: RCB
[2026-05-15 23:46:01] DEBUG    - Match found for Rajat Patidar in Points at row 53
[2026-05-15 23:46:01] INFO     - No update needed for Rajat Patidar in Points as points are unchanged.
[2026-05-15 23:46:01] DEBUG    - ===============================================================
[2026-05-15 23:46:01] INFO     - Processing count= 50
[2026-05-15 23:46:01] INFO     - Processing player of RR : 'Yashasvi Jaiswal' | 503 points | team: RR
[2026-05-15 23:46:01] DEBUG    - Match found for Yashasvi Jaiswal in Points at row 54
[2026-05-15 23:46:01] INFO     - No update needed for Yashasvi Jaiswal in Points as points are unchanged.
[2026-05-15 23:46:01] DEBUG    - ===============================================================
[2026-05-15 23:46:01] INFO     - Processing count= 51
[2026-05-15 23:46:01] INFO     - Processing player of SRH : 'Travis Head' | 551 points | team: SRH
[2026-05-15 23:46:01] DEBUG    - Match found for Travis Head in Points at row 55
[2026-05-15 23:46:01] INFO     - No update needed for Travis Head in Points as points are unchanged.
[2026-05-15 23:46:01] DEBUG    - ===============================================================
[2026-05-15 23:46:01] INFO     - Processing count= 52
[2026-05-15 23:46:01] INFO     - Processing player of SRH : 'Nitish Kumar Reddy' | 583 points | team: SRH
[2026-05-15 23:46:01] DEBUG    - Match found for Nitish Kumar Reddy in Points at row 56
[2026-05-15 23:46:01] INFO     - No update needed for Nitish Kumar Reddy in Points as points are unchanged.
[2026-05-15 23:46:01] DEBUG    - ===============================================================
[2026-05-15 23:46:01] INFO     - Processing count= 53
[2026-05-15 23:46:01] INFO     - Processing player of MI : 'Naman Dhir' | 524 points | team: MI
[2026-05-15 23:46:01] DEBUG    - Match found for Naman Dhir in Points at row 57
[2026-05-15 23:46:01] INFO     - No update needed for Naman Dhir in Points as points are unchanged.
[2026-05-15 23:46:01] DEBUG    - ===============================================================
[2026-05-15 23:46:01] INFO     - Processing count= 54
[2026-05-15 23:46:01] INFO     - Processing player of KKR : 'Finn Allen' | 362 points | team: KKR
[2026-05-15 23:46:01] DEBUG    - Match found for Finn Allen in Points at row 58
[2026-05-15 23:46:01] INFO     - No update needed for Finn Allen in Points as points are unchanged.
[2026-05-15 23:46:01] DEBUG    - ===============================================================
[2026-05-15 23:46:01] INFO     - Processing count= 55
[2026-05-15 23:46:01] INFO     - Processing player of GT : 'Rahul Tewatia' | 175 points | team: GT
[2026-05-15 23:46:01] DEBUG    - Match found for Rahul Tewatia in Points at row 59
[2026-05-15 23:46:01] INFO     - No update needed for Rahul Tewatia in Points as points are unchanged.
[2026-05-15 23:46:01] DEBUG    - ===============================================================
[2026-05-15 23:46:01] INFO     - Processing count= 56
[2026-05-15 23:46:01] INFO     - Processing player of GT : 'Jason Holder' | 529 points | team: GT
[2026-05-15 23:46:01] DEBUG    - Match found for Jason Holder in Points at row 60
[2026-05-15 23:46:01] INFO     - No update needed for Jason Holder in Points as points are unchanged.
[2026-05-15 23:46:01] DEBUG    - ===============================================================
[2026-05-15 23:46:01] INFO     - Processing count= 57
[2026-05-15 23:46:01] INFO     - Processing player of CSK : 'Dewald Brevis' | 279 points | team: CSK
[2026-05-15 23:46:01] DEBUG    - Match found for Dewald Brevis in Points at row 61
[2026-05-15 23:46:02] INFO     - Points gained for Dewald Brevis in Points: 37 (Points: 279, Dot Balls: 0, Previous Total: 242)
[2026-05-15 23:46:02] INFO     - Data updated successfully for Dewald Brevis in Points - 279 points and 0 dot balls!
[2026-05-15 23:46:02] DEBUG    - Sleeping 3s before next update.
[2026-05-15 23:46:05] DEBUG    - ===============================================================
[2026-05-15 23:46:05] INFO     - Processing count= 58
[2026-05-15 23:46:05] INFO     - Processing player of CSK : 'Noor Ahmad' | 400 points | team: CSK
[2026-05-15 23:46:05] DEBUG    - Match found for Noor Ahmad in Points at row 62
[2026-05-15 23:46:05] INFO     - Points gained for Noor Ahmad in Points: 16 (Points: 400, Dot Balls: 83, Previous Total: 467)
[2026-05-15 23:46:05] INFO     - Data updated successfully for Noor Ahmad in Points - 400 points and 83 dot balls!
[2026-05-15 23:46:05] DEBUG    - Sleeping 3s before next update.
[2026-05-15 23:46:08] DEBUG    - ===============================================================
[2026-05-15 23:46:08] INFO     - Processing count= 59
[2026-05-15 23:46:08] INFO     - Processing player of DC : 'Auqib Nabi' | 30 points | team: DC
[2026-05-15 23:46:08] DEBUG    - Match found for Auqib Nabi in Points at row 63
[2026-05-15 23:46:08] INFO     - No update needed for Auqib Nabi in Points as points are unchanged.
[2026-05-15 23:46:08] DEBUG    - ===============================================================
[2026-05-15 23:46:08] INFO     - Processing count= 60
[2026-05-15 23:46:08] INFO     - Processing player of GT : 'Jos Buttler' | 735 points | team: GT
[2026-05-15 23:46:08] DEBUG    - Match found for Jos Buttler in Points at row 64
[2026-05-15 23:46:08] INFO     - No update needed for Jos Buttler in Points as points are unchanged.
[2026-05-15 23:46:08] DEBUG    - ===============================================================
[2026-05-15 23:46:08] INFO     - Processing count= 61
[2026-05-15 23:46:08] INFO     - Processing player of GT : 'Prasidh Krishna' | 388 points | team: GT
[2026-05-15 23:46:08] DEBUG    - Match found for Prasidh Krishna in Points at row 65
[2026-05-15 23:46:08] INFO     - No update needed for Prasidh Krishna in Points as points are unchanged.
[2026-05-15 23:46:08] DEBUG    - ===============================================================
[2026-05-15 23:46:08] INFO     - Processing count= 62
[2026-05-15 23:46:08] INFO     - Processing player of KKR : 'Vaibhav Arora' | 330 points | team: KKR
[2026-05-15 23:46:08] DEBUG    - Match found for Vaibhav Arora in Points at row 66
[2026-05-15 23:46:08] INFO     - No update needed for Vaibhav Arora in Points as points are unchanged.
[2026-05-15 23:46:08] DEBUG    - ===============================================================
[2026-05-15 23:46:08] INFO     - Processing count= 63
[2026-05-15 23:46:08] INFO     - Processing player of LSG : 'Aiden Markram' | 423 points | team: LSG
[2026-05-15 23:46:08] DEBUG    - Match found for Aiden Markram in Points at row 67
[2026-05-15 23:46:09] INFO     - Points gained for Aiden Markram in Points: 12 (Points: 423, Dot Balls: 8, Previous Total: 419)
[2026-05-15 23:46:09] INFO     - Data updated successfully for Aiden Markram in Points - 423 points and 8 dot balls!
[2026-05-15 23:46:09] DEBUG    - Sleeping 3s before next update.
[2026-05-15 23:46:12] DEBUG    - ===============================================================
[2026-05-15 23:46:12] INFO     - Processing count= 64
[2026-05-15 23:46:12] INFO     - Processing player of MI : 'Will Jacks' | 185 points | team: MI
[2026-05-15 23:46:12] DEBUG    - Match found for Will Jacks in Points at row 68
[2026-05-15 23:46:12] INFO     - No update needed for Will Jacks in Points as points are unchanged.
[2026-05-15 23:46:12] DEBUG    - ===============================================================
[2026-05-15 23:46:12] INFO     - Processing count= 65
[2026-05-15 23:46:12] INFO     - Processing player of PBSK : 'Nehal Wadhera' | 127 points | team: PBSK
[2026-05-15 23:46:12] DEBUG    - Match found for Nehal Wadhera in Points at row 69
[2026-05-15 23:46:12] INFO     - No update needed for Nehal Wadhera in Points as points are unchanged.
[2026-05-15 23:46:12] DEBUG    - ===============================================================
[2026-05-15 23:46:12] INFO     - Processing count= 66
[2026-05-15 23:46:12] INFO     - Processing player of PBSK : 'Shreyas Iyer' | 646 points | team: PBSK
[2026-05-15 23:46:12] DEBUG    - Match found for Shreyas Iyer in Points at row 70
[2026-05-15 23:46:12] INFO     - No update needed for Shreyas Iyer in Points as points are unchanged.
[2026-05-15 23:46:12] DEBUG    - ===============================================================
[2026-05-15 23:46:12] INFO     - Processing count= 67
[2026-05-15 23:46:12] INFO     - Processing player of RCB : 'Devdutt Padikkal' | 657 points | team: RCB
[2026-05-15 23:46:12] DEBUG    - Match found for Devdutt Padikkal in Points at row 71
[2026-05-15 23:46:12] INFO     - No update needed for Devdutt Padikkal in Points as points are unchanged.
[2026-05-15 23:46:12] DEBUG    - ===============================================================
[2026-05-15 23:46:12] INFO     - Processing count= 68
[2026-05-15 23:46:12] INFO     - Processing player of RCB : 'Virat Kohli' | 757 points | team: RCB
[2026-05-15 23:46:12] DEBUG    - Match found for Virat Kohli in Points at row 72
[2026-05-15 23:46:12] INFO     - No update needed for Virat Kohli in Points as points are unchanged.
[2026-05-15 23:46:12] DEBUG    - ===============================================================
[2026-05-15 23:46:12] INFO     - Processing count= 69
[2026-05-15 23:46:12] INFO     - Processing player of RR : 'Riyan Parag' | 395 points | team: RR
[2026-05-15 23:46:12] DEBUG    - Match found for Riyan Parag in Points at row 73
[2026-05-15 23:46:12] INFO     - No update needed for Riyan Parag in Points as points are unchanged.
[2026-05-15 23:46:12] DEBUG    - ===============================================================
[2026-05-15 23:46:12] INFO     - Processing count= 70
[2026-05-15 23:46:12] INFO     - Processing player of SRH : 'Harshal Patel' | 20 points | team: SRH
[2026-05-15 23:46:12] DEBUG    - Match found for Harshal Patel in Points at row 74
[2026-05-15 23:46:12] INFO     - No update needed for Harshal Patel in Points as points are unchanged.
[2026-05-15 23:46:12] DEBUG    - ===============================================================
[2026-05-15 23:46:12] INFO     - Processing count= 71
[2026-05-15 23:46:12] INFO     - Processing player of SRH : 'Heinrich Klaasen' | 824 points | team: SRH
[2026-05-15 23:46:12] DEBUG    - Match found for Heinrich Klaasen in Points at row 75
[2026-05-15 23:46:12] INFO     - No update needed for Heinrich Klaasen in Points as points are unchanged.
[2026-05-15 23:46:12] DEBUG    - ===============================================================
[2026-05-15 23:46:12] INFO     - Processing count= 72
[2026-05-15 23:46:12] INFO     - Processing player of DC : 'Nitish Rana' | 374 points | team: DC
[2026-05-15 23:46:12] DEBUG    - Match found for Nitish Rana in Points at row 76
[2026-05-15 23:46:12] INFO     - No update needed for Nitish Rana in Points as points are unchanged.
[2026-05-15 23:46:12] DEBUG    - ===============================================================
[2026-05-15 23:46:12] INFO     - Processing count= 73
[2026-05-15 23:46:12] INFO     - Processing player of MI : 'Trent Boult' | 84 points | team: MI
[2026-05-15 23:46:12] DEBUG    - Match found for Trent Boult in Points at row 77
[2026-05-15 23:46:12] INFO     - No update needed for Trent Boult in Points as points are unchanged.
[2026-05-15 23:46:12] DEBUG    - ===============================================================
[2026-05-15 23:46:12] INFO     - Processing count= 74
[2026-05-15 23:46:12] INFO     - Processing player of RCB : 'Venkatesh Iyer' | 65 points | team: RCB
[2026-05-15 23:46:12] DEBUG    - Match found for Venkatesh Iyer in Points at row 78
[2026-05-15 23:46:12] INFO     - No update needed for Venkatesh Iyer in Points as points are unchanged.
[2026-05-15 23:46:12] DEBUG    - ===============================================================
[2026-05-15 23:46:12] INFO     - Processing count= 75
[2026-05-15 23:46:12] INFO     - 
Skipping Yash Dayal as points is zero.
[2026-05-15 23:46:12] DEBUG    - ===============================================================
[2026-05-15 23:46:12] INFO     - Processing count= 76
[2026-05-15 23:46:12] INFO     - Processing player of MI : 'Shardul Thakur' | 297 points | team: MI
[2026-05-15 23:46:12] DEBUG    - Match found for Shardul Thakur in Points at row 80
[2026-05-15 23:46:12] INFO     - No update needed for Shardul Thakur in Points as points are unchanged.
[2026-05-15 23:46:12] DEBUG    - ===============================================================
[2026-05-15 23:46:12] INFO     - Processing count= 77
[2026-05-15 23:46:12] INFO     - Processing player of CSK : 'Rahul Chahar' | 8 points | team: CSK
[2026-05-15 23:46:12] DEBUG    - Match found for Rahul Chahar in Points at row 81
[2026-05-15 23:46:12] INFO     - No update needed for Rahul Chahar in Points as points are unchanged.
[2026-05-15 23:46:12] DEBUG    - ===============================================================
[2026-05-15 23:46:12] INFO     - Processing count= 78
[2026-05-15 23:46:12] INFO     - Processing player of CSK : 'Khaleel Ahmed' | 70 points | team: CSK
[2026-05-15 23:46:12] DEBUG    - Match found for Khaleel Ahmed in Points at row 82
[2026-05-15 23:46:12] INFO     - No update needed for Khaleel Ahmed in Points as points are unchanged.
[2026-05-15 23:46:12] DEBUG    - ===============================================================
[2026-05-15 23:46:12] INFO     - Processing count= 79
[2026-05-15 23:46:12] INFO     - Processing player of DC : 'Tristan Stubbs' | 431 points | team: DC
[2026-05-15 23:46:12] DEBUG    - Match found for Tristan Stubbs in Points at row 83
[2026-05-15 23:46:12] INFO     - No update needed for Tristan Stubbs in Points as points are unchanged.
[2026-05-15 23:46:12] DEBUG    - ===============================================================
[2026-05-15 23:46:12] INFO     - Processing count= 80
[2026-05-15 23:46:12] INFO     - Processing player of DC : 'Kuldeep Yadav' | 244 points | team: DC
[2026-05-15 23:46:12] DEBUG    - Match found for Kuldeep Yadav in Points at row 84
[2026-05-15 23:46:12] INFO     - No update needed for Kuldeep Yadav in Points as points are unchanged.
[2026-05-15 23:46:12] DEBUG    - ===============================================================
[2026-05-15 23:46:12] INFO     - Processing count= 81
[2026-05-15 23:46:12] INFO     - Processing player of GT : 'Shubman Gill' | 752 points | team: GT
[2026-05-15 23:46:12] DEBUG    - Match found for Shubman Gill in Points at row 85
[2026-05-15 23:46:12] INFO     - No update needed for Shubman Gill in Points as points are unchanged.
[2026-05-15 23:46:12] DEBUG    - ===============================================================
[2026-05-15 23:46:12] INFO     - Processing count= 82
[2026-05-15 23:46:12] INFO     - Processing player of GT : 'Mohammed Siraj' | 421 points | team: GT
[2026-05-15 23:46:12] DEBUG    - Match found for Mohammed Siraj in Points at row 86
[2026-05-15 23:46:12] INFO     - No update needed for Mohammed Siraj in Points as points are unchanged.
[2026-05-15 23:46:12] DEBUG    - ===============================================================
[2026-05-15 23:46:12] INFO     - Processing count= 83
[2026-05-15 23:46:12] INFO     - Processing player of KKR : 'Angkrish Raghuvanshi' | 538 points | team: KKR
[2026-05-15 23:46:12] DEBUG    - Match found for Angkrish Raghuvanshi in Points at row 87
[2026-05-15 23:46:12] INFO     - No update needed for Angkrish Raghuvanshi in Points as points are unchanged.
[2026-05-15 23:46:12] DEBUG    - ===============================================================
[2026-05-15 23:46:12] INFO     - Processing count= 84
[2026-05-15 23:46:12] INFO     - Processing player of LSG : 'Mitchell Marsh' | 721 points | team: LSG
[2026-05-15 23:46:12] DEBUG    - Match found for Mitchell Marsh in Points at row 88
[2026-05-15 23:46:13] INFO     - Points gained for Mitchell Marsh in Points: 139 (Points: 721, Dot Balls: 0, Previous Total: 582)
[2026-05-15 23:46:13] INFO     - Data updated successfully for Mitchell Marsh in Points - 721 points and 0 dot balls!
[2026-05-15 23:46:13] DEBUG    - Sleeping 3s before next update.
[2026-05-15 23:46:16] DEBUG    - ===============================================================
[2026-05-15 23:46:16] INFO     - Processing count= 85
[2026-05-15 23:46:16] INFO     - Processing player of LSG : 'Nicholas Pooran' | 393 points | team: LSG
[2026-05-15 23:46:16] DEBUG    - Match found for Nicholas Pooran in Points at row 89
[2026-05-15 23:46:17] INFO     - Points gained for Nicholas Pooran in Points: 63 (Points: 393, Dot Balls: 0, Previous Total: 330)
[2026-05-15 23:46:17] INFO     - Data updated successfully for Nicholas Pooran in Points - 393 points and 0 dot balls!
[2026-05-15 23:46:17] DEBUG    - Sleeping 3s before next update.
[2026-05-15 23:46:20] DEBUG    - ===============================================================
[2026-05-15 23:46:20] INFO     - Processing count= 86
[2026-05-15 23:46:20] INFO     - Processing player of PBSK : 'Marcus Stoinis' | 349 points | team: PBSK
[2026-05-15 23:46:20] DEBUG    - Match found for Marcus Stoinis in Points at row 90
[2026-05-15 23:46:20] INFO     - No update needed for Marcus Stoinis in Points as points are unchanged.
[2026-05-15 23:46:20] DEBUG    - ===============================================================
[2026-05-15 23:46:20] INFO     - Processing count= 87
[2026-05-15 23:46:20] INFO     - Processing player of PBSK : 'Prabhsimran Singh' | 707 points | team: PBSK
[2026-05-15 23:46:20] DEBUG    - Match found for Prabhsimran Singh in Points at row 91
[2026-05-15 23:46:20] INFO     - No update needed for Prabhsimran Singh in Points as points are unchanged.
[2026-05-15 23:46:20] DEBUG    - ===============================================================
[2026-05-15 23:46:20] INFO     - Processing count= 88
[2026-05-15 23:46:20] INFO     - Processing player of PBSK : 'Shashank Singh' | 220 points | team: PBSK
[2026-05-15 23:46:20] DEBUG    - Match found for Shashank Singh in Points at row 92
[2026-05-15 23:46:20] INFO     - No update needed for Shashank Singh in Points as points are unchanged.
[2026-05-15 23:46:20] DEBUG    - ===============================================================
[2026-05-15 23:46:20] INFO     - Processing count= 89
[2026-05-15 23:46:20] INFO     - Processing player of RCB : 'Jitesh Sharma' | 275 points | team: RCB
[2026-05-15 23:46:20] DEBUG    - Match found for Jitesh Sharma in Points at row 93
[2026-05-15 23:46:20] INFO     - No update needed for Jitesh Sharma in Points as points are unchanged.
[2026-05-15 23:46:20] DEBUG    - ===============================================================
[2026-05-15 23:46:20] INFO     - Processing count= 90
[2026-05-15 23:46:20] INFO     - Processing player of RR : 'Jofra Archer' | 526 points | team: RR
[2026-05-15 23:46:20] DEBUG    - Match found for Jofra Archer in Points at row 94
[2026-05-15 23:46:20] INFO     - No update needed for Jofra Archer in Points as points are unchanged.
[2026-05-15 23:46:20] DEBUG    - ===============================================================
[2026-05-15 23:46:20] INFO     - Processing count= 91
[2026-05-15 23:46:20] INFO     - Processing player of RR : 'Ravindra Jadeja' | 515 points | team: RR
[2026-05-15 23:46:20] DEBUG    - Match found for Ravindra Jadeja in Points at row 95
[2026-05-15 23:46:20] INFO     - No update needed for Ravindra Jadeja in Points as points are unchanged.
[2026-05-15 23:46:20] DEBUG    - ===============================================================
[2026-05-15 23:46:20] INFO     - Processing count= 92
[2026-05-15 23:46:20] INFO     - Processing player of LSG : 'Mohammad Shami' | 353 points | team: LSG
[2026-05-15 23:46:20] DEBUG    - Match found for Mohammad Shami in Points at row 96
[2026-05-15 23:46:21] INFO     - Points gained for Mohammad Shami in Points: 35 (Points: 353, Dot Balls: 122, Previous Total: 440)
[2026-05-15 23:46:21] INFO     - Data updated successfully for Mohammad Shami in Points - 353 points and 122 dot balls!
[2026-05-15 23:46:21] DEBUG    - Sleeping 3s before next update.
[2026-05-15 23:46:24] DEBUG    - ===============================================================
[2026-05-15 23:46:24] INFO     - Processing count= 93
[2026-05-15 23:46:24] INFO     - Processing player of GT : 'Kagiso Rabada' | 681 points | team: GT
[2026-05-15 23:46:24] DEBUG    - Match found for Kagiso Rabada in Points at row 97
[2026-05-15 23:46:24] INFO     - No update needed for Kagiso Rabada in Points as points are unchanged.
[2026-05-15 23:46:24] DEBUG    - ===============================================================
[2026-05-15 23:46:24] INFO     - Processing count= 94
[2026-05-15 23:46:24] INFO     - Processing player of KKR : 'Rinku Singh' | 501 points | team: KKR
[2026-05-15 23:46:24] DEBUG    - Match found for Rinku Singh in Points at row 98
[2026-05-15 23:46:24] INFO     - No update needed for Rinku Singh in Points as points are unchanged.
[2026-05-15 23:46:24] DEBUG    - ===============================================================
[2026-05-15 23:46:24] INFO     - Processing count= 95
[2026-05-15 23:46:24] INFO     - Processing player of CSK : 'Kartik Sharma' | 362 points | team: CSK
[2026-05-15 23:46:24] DEBUG    - Match found for Kartik Sharma in Points at row 99
[2026-05-15 23:46:24] INFO     - Points gained for Kartik Sharma in Points: 103 (Points: 362, Dot Balls: 0, Previous Total: 259)
[2026-05-15 23:46:24] INFO     - Data updated successfully for Kartik Sharma in Points - 362 points and 0 dot balls!
[2026-05-15 23:46:24] DEBUG    - Sleeping 3s before next update.
[2026-05-15 23:46:27] DEBUG    - ===============================================================
[2026-05-15 23:46:27] INFO     - Processing count= 96
[2026-05-15 23:46:27] INFO     - Processing player of DC : 'Ashutosh Sharma' | 229 points | team: DC
[2026-05-15 23:46:27] DEBUG    - Match found for Ashutosh Sharma in Points at row 100
[2026-05-15 23:46:27] INFO     - No update needed for Ashutosh Sharma in Points as points are unchanged.
[2026-05-15 23:46:27] DEBUG    - ===============================================================
[2026-05-15 23:46:27] INFO     - Processing count= 97
[2026-05-15 23:46:27] INFO     - Processing player of MI : 'Corbin Bosch' | 262 points | team: MI
[2026-05-15 23:46:27] DEBUG    - Match found for Corbin Bosch in Points at row 101
[2026-05-15 23:46:27] INFO     - No update needed for Corbin Bosch in Points as points are unchanged.
[2026-05-15 23:46:27] DEBUG    - ===============================================================
[2026-05-15 23:46:27] INFO     - Processing count= 98
[2026-05-15 23:46:27] INFO     - Processing player of RCB : 'Tim David' | 384 points | team: RCB
[2026-05-15 23:46:27] DEBUG    - Match found for Tim David in Points at row 102
[2026-05-15 23:46:27] INFO     - No update needed for Tim David in Points as points are unchanged.
[2026-05-15 23:46:27] DEBUG    - ===============================================================
[2026-05-15 23:46:27] INFO     - Processing count= 99
[2026-05-15 23:46:27] INFO     - Processing player of PBSK : 'Cooper Connolly' | 700 points | team: PBSK
[2026-05-15 23:46:27] DEBUG    - Match found for Cooper Connolly in Points at row 103
[2026-05-15 23:46:27] INFO     - No update needed for Cooper Connolly in Points as points are unchanged.
[2026-05-15 23:46:27] DEBUG    - ===============================================================
[2026-05-15 23:46:27] INFO     - Processing count= 100
[2026-05-15 23:46:27] INFO     - Processing player of SRH : 'Liam Livingstone' | 57 points | team: SRH
[2026-05-15 23:46:27] DEBUG    - Match found for Liam Livingstone in Points at row 104
[2026-05-15 23:46:27] INFO     - No update needed for Liam Livingstone in Points as points are unchanged.
[2026-05-15 23:46:27] DEBUG    - ===============================================================
[2026-05-15 23:46:27] INFO     - Processing count= 101
[2026-05-15 23:46:27] INFO     - Processing player of PBSK : 'Vijaykumar Vyshak' | 263 points | team: PBSK
[2026-05-15 23:46:27] DEBUG    - Match found for Vijaykumar Vyshak in Points at row 105
[2026-05-15 23:46:27] INFO     - No update needed for Vijaykumar Vyshak in Points as points are unchanged.
[2026-05-15 23:46:27] DEBUG    - ===============================================================
[2026-05-15 23:46:27] INFO     - Processing count= 102
[2026-05-15 23:46:27] INFO     - Processing player of RCB : 'Suyash Sharma' | 231 points | team: RCB
[2026-05-15 23:46:27] DEBUG    - Match found for Suyash Sharma in Points at row 106
[2026-05-15 23:46:27] INFO     - No update needed for Suyash Sharma in Points as points are unchanged.
[2026-05-15 23:46:27] DEBUG    - ===============================================================
[2026-05-15 23:46:27] INFO     - Processing count= 103
[2026-05-15 23:46:27] INFO     - Processing player of DC : 'David Miller' | 305 points | team: DC
[2026-05-15 23:46:27] DEBUG    - Match found for David Miller in Points at row 107
[2026-05-15 23:46:27] INFO     - No update needed for David Miller in Points as points are unchanged.
[2026-05-15 23:46:27] INFO     - Total players processed for team 'CSK': 10
[2026-05-15 23:46:27] INFO     - Total players processed for team 'GT': 10
[2026-05-15 23:46:27] INFO     - Total players processed for team 'LSG': 8
[2026-05-15 23:46:27] INFO     - Total players processed for team 'MI': 11
[2026-05-15 23:46:27] INFO     - Total players processed for team 'PBSK': 12
[2026-05-15 23:46:27] INFO     - Total players processed for team 'RCB': 13
[2026-05-15 23:46:27] INFO     - Total players processed for team 'RR': 8
[2026-05-15 23:46:27] INFO     - Total players processed for team 'SRH': 8
[2026-05-15 23:46:27] INFO     - Total players processed for team 'DC': 10
[2026-05-15 23:46:27] INFO     - Total players processed for team 'KKR': 8
[2026-05-15 23:46:27] DEBUG    - ===============================================================
[2026-05-15 23:46:27] WARNING  - Player not updated: Sai Sudharsan | Reason: Points unchanged
[2026-05-15 23:46:27] WARNING  - Player not updated: Mohsin Khan | Reason: Points unchanged
[2026-05-15 23:46:27] WARNING  - Player not updated: Tilak Varma | Reason: Points unchanged
[2026-05-15 23:46:27] WARNING  - Player not updated: Quinton de Kock | Reason: Points unchanged
[2026-05-15 23:46:27] WARNING  - Player not updated: Jasprit Bumrah | Reason: Points unchanged
[2026-05-15 23:46:27] WARNING  - Player not updated: Harpreet Brar | Reason: Points unchanged
[2026-05-15 23:46:27] WARNING  - Player not updated: Yuzvendra Chahal | Reason: Points unchanged
[2026-05-15 23:46:27] WARNING  - Player not updated: Romario Shepherd | Reason: Points unchanged
[2026-05-15 23:46:27] WARNING  - Player not updated: Vaibhav Sooryavanshi | Reason: Points unchanged
[2026-05-15 23:46:27] WARNING  - Player not updated: Ravi Bishnoi | Reason: Points unchanged
[2026-05-15 23:46:27] WARNING  - Player not updated: Abhishek Sharma | Reason: Points unchanged
[2026-05-15 23:46:27] WARNING  - Player not updated: Ishan Kishan | Reason: Points unchanged
[2026-05-15 23:46:27] WARNING  - Player not updated: Pat Cummins | Reason: Points unchanged
[2026-05-15 23:46:27] WARNING  - Player not updated: Rasikh Salam | Reason: Points unchanged
[2026-05-15 23:46:27] WARNING  - Player not updated: Matheesha Pathirana | Reason: Points is zero
[2026-05-15 23:46:27] WARNING  - Player not updated: Nathan Ellis | Reason: Points is zero
[2026-05-15 23:46:27] WARNING  - Player not updated: Yudhvir Singh | Reason: Points is zero
[2026-05-15 23:46:27] WARNING  - Player not updated: Ayush Mhatre | Reason: Points unchanged
[2026-05-15 23:46:27] WARNING  - Player not updated: MS Dhoni | Reason: Points is zero
[2026-05-15 23:46:27] WARNING  - Player not updated: Mitchell Starc | Reason: Points unchanged
[2026-05-15 23:46:27] WARNING  - Player not updated: Glenn Phillips | Reason: Points unchanged
[2026-05-15 23:46:27] WARNING  - Player not updated: Sunil Narine | Reason: Points unchanged
[2026-05-15 23:46:27] WARNING  - Player not updated: Ajinkya Rahane | Reason: Points unchanged
[2026-05-15 23:46:27] WARNING  - Player not updated: Ayush Badoni | Reason: Points unchanged
[2026-05-15 23:46:27] WARNING  - Player not updated: Hardik Pandya | Reason: Points unchanged
[2026-05-15 23:46:27] WARNING  - Player not updated: Suryakumar Yadav | Reason: Points unchanged
[2026-05-15 23:46:27] WARNING  - Player not updated: Rohit Sharma | Reason: Points unchanged
[2026-05-15 23:46:27] WARNING  - Player not updated: Priyansh Arya | Reason: Points unchanged
[2026-05-15 23:46:27] WARNING  - Player not updated: Phil Salt | Reason: Points unchanged
[2026-05-15 23:46:27] WARNING  - Player not updated: Bhuvneshwar Kumar | Reason: Points unchanged
[2026-05-15 23:46:27] WARNING  - Player not updated: Josh Hazlewood | Reason: Points unchanged
[2026-05-15 23:46:27] WARNING  - Player not updated: Shimron Hetmyer | Reason: Points unchanged
[2026-05-15 23:46:27] WARNING  - Player not updated: Sandeep Sharma | Reason: Points unchanged
[2026-05-15 23:46:27] WARNING  - Player not updated: Marco Jansen | Reason: Points unchanged
[2026-05-15 23:46:27] WARNING  - Player not updated: Axar Patel | Reason: Points unchanged
[2026-05-15 23:46:27] WARNING  - Player not updated: Abishek Porel | Reason: Points unchanged
[2026-05-15 23:46:27] WARNING  - Player not updated: KL Rahul | Reason: Points unchanged
[2026-05-15 23:46:27] WARNING  - Player not updated: Rashid Khan | Reason: Points unchanged
[2026-05-15 23:46:27] WARNING  - Player not updated: Cameron Green | Reason: Points unchanged
[2026-05-15 23:46:27] WARNING  - Player not updated: Varun Chakaravarthy | Reason: Points unchanged
[2026-05-15 23:46:27] WARNING  - Player not updated: Digvesh Singh | Reason: Points unchanged
[2026-05-15 23:46:27] WARNING  - Player not updated: Arshdeep Singh | Reason: Points unchanged
[2026-05-15 23:46:27] WARNING  - Player not updated: Krunal Pandya | Reason: Points unchanged
[2026-05-15 23:46:27] WARNING  - Player not updated: Rajat Patidar | Reason: Points unchanged
[2026-05-15 23:46:27] WARNING  - Player not updated: Yashasvi Jaiswal | Reason: Points unchanged
[2026-05-15 23:46:27] WARNING  - Player not updated: Travis Head | Reason: Points unchanged
[2026-05-15 23:46:27] WARNING  - Player not updated: Nitish Kumar Reddy | Reason: Points unchanged
[2026-05-15 23:46:27] WARNING  - Player not updated: Naman Dhir | Reason: Points unchanged
[2026-05-15 23:46:27] WARNING  - Player not updated: Finn Allen | Reason: Points unchanged
[2026-05-15 23:46:27] WARNING  - Player not updated: Rahul Tewatia | Reason: Points unchanged
[2026-05-15 23:46:27] WARNING  - Player not updated: Jason Holder | Reason: Points unchanged
[2026-05-15 23:46:27] WARNING  - Player not updated: Auqib Nabi | Reason: Points unchanged
[2026-05-15 23:46:27] WARNING  - Player not updated: Jos Buttler | Reason: Points unchanged
[2026-05-15 23:46:27] WARNING  - Player not updated: Prasidh Krishna | Reason: Points unchanged
[2026-05-15 23:46:27] WARNING  - Player not updated: Vaibhav Arora | Reason: Points unchanged
[2026-05-15 23:46:27] WARNING  - Player not updated: Will Jacks | Reason: Points unchanged
[2026-05-15 23:46:27] WARNING  - Player not updated: Nehal Wadhera | Reason: Points unchanged
[2026-05-15 23:46:27] WARNING  - Player not updated: Shreyas Iyer | Reason: Points unchanged
[2026-05-15 23:46:27] WARNING  - Player not updated: Devdutt Padikkal | Reason: Points unchanged
[2026-05-15 23:46:27] WARNING  - Player not updated: Virat Kohli | Reason: Points unchanged
[2026-05-15 23:46:27] WARNING  - Player not updated: Riyan Parag | Reason: Points unchanged
[2026-05-15 23:46:27] WARNING  - Player not updated: Harshal Patel | Reason: Points unchanged
[2026-05-15 23:46:27] WARNING  - Player not updated: Heinrich Klaasen | Reason: Points unchanged
[2026-05-15 23:46:27] WARNING  - Player not updated: Nitish Rana | Reason: Points unchanged
[2026-05-15 23:46:27] WARNING  - Player not updated: Trent Boult | Reason: Points unchanged
[2026-05-15 23:46:27] WARNING  - Player not updated: Venkatesh Iyer | Reason: Points unchanged
[2026-05-15 23:46:27] WARNING  - Player not updated: Yash Dayal | Reason: Points is zero
[2026-05-15 23:46:27] WARNING  - Player not updated: Shardul Thakur | Reason: Points unchanged
[2026-05-15 23:46:27] WARNING  - Player not updated: Rahul Chahar | Reason: Points unchanged
[2026-05-15 23:46:27] WARNING  - Player not updated: Khaleel Ahmed | Reason: Points unchanged
[2026-05-15 23:46:27] WARNING  - Player not updated: Tristan Stubbs | Reason: Points unchanged
[2026-05-15 23:46:27] WARNING  - Player not updated: Kuldeep Yadav | Reason: Points unchanged
[2026-05-15 23:46:27] WARNING  - Player not updated: Shubman Gill | Reason: Points unchanged
[2026-05-15 23:46:27] WARNING  - Player not updated: Mohammed Siraj | Reason: Points unchanged
[2026-05-15 23:46:27] WARNING  - Player not updated: Angkrish Raghuvanshi | Reason: Points unchanged
[2026-05-15 23:46:27] WARNING  - Player not updated: Marcus Stoinis | Reason: Points unchanged
[2026-05-15 23:46:27] WARNING  - Player not updated: Prabhsimran Singh | Reason: Points unchanged
[2026-05-15 23:46:27] WARNING  - Player not updated: Shashank Singh | Reason: Points unchanged
[2026-05-15 23:46:27] WARNING  - Player not updated: Jitesh Sharma | Reason: Points unchanged
[2026-05-15 23:46:27] WARNING  - Player not updated: Jofra Archer | Reason: Points unchanged
[2026-05-15 23:46:27] WARNING  - Player not updated: Ravindra Jadeja | Reason: Points unchanged
[2026-05-15 23:46:27] WARNING  - Player not updated: Kagiso Rabada | Reason: Points unchanged
[2026-05-15 23:46:27] WARNING  - Player not updated: Rinku Singh | Reason: Points unchanged
[2026-05-15 23:46:27] WARNING  - Player not updated: Ashutosh Sharma | Reason: Points unchanged
[2026-05-15 23:46:27] WARNING  - Player not updated: Corbin Bosch | Reason: Points unchanged
[2026-05-15 23:46:27] WARNING  - Player not updated: Tim David | Reason: Points unchanged
[2026-05-15 23:46:27] WARNING  - Player not updated: Cooper Connolly | Reason: Points unchanged
[2026-05-15 23:46:27] WARNING  - Player not updated: Liam Livingstone | Reason: Points unchanged
[2026-05-15 23:46:27] WARNING  - Player not updated: Vijaykumar Vyshak | Reason: Points unchanged
[2026-05-15 23:46:27] WARNING  - Player not updated: Suyash Sharma | Reason: Points unchanged
[2026-05-15 23:46:27] WARNING  - Player not updated: David Miller | Reason: Points unchanged
[2026-05-15 23:46:27] DEBUG    - ===============================================================
[2026-05-15 23:47:06] ERROR    - Fatal error — process aborted: ('Connection aborted.', ConnectionResetError(10054, 'An existing connection was forcibly closed by the remote host', None, 10054, None))
Traceback (most recent call last):
  File "d:\CODE\ANACONDA\anaconda3\Lib\site-packages\urllib3\connectionpool.py", line 787, in urlopen
    response = self._make_request(
        conn,
    ...<10 lines>...
        **response_kw,
    )
  File "d:\CODE\ANACONDA\anaconda3\Lib\site-packages\urllib3\connectionpool.py", line 534, in _make_request
    response = conn.getresponse()
  File "d:\CODE\ANACONDA\anaconda3\Lib\site-packages\urllib3\connection.py", line 516, in getresponse
    httplib_response = super().getresponse()
  File "d:\CODE\ANACONDA\anaconda3\Lib\http\client.py", line 1430, in getresponse
    response.begin()
    ~~~~~~~~~~~~~~^^
  File "d:\CODE\ANACONDA\anaconda3\Lib\http\client.py", line 331, in begin
    version, status, reason = self._read_status()
                              ~~~~~~~~~~~~~~~~~^^
  File "d:\CODE\ANACONDA\anaconda3\Lib\http\client.py", line 292, in _read_status
    line = str(self.fp.readline(_MAXLINE + 1), "iso-8859-1")
               ~~~~~~~~~~~~~~~~^^^^^^^^^^^^^^
  File "d:\CODE\ANACONDA\anaconda3\Lib\socket.py", line 719, in readinto
    return self._sock.recv_into(b)
           ~~~~~~~~~~~~~~~~~~~~^^^
  File "d:\CODE\ANACONDA\anaconda3\Lib\ssl.py", line 1304, in recv_into
    return self.read(nbytes, buffer)
           ~~~~~~~~~^^^^^^^^^^^^^^^^
  File "d:\CODE\ANACONDA\anaconda3\Lib\ssl.py", line 1138, in read
    return self._sslobj.read(len, buffer)
           ~~~~~~~~~~~~~~~~~^^^^^^^^^^^^^
ConnectionResetError: [WinError 10054] An existing connection was forcibly closed by the remote host

During handling of the above exception, another exception occurred:

Traceback (most recent call last):
  File "d:\CODE\ANACONDA\anaconda3\Lib\site-packages\requests\adapters.py", line 644, in send
    resp = conn.urlopen(
        method=request.method,
    ...<9 lines>...
        chunked=chunked,
    )
  File "d:\CODE\ANACONDA\anaconda3\Lib\site-packages\urllib3\connectionpool.py", line 841, in urlopen
    retries = retries.increment(
        method, url, error=new_e, _pool=self, _stacktrace=sys.exc_info()[2]
    )
  File "d:\CODE\ANACONDA\anaconda3\Lib\site-packages\urllib3\util\retry.py", line 474, in increment
    raise reraise(type(error), error, _stacktrace)
          ~~~~~~~^^^^^^^^^^^^^^^^^^^^^^^^^^^^^^^^^
  File "d:\CODE\ANACONDA\anaconda3\Lib\site-packages\urllib3\util\util.py", line 38, in reraise
    raise value.with_traceback(tb)
  File "d:\CODE\ANACONDA\anaconda3\Lib\site-packages\urllib3\connectionpool.py", line 787, in urlopen
    response = self._make_request(
        conn,
    ...<10 lines>...
        **response_kw,
    )
  File "d:\CODE\ANACONDA\anaconda3\Lib\site-packages\urllib3\connectionpool.py", line 534, in _make_request
    response = conn.getresponse()
  File "d:\CODE\ANACONDA\anaconda3\Lib\site-packages\urllib3\connection.py", line 516, in getresponse
    httplib_response = super().getresponse()
  File "d:\CODE\ANACONDA\anaconda3\Lib\http\client.py", line 1430, in getresponse
    response.begin()
    ~~~~~~~~~~~~~~^^
  File "d:\CODE\ANACONDA\anaconda3\Lib\http\client.py", line 331, in begin
    version, status, reason = self._read_status()
                              ~~~~~~~~~~~~~~~~~^^
  File "d:\CODE\ANACONDA\anaconda3\Lib\http\client.py", line 292, in _read_status
    line = str(self.fp.readline(_MAXLINE + 1), "iso-8859-1")
               ~~~~~~~~~~~~~~~~^^^^^^^^^^^^^^
  File "d:\CODE\ANACONDA\anaconda3\Lib\socket.py", line 719, in readinto
    return self._sock.recv_into(b)
           ~~~~~~~~~~~~~~~~~~~~^^^
  File "d:\CODE\ANACONDA\anaconda3\Lib\ssl.py", line 1304, in recv_into
    return self.read(nbytes, buffer)
           ~~~~~~~~~^^^^^^^^^^^^^^^^
  File "d:\CODE\ANACONDA\anaconda3\Lib\ssl.py", line 1138, in read
    return self._sslobj.read(len, buffer)
           ~~~~~~~~~~~~~~~~~^^^^^^^^^^^^^
urllib3.exceptions.ProtocolError: ('Connection aborted.', ConnectionResetError(10054, 'An existing connection was forcibly closed by the remote host', None, 10054, None))

During handling of the above exception, another exception occurred:

Traceback (most recent call last):
  File "C:\Users\himan\Desktop\pythonScript_curr.py", line 602, in main
    ws2     = open_worksheets_d(client, ["Home", "Data"], logger)
  File "C:\Users\himan\Desktop\pythonScript_curr.py", line 92, in open_worksheets_d
    workbook = client.open(SHEET_NAME)
  File "d:\CODE\ANACONDA\anaconda3\Lib\site-packages\gspread\client.py", line 145, in open
    spreadsheet_files, response = self._list_spreadsheet_files(title, folder_id)
                                  ~~~~~~~~~~~~~~~~~~~~~~~~~~~~^^^^^^^^^^^^^^^^^^
  File "d:\CODE\ANACONDA\anaconda3\Lib\site-packages\gspread\client.py", line 118, in _list_spreadsheet_files
    response = self.http_client.request("get", url, params=params)
  File "d:\CODE\ANACONDA\anaconda3\Lib\site-packages\gspread\http_client.py", line 114, in request
    response = self.session.request(
        method=method,
    ...<6 lines>...
        timeout=self.timeout,
    )
  File "d:\CODE\ANACONDA\anaconda3\Lib\site-packages\google\auth\transport\requests.py", line 540, in request
    response = super(AuthorizedSession, self).request(
        method,
    ...<4 lines>...
        **kwargs
    )
  File "d:\CODE\ANACONDA\anaconda3\Lib\site-packages\requests\sessions.py", line 589, in request
    resp = self.send(prep, **send_kwargs)
  File "d:\CODE\ANACONDA\anaconda3\Lib\site-packages\requests\sessions.py", line 703, in send
    r = adapter.send(request, **kwargs)
  File "d:\CODE\ANACONDA\anaconda3\Lib\site-packages\requests\adapters.py", line 659, in send
    raise ConnectionError(err, request=request)
requests.exceptions.ConnectionError: ('Connection aborted.', ConnectionResetError(10054, 'An existing connection was forcibly closed by the remote host', None, 10054, None))
