[2026-05-08 00:40:22] INFO     - ═════════════════════ Process started ═════════════════════
[2026-05-08 00:40:23] INFO     - Excel loaded: 103 players, 103 bowlers from 'C:\Users\himan\Documents\UiPath\CrickInfo\Data\IPLPointsData.xlsx'
[2026-05-08 00:40:23] INFO     - Google Sheets authentication successful.
[2026-05-08 00:40:29] INFO     - Worksheets opened: ['Points', 'Home', 'Data']
[2026-05-08 00:40:34] INFO     - Updating previous points for all players before processing.
[2026-05-08 00:40:34] DEBUG    - ======================================================
[2026-05-08 00:40:37] DEBUG    - Updated previous points for 'Yuzvendra Chahal' at row 13: 253 → 287
[2026-05-08 00:40:37] DEBUG    - Sleeping 3s after updating previous points.
[2026-05-08 00:40:41] DEBUG    - Updated previous points for 'Abhishek Sharma' at row 17: 707 → 774
[2026-05-08 00:40:41] DEBUG    - Sleeping 3s after updating previous points.
[2026-05-08 00:40:44] DEBUG    - Updated previous points for 'Ishan Kishan' at row 18: 587 → 678
[2026-05-08 00:40:44] DEBUG    - Sleeping 3s after updating previous points.
[2026-05-08 00:40:48] DEBUG    - Updated previous points for 'Pat Cummins' at row 19: 104 → 184
[2026-05-08 00:40:48] DEBUG    - Sleeping 3s after updating previous points.
[2026-05-08 00:40:51] DEBUG    - Updated previous points for 'Priyansh Arya' at row 34: 444 → 449
[2026-05-08 00:40:51] DEBUG    - Sleeping 3s after updating previous points.
[2026-05-08 00:40:55] DEBUG    - Updated previous points for 'Marco Jansen' at row 40: 308 → 347
[2026-05-08 00:40:55] DEBUG    - Sleeping 3s after updating previous points.
[2026-05-08 00:40:58] DEBUG    - Updated previous points for 'Arshdeep Singh' at row 51: 375 → 408
[2026-05-08 00:40:58] DEBUG    - Sleeping 3s after updating previous points.
[2026-05-08 00:41:02] DEBUG    - Updated previous points for 'Travis Head' at row 55: 488 → 549
[2026-05-08 00:41:02] DEBUG    - Sleeping 3s after updating previous points.
[2026-05-08 00:41:05] DEBUG    - Updated previous points for 'Nitish Kumar Reddy' at row 56: 530 → 616
[2026-05-08 00:41:05] DEBUG    - Sleeping 3s after updating previous points.
[2026-05-08 00:41:09] DEBUG    - Updated previous points for 'Shreyas Iyer' at row 70: 533 → 551
[2026-05-08 00:41:09] DEBUG    - Sleeping 3s after updating previous points.
[2026-05-08 00:41:12] DEBUG    - Updated previous points for 'Heinrich Klaasen' at row 75: 692 → 788
[2026-05-08 00:41:12] DEBUG    - Sleeping 3s after updating previous points.
[2026-05-08 00:41:16] DEBUG    - Updated previous points for 'Marcus Stoinis' at row 90: 287 → 332
[2026-05-08 00:41:16] DEBUG    - Sleeping 3s after updating previous points.
[2026-05-08 00:41:19] DEBUG    - Updated previous points for 'Prabhsimran Singh' at row 91: 578 → 585
[2026-05-08 00:41:19] DEBUG    - Sleeping 3s after updating previous points.
[2026-05-08 00:41:23] DEBUG    - Updated previous points for 'Shashank Singh' at row 92: 213 → 222
[2026-05-08 00:41:23] DEBUG    - Sleeping 3s after updating previous points.
[2026-05-08 00:41:26] DEBUG    - Updated previous points for 'Cooper Connolly' at row 103: 448 → 604
[2026-05-08 00:41:26] DEBUG    - Sleeping 3s after updating previous points.
[2026-05-08 00:41:30] DEBUG    - Updated previous points for 'Vijaykumar Vyshak' at row 105: 239 → 263
[2026-05-08 00:41:30] DEBUG    - Sleeping 3s after updating previous points.
[2026-05-08 00:41:30] DEBUG    - ======================================================
[2026-05-08 00:42:08] DEBUG    - ===============================================================
[2026-05-08 00:42:08] INFO     - Pausing 5s before before next steps.
[2026-05-08 00:42:08] DEBUG    - ===============================================================
[2026-05-08 00:42:12] DEBUG    - ===============================================================
[2026-05-08 00:42:12] DEBUG    - ===============================================================
[2026-05-08 00:42:12] INFO     - Processing count= 1
[2026-05-08 00:42:12] INFO     - Processing player of CSK : 'Shivam Dube' | 273 points | team: CSK
[2026-05-08 00:42:12] DEBUG    - Match found for Shivam Dube in Points at row 5
[2026-05-08 00:42:12] INFO     - No update needed for Shivam Dube in Points as points are unchanged.
[2026-05-08 00:42:12] DEBUG    - ===============================================================
[2026-05-08 00:42:12] INFO     - Processing count= 2
[2026-05-08 00:42:12] INFO     - Processing player of CSK : 'Sanju Samson' | 626 points | team: CSK
[2026-05-08 00:42:12] DEBUG    - Match found for Sanju Samson in Points at row 6
[2026-05-08 00:42:12] INFO     - No update needed for Sanju Samson in Points as points are unchanged.
[2026-05-08 00:42:12] DEBUG    - ===============================================================
[2026-05-08 00:42:12] INFO     - Processing count= 3
[2026-05-08 00:42:12] INFO     - Processing player of GT : 'Sai Sudharsan' | 593 points | team: GT
[2026-05-08 00:42:12] DEBUG    - Match found for Sai Sudharsan in Points at row 7
[2026-05-08 00:42:12] INFO     - No update needed for Sai Sudharsan in Points as points are unchanged.
[2026-05-08 00:42:12] DEBUG    - ===============================================================
[2026-05-08 00:42:12] INFO     - Processing count= 4
[2026-05-08 00:42:12] INFO     - Processing player of LSG : 'Mohsin Khan' | 348 points | team: LSG
[2026-05-08 00:42:12] DEBUG    - Match found for Mohsin Khan in Points at row 8
[2026-05-08 00:42:12] INFO     - No update needed for Mohsin Khan in Points as points are unchanged.
[2026-05-08 00:42:12] DEBUG    - ===============================================================
[2026-05-08 00:42:12] INFO     - Processing count= 5
[2026-05-08 00:42:12] INFO     - Processing player of MI : 'Tilak Varma' | 365 points | team: MI
[2026-05-08 00:42:12] DEBUG    - Match found for Tilak Varma in Points at row 9
[2026-05-08 00:42:12] INFO     - No update needed for Tilak Varma in Points as points are unchanged.
[2026-05-08 00:42:12] DEBUG    - ===============================================================
[2026-05-08 00:42:12] INFO     - Processing count= 6
[2026-05-08 00:42:12] INFO     - Processing player of MI : 'Quinton de Kock' | 221 points | team: MI
[2026-05-08 00:42:12] DEBUG    - Match found for Quinton de Kock in Points at row 10
[2026-05-08 00:42:12] INFO     - No update needed for Quinton de Kock in Points as points are unchanged.
[2026-05-08 00:42:12] DEBUG    - ===============================================================
[2026-05-08 00:42:12] INFO     - Processing count= 7
[2026-05-08 00:42:12] INFO     - Processing player of MI : 'Jasprit Bumrah' | 139 points | team: MI
[2026-05-08 00:42:12] DEBUG    - Match found for Jasprit Bumrah in Points at row 11
[2026-05-08 00:42:12] INFO     - No update needed for Jasprit Bumrah in Points as points are unchanged.
[2026-05-08 00:42:12] DEBUG    - ===============================================================
[2026-05-08 00:42:12] INFO     - Processing count= 8
[2026-05-08 00:42:12] INFO     - Processing player of PBSK : 'Harpreet Brar' | 6 points | team: PBSK
[2026-05-08 00:42:12] DEBUG    - Match found for Harpreet Brar in Points at row 12
[2026-05-08 00:42:12] INFO     - No update needed for Harpreet Brar in Points as points are unchanged.
[2026-05-08 00:42:12] DEBUG    - ===============================================================
[2026-05-08 00:42:12] INFO     - Processing count= 9
[2026-05-08 00:42:12] INFO     - Processing player of PBSK : 'Yuzvendra Chahal' | 248 points | team: PBSK
[2026-05-08 00:42:12] DEBUG    - Match found for Yuzvendra Chahal in Points at row 13
[2026-05-08 00:42:12] INFO     - No update needed for Yuzvendra Chahal in Points as points are unchanged.
[2026-05-08 00:42:12] DEBUG    - ===============================================================
[2026-05-08 00:42:12] INFO     - Processing count= 10
[2026-05-08 00:42:12] INFO     - Processing player of RCB : 'Romario Shepherd' | 282 points | team: RCB
[2026-05-08 00:42:12] DEBUG    - Match found for Romario Shepherd in Points at row 14
[2026-05-08 00:42:13] INFO     - Points gained for Romario Shepherd in Points: 38 (Points: 282, Dot Balls: 23, Previous Total: 267)
[2026-05-08 00:42:13] INFO     - Data updated successfully for Romario Shepherd in Points - 282 points and 23 dot balls!
[2026-05-08 00:42:13] DEBUG    - Sleeping 3s before next update.
[2026-05-08 00:42:16] DEBUG    - ===============================================================
[2026-05-08 00:42:16] INFO     - Processing count= 11
[2026-05-08 00:42:16] INFO     - Processing player of RR : 'Vaibhav Sooryavanshi' | 639 points | team: RR
[2026-05-08 00:42:16] DEBUG    - Match found for Vaibhav Sooryavanshi in Points at row 15
[2026-05-08 00:42:16] INFO     - No update needed for Vaibhav Sooryavanshi in Points as points are unchanged.
[2026-05-08 00:42:16] DEBUG    - ===============================================================
[2026-05-08 00:42:16] INFO     - Processing count= 12
[2026-05-08 00:42:16] INFO     - Processing player of RR : 'Ravi Bishnoi' | 359 points | team: RR
[2026-05-08 00:42:16] DEBUG    - Match found for Ravi Bishnoi in Points at row 16
[2026-05-08 00:42:16] INFO     - No update needed for Ravi Bishnoi in Points as points are unchanged.
[2026-05-08 00:42:16] DEBUG    - ===============================================================
[2026-05-08 00:42:16] INFO     - Processing count= 13
[2026-05-08 00:42:16] INFO     - Processing player of SRH : 'Abhishek Sharma' | 768 points | team: SRH
[2026-05-08 00:42:16] DEBUG    - Match found for Abhishek Sharma in Points at row 17
[2026-05-08 00:42:16] INFO     - No update needed for Abhishek Sharma in Points as points are unchanged.
[2026-05-08 00:42:16] DEBUG    - ===============================================================
[2026-05-08 00:42:16] INFO     - Processing count= 14
[2026-05-08 00:42:16] INFO     - Processing player of SRH : 'Ishan Kishan' | 678 points | team: SRH
[2026-05-08 00:42:16] DEBUG    - Match found for Ishan Kishan in Points at row 18
[2026-05-08 00:42:16] INFO     - No update needed for Ishan Kishan in Points as points are unchanged.
[2026-05-08 00:42:16] DEBUG    - ===============================================================
[2026-05-08 00:42:16] INFO     - Processing count= 15
[2026-05-08 00:42:16] INFO     - Processing player of SRH : 'Pat Cummins' | 150 points | team: SRH
[2026-05-08 00:42:16] DEBUG    - Match found for Pat Cummins in Points at row 19
[2026-05-08 00:42:16] INFO     - No update needed for Pat Cummins in Points as points are unchanged.
[2026-05-08 00:42:16] DEBUG    - ===============================================================
[2026-05-08 00:42:16] INFO     - Processing count= 16
[2026-05-08 00:42:16] INFO     - Processing player of RCB : 'Rasikh Salam' | 223 points | team: RCB
[2026-05-08 00:42:16] DEBUG    - Match found for Rasikh Salam in Points at row 20
[2026-05-08 00:42:17] INFO     - Points gained for Rasikh Salam in Points: 23 (Points: 223, Dot Balls: 0, Previous Total: 200)
[2026-05-08 00:42:17] INFO     - Data updated successfully for Rasikh Salam in Points - 223 points and 0 dot balls!
[2026-05-08 00:42:17] DEBUG    - Sleeping 3s before next update.
[2026-05-08 00:42:20] DEBUG    - ===============================================================
[2026-05-08 00:42:20] INFO     - Processing count= 17
[2026-05-08 00:42:20] INFO     - 
Skipping Matheesha Pathirana as points is zero.
[2026-05-08 00:42:20] DEBUG    - ===============================================================
[2026-05-08 00:42:20] INFO     - Processing count= 18
[2026-05-08 00:42:20] INFO     - 
Skipping Nathan Ellis as points is zero.
[2026-05-08 00:42:20] DEBUG    - ===============================================================
[2026-05-08 00:42:20] INFO     - Processing count= 19
[2026-05-08 00:42:20] INFO     - 
Skipping Yudhvir Singh as points is zero.
[2026-05-08 00:42:20] DEBUG    - ===============================================================
[2026-05-08 00:42:20] INFO     - Processing count= 20
[2026-05-08 00:42:20] INFO     - Processing player of CSK : 'Ayush Mhatre' | 311 points | team: CSK
[2026-05-08 00:42:20] DEBUG    - Match found for Ayush Mhatre in Points at row 24
[2026-05-08 00:42:20] INFO     - No update needed for Ayush Mhatre in Points as points are unchanged.
[2026-05-08 00:42:20] DEBUG    - ===============================================================
[2026-05-08 00:42:20] INFO     - Processing count= 21
[2026-05-08 00:42:20] INFO     - 
Skipping MS Dhoni as points is zero.
[2026-05-08 00:42:20] DEBUG    - ===============================================================
[2026-05-08 00:42:20] INFO     - Processing count= 22
[2026-05-08 00:42:20] INFO     - Processing player of DC : 'Mitchell Starc' | 93 points | team: DC
[2026-05-08 00:42:20] DEBUG    - Match found for Mitchell Starc in Points at row 26
[2026-05-08 00:42:20] INFO     - No update needed for Mitchell Starc in Points as points are unchanged.
[2026-05-08 00:42:20] DEBUG    - ===============================================================
[2026-05-08 00:42:20] INFO     - Processing count= 23
[2026-05-08 00:42:20] INFO     - Processing player of GT : 'Glenn Phillips' | 165 points | team: GT
[2026-05-08 00:42:20] DEBUG    - Match found for Glenn Phillips in Points at row 27
[2026-05-08 00:42:20] INFO     - No update needed for Glenn Phillips in Points as points are unchanged.
[2026-05-08 00:42:20] DEBUG    - ===============================================================
[2026-05-08 00:42:20] INFO     - Processing count= 24
[2026-05-08 00:42:20] INFO     - Processing player of KKR : 'Sunil Narine' | 353 points | team: KKR
[2026-05-08 00:42:20] DEBUG    - Match found for Sunil Narine in Points at row 28
[2026-05-08 00:42:20] INFO     - No update needed for Sunil Narine in Points as points are unchanged.
[2026-05-08 00:42:20] DEBUG    - ===============================================================
[2026-05-08 00:42:20] INFO     - Processing count= 25
[2026-05-08 00:42:20] INFO     - Processing player of KKR : 'Ajinkya Rahane' | 327 points | team: KKR
[2026-05-08 00:42:20] DEBUG    - Match found for Ajinkya Rahane in Points at row 29
[2026-05-08 00:42:20] INFO     - No update needed for Ajinkya Rahane in Points as points are unchanged.
[2026-05-08 00:42:20] DEBUG    - ===============================================================
[2026-05-08 00:42:20] INFO     - Processing count= 26
[2026-05-08 00:42:20] INFO     - Processing player of LSG : 'Ayush Badoni' | 266 points | team: LSG
[2026-05-08 00:42:20] DEBUG    - Match found for Ayush Badoni in Points at row 30
[2026-05-08 00:42:20] INFO     - No update needed for Ayush Badoni in Points as points are unchanged.
[2026-05-08 00:42:20] DEBUG    - ===============================================================
[2026-05-08 00:42:20] INFO     - Processing count= 27
[2026-05-08 00:42:20] INFO     - Processing player of MI : 'Hardik Pandya' | 330 points | team: MI
[2026-05-08 00:42:20] DEBUG    - Match found for Hardik Pandya in Points at row 31
[2026-05-08 00:42:20] INFO     - No update needed for Hardik Pandya in Points as points are unchanged.
[2026-05-08 00:42:20] DEBUG    - ===============================================================
[2026-05-08 00:42:20] INFO     - Processing count= 28
[2026-05-08 00:42:20] INFO     - Processing player of MI : 'Suryakumar Yadav' | 322 points | team: MI
[2026-05-08 00:42:20] DEBUG    - Match found for Suryakumar Yadav in Points at row 32
[2026-05-08 00:42:20] INFO     - No update needed for Suryakumar Yadav in Points as points are unchanged.
[2026-05-08 00:42:20] DEBUG    - ===============================================================
[2026-05-08 00:42:20] INFO     - Processing count= 29
[2026-05-08 00:42:20] INFO     - Processing player of MI : 'Rohit Sharma' | 326 points | team: MI
[2026-05-08 00:42:20] DEBUG    - Match found for Rohit Sharma in Points at row 33
[2026-05-08 00:42:20] INFO     - No update needed for Rohit Sharma in Points as points are unchanged.
[2026-05-08 00:42:20] DEBUG    - ===============================================================
[2026-05-08 00:42:20] INFO     - Processing count= 30
[2026-05-08 00:42:20] INFO     - Processing player of PBSK : 'Priyansh Arya' | 449 points | team: PBSK
[2026-05-08 00:42:20] DEBUG    - Match found for Priyansh Arya in Points at row 34
[2026-05-08 00:42:20] INFO     - No update needed for Priyansh Arya in Points as points are unchanged.
[2026-05-08 00:42:20] DEBUG    - ===============================================================
[2026-05-08 00:42:20] INFO     - Processing count= 31
[2026-05-08 00:42:20] INFO     - Processing player of RCB : 'Phil Salt' | 348 points | team: RCB
[2026-05-08 00:42:20] DEBUG    - Match found for Phil Salt in Points at row 35
[2026-05-08 00:42:20] INFO     - No update needed for Phil Salt in Points as points are unchanged.
[2026-05-08 00:42:20] DEBUG    - ===============================================================
[2026-05-08 00:42:20] INFO     - Processing count= 32
[2026-05-08 00:42:20] INFO     - Processing player of RCB : 'Bhuvneshwar Kumar' | 563 points | team: RCB
[2026-05-08 00:42:20] DEBUG    - Match found for Bhuvneshwar Kumar in Points at row 36
[2026-05-08 00:42:20] INFO     - Points gained for Bhuvneshwar Kumar in Points: 12 (Points: 563, Dot Balls: 91, Previous Total: 642)
[2026-05-08 00:42:20] INFO     - Data updated successfully for Bhuvneshwar Kumar in Points - 563 points and 91 dot balls!
[2026-05-08 00:42:20] DEBUG    - Sleeping 3s before next update.
[2026-05-08 00:42:23] DEBUG    - ===============================================================
[2026-05-08 00:42:23] INFO     - Processing count= 33
[2026-05-08 00:42:23] INFO     - Processing player of RCB : 'Josh Hazlewood' | 301 points | team: RCB
[2026-05-08 00:42:23] DEBUG    - Match found for Josh Hazlewood in Points at row 37
[2026-05-08 00:42:24] INFO     - Points gained for Josh Hazlewood in Points: 32 (Points: 301, Dot Balls: 71, Previous Total: 340)
[2026-05-08 00:42:24] INFO     - Data updated successfully for Josh Hazlewood in Points - 301 points and 71 dot balls!
[2026-05-08 00:42:24] DEBUG    - Sleeping 3s before next update.
[2026-05-08 00:42:27] DEBUG    - ===============================================================
[2026-05-08 00:42:27] INFO     - Processing count= 34
[2026-05-08 00:42:27] INFO     - Processing player of RR : 'Shimron Hetmyer' | 158 points | team: RR
[2026-05-08 00:42:27] DEBUG    - Match found for Shimron Hetmyer in Points at row 38
[2026-05-08 00:42:27] INFO     - No update needed for Shimron Hetmyer in Points as points are unchanged.
[2026-05-08 00:42:27] DEBUG    - ===============================================================
[2026-05-08 00:42:27] INFO     - Processing count= 35
[2026-05-08 00:42:27] INFO     - Processing player of RR : 'Sandeep Sharma' | 163 points | team: RR
[2026-05-08 00:42:27] DEBUG    - Match found for Sandeep Sharma in Points at row 39
[2026-05-08 00:42:27] INFO     - No update needed for Sandeep Sharma in Points as points are unchanged.
[2026-05-08 00:42:27] DEBUG    - ===============================================================
[2026-05-08 00:42:27] INFO     - Processing count= 36
[2026-05-08 00:42:27] INFO     - Processing player of PBSK : 'Marco Jansen' | 284 points | team: PBSK
[2026-05-08 00:42:27] DEBUG    - Match found for Marco Jansen in Points at row 40
[2026-05-08 00:42:27] INFO     - No update needed for Marco Jansen in Points as points are unchanged.
[2026-05-08 00:42:27] DEBUG    - ===============================================================
[2026-05-08 00:42:27] INFO     - Processing count= 37
[2026-05-08 00:42:27] INFO     - Processing player of CSK : 'Prashant Veer' | 70 points | team: CSK
[2026-05-08 00:42:27] DEBUG    - Match found for Prashant Veer in Points at row 41
[2026-05-08 00:42:27] INFO     - No update needed for Prashant Veer in Points as points are unchanged.
[2026-05-08 00:42:27] DEBUG    - ===============================================================
[2026-05-08 00:42:27] INFO     - Processing count= 38
[2026-05-08 00:42:27] INFO     - Processing player of CSK : 'Ruturaj Gaikwad' | 396 points | team: CSK
[2026-05-08 00:42:27] DEBUG    - Match found for Ruturaj Gaikwad in Points at row 42
[2026-05-08 00:42:27] INFO     - No update needed for Ruturaj Gaikwad in Points as points are unchanged.
[2026-05-08 00:42:27] DEBUG    - ===============================================================
[2026-05-08 00:42:27] INFO     - Processing count= 39
[2026-05-08 00:42:27] INFO     - Processing player of DC : 'Axar Patel' | 325 points | team: DC
[2026-05-08 00:42:27] DEBUG    - Match found for Axar Patel in Points at row 43
[2026-05-08 00:42:27] INFO     - No update needed for Axar Patel in Points as points are unchanged.
[2026-05-08 00:42:27] DEBUG    - ===============================================================
[2026-05-08 00:42:27] INFO     - Processing count= 40
[2026-05-08 00:42:27] INFO     - Processing player of DC : 'Abishek Porel' | 41 points | team: DC
[2026-05-08 00:42:27] DEBUG    - Match found for Abishek Porel in Points at row 44
[2026-05-08 00:42:27] INFO     - No update needed for Abishek Porel in Points as points are unchanged.
[2026-05-08 00:42:27] DEBUG    - ===============================================================
[2026-05-08 00:42:27] INFO     - Processing count= 41
[2026-05-08 00:42:27] INFO     - Processing player of DC : 'KL Rahul' | 685 points | team: DC
[2026-05-08 00:42:27] DEBUG    - Match found for KL Rahul in Points at row 45
[2026-05-08 00:42:27] INFO     - No update needed for KL Rahul in Points as points are unchanged.
[2026-05-08 00:42:27] DEBUG    - ===============================================================
[2026-05-08 00:42:27] INFO     - Processing count= 42
[2026-05-08 00:42:27] INFO     - Processing player of GT : 'Rashid Khan' | 410 points | team: GT
[2026-05-08 00:42:27] DEBUG    - Match found for Rashid Khan in Points at row 46
[2026-05-08 00:42:27] INFO     - No update needed for Rashid Khan in Points as points are unchanged.
[2026-05-08 00:42:27] DEBUG    - ===============================================================
[2026-05-08 00:42:27] INFO     - Processing count= 43
[2026-05-08 00:42:27] INFO     - Processing player of KKR : 'Cameron Green' | 408 points | team: KKR
[2026-05-08 00:42:27] DEBUG    - Match found for Cameron Green in Points at row 47
[2026-05-08 00:42:27] INFO     - No update needed for Cameron Green in Points as points are unchanged.
[2026-05-08 00:42:27] DEBUG    - ===============================================================
[2026-05-08 00:42:27] INFO     - Processing count= 44
[2026-05-08 00:42:27] INFO     - Processing player of KKR : 'Varun Chakaravarthy' | 304 points | team: KKR
[2026-05-08 00:42:27] DEBUG    - Match found for Varun Chakaravarthy in Points at row 48
[2026-05-08 00:42:27] INFO     - No update needed for Varun Chakaravarthy in Points as points are unchanged.
[2026-05-08 00:42:27] DEBUG    - ===============================================================
[2026-05-08 00:42:27] INFO     - Processing count= 45
[2026-05-08 00:42:27] INFO     - Processing player of LSG : 'Digvesh Singh' | 121 points | team: LSG
[2026-05-08 00:42:27] DEBUG    - Match found for Digvesh Singh in Points at row 49
[2026-05-08 00:42:28] INFO     - Points gained for Digvesh Singh in Points: 10 (Points: 121, Dot Balls: 41, Previous Total: 152)
[2026-05-08 00:42:28] INFO     - Data updated successfully for Digvesh Singh in Points - 121 points and 41 dot balls!
[2026-05-08 00:42:28] DEBUG    - Sleeping 3s before next update.
[2026-05-08 00:42:31] DEBUG    - ===============================================================
[2026-05-08 00:42:31] INFO     - Processing count= 46
[2026-05-08 00:42:31] INFO     - Processing player of LSG : 'Rishabh Pant' | 441 points | team: LSG
[2026-05-08 00:42:31] DEBUG    - Match found for Rishabh Pant in Points at row 50
[2026-05-08 00:42:32] INFO     - Points gained for Rishabh Pant in Points: 62 (Points: 441, Dot Balls: 0, Previous Total: 379)
[2026-05-08 00:42:32] INFO     - Data updated successfully for Rishabh Pant in Points - 441 points and 0 dot balls!
[2026-05-08 00:42:32] DEBUG    - Sleeping 3s before next update.
[2026-05-08 00:42:35] DEBUG    - ===============================================================
[2026-05-08 00:42:35] INFO     - Processing count= 47
[2026-05-08 00:42:35] INFO     - Processing player of PBSK : 'Arshdeep Singh' | 332 points | team: PBSK
[2026-05-08 00:42:35] DEBUG    - Match found for Arshdeep Singh in Points at row 51
[2026-05-08 00:42:35] INFO     - No update needed for Arshdeep Singh in Points as points are unchanged.
[2026-05-08 00:42:35] DEBUG    - ===============================================================
[2026-05-08 00:42:35] INFO     - Processing count= 48
[2026-05-08 00:42:35] INFO     - Processing player of RCB : 'Krunal Pandya' | 408 points | team: RCB
[2026-05-08 00:42:35] DEBUG    - Match found for Krunal Pandya in Points at row 52
[2026-05-08 00:42:36] INFO     - Points gained for Krunal Pandya in Points: 89 (Points: 408, Dot Balls: 57, Previous Total: 376)
[2026-05-08 00:42:36] INFO     - Data updated successfully for Krunal Pandya in Points - 408 points and 57 dot balls!
[2026-05-08 00:42:36] DEBUG    - Sleeping 3s before next update.
[2026-05-08 00:42:39] DEBUG    - ===============================================================
[2026-05-08 00:42:39] INFO     - Processing count= 49
[2026-05-08 00:42:39] INFO     - Processing player of RCB : 'Rajat Patidar' | 541 points | team: RCB
[2026-05-08 00:42:39] DEBUG    - Match found for Rajat Patidar in Points at row 53
[2026-05-08 00:42:40] INFO     - Points gained for Rajat Patidar in Points: 102 (Points: 541, Dot Balls: 0, Previous Total: 439)
[2026-05-08 00:42:40] INFO     - Data updated successfully for Rajat Patidar in Points - 541 points and 0 dot balls!
[2026-05-08 00:42:40] DEBUG    - Sleeping 3s before next update.
[2026-05-08 00:42:43] DEBUG    - ===============================================================
[2026-05-08 00:42:43] INFO     - Processing count= 50
[2026-05-08 00:42:43] INFO     - Processing player of RR : 'Yashasvi Jaiswal' | 488 points | team: RR
[2026-05-08 00:42:43] DEBUG    - Match found for Yashasvi Jaiswal in Points at row 54
[2026-05-08 00:42:43] INFO     - No update needed for Yashasvi Jaiswal in Points as points are unchanged.
[2026-05-08 00:42:43] DEBUG    - ===============================================================
[2026-05-08 00:42:43] INFO     - Processing count= 51
[2026-05-08 00:42:43] INFO     - Processing player of SRH : 'Travis Head' | 549 points | team: SRH
[2026-05-08 00:42:43] DEBUG    - Match found for Travis Head in Points at row 55
[2026-05-08 00:42:43] INFO     - No update needed for Travis Head in Points as points are unchanged.
[2026-05-08 00:42:43] DEBUG    - ===============================================================
[2026-05-08 00:42:43] INFO     - Processing count= 52
[2026-05-08 00:42:43] INFO     - Processing player of SRH : 'Nitish Kumar Reddy' | 577 points | team: SRH
[2026-05-08 00:42:43] DEBUG    - Match found for Nitish Kumar Reddy in Points at row 56
[2026-05-08 00:42:43] INFO     - No update needed for Nitish Kumar Reddy in Points as points are unchanged.
[2026-05-08 00:42:43] DEBUG    - ===============================================================
[2026-05-08 00:42:43] INFO     - Processing count= 53
[2026-05-08 00:42:43] INFO     - Processing player of MI : 'Naman Dhir' | 435 points | team: MI
[2026-05-08 00:42:43] DEBUG    - Match found for Naman Dhir in Points at row 57
[2026-05-08 00:42:43] INFO     - No update needed for Naman Dhir in Points as points are unchanged.
[2026-05-08 00:42:43] DEBUG    - ===============================================================
[2026-05-08 00:42:43] INFO     - Processing count= 54
[2026-05-08 00:42:43] INFO     - Processing player of KKR : 'Finn Allen' | 184 points | team: KKR
[2026-05-08 00:42:43] DEBUG    - Match found for Finn Allen in Points at row 58
[2026-05-08 00:42:43] INFO     - No update needed for Finn Allen in Points as points are unchanged.
[2026-05-08 00:42:43] DEBUG    - ===============================================================
[2026-05-08 00:42:43] INFO     - Processing count= 55
[2026-05-08 00:42:43] INFO     - Processing player of GT : 'Rahul Tewatia' | 144 points | team: GT
[2026-05-08 00:42:43] DEBUG    - Match found for Rahul Tewatia in Points at row 59
[2026-05-08 00:42:43] INFO     - No update needed for Rahul Tewatia in Points as points are unchanged.
[2026-05-08 00:42:43] DEBUG    - ===============================================================
[2026-05-08 00:42:43] INFO     - Processing count= 56
[2026-05-08 00:42:43] INFO     - Processing player of GT : 'Jason Holder' | 326 points | team: GT
[2026-05-08 00:42:43] DEBUG    - Match found for Jason Holder in Points at row 60
[2026-05-08 00:42:43] INFO     - No update needed for Jason Holder in Points as points are unchanged.
[2026-05-08 00:42:43] DEBUG    - ===============================================================
[2026-05-08 00:42:43] INFO     - Processing count= 57
[2026-05-08 00:42:43] INFO     - Processing player of CSK : 'Dewald Brevis' | 207 points | team: CSK
[2026-05-08 00:42:43] DEBUG    - Match found for Dewald Brevis in Points at row 61
[2026-05-08 00:42:43] INFO     - No update needed for Dewald Brevis in Points as points are unchanged.
[2026-05-08 00:42:43] DEBUG    - ===============================================================
[2026-05-08 00:42:43] INFO     - Processing count= 58
[2026-05-08 00:42:43] INFO     - Processing player of CSK : 'Noor Ahmad' | 361 points | team: CSK
[2026-05-08 00:42:43] DEBUG    - Match found for Noor Ahmad in Points at row 62
[2026-05-08 00:42:43] INFO     - No update needed for Noor Ahmad in Points as points are unchanged.
[2026-05-08 00:42:43] DEBUG    - ===============================================================
[2026-05-08 00:42:43] INFO     - Processing count= 59
[2026-05-08 00:42:43] INFO     - Processing player of DC : 'Auqib Nabi' | 5 points | team: DC
[2026-05-08 00:42:43] DEBUG    - Match found for Auqib Nabi in Points at row 63
[2026-05-08 00:42:43] INFO     - No update needed for Auqib Nabi in Points as points are unchanged.
[2026-05-08 00:42:43] DEBUG    - ===============================================================
[2026-05-08 00:42:43] INFO     - Processing count= 60
[2026-05-08 00:42:43] INFO     - Processing player of GT : 'Jos Buttler' | 647 points | team: GT
[2026-05-08 00:42:43] DEBUG    - Match found for Jos Buttler in Points at row 64
[2026-05-08 00:42:43] INFO     - No update needed for Jos Buttler in Points as points are unchanged.
[2026-05-08 00:42:43] DEBUG    - ===============================================================
[2026-05-08 00:42:43] INFO     - Processing count= 61
[2026-05-08 00:42:43] INFO     - Processing player of GT : 'Prasidh Krishna' | 334 points | team: GT
[2026-05-08 00:42:43] DEBUG    - Match found for Prasidh Krishna in Points at row 65
[2026-05-08 00:42:43] INFO     - No update needed for Prasidh Krishna in Points as points are unchanged.
[2026-05-08 00:42:43] DEBUG    - ===============================================================
[2026-05-08 00:42:43] INFO     - Processing count= 62
[2026-05-08 00:42:43] INFO     - Processing player of KKR : 'Vaibhav Arora' | 303 points | team: KKR
[2026-05-08 00:42:43] DEBUG    - Match found for Vaibhav Arora in Points at row 66
[2026-05-08 00:42:43] INFO     - No update needed for Vaibhav Arora in Points as points are unchanged.
[2026-05-08 00:42:43] DEBUG    - ===============================================================
[2026-05-08 00:42:43] INFO     - Processing count= 63
[2026-05-08 00:42:43] INFO     - Processing player of LSG : 'Aiden Markram' | 401 points | team: LSG
[2026-05-08 00:42:43] DEBUG    - Match found for Aiden Markram in Points at row 67
[2026-05-08 00:42:44] INFO     - Points gained for Aiden Markram in Points: 13 (Points: 401, Dot Balls: 8, Previous Total: 396)
[2026-05-08 00:42:44] INFO     - Data updated successfully for Aiden Markram in Points - 401 points and 8 dot balls!
[2026-05-08 00:42:44] DEBUG    - Sleeping 3s before next update.
[2026-05-08 00:42:47] DEBUG    - ===============================================================
[2026-05-08 00:42:47] INFO     - Processing count= 64
[2026-05-08 00:42:47] INFO     - Processing player of MI : 'Will Jacks' | 119 points | team: MI
[2026-05-08 00:42:47] DEBUG    - Match found for Will Jacks in Points at row 68
[2026-05-08 00:42:47] INFO     - No update needed for Will Jacks in Points as points are unchanged.
[2026-05-08 00:42:47] DEBUG    - ===============================================================
[2026-05-08 00:42:47] INFO     - Processing count= 65
[2026-05-08 00:42:47] INFO     - Processing player of PBSK : 'Nehal Wadhera' | 127 points | team: PBSK
[2026-05-08 00:42:47] DEBUG    - Match found for Nehal Wadhera in Points at row 69
[2026-05-08 00:42:47] INFO     - No update needed for Nehal Wadhera in Points as points are unchanged.
[2026-05-08 00:42:47] DEBUG    - ===============================================================
[2026-05-08 00:42:47] INFO     - Processing count= 66
[2026-05-08 00:42:47] INFO     - Processing player of PBSK : 'Shreyas Iyer' | 551 points | team: PBSK
[2026-05-08 00:42:47] DEBUG    - Match found for Shreyas Iyer in Points at row 70
[2026-05-08 00:42:47] INFO     - No update needed for Shreyas Iyer in Points as points are unchanged.
[2026-05-08 00:42:47] DEBUG    - ===============================================================
[2026-05-08 00:42:47] INFO     - Processing count= 67
[2026-05-08 00:42:47] INFO     - Processing player of RCB : 'Devdutt Padikkal' | 576 points | team: RCB
[2026-05-08 00:42:47] DEBUG    - Match found for Devdutt Padikkal in Points at row 71
[2026-05-08 00:42:48] INFO     - Points gained for Devdutt Padikkal in Points: 49 (Points: 576, Dot Balls: 0, Previous Total: 527)
[2026-05-08 00:42:48] INFO     - Data updated successfully for Devdutt Padikkal in Points - 576 points and 0 dot balls!
[2026-05-08 00:42:48] DEBUG    - Sleeping 3s before next update.
[2026-05-08 00:42:51] DEBUG    - ===============================================================
[2026-05-08 00:42:51] INFO     - Processing count= 68
[2026-05-08 00:42:51] INFO     - Processing player of RCB : 'Virat Kohli' | 599 points | team: RCB
[2026-05-08 00:42:51] DEBUG    - Match found for Virat Kohli in Points at row 72
[2026-05-08 00:42:52] INFO     - Points gained for Virat Kohli in Points: 2 (Points: 599, Dot Balls: 0, Previous Total: 597)
[2026-05-08 00:42:52] INFO     - Data updated successfully for Virat Kohli in Points - 599 points and 0 dot balls!
[2026-05-08 00:42:52] DEBUG    - Sleeping 3s before next update.
[2026-05-08 00:42:55] DEBUG    - ===============================================================
[2026-05-08 00:42:55] INFO     - Processing count= 69
[2026-05-08 00:42:55] INFO     - Processing player of RR : 'Riyan Parag' | 395 points | team: RR
[2026-05-08 00:42:55] DEBUG    - Match found for Riyan Parag in Points at row 73
[2026-05-08 00:42:55] INFO     - No update needed for Riyan Parag in Points as points are unchanged.
[2026-05-08 00:42:55] DEBUG    - ===============================================================
[2026-05-08 00:42:55] INFO     - Processing count= 70
[2026-05-08 00:42:55] INFO     - Processing player of SRH : 'Harshal Patel' | 20 points | team: SRH
[2026-05-08 00:42:55] DEBUG    - Match found for Harshal Patel in Points at row 74
[2026-05-08 00:42:55] INFO     - No update needed for Harshal Patel in Points as points are unchanged.
[2026-05-08 00:42:55] DEBUG    - ===============================================================
[2026-05-08 00:42:55] INFO     - Processing count= 71
[2026-05-08 00:42:55] INFO     - Processing player of SRH : 'Heinrich Klaasen' | 788 points | team: SRH
[2026-05-08 00:42:55] DEBUG    - Match found for Heinrich Klaasen in Points at row 75
[2026-05-08 00:42:55] INFO     - No update needed for Heinrich Klaasen in Points as points are unchanged.
[2026-05-08 00:42:55] DEBUG    - ===============================================================
[2026-05-08 00:42:55] INFO     - Processing count= 72
[2026-05-08 00:42:55] INFO     - Processing player of DC : 'Nitish Rana' | 361 points | team: DC
[2026-05-08 00:42:55] DEBUG    - Match found for Nitish Rana in Points at row 76
[2026-05-08 00:42:55] INFO     - No update needed for Nitish Rana in Points as points are unchanged.
[2026-05-08 00:42:55] DEBUG    - ===============================================================
[2026-05-08 00:42:55] INFO     - Processing count= 73
[2026-05-08 00:42:55] INFO     - Processing player of MI : 'Trent Boult' | 84 points | team: MI
[2026-05-08 00:42:55] DEBUG    - Match found for Trent Boult in Points at row 77
[2026-05-08 00:42:55] INFO     - No update needed for Trent Boult in Points as points are unchanged.
[2026-05-08 00:42:55] DEBUG    - ===============================================================
[2026-05-08 00:42:55] INFO     - Processing count= 74
[2026-05-08 00:42:55] INFO     - Processing player of RCB : 'Venkatesh Iyer' | 61 points | team: RCB
[2026-05-08 00:42:55] DEBUG    - Match found for Venkatesh Iyer in Points at row 78
[2026-05-08 00:42:55] INFO     - No update needed for Venkatesh Iyer in Points as points are unchanged.
[2026-05-08 00:42:55] DEBUG    - ===============================================================
[2026-05-08 00:42:55] INFO     - Processing count= 75
[2026-05-08 00:42:55] INFO     - 
Skipping Yash Dayal as points is zero.
[2026-05-08 00:42:55] DEBUG    - ===============================================================
[2026-05-08 00:42:55] INFO     - Processing count= 76
[2026-05-08 00:42:55] INFO     - Processing player of MI : 'Shardul Thakur' | 169 points | team: MI
[2026-05-08 00:42:55] DEBUG    - Match found for Shardul Thakur in Points at row 80
[2026-05-08 00:42:55] INFO     - No update needed for Shardul Thakur in Points as points are unchanged.
[2026-05-08 00:42:55] DEBUG    - ===============================================================
[2026-05-08 00:42:55] INFO     - Processing count= 77
[2026-05-08 00:42:55] INFO     - Processing player of CSK : 'Rahul Chahar' | 8 points | team: CSK
[2026-05-08 00:42:55] DEBUG    - Match found for Rahul Chahar in Points at row 81
[2026-05-08 00:42:55] INFO     - No update needed for Rahul Chahar in Points as points are unchanged.
[2026-05-08 00:42:55] DEBUG    - ===============================================================
[2026-05-08 00:42:55] INFO     - Processing count= 78
[2026-05-08 00:42:55] INFO     - Processing player of CSK : 'Khaleel Ahmed' | 70 points | team: CSK
[2026-05-08 00:42:55] DEBUG    - Match found for Khaleel Ahmed in Points at row 82
[2026-05-08 00:42:55] INFO     - No update needed for Khaleel Ahmed in Points as points are unchanged.
[2026-05-08 00:42:55] DEBUG    - ===============================================================
[2026-05-08 00:42:55] INFO     - Processing count= 79
[2026-05-08 00:42:55] INFO     - Processing player of DC : 'Tristan Stubbs' | 408 points | team: DC
[2026-05-08 00:42:55] DEBUG    - Match found for Tristan Stubbs in Points at row 83
[2026-05-08 00:42:55] INFO     - No update needed for Tristan Stubbs in Points as points are unchanged.
[2026-05-08 00:42:55] DEBUG    - ===============================================================
[2026-05-08 00:42:55] INFO     - Processing count= 80
[2026-05-08 00:42:55] INFO     - Processing player of DC : 'Kuldeep Yadav' | 246 points | team: DC
[2026-05-08 00:42:55] DEBUG    - Match found for Kuldeep Yadav in Points at row 84
[2026-05-08 00:42:55] INFO     - No update needed for Kuldeep Yadav in Points as points are unchanged.
[2026-05-08 00:42:55] DEBUG    - ===============================================================
[2026-05-08 00:42:55] INFO     - Processing count= 81
[2026-05-08 00:42:55] INFO     - Processing player of GT : 'Shubman Gill' | 609 points | team: GT
[2026-05-08 00:42:55] DEBUG    - Match found for Shubman Gill in Points at row 85
[2026-05-08 00:42:55] INFO     - No update needed for Shubman Gill in Points as points are unchanged.
[2026-05-08 00:42:55] DEBUG    - ===============================================================
[2026-05-08 00:42:55] INFO     - Processing count= 82
[2026-05-08 00:42:55] INFO     - Processing player of GT : 'Mohammed Siraj' | 343 points | team: GT
[2026-05-08 00:42:55] DEBUG    - Match found for Mohammed Siraj in Points at row 86
[2026-05-08 00:42:55] INFO     - No update needed for Mohammed Siraj in Points as points are unchanged.
[2026-05-08 00:42:55] DEBUG    - ===============================================================
[2026-05-08 00:42:55] INFO     - Processing count= 83
[2026-05-08 00:42:55] INFO     - Processing player of KKR : 'Angkrish Raghuvanshi' | 415 points | team: KKR
[2026-05-08 00:42:55] DEBUG    - Match found for Angkrish Raghuvanshi in Points at row 87
[2026-05-08 00:42:55] INFO     - No update needed for Angkrish Raghuvanshi in Points as points are unchanged.
[2026-05-08 00:42:55] DEBUG    - ===============================================================
[2026-05-08 00:42:55] INFO     - Processing count= 84
[2026-05-08 00:42:55] INFO     - Processing player of LSG : 'Mitchell Marsh' | 566 points | team: LSG
[2026-05-08 00:42:55] DEBUG    - Match found for Mitchell Marsh in Points at row 88
[2026-05-08 00:42:56] INFO     - Points gained for Mitchell Marsh in Points: 164 (Points: 566, Dot Balls: 0, Previous Total: 402)
[2026-05-08 00:42:56] INFO     - Data updated successfully for Mitchell Marsh in Points - 566 points and 0 dot balls!
[2026-05-08 00:42:56] DEBUG    - Sleeping 3s before next update.
[2026-05-08 00:42:59] DEBUG    - ===============================================================
[2026-05-08 00:42:59] INFO     - Processing count= 85
[2026-05-08 00:42:59] INFO     - Processing player of LSG : 'Nicholas Pooran' | 325 points | team: LSG
[2026-05-08 00:42:59] DEBUG    - Match found for Nicholas Pooran in Points at row 89
[2026-05-08 00:43:00] INFO     - Points gained for Nicholas Pooran in Points: 56 (Points: 325, Dot Balls: 0, Previous Total: 269)
[2026-05-08 00:43:00] INFO     - Data updated successfully for Nicholas Pooran in Points - 325 points and 0 dot balls!
[2026-05-08 00:43:00] DEBUG    - Sleeping 3s before next update.
[2026-05-08 00:43:03] DEBUG    - ===============================================================
[2026-05-08 00:43:03] INFO     - Processing count= 86
[2026-05-08 00:43:03] INFO     - Processing player of PBSK : 'Marcus Stoinis' | 325 points | team: PBSK
[2026-05-08 00:43:03] DEBUG    - Match found for Marcus Stoinis in Points at row 90
[2026-05-08 00:43:03] INFO     - No update needed for Marcus Stoinis in Points as points are unchanged.
[2026-05-08 00:43:03] DEBUG    - ===============================================================
[2026-05-08 00:43:03] INFO     - Processing count= 87
[2026-05-08 00:43:03] INFO     - Processing player of PBSK : 'Prabhsimran Singh' | 585 points | team: PBSK
[2026-05-08 00:43:03] DEBUG    - Match found for Prabhsimran Singh in Points at row 91
[2026-05-08 00:43:03] INFO     - No update needed for Prabhsimran Singh in Points as points are unchanged.
[2026-05-08 00:43:03] DEBUG    - ===============================================================
[2026-05-08 00:43:03] INFO     - Processing count= 88
[2026-05-08 00:43:03] INFO     - Processing player of PBSK : 'Shashank Singh' | 212 points | team: PBSK
[2026-05-08 00:43:03] DEBUG    - Match found for Shashank Singh in Points at row 92
[2026-05-08 00:43:03] INFO     - No update needed for Shashank Singh in Points as points are unchanged.
[2026-05-08 00:43:03] DEBUG    - ===============================================================
[2026-05-08 00:43:03] INFO     - Processing count= 89
[2026-05-08 00:43:03] INFO     - Processing player of RCB : 'Jitesh Sharma' | 215 points | team: RCB
[2026-05-08 00:43:03] DEBUG    - Match found for Jitesh Sharma in Points at row 93
[2026-05-08 00:43:04] INFO     - Points gained for Jitesh Sharma in Points: 5 (Points: 215, Dot Balls: 0, Previous Total: 210)
[2026-05-08 00:43:04] INFO     - Data updated successfully for Jitesh Sharma in Points - 215 points and 0 dot balls!
[2026-05-08 00:43:04] DEBUG    - Sleeping 3s before next update.
[2026-05-08 00:43:07] DEBUG    - ===============================================================
[2026-05-08 00:43:07] INFO     - Processing count= 90
[2026-05-08 00:43:07] INFO     - Processing player of RR : 'Jofra Archer' | 514 points | team: RR
[2026-05-08 00:43:07] DEBUG    - Match found for Jofra Archer in Points at row 94
[2026-05-08 00:43:07] INFO     - No update needed for Jofra Archer in Points as points are unchanged.
[2026-05-08 00:43:07] DEBUG    - ===============================================================
[2026-05-08 00:43:07] INFO     - Processing count= 91
[2026-05-08 00:43:07] INFO     - Processing player of RR : 'Ravindra Jadeja' | 433 points | team: RR
[2026-05-08 00:43:07] DEBUG    - Match found for Ravindra Jadeja in Points at row 95
[2026-05-08 00:43:07] INFO     - No update needed for Ravindra Jadeja in Points as points are unchanged.
[2026-05-08 00:43:07] DEBUG    - ===============================================================
[2026-05-08 00:43:07] INFO     - Processing count= 92
[2026-05-08 00:43:07] INFO     - Processing player of LSG : 'Mohammad Shami' | 322 points | team: LSG
[2026-05-08 00:43:07] DEBUG    - Match found for Mohammad Shami in Points at row 96
[2026-05-08 00:43:08] INFO     - Points gained for Mohammad Shami in Points: 42 (Points: 322, Dot Balls: 108, Previous Total: 388)
[2026-05-08 00:43:08] INFO     - Data updated successfully for Mohammad Shami in Points - 322 points and 108 dot balls!
[2026-05-08 00:43:08] DEBUG    - Sleeping 3s before next update.
[2026-05-08 00:43:11] DEBUG    - ===============================================================
[2026-05-08 00:43:11] INFO     - Processing count= 93
[2026-05-08 00:43:11] INFO     - Processing player of GT : 'Kagiso Rabada' | 540 points | team: GT
[2026-05-08 00:43:11] DEBUG    - Match found for Kagiso Rabada in Points at row 97
[2026-05-08 00:43:11] INFO     - No update needed for Kagiso Rabada in Points as points are unchanged.
[2026-05-08 00:43:11] DEBUG    - ===============================================================
[2026-05-08 00:43:11] INFO     - Processing count= 94
[2026-05-08 00:43:11] INFO     - Processing player of KKR : 'Rinku Singh' | 429 points | team: KKR
[2026-05-08 00:43:11] DEBUG    - Match found for Rinku Singh in Points at row 98
[2026-05-08 00:43:11] INFO     - No update needed for Rinku Singh in Points as points are unchanged.
[2026-05-08 00:43:11] DEBUG    - ===============================================================
[2026-05-08 00:43:11] INFO     - Processing count= 95
[2026-05-08 00:43:11] INFO     - Processing player of CSK : 'Kartik Sharma' | 234 points | team: CSK
[2026-05-08 00:43:11] DEBUG    - Match found for Kartik Sharma in Points at row 99
[2026-05-08 00:43:11] INFO     - No update needed for Kartik Sharma in Points as points are unchanged.
[2026-05-08 00:43:11] DEBUG    - ===============================================================
[2026-05-08 00:43:11] INFO     - Processing count= 96
[2026-05-08 00:43:11] INFO     - Processing player of DC : 'Ashutosh Sharma' | 131 points | team: DC
[2026-05-08 00:43:11] DEBUG    - Match found for Ashutosh Sharma in Points at row 100
[2026-05-08 00:43:11] INFO     - No update needed for Ashutosh Sharma in Points as points are unchanged.
[2026-05-08 00:43:11] DEBUG    - ===============================================================
[2026-05-08 00:43:11] INFO     - Processing count= 97
[2026-05-08 00:43:11] INFO     - Processing player of MI : 'Corbin Bosch' | 88 points | team: MI
[2026-05-08 00:43:11] DEBUG    - Match found for Corbin Bosch in Points at row 101
[2026-05-08 00:43:11] INFO     - No update needed for Corbin Bosch in Points as points are unchanged.
[2026-05-08 00:43:11] DEBUG    - ===============================================================
[2026-05-08 00:43:11] INFO     - Processing count= 98
[2026-05-08 00:43:11] INFO     - Processing player of RCB : 'Tim David' | 376 points | team: RCB
[2026-05-08 00:43:11] DEBUG    - Match found for Tim David in Points at row 102
[2026-05-08 00:43:12] INFO     - Points gained for Tim David in Points: 64 (Points: 376, Dot Balls: 1, Previous Total: 313)
[2026-05-08 00:43:12] INFO     - Data updated successfully for Tim David in Points - 376 points and 1 dot balls!
[2026-05-08 00:43:12] DEBUG    - Sleeping 3s before next update.
[2026-05-08 00:43:15] DEBUG    - ===============================================================
[2026-05-08 00:43:15] INFO     - Processing count= 99
[2026-05-08 00:43:15] INFO     - Processing player of PBSK : 'Cooper Connolly' | 604 points | team: PBSK
[2026-05-08 00:43:15] DEBUG    - Match found for Cooper Connolly in Points at row 103
[2026-05-08 00:43:15] INFO     - No update needed for Cooper Connolly in Points as points are unchanged.
[2026-05-08 00:43:15] DEBUG    - ===============================================================
[2026-05-08 00:43:15] INFO     - Processing count= 100
[2026-05-08 00:43:15] INFO     - Processing player of SRH : 'Liam Livingstone' | 57 points | team: SRH
[2026-05-08 00:43:15] DEBUG    - Match found for Liam Livingstone in Points at row 104
[2026-05-08 00:43:15] INFO     - No update needed for Liam Livingstone in Points as points are unchanged.
[2026-05-08 00:43:15] DEBUG    - ===============================================================
[2026-05-08 00:43:15] INFO     - Processing count= 101
[2026-05-08 00:43:15] INFO     - Processing player of PBSK : 'Vijaykumar Vyshak' | 263 points | team: PBSK
[2026-05-08 00:43:15] DEBUG    - Match found for Vijaykumar Vyshak in Points at row 105
[2026-05-08 00:43:15] INFO     - No update needed for Vijaykumar Vyshak in Points as points are unchanged.
[2026-05-08 00:43:15] DEBUG    - ===============================================================
[2026-05-08 00:43:15] INFO     - Processing count= 102
[2026-05-08 00:43:15] INFO     - Processing player of RCB : 'Suyash Sharma' | 229 points | team: RCB
[2026-05-08 00:43:15] DEBUG    - Match found for Suyash Sharma in Points at row 106
[2026-05-08 00:43:16] INFO     - Points gained for Suyash Sharma in Points: 4 (Points: 229, Dot Balls: 63, Previous Total: 288)
[2026-05-08 00:43:16] INFO     - Data updated successfully for Suyash Sharma in Points - 229 points and 63 dot balls!
[2026-05-08 00:43:16] DEBUG    - Sleeping 3s before next update.
[2026-05-08 00:43:19] DEBUG    - ===============================================================
[2026-05-08 00:43:19] INFO     - Processing count= 103
[2026-05-08 00:43:19] INFO     - Processing player of DC : 'David Miller' | 217 points | team: DC
[2026-05-08 00:43:19] DEBUG    - Match found for David Miller in Points at row 107
[2026-05-08 00:43:19] INFO     - No update needed for David Miller in Points as points are unchanged.
[2026-05-08 00:43:19] INFO     - Total players processed for team 'CSK': 10
[2026-05-08 00:43:19] INFO     - Total players processed for team 'GT': 10
[2026-05-08 00:43:19] INFO     - Total players processed for team 'LSG': 8
[2026-05-08 00:43:19] INFO     - Total players processed for team 'MI': 11
[2026-05-08 00:43:19] INFO     - Total players processed for team 'PBSK': 12
[2026-05-08 00:43:19] INFO     - Total players processed for team 'RCB': 13
[2026-05-08 00:43:19] INFO     - Total players processed for team 'RR': 8
[2026-05-08 00:43:19] INFO     - Total players processed for team 'SRH': 8
[2026-05-08 00:43:19] INFO     - Total players processed for team 'DC': 10
[2026-05-08 00:43:19] INFO     - Total players processed for team 'KKR': 8
[2026-05-08 00:43:19] DEBUG    - ===============================================================
[2026-05-08 00:43:19] WARNING  - Player not updated: Shivam Dube | Reason: Points unchanged
[2026-05-08 00:43:19] WARNING  - Player not updated: Sanju Samson | Reason: Points unchanged
[2026-05-08 00:43:19] WARNING  - Player not updated: Sai Sudharsan | Reason: Points unchanged
[2026-05-08 00:43:19] WARNING  - Player not updated: Mohsin Khan | Reason: Points unchanged
[2026-05-08 00:43:19] WARNING  - Player not updated: Tilak Varma | Reason: Points unchanged
[2026-05-08 00:43:19] WARNING  - Player not updated: Quinton de Kock | Reason: Points unchanged
[2026-05-08 00:43:19] WARNING  - Player not updated: Jasprit Bumrah | Reason: Points unchanged
[2026-05-08 00:43:19] WARNING  - Player not updated: Harpreet Brar | Reason: Points unchanged
[2026-05-08 00:43:19] WARNING  - Player not updated: Yuzvendra Chahal | Reason: Points unchanged
[2026-05-08 00:43:19] WARNING  - Player not updated: Vaibhav Sooryavanshi | Reason: Points unchanged
[2026-05-08 00:43:19] WARNING  - Player not updated: Ravi Bishnoi | Reason: Points unchanged
[2026-05-08 00:43:19] WARNING  - Player not updated: Abhishek Sharma | Reason: Points unchanged
[2026-05-08 00:43:19] WARNING  - Player not updated: Ishan Kishan | Reason: Points unchanged
[2026-05-08 00:43:19] WARNING  - Player not updated: Pat Cummins | Reason: Points unchanged
[2026-05-08 00:43:19] WARNING  - Player not updated: Matheesha Pathirana | Reason: Points is zero
[2026-05-08 00:43:19] WARNING  - Player not updated: Nathan Ellis | Reason: Points is zero
[2026-05-08 00:43:19] WARNING  - Player not updated: Yudhvir Singh | Reason: Points is zero
[2026-05-08 00:43:19] WARNING  - Player not updated: Ayush Mhatre | Reason: Points unchanged
[2026-05-08 00:43:19] WARNING  - Player not updated: MS Dhoni | Reason: Points is zero
[2026-05-08 00:43:19] WARNING  - Player not updated: Mitchell Starc | Reason: Points unchanged
[2026-05-08 00:43:19] WARNING  - Player not updated: Glenn Phillips | Reason: Points unchanged
[2026-05-08 00:43:19] WARNING  - Player not updated: Sunil Narine | Reason: Points unchanged
[2026-05-08 00:43:19] WARNING  - Player not updated: Ajinkya Rahane | Reason: Points unchanged
[2026-05-08 00:43:19] WARNING  - Player not updated: Ayush Badoni | Reason: Points unchanged
[2026-05-08 00:43:19] WARNING  - Player not updated: Hardik Pandya | Reason: Points unchanged
[2026-05-08 00:43:19] WARNING  - Player not updated: Suryakumar Yadav | Reason: Points unchanged
[2026-05-08 00:43:19] WARNING  - Player not updated: Rohit Sharma | Reason: Points unchanged
[2026-05-08 00:43:19] WARNING  - Player not updated: Priyansh Arya | Reason: Points unchanged
[2026-05-08 00:43:19] WARNING  - Player not updated: Phil Salt | Reason: Points unchanged
[2026-05-08 00:43:19] WARNING  - Player not updated: Shimron Hetmyer | Reason: Points unchanged
[2026-05-08 00:43:19] WARNING  - Player not updated: Sandeep Sharma | Reason: Points unchanged
[2026-05-08 00:43:19] WARNING  - Player not updated: Marco Jansen | Reason: Points unchanged
[2026-05-08 00:43:19] WARNING  - Player not updated: Prashant Veer | Reason: Points unchanged
[2026-05-08 00:43:19] WARNING  - Player not updated: Ruturaj Gaikwad | Reason: Points unchanged
[2026-05-08 00:43:19] WARNING  - Player not updated: Axar Patel | Reason: Points unchanged
[2026-05-08 00:43:19] WARNING  - Player not updated: Abishek Porel | Reason: Points unchanged
[2026-05-08 00:43:19] WARNING  - Player not updated: KL Rahul | Reason: Points unchanged
[2026-05-08 00:43:19] WARNING  - Player not updated: Rashid Khan | Reason: Points unchanged
[2026-05-08 00:43:19] WARNING  - Player not updated: Cameron Green | Reason: Points unchanged
[2026-05-08 00:43:19] WARNING  - Player not updated: Varun Chakaravarthy | Reason: Points unchanged
[2026-05-08 00:43:19] WARNING  - Player not updated: Arshdeep Singh | Reason: Points unchanged
[2026-05-08 00:43:19] WARNING  - Player not updated: Yashasvi Jaiswal | Reason: Points unchanged
[2026-05-08 00:43:19] WARNING  - Player not updated: Travis Head | Reason: Points unchanged
[2026-05-08 00:43:19] WARNING  - Player not updated: Nitish Kumar Reddy | Reason: Points unchanged
[2026-05-08 00:43:19] WARNING  - Player not updated: Naman Dhir | Reason: Points unchanged
[2026-05-08 00:43:19] WARNING  - Player not updated: Finn Allen | Reason: Points unchanged
[2026-05-08 00:43:19] WARNING  - Player not updated: Rahul Tewatia | Reason: Points unchanged
[2026-05-08 00:43:19] WARNING  - Player not updated: Jason Holder | Reason: Points unchanged
[2026-05-08 00:43:19] WARNING  - Player not updated: Dewald Brevis | Reason: Points unchanged
[2026-05-08 00:43:19] WARNING  - Player not updated: Noor Ahmad | Reason: Points unchanged
[2026-05-08 00:43:19] WARNING  - Player not updated: Auqib Nabi | Reason: Points unchanged
[2026-05-08 00:43:19] WARNING  - Player not updated: Jos Buttler | Reason: Points unchanged
[2026-05-08 00:43:19] WARNING  - Player not updated: Prasidh Krishna | Reason: Points unchanged
[2026-05-08 00:43:19] WARNING  - Player not updated: Vaibhav Arora | Reason: Points unchanged
[2026-05-08 00:43:19] WARNING  - Player not updated: Will Jacks | Reason: Points unchanged
[2026-05-08 00:43:19] WARNING  - Player not updated: Nehal Wadhera | Reason: Points unchanged
[2026-05-08 00:43:19] WARNING  - Player not updated: Shreyas Iyer | Reason: Points unchanged
[2026-05-08 00:43:19] WARNING  - Player not updated: Riyan Parag | Reason: Points unchanged
[2026-05-08 00:43:19] WARNING  - Player not updated: Harshal Patel | Reason: Points unchanged
[2026-05-08 00:43:19] WARNING  - Player not updated: Heinrich Klaasen | Reason: Points unchanged
[2026-05-08 00:43:19] WARNING  - Player not updated: Nitish Rana | Reason: Points unchanged
[2026-05-08 00:43:19] WARNING  - Player not updated: Trent Boult | Reason: Points unchanged
[2026-05-08 00:43:19] WARNING  - Player not updated: Venkatesh Iyer | Reason: Points unchanged
[2026-05-08 00:43:19] WARNING  - Player not updated: Yash Dayal | Reason: Points is zero
[2026-05-08 00:43:19] WARNING  - Player not updated: Shardul Thakur | Reason: Points unchanged
[2026-05-08 00:43:19] WARNING  - Player not updated: Rahul Chahar | Reason: Points unchanged
[2026-05-08 00:43:19] WARNING  - Player not updated: Khaleel Ahmed | Reason: Points unchanged
[2026-05-08 00:43:19] WARNING  - Player not updated: Tristan Stubbs | Reason: Points unchanged
[2026-05-08 00:43:19] WARNING  - Player not updated: Kuldeep Yadav | Reason: Points unchanged
[2026-05-08 00:43:19] WARNING  - Player not updated: Shubman Gill | Reason: Points unchanged
[2026-05-08 00:43:19] WARNING  - Player not updated: Mohammed Siraj | Reason: Points unchanged
[2026-05-08 00:43:19] WARNING  - Player not updated: Angkrish Raghuvanshi | Reason: Points unchanged
[2026-05-08 00:43:19] WARNING  - Player not updated: Marcus Stoinis | Reason: Points unchanged
[2026-05-08 00:43:19] WARNING  - Player not updated: Prabhsimran Singh | Reason: Points unchanged
[2026-05-08 00:43:19] WARNING  - Player not updated: Shashank Singh | Reason: Points unchanged
[2026-05-08 00:43:19] WARNING  - Player not updated: Jofra Archer | Reason: Points unchanged
[2026-05-08 00:43:19] WARNING  - Player not updated: Ravindra Jadeja | Reason: Points unchanged
[2026-05-08 00:43:19] WARNING  - Player not updated: Kagiso Rabada | Reason: Points unchanged
[2026-05-08 00:43:19] WARNING  - Player not updated: Rinku Singh | Reason: Points unchanged
[2026-05-08 00:43:19] WARNING  - Player not updated: Kartik Sharma | Reason: Points unchanged
[2026-05-08 00:43:19] WARNING  - Player not updated: Ashutosh Sharma | Reason: Points unchanged
[2026-05-08 00:43:19] WARNING  - Player not updated: Corbin Bosch | Reason: Points unchanged
[2026-05-08 00:43:19] WARNING  - Player not updated: Cooper Connolly | Reason: Points unchanged
[2026-05-08 00:43:19] WARNING  - Player not updated: Liam Livingstone | Reason: Points unchanged
[2026-05-08 00:43:19] WARNING  - Player not updated: Vijaykumar Vyshak | Reason: Points unchanged
[2026-05-08 00:43:19] WARNING  - Player not updated: David Miller | Reason: Points unchanged
[2026-05-08 00:43:19] DEBUG    - ===============================================================
[2026-05-08 00:43:27] INFO     - Worksheets opened: ['Home', 'Data']
[2026-05-08 00:43:27] INFO     - Points Gained Today fetched: {'HW': 239, 'MC': 44, 'OL': 253, 'AS': 38, 'PA': 64}
[2026-05-08 00:43:28] INFO     - Writing to column 27 (08/05)
[2026-05-08 00:43:28] DEBUG    -   HW → AA2 = 239
[2026-05-08 00:43:28] DEBUG    -   MC → AA3 = 44
[2026-05-08 00:43:28] DEBUG    -   OL → AA4 = 253
[2026-05-08 00:43:28] DEBUG    -   AS → AA5 = 38
[2026-05-08 00:43:28] DEBUG    -   PA → AA6 = 64
[2026-05-08 00:43:29] INFO     - Successfully updated 5 team(s) for 08/05.
[2026-05-08 00:43:29] INFO     - TOP 12 points fetched: {'HW': 5801, 'AS': 5571, 'PA': 5486, 'OL': 5631, 'MC': 4337}
[2026-05-08 00:43:30] INFO     - Column mapping: {'HW': 2, 'MC': 3, 'OL': 4, 'AS': 5, 'PA': 6}
[2026-05-08 00:43:30] INFO     - Today '08/05' found at row 50
[2026-05-08 00:43:30] DEBUG    -   HW → B50 = 5801
[2026-05-08 00:43:30] DEBUG    -   AS → E50 = 5571
[2026-05-08 00:43:30] DEBUG    -   PA → F50 = 5486
[2026-05-08 00:43:30] DEBUG    -   OL → D50 = 5631
[2026-05-08 00:43:30] DEBUG    -   MC → C50 = 4337
[2026-05-08 00:43:31] INFO     - Successfully updated 5 team(s) for '08/05' at row 50.
[2026-05-08 00:43:32] INFO     - ═════════════════════ All updates completed ═════════════════════
