[2026-05-15 00:34:07] INFO     - ═════════════════════ Process started ═════════════════════
[2026-05-15 00:34:08] INFO     - Excel loaded: 103 players, 103 bowlers from 'C:\Users\himan\Documents\UiPath\CrickInfo\Data\IPLPointsData.xlsx'
[2026-05-15 00:34:08] INFO     - Google Sheets authentication successful.
[2026-05-15 00:34:12] INFO     - Worksheets opened: ['Points', 'Home', 'Data']
[2026-05-15 00:34:20] INFO     - Updating previous points for all players before processing.
[2026-05-15 00:34:20] DEBUG    - ======================================================
[2026-05-15 00:34:23] DEBUG    - Updated previous points for 'Rasikh Salam' at row 20: 261 → 298
[2026-05-15 00:34:23] DEBUG    - Sleeping 3s after updating previous points.
[2026-05-15 00:34:27] DEBUG    - Updated previous points for 'Sunil Narine' at row 28: 490 → 527
[2026-05-15 00:34:27] DEBUG    - Sleeping 3s after updating previous points.
[2026-05-15 00:34:30] DEBUG    - Updated previous points for 'Ajinkya Rahane' at row 29: 355 → 401
[2026-05-15 00:34:30] DEBUG    - Sleeping 3s after updating previous points.
[2026-05-15 00:34:34] DEBUG    - Updated previous points for 'Bhuvneshwar Kumar' at row 36: 799 → 843
[2026-05-15 00:34:34] DEBUG    - Sleeping 3s after updating previous points.
[2026-05-15 00:34:37] DEBUG    - Updated previous points for 'Josh Hazlewood' at row 37: 413 → 458
[2026-05-15 00:34:37] DEBUG    - Sleeping 3s after updating previous points.
[2026-05-15 00:34:41] DEBUG    - Updated previous points for 'Cameron Green' at row 47: 514 → 557
[2026-05-15 00:34:41] DEBUG    - Sleeping 3s after updating previous points.
[2026-05-15 00:34:44] DEBUG    - Updated previous points for 'Krunal Pandya' at row 52: 569 → 578
[2026-05-15 00:34:44] DEBUG    - Sleeping 3s after updating previous points.
[2026-05-15 00:34:47] DEBUG    - Updated previous points for 'Rajat Patidar' at row 53: 570 → 587
[2026-05-15 00:34:47] DEBUG    - Sleeping 3s after updating previous points.
[2026-05-15 00:34:51] DEBUG    - Updated previous points for 'Finn Allen' at row 58: 335 → 362
[2026-05-15 00:34:51] DEBUG    - Sleeping 3s after updating previous points.
[2026-05-15 00:34:54] DEBUG    - Updated previous points for 'Vaibhav Arora' at row 66: 403 → 405
[2026-05-15 00:34:54] DEBUG    - Sleeping 3s after updating previous points.
[2026-05-15 00:34:58] DEBUG    - Updated previous points for 'Devdutt Padikkal' at row 71: 595 → 657
[2026-05-15 00:34:58] DEBUG    - Sleeping 3s after updating previous points.
[2026-05-15 00:35:01] DEBUG    - Updated previous points for 'Virat Kohli' at row 72: 609 → 757
[2026-05-15 00:35:01] DEBUG    - Sleeping 3s after updating previous points.
[2026-05-15 00:35:04] DEBUG    - Updated previous points for 'Venkatesh Iyer' at row 78: 61 → 65
[2026-05-15 00:35:04] DEBUG    - Sleeping 3s after updating previous points.
[2026-05-15 00:35:08] DEBUG    - Updated previous points for 'Angkrish Raghuvanshi' at row 87: 438 → 538
[2026-05-15 00:35:08] DEBUG    - Sleeping 3s after updating previous points.
[2026-05-15 00:35:11] DEBUG    - Updated previous points for 'Jitesh Sharma' at row 93: 254 → 275
[2026-05-15 00:35:11] DEBUG    - Sleeping 3s after updating previous points.
[2026-05-15 00:35:15] DEBUG    - Updated previous points for 'Rinku Singh' at row 98: 433 → 501
[2026-05-15 00:35:15] DEBUG    - Sleeping 3s after updating previous points.
[2026-05-15 00:35:18] DEBUG    - Updated previous points for 'Tim David' at row 102: 379 → 385
[2026-05-15 00:35:18] DEBUG    - Sleeping 3s after updating previous points.
[2026-05-15 00:35:18] DEBUG    - ======================================================
[2026-05-15 00:35:24] DEBUG    - ===============================================================
[2026-05-15 00:35:24] INFO     - Pausing 5s before before next steps.
[2026-05-15 00:35:24] DEBUG    - ===============================================================
[2026-05-15 00:35:29] DEBUG    - ===============================================================
[2026-05-15 00:35:29] DEBUG    - ===============================================================
[2026-05-15 00:35:29] INFO     - Processing count= 1
[2026-05-15 00:35:29] INFO     - Processing player of CSK : 'Shivam Dube' | 296 points | team: CSK
[2026-05-15 00:35:29] DEBUG    - Match found for Shivam Dube in Points at row 5
[2026-05-15 00:35:29] INFO     - No update needed for Shivam Dube in Points as points are unchanged.
[2026-05-15 00:35:29] DEBUG    - ===============================================================
[2026-05-15 00:35:29] INFO     - Processing count= 2
[2026-05-15 00:35:29] INFO     - Processing player of CSK : 'Sanju Samson' | 685 points | team: CSK
[2026-05-15 00:35:29] DEBUG    - Match found for Sanju Samson in Points at row 6
[2026-05-15 00:35:29] INFO     - No update needed for Sanju Samson in Points as points are unchanged.
[2026-05-15 00:35:29] DEBUG    - ===============================================================
[2026-05-15 00:35:29] INFO     - Processing count= 3
[2026-05-15 00:35:29] INFO     - Processing player of GT : 'Sai Sudharsan' | 758 points | team: GT
[2026-05-15 00:35:29] DEBUG    - Match found for Sai Sudharsan in Points at row 7
[2026-05-15 00:35:29] INFO     - No update needed for Sai Sudharsan in Points as points are unchanged.
[2026-05-15 00:35:29] DEBUG    - ===============================================================
[2026-05-15 00:35:29] INFO     - Processing count= 4
[2026-05-15 00:35:29] INFO     - Processing player of LSG : 'Mohsin Khan' | 348 points | team: LSG
[2026-05-15 00:35:29] DEBUG    - Match found for Mohsin Khan in Points at row 8
[2026-05-15 00:35:29] INFO     - No update needed for Mohsin Khan in Points as points are unchanged.
[2026-05-15 00:35:29] DEBUG    - ===============================================================
[2026-05-15 00:35:29] INFO     - Processing count= 5
[2026-05-15 00:35:29] INFO     - Processing player of MI : 'Tilak Varma' | 582 points | team: MI
[2026-05-15 00:35:29] DEBUG    - Match found for Tilak Varma in Points at row 9
[2026-05-15 00:35:30] INFO     - Points gained for Tilak Varma in Points: 111 (Points: 582, Dot Balls: 0, Previous Total: 471)
[2026-05-15 00:35:30] INFO     - Data updated successfully for Tilak Varma in Points - 582 points and 0 dot balls!
[2026-05-15 00:35:30] DEBUG    - Sleeping 3s before next update.
[2026-05-15 00:35:33] DEBUG    - ===============================================================
[2026-05-15 00:35:33] INFO     - Processing count= 6
[2026-05-15 00:35:33] INFO     - Processing player of MI : 'Quinton de Kock' | 221 points | team: MI
[2026-05-15 00:35:33] DEBUG    - Match found for Quinton de Kock in Points at row 10
[2026-05-15 00:35:33] INFO     - No update needed for Quinton de Kock in Points as points are unchanged.
[2026-05-15 00:35:33] DEBUG    - ===============================================================
[2026-05-15 00:35:33] INFO     - Processing count= 7
[2026-05-15 00:35:33] INFO     - Processing player of MI : 'Jasprit Bumrah' | 151 points | team: MI
[2026-05-15 00:35:33] DEBUG    - Match found for Jasprit Bumrah in Points at row 11
[2026-05-15 00:35:34] INFO     - Points gained for Jasprit Bumrah in Points: 13 (Points: 151, Dot Balls: 100, Previous Total: 238)
[2026-05-15 00:35:34] INFO     - Data updated successfully for Jasprit Bumrah in Points - 151 points and 100 dot balls!
[2026-05-15 00:35:34] DEBUG    - Sleeping 3s before next update.
[2026-05-15 00:35:37] DEBUG    - ===============================================================
[2026-05-15 00:35:37] INFO     - Processing count= 8
[2026-05-15 00:35:37] INFO     - Processing player of PBSK : 'Harpreet Brar' | 6 points | team: PBSK
[2026-05-15 00:35:37] DEBUG    - Match found for Harpreet Brar in Points at row 12
[2026-05-15 00:35:37] INFO     - No update needed for Harpreet Brar in Points as points are unchanged.
[2026-05-15 00:35:37] DEBUG    - ===============================================================
[2026-05-15 00:35:37] INFO     - Processing count= 9
[2026-05-15 00:35:37] INFO     - Processing player of PBSK : 'Yuzvendra Chahal' | 297 points | team: PBSK
[2026-05-15 00:35:37] DEBUG    - Match found for Yuzvendra Chahal in Points at row 13
[2026-05-15 00:35:38] INFO     - Points gained for Yuzvendra Chahal in Points: 44 (Points: 297, Dot Balls: 46, Previous Total: 299)
[2026-05-15 00:35:38] INFO     - Data updated successfully for Yuzvendra Chahal in Points - 297 points and 46 dot balls!
[2026-05-15 00:35:38] DEBUG    - Sleeping 3s before next update.
[2026-05-15 00:35:41] DEBUG    - ===============================================================
[2026-05-15 00:35:41] INFO     - Processing count= 10
[2026-05-15 00:35:41] INFO     - Processing player of RCB : 'Romario Shepherd' | 311 points | team: RCB
[2026-05-15 00:35:41] DEBUG    - Match found for Romario Shepherd in Points at row 14
[2026-05-15 00:35:41] INFO     - No update needed for Romario Shepherd in Points as points are unchanged.
[2026-05-15 00:35:41] DEBUG    - ===============================================================
[2026-05-15 00:35:41] INFO     - Processing count= 11
[2026-05-15 00:35:41] INFO     - Processing player of RR : 'Vaibhav Sooryavanshi' | 698 points | team: RR
[2026-05-15 00:35:41] DEBUG    - Match found for Vaibhav Sooryavanshi in Points at row 15
[2026-05-15 00:35:41] INFO     - No update needed for Vaibhav Sooryavanshi in Points as points are unchanged.
[2026-05-15 00:35:41] DEBUG    - ===============================================================
[2026-05-15 00:35:41] INFO     - Processing count= 12
[2026-05-15 00:35:41] INFO     - Processing player of RR : 'Ravi Bishnoi' | 359 points | team: RR
[2026-05-15 00:35:41] DEBUG    - Match found for Ravi Bishnoi in Points at row 16
[2026-05-15 00:35:41] INFO     - No update needed for Ravi Bishnoi in Points as points are unchanged.
[2026-05-15 00:35:41] DEBUG    - ===============================================================
[2026-05-15 00:35:41] INFO     - Processing count= 13
[2026-05-15 00:35:41] INFO     - Processing player of SRH : 'Abhishek Sharma' | 780 points | team: SRH
[2026-05-15 00:35:41] DEBUG    - Match found for Abhishek Sharma in Points at row 17
[2026-05-15 00:35:41] INFO     - No update needed for Abhishek Sharma in Points as points are unchanged.
[2026-05-15 00:35:41] DEBUG    - ===============================================================
[2026-05-15 00:35:41] INFO     - Processing count= 14
[2026-05-15 00:35:41] INFO     - Processing player of SRH : 'Ishan Kishan' | 712 points | team: SRH
[2026-05-15 00:35:41] DEBUG    - Match found for Ishan Kishan in Points at row 18
[2026-05-15 00:35:41] INFO     - No update needed for Ishan Kishan in Points as points are unchanged.
[2026-05-15 00:35:41] DEBUG    - ===============================================================
[2026-05-15 00:35:41] INFO     - Processing count= 15
[2026-05-15 00:35:41] INFO     - Processing player of SRH : 'Pat Cummins' | 207 points | team: SRH
[2026-05-15 00:35:41] DEBUG    - Match found for Pat Cummins in Points at row 19
[2026-05-15 00:35:41] INFO     - No update needed for Pat Cummins in Points as points are unchanged.
[2026-05-15 00:35:41] DEBUG    - ===============================================================
[2026-05-15 00:35:41] INFO     - Processing count= 16
[2026-05-15 00:35:41] INFO     - Processing player of RCB : 'Rasikh Salam' | 298 points | team: RCB
[2026-05-15 00:35:41] DEBUG    - Match found for Rasikh Salam in Points at row 20
[2026-05-15 00:35:41] INFO     - No update needed for Rasikh Salam in Points as points are unchanged.
[2026-05-15 00:35:41] DEBUG    - ===============================================================
[2026-05-15 00:35:41] INFO     - Processing count= 17
[2026-05-15 00:35:41] INFO     - 
Skipping Matheesha Pathirana as points is zero.
[2026-05-15 00:35:41] DEBUG    - ===============================================================
[2026-05-15 00:35:41] INFO     - Processing count= 18
[2026-05-15 00:35:41] INFO     - 
Skipping Nathan Ellis as points is zero.
[2026-05-15 00:35:41] DEBUG    - ===============================================================
[2026-05-15 00:35:41] INFO     - Processing count= 19
[2026-05-15 00:35:41] INFO     - 
Skipping Yudhvir Singh as points is zero.
[2026-05-15 00:35:41] DEBUG    - ===============================================================
[2026-05-15 00:35:41] INFO     - Processing count= 20
[2026-05-15 00:35:41] INFO     - Processing player of CSK : 'Ayush Mhatre' | 311 points | team: CSK
[2026-05-15 00:35:41] DEBUG    - Match found for Ayush Mhatre in Points at row 24
[2026-05-15 00:35:41] INFO     - No update needed for Ayush Mhatre in Points as points are unchanged.
[2026-05-15 00:35:41] DEBUG    - ===============================================================
[2026-05-15 00:35:41] INFO     - Processing count= 21
[2026-05-15 00:35:41] INFO     - 
Skipping MS Dhoni as points is zero.
[2026-05-15 00:35:41] DEBUG    - ===============================================================
[2026-05-15 00:35:41] INFO     - Processing count= 22
[2026-05-15 00:35:41] INFO     - Processing player of DC : 'Mitchell Starc' | 155 points | team: DC
[2026-05-15 00:35:41] DEBUG    - Match found for Mitchell Starc in Points at row 26
[2026-05-15 00:35:41] INFO     - No update needed for Mitchell Starc in Points as points are unchanged.
[2026-05-15 00:35:41] DEBUG    - ===============================================================
[2026-05-15 00:35:41] INFO     - Processing count= 23
[2026-05-15 00:35:41] INFO     - Processing player of GT : 'Glenn Phillips' | 165 points | team: GT
[2026-05-15 00:35:41] DEBUG    - Match found for Glenn Phillips in Points at row 27
[2026-05-15 00:35:41] INFO     - No update needed for Glenn Phillips in Points as points are unchanged.
[2026-05-15 00:35:41] DEBUG    - ===============================================================
[2026-05-15 00:35:41] INFO     - Processing count= 24
[2026-05-15 00:35:41] INFO     - Processing player of KKR : 'Sunil Narine' | 425 points | team: KKR
[2026-05-15 00:35:41] DEBUG    - Match found for Sunil Narine in Points at row 28
[2026-05-15 00:35:41] INFO     - No update needed for Sunil Narine in Points as points are unchanged.
[2026-05-15 00:35:41] DEBUG    - ===============================================================
[2026-05-15 00:35:41] INFO     - Processing count= 25
[2026-05-15 00:35:41] INFO     - Processing player of KKR : 'Ajinkya Rahane' | 401 points | team: KKR
[2026-05-15 00:35:41] DEBUG    - Match found for Ajinkya Rahane in Points at row 29
[2026-05-15 00:35:41] INFO     - No update needed for Ajinkya Rahane in Points as points are unchanged.
[2026-05-15 00:35:41] DEBUG    - ===============================================================
[2026-05-15 00:35:41] INFO     - Processing count= 26
[2026-05-15 00:35:41] INFO     - Processing player of LSG : 'Ayush Badoni' | 266 points | team: LSG
[2026-05-15 00:35:41] DEBUG    - Match found for Ayush Badoni in Points at row 30
[2026-05-15 00:35:41] INFO     - No update needed for Ayush Badoni in Points as points are unchanged.
[2026-05-15 00:35:41] DEBUG    - ===============================================================
[2026-05-15 00:35:41] INFO     - Processing count= 27
[2026-05-15 00:35:41] INFO     - Processing player of MI : 'Hardik Pandya' | 330 points | team: MI
[2026-05-15 00:35:41] DEBUG    - Match found for Hardik Pandya in Points at row 31
[2026-05-15 00:35:41] INFO     - No update needed for Hardik Pandya in Points as points are unchanged.
[2026-05-15 00:35:41] DEBUG    - ===============================================================
[2026-05-15 00:35:41] INFO     - Processing count= 28
[2026-05-15 00:35:41] INFO     - Processing player of MI : 'Suryakumar Yadav' | 324 points | team: MI
[2026-05-15 00:35:41] DEBUG    - Match found for Suryakumar Yadav in Points at row 32
[2026-05-15 00:35:41] INFO     - No update needed for Suryakumar Yadav in Points as points are unchanged.
[2026-05-15 00:35:41] DEBUG    - ===============================================================
[2026-05-15 00:35:41] INFO     - Processing count= 29
[2026-05-15 00:35:41] INFO     - Processing player of MI : 'Rohit Sharma' | 397 points | team: MI
[2026-05-15 00:35:41] DEBUG    - Match found for Rohit Sharma in Points at row 33
[2026-05-15 00:35:42] INFO     - Points gained for Rohit Sharma in Points: 33 (Points: 397, Dot Balls: 0, Previous Total: 364)
[2026-05-15 00:35:42] INFO     - Data updated successfully for Rohit Sharma in Points - 397 points and 0 dot balls!
[2026-05-15 00:35:42] DEBUG    - Sleeping 3s before next update.
[2026-05-15 00:35:45] DEBUG    - ===============================================================
[2026-05-15 00:35:45] INFO     - Processing count= 30
[2026-05-15 00:35:45] INFO     - Processing player of PBSK : 'Priyansh Arya' | 573 points | team: PBSK
[2026-05-15 00:35:45] DEBUG    - Match found for Priyansh Arya in Points at row 34
[2026-05-15 00:35:45] INFO     - Points gained for Priyansh Arya in Points: 38 (Points: 573, Dot Balls: 0, Previous Total: 535)
[2026-05-15 00:35:45] INFO     - Data updated successfully for Priyansh Arya in Points - 573 points and 0 dot balls!
[2026-05-15 00:35:45] DEBUG    - Sleeping 3s before next update.
[2026-05-15 00:35:48] DEBUG    - ===============================================================
[2026-05-15 00:35:48] INFO     - Processing count= 31
[2026-05-15 00:35:48] INFO     - Processing player of RCB : 'Phil Salt' | 348 points | team: RCB
[2026-05-15 00:35:48] DEBUG    - Match found for Phil Salt in Points at row 35
[2026-05-15 00:35:48] INFO     - No update needed for Phil Salt in Points as points are unchanged.
[2026-05-15 00:35:48] DEBUG    - ===============================================================
[2026-05-15 00:35:48] INFO     - Processing count= 32
[2026-05-15 00:35:48] INFO     - Processing player of RCB : 'Bhuvneshwar Kumar' | 731 points | team: RCB
[2026-05-15 00:35:48] DEBUG    - Match found for Bhuvneshwar Kumar in Points at row 36
[2026-05-15 00:35:48] INFO     - No update needed for Bhuvneshwar Kumar in Points as points are unchanged.
[2026-05-15 00:35:48] DEBUG    - ===============================================================
[2026-05-15 00:35:48] INFO     - Processing count= 33
[2026-05-15 00:35:48] INFO     - Processing player of RCB : 'Josh Hazlewood' | 367 points | team: RCB
[2026-05-15 00:35:48] DEBUG    - Match found for Josh Hazlewood in Points at row 37
[2026-05-15 00:35:48] INFO     - No update needed for Josh Hazlewood in Points as points are unchanged.
[2026-05-15 00:35:48] DEBUG    - ===============================================================
[2026-05-15 00:35:48] INFO     - Processing count= 34
[2026-05-15 00:35:48] INFO     - Processing player of RR : 'Shimron Hetmyer' | 169 points | team: RR
[2026-05-15 00:35:48] DEBUG    - Match found for Shimron Hetmyer in Points at row 38
[2026-05-15 00:35:48] INFO     - No update needed for Shimron Hetmyer in Points as points are unchanged.
[2026-05-15 00:35:48] DEBUG    - ===============================================================
[2026-05-15 00:35:48] INFO     - Processing count= 35
[2026-05-15 00:35:48] INFO     - Processing player of RR : 'Sandeep Sharma' | 163 points | team: RR
[2026-05-15 00:35:48] DEBUG    - Match found for Sandeep Sharma in Points at row 39
[2026-05-15 00:35:48] INFO     - No update needed for Sandeep Sharma in Points as points are unchanged.
[2026-05-15 00:35:48] DEBUG    - ===============================================================
[2026-05-15 00:35:48] INFO     - Processing count= 36
[2026-05-15 00:35:48] INFO     - Processing player of PBSK : 'Marco Jansen' | 317 points | team: PBSK
[2026-05-15 00:35:48] DEBUG    - Match found for Marco Jansen in Points at row 40
[2026-05-15 00:35:49] INFO     - Points gained for Marco Jansen in Points: 29 (Points: 317, Dot Balls: 75, Previous Total: 363)
[2026-05-15 00:35:49] INFO     - Data updated successfully for Marco Jansen in Points - 317 points and 75 dot balls!
[2026-05-15 00:35:49] DEBUG    - Sleeping 3s before next update.
[2026-05-15 00:35:52] DEBUG    - ===============================================================
[2026-05-15 00:35:52] INFO     - Processing count= 37
[2026-05-15 00:35:52] INFO     - Processing player of CSK : 'Prashant Veer' | 97 points | team: CSK
[2026-05-15 00:35:52] DEBUG    - Match found for Prashant Veer in Points at row 41
[2026-05-15 00:35:52] INFO     - No update needed for Prashant Veer in Points as points are unchanged.
[2026-05-15 00:35:52] DEBUG    - ===============================================================
[2026-05-15 00:35:52] INFO     - Processing count= 38
[2026-05-15 00:35:52] INFO     - Processing player of CSK : 'Ruturaj Gaikwad' | 457 points | team: CSK
[2026-05-15 00:35:52] DEBUG    - Match found for Ruturaj Gaikwad in Points at row 42
[2026-05-15 00:35:52] INFO     - No update needed for Ruturaj Gaikwad in Points as points are unchanged.
[2026-05-15 00:35:52] DEBUG    - ===============================================================
[2026-05-15 00:35:52] INFO     - Processing count= 39
[2026-05-15 00:35:52] INFO     - Processing player of DC : 'Axar Patel' | 465 points | team: DC
[2026-05-15 00:35:52] DEBUG    - Match found for Axar Patel in Points at row 43
[2026-05-15 00:35:52] INFO     - No update needed for Axar Patel in Points as points are unchanged.
[2026-05-15 00:35:52] DEBUG    - ===============================================================
[2026-05-15 00:35:52] INFO     - Processing count= 40
[2026-05-15 00:35:52] INFO     - Processing player of DC : 'Abishek Porel' | 51 points | team: DC
[2026-05-15 00:35:52] DEBUG    - Match found for Abishek Porel in Points at row 44
[2026-05-15 00:35:52] INFO     - No update needed for Abishek Porel in Points as points are unchanged.
[2026-05-15 00:35:52] DEBUG    - ===============================================================
[2026-05-15 00:35:52] INFO     - Processing count= 41
[2026-05-15 00:35:52] INFO     - Processing player of DC : 'KL Rahul' | 735 points | team: DC
[2026-05-15 00:35:52] DEBUG    - Match found for KL Rahul in Points at row 45
[2026-05-15 00:35:52] INFO     - No update needed for KL Rahul in Points as points are unchanged.
[2026-05-15 00:35:52] DEBUG    - ===============================================================
[2026-05-15 00:35:52] INFO     - Processing count= 42
[2026-05-15 00:35:52] INFO     - Processing player of GT : 'Rashid Khan' | 583 points | team: GT
[2026-05-15 00:35:52] DEBUG    - Match found for Rashid Khan in Points at row 46
[2026-05-15 00:35:52] INFO     - No update needed for Rashid Khan in Points as points are unchanged.
[2026-05-15 00:35:52] DEBUG    - ===============================================================
[2026-05-15 00:35:52] INFO     - Processing count= 43
[2026-05-15 00:35:52] INFO     - Processing player of KKR : 'Cameron Green' | 529 points | team: KKR
[2026-05-15 00:35:52] DEBUG    - Match found for Cameron Green in Points at row 47
[2026-05-15 00:35:52] INFO     - No update needed for Cameron Green in Points as points are unchanged.
[2026-05-15 00:35:52] DEBUG    - ===============================================================
[2026-05-15 00:35:52] INFO     - Processing count= 44
[2026-05-15 00:35:52] INFO     - Processing player of KKR : 'Varun Chakaravarthy' | 308 points | team: KKR
[2026-05-15 00:35:52] DEBUG    - Match found for Varun Chakaravarthy in Points at row 48
[2026-05-15 00:35:52] INFO     - No update needed for Varun Chakaravarthy in Points as points are unchanged.
[2026-05-15 00:35:52] DEBUG    - ===============================================================
[2026-05-15 00:35:52] INFO     - Processing count= 45
[2026-05-15 00:35:52] INFO     - Processing player of LSG : 'Digvesh Singh' | 187 points | team: LSG
[2026-05-15 00:35:52] DEBUG    - Match found for Digvesh Singh in Points at row 49
[2026-05-15 00:35:52] INFO     - No update needed for Digvesh Singh in Points as points are unchanged.
[2026-05-15 00:35:52] DEBUG    - ===============================================================
[2026-05-15 00:35:52] INFO     - Processing count= 46
[2026-05-15 00:35:52] INFO     - Processing player of LSG : 'Rishabh Pant' | 462 points | team: LSG
[2026-05-15 00:35:52] DEBUG    - Match found for Rishabh Pant in Points at row 50
[2026-05-15 00:35:52] INFO     - No update needed for Rishabh Pant in Points as points are unchanged.
[2026-05-15 00:35:52] DEBUG    - ===============================================================
[2026-05-15 00:35:52] INFO     - Processing count= 47
[2026-05-15 00:35:52] INFO     - Processing player of PBSK : 'Arshdeep Singh' | 402 points | team: PBSK
[2026-05-15 00:35:52] DEBUG    - Match found for Arshdeep Singh in Points at row 51
[2026-05-15 00:35:53] INFO     - Points gained for Arshdeep Singh in Points: 22 (Points: 402, Dot Balls: 100, Previous Total: 480)
[2026-05-15 00:35:53] INFO     - Data updated successfully for Arshdeep Singh in Points - 402 points and 100 dot balls!
[2026-05-15 00:35:53] DEBUG    - Sleeping 3s before next update.
[2026-05-15 00:35:56] DEBUG    - ===============================================================
[2026-05-15 00:35:56] INFO     - Processing count= 48
[2026-05-15 00:35:56] INFO     - Processing player of RCB : 'Krunal Pandya' | 515 points | team: RCB
[2026-05-15 00:35:56] DEBUG    - Match found for Krunal Pandya in Points at row 52
[2026-05-15 00:35:56] INFO     - No update needed for Krunal Pandya in Points as points are unchanged.
[2026-05-15 00:35:56] DEBUG    - ===============================================================
[2026-05-15 00:35:56] INFO     - Processing count= 49
[2026-05-15 00:35:56] INFO     - Processing player of RCB : 'Rajat Patidar' | 587 points | team: RCB
[2026-05-15 00:35:56] DEBUG    - Match found for Rajat Patidar in Points at row 53
[2026-05-15 00:35:56] INFO     - No update needed for Rajat Patidar in Points as points are unchanged.
[2026-05-15 00:35:56] DEBUG    - ===============================================================
[2026-05-15 00:35:56] INFO     - Processing count= 50
[2026-05-15 00:35:56] INFO     - Processing player of RR : 'Yashasvi Jaiswal' | 503 points | team: RR
[2026-05-15 00:35:56] DEBUG    - Match found for Yashasvi Jaiswal in Points at row 54
[2026-05-15 00:35:56] INFO     - No update needed for Yashasvi Jaiswal in Points as points are unchanged.
[2026-05-15 00:35:56] DEBUG    - ===============================================================
[2026-05-15 00:35:56] INFO     - Processing count= 51
[2026-05-15 00:35:56] INFO     - Processing player of SRH : 'Travis Head' | 551 points | team: SRH
[2026-05-15 00:35:56] DEBUG    - Match found for Travis Head in Points at row 55
[2026-05-15 00:35:56] INFO     - No update needed for Travis Head in Points as points are unchanged.
[2026-05-15 00:35:56] DEBUG    - ===============================================================
[2026-05-15 00:35:56] INFO     - Processing count= 52
[2026-05-15 00:35:56] INFO     - Processing player of SRH : 'Nitish Kumar Reddy' | 583 points | team: SRH
[2026-05-15 00:35:56] DEBUG    - Match found for Nitish Kumar Reddy in Points at row 56
[2026-05-15 00:35:56] INFO     - No update needed for Nitish Kumar Reddy in Points as points are unchanged.
[2026-05-15 00:35:56] DEBUG    - ===============================================================
[2026-05-15 00:35:56] INFO     - Processing count= 53
[2026-05-15 00:35:56] INFO     - Processing player of MI : 'Naman Dhir' | 524 points | team: MI
[2026-05-15 00:35:56] DEBUG    - Match found for Naman Dhir in Points at row 57
[2026-05-15 00:35:57] INFO     - Points gained for Naman Dhir in Points: 15 (Points: 524, Dot Balls: 0, Previous Total: 509)
[2026-05-15 00:35:57] INFO     - Data updated successfully for Naman Dhir in Points - 524 points and 0 dot balls!
[2026-05-15 00:35:57] DEBUG    - Sleeping 3s before next update.
[2026-05-15 00:36:00] DEBUG    - ===============================================================
[2026-05-15 00:36:00] INFO     - Processing count= 54
[2026-05-15 00:36:00] INFO     - Processing player of KKR : 'Finn Allen' | 362 points | team: KKR
[2026-05-15 00:36:00] DEBUG    - Match found for Finn Allen in Points at row 58
[2026-05-15 00:36:00] INFO     - No update needed for Finn Allen in Points as points are unchanged.
[2026-05-15 00:36:00] DEBUG    - ===============================================================
[2026-05-15 00:36:00] INFO     - Processing count= 55
[2026-05-15 00:36:00] INFO     - Processing player of GT : 'Rahul Tewatia' | 175 points | team: GT
[2026-05-15 00:36:00] DEBUG    - Match found for Rahul Tewatia in Points at row 59
[2026-05-15 00:36:00] INFO     - No update needed for Rahul Tewatia in Points as points are unchanged.
[2026-05-15 00:36:00] DEBUG    - ===============================================================
[2026-05-15 00:36:00] INFO     - Processing count= 56
[2026-05-15 00:36:00] INFO     - Processing player of GT : 'Jason Holder' | 529 points | team: GT
[2026-05-15 00:36:00] DEBUG    - Match found for Jason Holder in Points at row 60
[2026-05-15 00:36:00] INFO     - No update needed for Jason Holder in Points as points are unchanged.
[2026-05-15 00:36:00] DEBUG    - ===============================================================
[2026-05-15 00:36:00] INFO     - Processing count= 57
[2026-05-15 00:36:00] INFO     - Processing player of CSK : 'Dewald Brevis' | 242 points | team: CSK
[2026-05-15 00:36:00] DEBUG    - Match found for Dewald Brevis in Points at row 61
[2026-05-15 00:36:00] INFO     - No update needed for Dewald Brevis in Points as points are unchanged.
[2026-05-15 00:36:00] DEBUG    - ===============================================================
[2026-05-15 00:36:00] INFO     - Processing count= 58
[2026-05-15 00:36:00] INFO     - Processing player of CSK : 'Noor Ahmad' | 392 points | team: CSK
[2026-05-15 00:36:00] DEBUG    - Match found for Noor Ahmad in Points at row 62
[2026-05-15 00:36:00] INFO     - No update needed for Noor Ahmad in Points as points are unchanged.
[2026-05-15 00:36:00] DEBUG    - ===============================================================
[2026-05-15 00:36:00] INFO     - Processing count= 59
[2026-05-15 00:36:00] INFO     - Processing player of DC : 'Auqib Nabi' | 30 points | team: DC
[2026-05-15 00:36:00] DEBUG    - Match found for Auqib Nabi in Points at row 63
[2026-05-15 00:36:00] INFO     - No update needed for Auqib Nabi in Points as points are unchanged.
[2026-05-15 00:36:00] DEBUG    - ===============================================================
[2026-05-15 00:36:00] INFO     - Processing count= 60
[2026-05-15 00:36:00] INFO     - Processing player of GT : 'Jos Buttler' | 735 points | team: GT
[2026-05-15 00:36:00] DEBUG    - Match found for Jos Buttler in Points at row 64
[2026-05-15 00:36:00] INFO     - No update needed for Jos Buttler in Points as points are unchanged.
[2026-05-15 00:36:00] DEBUG    - ===============================================================
[2026-05-15 00:36:00] INFO     - Processing count= 61
[2026-05-15 00:36:00] INFO     - Processing player of GT : 'Prasidh Krishna' | 388 points | team: GT
[2026-05-15 00:36:00] DEBUG    - Match found for Prasidh Krishna in Points at row 65
[2026-05-15 00:36:00] INFO     - No update needed for Prasidh Krishna in Points as points are unchanged.
[2026-05-15 00:36:00] DEBUG    - ===============================================================
[2026-05-15 00:36:00] INFO     - Processing count= 62
[2026-05-15 00:36:00] INFO     - Processing player of KKR : 'Vaibhav Arora' | 330 points | team: KKR
[2026-05-15 00:36:00] DEBUG    - Match found for Vaibhav Arora in Points at row 66
[2026-05-15 00:36:00] INFO     - No update needed for Vaibhav Arora in Points as points are unchanged.
[2026-05-15 00:36:00] DEBUG    - ===============================================================
[2026-05-15 00:36:00] INFO     - Processing count= 63
[2026-05-15 00:36:00] INFO     - Processing player of LSG : 'Aiden Markram' | 411 points | team: LSG
[2026-05-15 00:36:00] DEBUG    - Match found for Aiden Markram in Points at row 67
[2026-05-15 00:36:00] INFO     - No update needed for Aiden Markram in Points as points are unchanged.
[2026-05-15 00:36:00] DEBUG    - ===============================================================
[2026-05-15 00:36:00] INFO     - Processing count= 64
[2026-05-15 00:36:00] INFO     - Processing player of MI : 'Will Jacks' | 185 points | team: MI
[2026-05-15 00:36:00] DEBUG    - Match found for Will Jacks in Points at row 68
[2026-05-15 00:36:01] INFO     - Points gained for Will Jacks in Points: 53 (Points: 185, Dot Balls: 10, Previous Total: 142)
[2026-05-15 00:36:01] INFO     - Data updated successfully for Will Jacks in Points - 185 points and 10 dot balls!
[2026-05-15 00:36:01] DEBUG    - Sleeping 3s before next update.
[2026-05-15 00:36:04] DEBUG    - ===============================================================
[2026-05-15 00:36:04] INFO     - Processing count= 65
[2026-05-15 00:36:04] INFO     - Processing player of PBSK : 'Nehal Wadhera' | 127 points | team: PBSK
[2026-05-15 00:36:04] DEBUG    - Match found for Nehal Wadhera in Points at row 69
[2026-05-15 00:36:04] INFO     - No update needed for Nehal Wadhera in Points as points are unchanged.
[2026-05-15 00:36:04] DEBUG    - ===============================================================
[2026-05-15 00:36:04] INFO     - Processing count= 66
[2026-05-15 00:36:04] INFO     - Processing player of PBSK : 'Shreyas Iyer' | 646 points | team: PBSK
[2026-05-15 00:36:04] DEBUG    - Match found for Shreyas Iyer in Points at row 70
[2026-05-15 00:36:04] INFO     - Points gained for Shreyas Iyer in Points: 9 (Points: 646, Dot Balls: 0, Previous Total: 637)
[2026-05-15 00:36:04] INFO     - Data updated successfully for Shreyas Iyer in Points - 646 points and 0 dot balls!
[2026-05-15 00:36:04] DEBUG    - Sleeping 3s before next update.
[2026-05-15 00:36:07] DEBUG    - ===============================================================
[2026-05-15 00:36:07] INFO     - Processing count= 67
[2026-05-15 00:36:07] INFO     - Processing player of RCB : 'Devdutt Padikkal' | 657 points | team: RCB
[2026-05-15 00:36:07] DEBUG    - Match found for Devdutt Padikkal in Points at row 71
[2026-05-15 00:36:07] INFO     - No update needed for Devdutt Padikkal in Points as points are unchanged.
[2026-05-15 00:36:07] DEBUG    - ===============================================================
[2026-05-15 00:36:07] INFO     - Processing count= 68
[2026-05-15 00:36:07] INFO     - Processing player of RCB : 'Virat Kohli' | 757 points | team: RCB
[2026-05-15 00:36:07] DEBUG    - Match found for Virat Kohli in Points at row 72
[2026-05-15 00:36:07] INFO     - No update needed for Virat Kohli in Points as points are unchanged.
[2026-05-15 00:36:07] DEBUG    - ===============================================================
[2026-05-15 00:36:07] INFO     - Processing count= 69
[2026-05-15 00:36:07] INFO     - Processing player of RR : 'Riyan Parag' | 395 points | team: RR
[2026-05-15 00:36:07] DEBUG    - Match found for Riyan Parag in Points at row 73
[2026-05-15 00:36:07] INFO     - No update needed for Riyan Parag in Points as points are unchanged.
[2026-05-15 00:36:07] DEBUG    - ===============================================================
[2026-05-15 00:36:07] INFO     - Processing count= 70
[2026-05-15 00:36:07] INFO     - Processing player of SRH : 'Harshal Patel' | 20 points | team: SRH
[2026-05-15 00:36:07] DEBUG    - Match found for Harshal Patel in Points at row 74
[2026-05-15 00:36:07] INFO     - No update needed for Harshal Patel in Points as points are unchanged.
[2026-05-15 00:36:07] DEBUG    - ===============================================================
[2026-05-15 00:36:07] INFO     - Processing count= 71
[2026-05-15 00:36:07] INFO     - Processing player of SRH : 'Heinrich Klaasen' | 824 points | team: SRH
[2026-05-15 00:36:07] DEBUG    - Match found for Heinrich Klaasen in Points at row 75
[2026-05-15 00:36:07] INFO     - No update needed for Heinrich Klaasen in Points as points are unchanged.
[2026-05-15 00:36:07] DEBUG    - ===============================================================
[2026-05-15 00:36:07] INFO     - Processing count= 72
[2026-05-15 00:36:07] INFO     - Processing player of DC : 'Nitish Rana' | 374 points | team: DC
[2026-05-15 00:36:07] DEBUG    - Match found for Nitish Rana in Points at row 76
[2026-05-15 00:36:07] INFO     - No update needed for Nitish Rana in Points as points are unchanged.
[2026-05-15 00:36:07] DEBUG    - ===============================================================
[2026-05-15 00:36:07] INFO     - Processing count= 73
[2026-05-15 00:36:07] INFO     - Processing player of MI : 'Trent Boult' | 84 points | team: MI
[2026-05-15 00:36:07] DEBUG    - Match found for Trent Boult in Points at row 77
[2026-05-15 00:36:07] INFO     - No update needed for Trent Boult in Points as points are unchanged.
[2026-05-15 00:36:07] DEBUG    - ===============================================================
[2026-05-15 00:36:07] INFO     - Processing count= 74
[2026-05-15 00:36:07] INFO     - Processing player of RCB : 'Venkatesh Iyer' | 65 points | team: RCB
[2026-05-15 00:36:07] DEBUG    - Match found for Venkatesh Iyer in Points at row 78
[2026-05-15 00:36:07] INFO     - No update needed for Venkatesh Iyer in Points as points are unchanged.
[2026-05-15 00:36:07] DEBUG    - ===============================================================
[2026-05-15 00:36:07] INFO     - Processing count= 75
[2026-05-15 00:36:07] INFO     - 
Skipping Yash Dayal as points is zero.
[2026-05-15 00:36:07] DEBUG    - ===============================================================
[2026-05-15 00:36:07] INFO     - Processing count= 76
[2026-05-15 00:36:07] INFO     - Processing player of MI : 'Shardul Thakur' | 297 points | team: MI
[2026-05-15 00:36:07] DEBUG    - Match found for Shardul Thakur in Points at row 80
[2026-05-15 00:36:08] INFO     - Points gained for Shardul Thakur in Points: 140 (Points: 297, Dot Balls: 29, Previous Total: 186)
[2026-05-15 00:36:08] INFO     - Data updated successfully for Shardul Thakur in Points - 297 points and 29 dot balls!
[2026-05-15 00:36:08] DEBUG    - Sleeping 3s before next update.
[2026-05-15 00:36:11] DEBUG    - ===============================================================
[2026-05-15 00:36:11] INFO     - Processing count= 77
[2026-05-15 00:36:11] INFO     - Processing player of CSK : 'Rahul Chahar' | 8 points | team: CSK
[2026-05-15 00:36:11] DEBUG    - Match found for Rahul Chahar in Points at row 81
[2026-05-15 00:36:11] INFO     - No update needed for Rahul Chahar in Points as points are unchanged.
[2026-05-15 00:36:11] DEBUG    - ===============================================================
[2026-05-15 00:36:11] INFO     - Processing count= 78
[2026-05-15 00:36:11] INFO     - Processing player of CSK : 'Khaleel Ahmed' | 70 points | team: CSK
[2026-05-15 00:36:11] DEBUG    - Match found for Khaleel Ahmed in Points at row 82
[2026-05-15 00:36:11] INFO     - No update needed for Khaleel Ahmed in Points as points are unchanged.
[2026-05-15 00:36:11] DEBUG    - ===============================================================
[2026-05-15 00:36:11] INFO     - Processing count= 79
[2026-05-15 00:36:11] INFO     - Processing player of DC : 'Tristan Stubbs' | 431 points | team: DC
[2026-05-15 00:36:11] DEBUG    - Match found for Tristan Stubbs in Points at row 83
[2026-05-15 00:36:11] INFO     - No update needed for Tristan Stubbs in Points as points are unchanged.
[2026-05-15 00:36:11] DEBUG    - ===============================================================
[2026-05-15 00:36:11] INFO     - Processing count= 80
[2026-05-15 00:36:11] INFO     - Processing player of DC : 'Kuldeep Yadav' | 244 points | team: DC
[2026-05-15 00:36:11] DEBUG    - Match found for Kuldeep Yadav in Points at row 84
[2026-05-15 00:36:11] INFO     - No update needed for Kuldeep Yadav in Points as points are unchanged.
[2026-05-15 00:36:11] DEBUG    - ===============================================================
[2026-05-15 00:36:11] INFO     - Processing count= 81
[2026-05-15 00:36:11] INFO     - Processing player of GT : 'Shubman Gill' | 752 points | team: GT
[2026-05-15 00:36:11] DEBUG    - Match found for Shubman Gill in Points at row 85
[2026-05-15 00:36:11] INFO     - No update needed for Shubman Gill in Points as points are unchanged.
[2026-05-15 00:36:11] DEBUG    - ===============================================================
[2026-05-15 00:36:11] INFO     - Processing count= 82
[2026-05-15 00:36:11] INFO     - Processing player of GT : 'Mohammed Siraj' | 421 points | team: GT
[2026-05-15 00:36:11] DEBUG    - Match found for Mohammed Siraj in Points at row 86
[2026-05-15 00:36:11] INFO     - No update needed for Mohammed Siraj in Points as points are unchanged.
[2026-05-15 00:36:11] DEBUG    - ===============================================================
[2026-05-15 00:36:11] INFO     - Processing count= 83
[2026-05-15 00:36:11] INFO     - Processing player of KKR : 'Angkrish Raghuvanshi' | 538 points | team: KKR
[2026-05-15 00:36:11] DEBUG    - Match found for Angkrish Raghuvanshi in Points at row 87
[2026-05-15 00:36:11] INFO     - No update needed for Angkrish Raghuvanshi in Points as points are unchanged.
[2026-05-15 00:36:11] DEBUG    - ===============================================================
[2026-05-15 00:36:11] INFO     - Processing count= 84
[2026-05-15 00:36:11] INFO     - Processing player of LSG : 'Mitchell Marsh' | 582 points | team: LSG
[2026-05-15 00:36:11] DEBUG    - Match found for Mitchell Marsh in Points at row 88
[2026-05-15 00:36:11] INFO     - No update needed for Mitchell Marsh in Points as points are unchanged.
[2026-05-15 00:36:11] DEBUG    - ===============================================================
[2026-05-15 00:36:11] INFO     - Processing count= 85
[2026-05-15 00:36:11] INFO     - Processing player of LSG : 'Nicholas Pooran' | 330 points | team: LSG
[2026-05-15 00:36:11] DEBUG    - Match found for Nicholas Pooran in Points at row 89
[2026-05-15 00:36:11] INFO     - No update needed for Nicholas Pooran in Points as points are unchanged.
[2026-05-15 00:36:11] DEBUG    - ===============================================================
[2026-05-15 00:36:11] INFO     - Processing count= 86
[2026-05-15 00:36:11] INFO     - Processing player of PBSK : 'Marcus Stoinis' | 349 points | team: PBSK
[2026-05-15 00:36:11] DEBUG    - Match found for Marcus Stoinis in Points at row 90
[2026-05-15 00:36:11] INFO     - No update needed for Marcus Stoinis in Points as points are unchanged.
[2026-05-15 00:36:11] DEBUG    - ===============================================================
[2026-05-15 00:36:11] INFO     - Processing count= 87
[2026-05-15 00:36:11] INFO     - Processing player of PBSK : 'Prabhsimran Singh' | 707 points | team: PBSK
[2026-05-15 00:36:11] DEBUG    - Match found for Prabhsimran Singh in Points at row 91
[2026-05-15 00:36:12] INFO     - Points gained for Prabhsimran Singh in Points: 89 (Points: 707, Dot Balls: 0, Previous Total: 618)
[2026-05-15 00:36:12] INFO     - Data updated successfully for Prabhsimran Singh in Points - 707 points and 0 dot balls!
[2026-05-15 00:36:12] DEBUG    - Sleeping 3s before next update.
[2026-05-15 00:36:15] DEBUG    - ===============================================================
[2026-05-15 00:36:15] INFO     - Processing count= 88
[2026-05-15 00:36:15] INFO     - Processing player of PBSK : 'Shashank Singh' | 220 points | team: PBSK
[2026-05-15 00:36:15] DEBUG    - Match found for Shashank Singh in Points at row 92
[2026-05-15 00:36:16] INFO     - Points gained for Shashank Singh in Points: 6 (Points: 220, Dot Balls: 10, Previous Total: 224)
[2026-05-15 00:36:16] INFO     - Data updated successfully for Shashank Singh in Points - 220 points and 10 dot balls!
[2026-05-15 00:36:16] DEBUG    - Sleeping 3s before next update.
[2026-05-15 00:36:19] DEBUG    - ===============================================================
[2026-05-15 00:36:19] INFO     - Processing count= 89
[2026-05-15 00:36:19] INFO     - Processing player of RCB : 'Jitesh Sharma' | 275 points | team: RCB
[2026-05-15 00:36:19] DEBUG    - Match found for Jitesh Sharma in Points at row 93
[2026-05-15 00:36:19] INFO     - No update needed for Jitesh Sharma in Points as points are unchanged.
[2026-05-15 00:36:19] DEBUG    - ===============================================================
[2026-05-15 00:36:19] INFO     - Processing count= 90
[2026-05-15 00:36:19] INFO     - Processing player of RR : 'Jofra Archer' | 526 points | team: RR
[2026-05-15 00:36:19] DEBUG    - Match found for Jofra Archer in Points at row 94
[2026-05-15 00:36:19] INFO     - No update needed for Jofra Archer in Points as points are unchanged.
[2026-05-15 00:36:19] DEBUG    - ===============================================================
[2026-05-15 00:36:19] INFO     - Processing count= 91
[2026-05-15 00:36:19] INFO     - Processing player of RR : 'Ravindra Jadeja' | 515 points | team: RR
[2026-05-15 00:36:19] DEBUG    - Match found for Ravindra Jadeja in Points at row 95
[2026-05-15 00:36:19] INFO     - No update needed for Ravindra Jadeja in Points as points are unchanged.
[2026-05-15 00:36:19] DEBUG    - ===============================================================
[2026-05-15 00:36:19] INFO     - Processing count= 92
[2026-05-15 00:36:19] INFO     - Processing player of LSG : 'Mohammad Shami' | 326 points | team: LSG
[2026-05-15 00:36:19] DEBUG    - Match found for Mohammad Shami in Points at row 96
[2026-05-15 00:36:19] INFO     - No update needed for Mohammad Shami in Points as points are unchanged.
[2026-05-15 00:36:19] DEBUG    - ===============================================================
[2026-05-15 00:36:19] INFO     - Processing count= 93
[2026-05-15 00:36:19] INFO     - Processing player of GT : 'Kagiso Rabada' | 681 points | team: GT
[2026-05-15 00:36:19] DEBUG    - Match found for Kagiso Rabada in Points at row 97
[2026-05-15 00:36:19] INFO     - No update needed for Kagiso Rabada in Points as points are unchanged.
[2026-05-15 00:36:19] DEBUG    - ===============================================================
[2026-05-15 00:36:19] INFO     - Processing count= 94
[2026-05-15 00:36:19] INFO     - Processing player of KKR : 'Rinku Singh' | 501 points | team: KKR
[2026-05-15 00:36:19] DEBUG    - Match found for Rinku Singh in Points at row 98
[2026-05-15 00:36:19] INFO     - No update needed for Rinku Singh in Points as points are unchanged.
[2026-05-15 00:36:19] DEBUG    - ===============================================================
[2026-05-15 00:36:19] INFO     - Processing count= 95
[2026-05-15 00:36:19] INFO     - Processing player of CSK : 'Kartik Sharma' | 259 points | team: CSK
[2026-05-15 00:36:19] DEBUG    - Match found for Kartik Sharma in Points at row 99
[2026-05-15 00:36:19] INFO     - No update needed for Kartik Sharma in Points as points are unchanged.
[2026-05-15 00:36:19] DEBUG    - ===============================================================
[2026-05-15 00:36:19] INFO     - Processing count= 96
[2026-05-15 00:36:19] INFO     - Processing player of DC : 'Ashutosh Sharma' | 229 points | team: DC
[2026-05-15 00:36:19] DEBUG    - Match found for Ashutosh Sharma in Points at row 100
[2026-05-15 00:36:19] INFO     - No update needed for Ashutosh Sharma in Points as points are unchanged.
[2026-05-15 00:36:19] DEBUG    - ===============================================================
[2026-05-15 00:36:19] INFO     - Processing count= 97
[2026-05-15 00:36:19] INFO     - Processing player of MI : 'Corbin Bosch' | 262 points | team: MI
[2026-05-15 00:36:19] DEBUG    - Match found for Corbin Bosch in Points at row 101
[2026-05-15 00:36:20] INFO     - Points gained for Corbin Bosch in Points: 51 (Points: 262, Dot Balls: 33, Previous Total: 244)
[2026-05-15 00:36:20] INFO     - Data updated successfully for Corbin Bosch in Points - 262 points and 33 dot balls!
[2026-05-15 00:36:20] DEBUG    - Sleeping 3s before next update.
[2026-05-15 00:36:23] DEBUG    - ===============================================================
[2026-05-15 00:36:23] INFO     - Processing count= 98
[2026-05-15 00:36:23] INFO     - Processing player of RCB : 'Tim David' | 384 points | team: RCB
[2026-05-15 00:36:23] DEBUG    - Match found for Tim David in Points at row 102
[2026-05-15 00:36:23] INFO     - No update needed for Tim David in Points as points are unchanged.
[2026-05-15 00:36:23] DEBUG    - ===============================================================
[2026-05-15 00:36:23] INFO     - Processing count= 99
[2026-05-15 00:36:23] INFO     - Processing player of PBSK : 'Cooper Connolly' | 700 points | team: PBSK
[2026-05-15 00:36:23] DEBUG    - Match found for Cooper Connolly in Points at row 103
[2026-05-15 00:36:23] INFO     - Points gained for Cooper Connolly in Points: 29 (Points: 700, Dot Balls: 0, Previous Total: 671)
[2026-05-15 00:36:23] INFO     - Data updated successfully for Cooper Connolly in Points - 700 points and 0 dot balls!
[2026-05-15 00:36:23] DEBUG    - Sleeping 3s before next update.
[2026-05-15 00:36:26] DEBUG    - ===============================================================
[2026-05-15 00:36:26] INFO     - Processing count= 100
[2026-05-15 00:36:26] INFO     - Processing player of SRH : 'Liam Livingstone' | 57 points | team: SRH
[2026-05-15 00:36:26] DEBUG    - Match found for Liam Livingstone in Points at row 104
[2026-05-15 00:36:26] INFO     - No update needed for Liam Livingstone in Points as points are unchanged.
[2026-05-15 00:36:26] DEBUG    - ===============================================================
[2026-05-15 00:36:26] INFO     - Processing count= 101
[2026-05-15 00:36:26] INFO     - Processing player of PBSK : 'Vijaykumar Vyshak' | 263 points | team: PBSK
[2026-05-15 00:36:26] DEBUG    - Match found for Vijaykumar Vyshak in Points at row 105
[2026-05-15 00:36:26] INFO     - No update needed for Vijaykumar Vyshak in Points as points are unchanged.
[2026-05-15 00:36:26] DEBUG    - ===============================================================
[2026-05-15 00:36:26] INFO     - Processing count= 102
[2026-05-15 00:36:26] INFO     - Processing player of RCB : 'Suyash Sharma' | 231 points | team: RCB
[2026-05-15 00:36:26] DEBUG    - Match found for Suyash Sharma in Points at row 106
[2026-05-15 00:36:26] INFO     - No update needed for Suyash Sharma in Points as points are unchanged.
[2026-05-15 00:36:26] DEBUG    - ===============================================================
[2026-05-15 00:36:26] INFO     - Processing count= 103
[2026-05-15 00:36:26] INFO     - Processing player of DC : 'David Miller' | 305 points | team: DC
[2026-05-15 00:36:26] DEBUG    - Match found for David Miller in Points at row 107
[2026-05-15 00:36:26] INFO     - No update needed for David Miller in Points as points are unchanged.
[2026-05-15 00:36:26] INFO     - Total players processed for team 'CSK': 10
[2026-05-15 00:36:26] INFO     - Total players processed for team 'GT': 10
[2026-05-15 00:36:26] INFO     - Total players processed for team 'LSG': 8
[2026-05-15 00:36:26] INFO     - Total players processed for team 'MI': 11
[2026-05-15 00:36:26] INFO     - Total players processed for team 'PBSK': 12
[2026-05-15 00:36:26] INFO     - Total players processed for team 'RCB': 13
[2026-05-15 00:36:26] INFO     - Total players processed for team 'RR': 8
[2026-05-15 00:36:26] INFO     - Total players processed for team 'SRH': 8
[2026-05-15 00:36:26] INFO     - Total players processed for team 'DC': 10
[2026-05-15 00:36:26] INFO     - Total players processed for team 'KKR': 8
[2026-05-15 00:36:26] DEBUG    - ===============================================================
[2026-05-15 00:36:26] WARNING  - Player not updated: Shivam Dube | Reason: Points unchanged
[2026-05-15 00:36:26] WARNING  - Player not updated: Sanju Samson | Reason: Points unchanged
[2026-05-15 00:36:26] WARNING  - Player not updated: Sai Sudharsan | Reason: Points unchanged
[2026-05-15 00:36:26] WARNING  - Player not updated: Mohsin Khan | Reason: Points unchanged
[2026-05-15 00:36:26] WARNING  - Player not updated: Quinton de Kock | Reason: Points unchanged
[2026-05-15 00:36:26] WARNING  - Player not updated: Harpreet Brar | Reason: Points unchanged
[2026-05-15 00:36:26] WARNING  - Player not updated: Romario Shepherd | Reason: Points unchanged
[2026-05-15 00:36:26] WARNING  - Player not updated: Vaibhav Sooryavanshi | Reason: Points unchanged
[2026-05-15 00:36:26] WARNING  - Player not updated: Ravi Bishnoi | Reason: Points unchanged
[2026-05-15 00:36:26] WARNING  - Player not updated: Abhishek Sharma | Reason: Points unchanged
[2026-05-15 00:36:26] WARNING  - Player not updated: Ishan Kishan | Reason: Points unchanged
[2026-05-15 00:36:26] WARNING  - Player not updated: Pat Cummins | Reason: Points unchanged
[2026-05-15 00:36:26] WARNING  - Player not updated: Rasikh Salam | Reason: Points unchanged
[2026-05-15 00:36:26] WARNING  - Player not updated: Matheesha Pathirana | Reason: Points is zero
[2026-05-15 00:36:26] WARNING  - Player not updated: Nathan Ellis | Reason: Points is zero
[2026-05-15 00:36:26] WARNING  - Player not updated: Yudhvir Singh | Reason: Points is zero
[2026-05-15 00:36:26] WARNING  - Player not updated: Ayush Mhatre | Reason: Points unchanged
[2026-05-15 00:36:26] WARNING  - Player not updated: MS Dhoni | Reason: Points is zero
[2026-05-15 00:36:26] WARNING  - Player not updated: Mitchell Starc | Reason: Points unchanged
[2026-05-15 00:36:26] WARNING  - Player not updated: Glenn Phillips | Reason: Points unchanged
[2026-05-15 00:36:26] WARNING  - Player not updated: Sunil Narine | Reason: Points unchanged
[2026-05-15 00:36:26] WARNING  - Player not updated: Ajinkya Rahane | Reason: Points unchanged
[2026-05-15 00:36:26] WARNING  - Player not updated: Ayush Badoni | Reason: Points unchanged
[2026-05-15 00:36:26] WARNING  - Player not updated: Hardik Pandya | Reason: Points unchanged
[2026-05-15 00:36:26] WARNING  - Player not updated: Suryakumar Yadav | Reason: Points unchanged
[2026-05-15 00:36:26] WARNING  - Player not updated: Phil Salt | Reason: Points unchanged
[2026-05-15 00:36:26] WARNING  - Player not updated: Bhuvneshwar Kumar | Reason: Points unchanged
[2026-05-15 00:36:26] WARNING  - Player not updated: Josh Hazlewood | Reason: Points unchanged
[2026-05-15 00:36:26] WARNING  - Player not updated: Shimron Hetmyer | Reason: Points unchanged
[2026-05-15 00:36:26] WARNING  - Player not updated: Sandeep Sharma | Reason: Points unchanged
[2026-05-15 00:36:26] WARNING  - Player not updated: Prashant Veer | Reason: Points unchanged
[2026-05-15 00:36:26] WARNING  - Player not updated: Ruturaj Gaikwad | Reason: Points unchanged
[2026-05-15 00:36:26] WARNING  - Player not updated: Axar Patel | Reason: Points unchanged
[2026-05-15 00:36:26] WARNING  - Player not updated: Abishek Porel | Reason: Points unchanged
[2026-05-15 00:36:26] WARNING  - Player not updated: KL Rahul | Reason: Points unchanged
[2026-05-15 00:36:26] WARNING  - Player not updated: Rashid Khan | Reason: Points unchanged
[2026-05-15 00:36:26] WARNING  - Player not updated: Cameron Green | Reason: Points unchanged
[2026-05-15 00:36:26] WARNING  - Player not updated: Varun Chakaravarthy | Reason: Points unchanged
[2026-05-15 00:36:26] WARNING  - Player not updated: Digvesh Singh | Reason: Points unchanged
[2026-05-15 00:36:26] WARNING  - Player not updated: Rishabh Pant | Reason: Points unchanged
[2026-05-15 00:36:26] WARNING  - Player not updated: Krunal Pandya | Reason: Points unchanged
[2026-05-15 00:36:26] WARNING  - Player not updated: Rajat Patidar | Reason: Points unchanged
[2026-05-15 00:36:26] WARNING  - Player not updated: Yashasvi Jaiswal | Reason: Points unchanged
[2026-05-15 00:36:26] WARNING  - Player not updated: Travis Head | Reason: Points unchanged
[2026-05-15 00:36:26] WARNING  - Player not updated: Nitish Kumar Reddy | Reason: Points unchanged
[2026-05-15 00:36:26] WARNING  - Player not updated: Finn Allen | Reason: Points unchanged
[2026-05-15 00:36:26] WARNING  - Player not updated: Rahul Tewatia | Reason: Points unchanged
[2026-05-15 00:36:26] WARNING  - Player not updated: Jason Holder | Reason: Points unchanged
[2026-05-15 00:36:26] WARNING  - Player not updated: Dewald Brevis | Reason: Points unchanged
[2026-05-15 00:36:26] WARNING  - Player not updated: Noor Ahmad | Reason: Points unchanged
[2026-05-15 00:36:26] WARNING  - Player not updated: Auqib Nabi | Reason: Points unchanged
[2026-05-15 00:36:26] WARNING  - Player not updated: Jos Buttler | Reason: Points unchanged
[2026-05-15 00:36:26] WARNING  - Player not updated: Prasidh Krishna | Reason: Points unchanged
[2026-05-15 00:36:26] WARNING  - Player not updated: Vaibhav Arora | Reason: Points unchanged
[2026-05-15 00:36:26] WARNING  - Player not updated: Aiden Markram | Reason: Points unchanged
[2026-05-15 00:36:26] WARNING  - Player not updated: Nehal Wadhera | Reason: Points unchanged
[2026-05-15 00:36:26] WARNING  - Player not updated: Devdutt Padikkal | Reason: Points unchanged
[2026-05-15 00:36:26] WARNING  - Player not updated: Virat Kohli | Reason: Points unchanged
[2026-05-15 00:36:26] WARNING  - Player not updated: Riyan Parag | Reason: Points unchanged
[2026-05-15 00:36:26] WARNING  - Player not updated: Harshal Patel | Reason: Points unchanged
[2026-05-15 00:36:26] WARNING  - Player not updated: Heinrich Klaasen | Reason: Points unchanged
[2026-05-15 00:36:26] WARNING  - Player not updated: Nitish Rana | Reason: Points unchanged
[2026-05-15 00:36:26] WARNING  - Player not updated: Trent Boult | Reason: Points unchanged
[2026-05-15 00:36:26] WARNING  - Player not updated: Venkatesh Iyer | Reason: Points unchanged
[2026-05-15 00:36:26] WARNING  - Player not updated: Yash Dayal | Reason: Points is zero
[2026-05-15 00:36:26] WARNING  - Player not updated: Rahul Chahar | Reason: Points unchanged
[2026-05-15 00:36:26] WARNING  - Player not updated: Khaleel Ahmed | Reason: Points unchanged
[2026-05-15 00:36:26] WARNING  - Player not updated: Tristan Stubbs | Reason: Points unchanged
[2026-05-15 00:36:26] WARNING  - Player not updated: Kuldeep Yadav | Reason: Points unchanged
[2026-05-15 00:36:26] WARNING  - Player not updated: Shubman Gill | Reason: Points unchanged
[2026-05-15 00:36:26] WARNING  - Player not updated: Mohammed Siraj | Reason: Points unchanged
[2026-05-15 00:36:26] WARNING  - Player not updated: Angkrish Raghuvanshi | Reason: Points unchanged
[2026-05-15 00:36:26] WARNING  - Player not updated: Mitchell Marsh | Reason: Points unchanged
[2026-05-15 00:36:26] WARNING  - Player not updated: Nicholas Pooran | Reason: Points unchanged
[2026-05-15 00:36:26] WARNING  - Player not updated: Marcus Stoinis | Reason: Points unchanged
[2026-05-15 00:36:26] WARNING  - Player not updated: Jitesh Sharma | Reason: Points unchanged
[2026-05-15 00:36:26] WARNING  - Player not updated: Jofra Archer | Reason: Points unchanged
[2026-05-15 00:36:26] WARNING  - Player not updated: Ravindra Jadeja | Reason: Points unchanged
[2026-05-15 00:36:26] WARNING  - Player not updated: Mohammad Shami | Reason: Points unchanged
[2026-05-15 00:36:26] WARNING  - Player not updated: Kagiso Rabada | Reason: Points unchanged
[2026-05-15 00:36:26] WARNING  - Player not updated: Rinku Singh | Reason: Points unchanged
[2026-05-15 00:36:26] WARNING  - Player not updated: Kartik Sharma | Reason: Points unchanged
[2026-05-15 00:36:26] WARNING  - Player not updated: Ashutosh Sharma | Reason: Points unchanged
[2026-05-15 00:36:26] WARNING  - Player not updated: Tim David | Reason: Points unchanged
[2026-05-15 00:36:26] WARNING  - Player not updated: Liam Livingstone | Reason: Points unchanged
[2026-05-15 00:36:26] WARNING  - Player not updated: Vijaykumar Vyshak | Reason: Points unchanged
[2026-05-15 00:36:26] WARNING  - Player not updated: Suyash Sharma | Reason: Points unchanged
[2026-05-15 00:36:26] WARNING  - Player not updated: David Miller | Reason: Points unchanged
[2026-05-15 00:36:26] DEBUG    - ===============================================================
[2026-05-15 00:36:36] INFO     - TODAYS_DATE_LABEL updated to: 14/05
[2026-05-15 00:36:38] INFO     - Worksheets opened: ['Home', 'Data']
[2026-05-15 00:36:39] INFO     - Points Gained Today fetched: {'HW': 89, 'MC': 71, 'OL': 22, 'AS': 155, 'PA': 62}
[2026-05-15 00:36:39] INFO     - Writing to column 33 (14/05)
[2026-05-15 00:36:39] DEBUG    -   HW → AG2 = 89
[2026-05-15 00:36:39] DEBUG    -   MC → AG3 = 71
[2026-05-15 00:36:39] DEBUG    -   OL → AG4 = 22
[2026-05-15 00:36:39] DEBUG    -   AS → AG5 = 155
[2026-05-15 00:36:39] DEBUG    -   PA → AG6 = 62
[2026-05-15 00:36:40] INFO     - Successfully updated 5 team(s) for 14/05.
[2026-05-15 00:36:40] INFO     - TOP 12 points fetched: {'HW': 6635, 'OL': 6507, 'PA': 6198, 'AS': 6266, 'MC': 5002}
[2026-05-15 00:36:40] INFO     - Column mapping: {'HW': 2, 'MC': 3, 'OL': 4, 'AS': 5, 'PA': 6}
[2026-05-15 00:36:41] INFO     - Today '14/05' found at row 56
[2026-05-15 00:36:41] DEBUG    -   HW → B56 = 6635
[2026-05-15 00:36:41] DEBUG    -   OL → D56 = 6507
[2026-05-15 00:36:41] DEBUG    -   PA → F56 = 6198
[2026-05-15 00:36:41] DEBUG    -   AS → E56 = 6266
[2026-05-15 00:36:41] DEBUG    -   MC → C56 = 5002
[2026-05-15 00:36:41] INFO     - Successfully updated 5 team(s) for '14/05' at row 56.
[2026-05-15 00:36:42] INFO     - ═════════════════════ All updates completed ═════════════════════
